54
5496 10
3589 72258 44749 70024 81635 42637 32710 66606 71943 18445 
512 10
41312 16082 9078 28538 22188 79673 11092 30390 34483 78999 
14073 9
62487 18889 82743 47259 81317 79843 73513 35554 83710 
1430 10
68353 57156 63667 52525 77550 48397 52831 52927 4824 20364 
6087 10
24019 12147 35100 31035 46999 6880 14669 16601 16258 16896 
10195 9
67282 13002 52771 81426 8796 33030 32061 71306 29144 
4582 10
85148 48039 41695 11868 2192 31589 66284 58163 54969 74497 
1267 10
77687 62766 34824 84012 69691 61172 83696 8523 76762 75427 
372 10
47416 34273 33332 13969 34218 30953 1996 44176 40298 25746 
2736 9
84489 15605 58603 14156 71988 17162 24254 73858 31416 
10793 9
35549 75542 71185 44804 60831 8812 83582 45652 47887 
876 8
26898 24949 67573 1271 10360 73239 46621 60447 
3398 9
34834 26803 39427 43454 58595 76923 47269 58390 56909 
2769 10
83549 33280 5286 11734 78898 52486 46855 41633 51752 18947 
1991 8
71310 33275 39909 16815 21994 15429 63065 52517 
3517 9
1932 79378 67745 1728 12152 28605 55045 81687 11990 
6981 7
10968 42287 78945 47229 74543 32378 49635 
7663 8
32048 8449 55545 79012 24756 82301 72609 48987 
9381 9
23375 26600 52011 56873 69961 7325 75965 8402 71771 
4535 10
14443 76053 40866 16345 81486 52133 22677 5740 16762 77400 
9547 9
5705 42274 906 68820 77726 48945 3009 9233 47549 
7953 8
76615 66129 42914 37731 46067 39081 81454 18748 
6706 7
26341 58685 61287 21675 12132 75014 77650 
4860 8
6099 7735 83345 75652 61130 28129 54158 77344 
11520 8
81005 76934 7787 41207 62821 54833 54688 33685 
3704 8
44905 37784 19481 5094 31152 59869 21109 59804 
2531 8
30194 6176 28592 72795 43286 74762 39942 38899 
6885 6
70523 68463 28177 65715 45115 23298 
8954 6
10200 68399 57011 69394 64224 12654 
10876 6
70420 73801 71427 47074 30931 21311 
7107 6
63493 34203 80396 46891 48881 34482 
23 10
70181 51839 48084 78272 56248 14143 25933 48542 42073 69601 
728 8
54607 1699 53993 5288 13496 65499 52820 8587 
1572 6
10415 7710 15112 26825 35065 7541 
9634 6
53111 1905 70303 84529 78555 51303 
2316 7
33658 72377 74990 1184 41716 65327 45167 
13441 6
4376 66150 303 61766 85076 59473 
3188 6
76675 82576 47568 79612 57837 33203 
2993 6
53107 8259 13775 42388 24664 58657 
6531 5
3114 68566 3833 24896 49370 
1232 5
48773 83347 18295 35997 49858 
5930 6
30046 43637 33854 25843 6218 3309 
8862 6
16391 22145 41982 31075 6867 43411 
11837 5
47322 27744 66043 63409 73387 
566 5
71861 72407 34193 74944 19063 
5415 4
21510 82046 73203 12966 
5699 3
81114 209 14531 
249 6
1919 75487 39662 11067 79678 83898 
2530 3
46460 6145 39021 
1288 3
70337 34404 46710 
2638 3
57209 58959 10889 
8556 4
68341 43282 28914 15149 
8125 3
59690 81102 49724 
2211 3
21462 20104 35818 
