49
718 22
6147 50983 56292 25029 3355 81603 5077 18882 60852 44990 62835 15628 55585 4638 18196 72224 65122 28971 30835 26526 23736 11288 
506 22
18757 66067 17502 43333 7324 41945 71026 94667 20072 81053 85714 65394 10704 70816 20462 36138 47438 14622 85053 91112 9029 41406 
1437 22
10486 20711 41042 67604 5917 30482 95502 53448 26596 67911 36582 69416 31728 81165 82813 88196 22732 76948 3643 56957 61793 82426 
1436 22
40835 46607 64380 10816 25367 96599 35553 21137 50226 40322 21195 51721 2537 90870 51506 40347 28899 99385 38209 21562 81861 11241 
5197 21
81196 69548 64409 41653 12318 79950 79830 88773 2623 22115 58811 5357 23836 77757 51724 13218 7118 25552 21410 80263 6636 
1193 22
86085 7028 61718 43496 7277 87230 95178 19570 78621 38058 46703 16903 64124 66201 61801 64429 71727 85836 90498 53663 39208 22091 
283 22
99081 53122 60970 4611 38345 54762 28258 57102 7687 86710 65919 55706 82680 77035 7352 54843 45025 52925 72235 11139 89556 79079 
5748 21
81745 65102 52480 2087 42317 80136 3604 64706 10758 73403 21822 4077 11654 27556 15484 35323 45579 88660 4176 9758 33695 
6011 20
86839 3393 29400 19712 93584 80044 70232 55268 52727 95808 78124 61278 9812 48593 32466 32273 27259 55489 34025 20740 
2679 21
23032 61949 23940 91441 7630 86155 61650 28122 1427 69735 11975 97800 75697 18427 93470 7543 4214 35212 86937 40677 65961 
2184 20
83281 46549 32867 40972 3422 65340 67981 56447 16753 52158 89196 27855 28642 65661 46282 23570 1874 29021 43335 33163 
11365 17
43432 17495 13781 63857 5680 31986 78832 83450 5717 44160 1238 48192 82297 55648 15818 23904 69540 
8924 19
74215 25883 62616 36287 88231 52657 86362 45378 16470 86868 63973 18367 22006 10446 65087 44176 76335 1049 98862 
129 19
97564 83556 79057 58218 67184 7265 95238 28924 1275 56659 20076 261 60823 98435 8429 8136 98029 85508 7368 
9664 18
60475 3472 25954 62525 97976 56135 32828 61289 98617 98050 65596 50636 84168 59784 71803 47185 7051 95540 
7182 15
55649 35195 13640 58281 94472 92309 90871 92386 34324 83705 19746 92775 75841 44910 66376 
10409 16
68647 32914 79024 34599 97544 24877 17222 5925 70279 24570 36068 42756 54523 76685 30176 85288 
3752 17
98084 47656 61283 82623 78830 98195 60510 70855 80650 59003 67182 54812 82087 97031 4417 74645 37657 
2161 16
59798 51659 72288 63043 70104 32827 36113 9445 2866 72945 29881 52233 72683 17414 54805 64168 
574 15
66035 34825 18935 69158 71671 77215 47340 11955 69836 22833 11104 61690 73732 78979 34251 
8045 13
38803 99905 23354 24952 32931 24795 6381 40501 49537 66980 78971 7534 51661 
2052 14
83103 34372 7182 56188 13932 4942 95869 88924 16235 74088 77973 57092 60763 31982 
915 15
62536 83905 43632 47499 1423 60918 95005 61487 49242 65627 77755 79040 1898 68275 15499 
1403 11
17017 42290 58482 50569 50043 47625 73118 42868 2645 16755 25654 
8017 12
24982 1276 34086 61009 40924 63595 25824 81670 52490 81383 21045 96569 
1677 12
11395 22096 55886 84580 98830 11637 73372 6514 85156 45457 13614 92991 
1589 12
31419 16969 72545 49804 31335 44263 67084 7328 30487 16114 29603 57839 
31 12
28491 28588 41391 12679 8267 60234 8934 1217 52860 38539 60016 29890 
6114 10
63419 94524 3601 53547 59725 12563 55049 86356 31164 7446 
11218 11
41692 78989 75907 90141 50201 11 42019 15017 90096 3513 30192 
11369 10
38573 12878 22099 84955 58213 28622 14148 69831 44547 43140 
3597 9
15549 78146 32876 49081 80776 4002 19630 15949 58730 
3528 9
44235 6564 36199 97731 28904 92517 39212 72650 96614 
4891 8
83819 14200 96550 39314 56391 37388 89759 88149 
11081 7
38819 2172 40571 44874 40066 56700 73555 
317 11
44165 50877 62080 95764 30187 11072 99335 78212 93697 16155 3264 
2531 7
48962 13235 28381 42632 13162 75621 69574 
3458 6
88201 77206 48000 49174 39164 63628 
8209 7
75691 21782 72694 77246 63709 26307 61392 
4854 8
42525 73611 6562 26308 25851 64206 40636 62341 
273 5
60030 46691 73986 19786 40862 
7740 5
4180 31237 15193 98897 89297 
6655 6
95801 48732 49592 7741 58470 36626 
7037 3
19429 58946 62039 
6603 3
86518 90935 53532 
30 3
85685 61396 53743 
4835 3
59189 28157 64729 
3765 3
71336 33088 86718 
45 2
20863 11618 
