82
902 10
93782 22881 14224 59693 74107 27614 64307 31244 2414 4154 
306 10
28017 20750 8497 41573 16488 33838 30395 26540 45827 75910 
426 10
72320 42867 4001 12221 49221 4761 86248 57384 86745 27421 
4162 9
8432 70701 473 36821 940 38866 32443 86358 22235 
7169 9
19011 87080 24737 7564 54391 85692 92460 73994 20803 
8519 9
83869 64763 5668 42632 41171 71153 13048 78078 80046 
20212 9
27579 78945 31791 12678 74923 26778 41741 43537 78819 
13135 9
87161 53813 26218 22268 71755 88619 57993 94062 4972 
5664 9
601 75841 92957 17356 50461 65890 636 31988 68291 
13291 9
92486 83756 23514 66433 47428 35593 59640 92763 62978 
10603 9
64181 77071 36968 75813 29653 37293 32841 90822 59647 
637 10
57403 6552 84404 1495 36017 62491 50007 2812 88566 3821 
372 10
78177 92600 69697 57506 69308 50657 91533 34022 59207 53518 
21512 9
12345 83909 14519 44464 22810 53043 7156 41257 89894 
7847 9
83936 62374 22214 30564 34911 66819 80333 15170 4136 
10992 9
8613 90269 74777 37268 89507 73629 64920 11028 42428 
608 10
36362 45776 91182 12464 47873 23119 31938 74208 46339 30279 
324 10
79899 42543 80955 37601 17270 67276 35284 46262 78018 91025 
589 10
64425 26577 73801 85361 21042 52259 53125 81620 14019 44341 
16688 9
48839 24291 59689 65823 89759 7634 92177 72744 36482 
17654 9
62890 14792 53513 48504 72572 69477 19448 41096 44965 
11857 9
73640 71849 71835 56887 64315 26257 64903 73079 59817 
14158 9
43205 14532 64924 27684 26789 58069 33628 9340 8997 
10503 9
5483 50380 6128 4222 73958 41902 38818 71300 68771 
18675 9
60307 53178 17720 9585 20747 95158 49467 68431 26452 
20079 9
36420 13536 76950 19277 86470 78952 38465 87884 63200 
14893 9
39575 25 65797 7380 17918 44502 77177 69487 6315 
5277 9
66410 4503 39910 82385 387 68400 82625 90744 26293 
24900 8
52134 63332 57014 89712 41737 76732 90475 59762 
10458 9
50210 23275 40731 47909 54610 28090 8182 37409 36385 
427 9
49736 17390 16751 18110 33875 15487 29625 67965 69764 
1921 9
34472 10816 25117 13521 48810 29827 12726 89114 44692 
1532 9
79759 23255 2799 69123 25939 4266 34158 43865 51606 
10287 9
48731 72550 72118 30667 64582 90488 11036 37329 66380 
13788 9
92106 78809 83670 45982 54442 42015 339 61867 38405 
7553 8
10612 49097 4845 57248 29956 71833 40955 93685 
16456 8
63273 70454 5852 61860 23092 57810 61928 93411 
23501 8
81864 38049 37178 6695 31257 52287 80666 25242 
4683 9
26982 12153 59780 21559 86030 21919 36041 21786 18444 
9035 7
48216 12823 36963 80278 91301 38295 26904 
1953 8
57106 57921 33933 82606 70740 47101 94081 36634 
17673 8
52492 66527 34754 28657 47878 18353 48998 48152 
134 8
74402 34431 2512 28295 28179 19149 87679 83748 
4535 7
20849 44339 2122 39444 42335 94002 60787 
718 8
31113 57996 44697 28905 13226 10817 94049 15271 
14443 8
89262 13101 40959 52682 67739 13469 655 86001 
12232 6
34987 18918 73061 38731 40964 81250 
18487 8
90009 53004 68511 93909 68962 95272 44997 51252 
9031 8
37913 90969 11333 32159 84048 19611 56890 83089 
5816 7
3366 19587 8529 94260 3381 93448 32137 
182 7
92620 68977 43407 11422 51708 72848 90439 
24495 6
31500 89897 43089 25006 74502 21702 
12476 6
44065 14979 89024 21408 52687 60913 
17124 7
19245 89736 72361 62070 95221 34996 28283 
3766 6
52423 91282 41555 24780 42547 26163 
456 7
88401 21763 13434 4648 71397 79338 16141 
7085 5
46101 89414 64447 93383 79382 
853 7
78030 23494 91536 26912 61479 41193 58382 
12435 5
63291 5609 30794 74423 71437 
20624 5
20357 46088 7790 2611 31787 
10518 6
53845 10187 66458 59230 42040 72768 
1728 7
46624 43158 44475 4398 20717 58349 44016 
14358 5
70292 24043 91087 85865 86989 
21317 5
35225 92482 37661 88100 78476 
11325 5
26866 81251 58575 63642 42301 
14377 4
32782 75380 58513 95171 
530 5
76456 43510 2068 5851 60112 
5805 4
48515 6659 8278 81424 
21400 3
65052 88820 42903 
4741 4
50816 53921 64913 69909 
7929 4
37938 3007 49627 49734 
21405 4
46243 27923 80435 7290 
16414 3
23139 64437 92672 
2999 3
40336 55270 53148 
3652 3
61608 1386 92319 
2531 3
8237 64261 29621 
22579 3
75853 7989 53346 
14793 3
54045 5156 55599 
22650 3
80743 53438 8581 
3385 2
17864 20266 
14962 2
48055 4897 
59 1
44602 
