112
0 10
20651 42190 72400 57512 27256 27975 22949 50533 16753 74158 
1 10
29525 57675 66042 29726 12280 67132 75936 37514 25645 51845 
2 10
72766 30713 74173 14451 44176 6997 15245 70780 10860 20313 
3 10
50046 47995 15141 76230 32013 7776 22299 27610 26779 58307 
4 10
3667 40901 26055 3215 1302 43948 6886 64070 24134 17697 
5 10
11585 77276 32993 27472 65451 57416 56165 60906 50090 60702 
6 10
7193 74032 22537 11000 38173 30556 17131 35972 12069 72281 
12 10
13168 31309 68775 50710 69726 22504 64297 6748 1824 68469 
17 10
50166 33179 73805 18459 40486 67180 77639 36909 72847 11681 
18 10
73647 22850 49096 23466 35659 22079 73201 33095 11493 59113 
22 10
24121 44826 77009 7278 18774 31945 18112 15505 12339 25287 
27 10
25930 18048 26280 43825 71850 73680 31088 2218 4773 10166 
30 10
8564 18302 42191 43630 17176 13449 41607 6679 53659 16891 
33 10
14945 62182 9391 13649 54914 55126 1521 68338 9119 58910 
43 10
50978 75317 23562 8771 60676 49094 77377 48978 33435 18956 
47 10
51727 49582 32905 51673 2036 45067 472 13886 63582 29209 
60 10
65668 75330 21276 15802 51952 38608 33456 36610 43037 23079 
63 10
59185 480 42379 4464 64360 8407 21771 11608 21011 7422 
68 10
26598 67585 2263 22533 7730 75648 50236 71305 50155 35578 
70 10
42528 16249 30890 49302 22278 56412 2383 20378 71233 54214 
71 10
21310 30112 1219 10228 61257 29653 23532 51116 76310 20387 
84 10
33515 10326 56764 27100 9960 50095 31059 32063 40324 21751 
88 10
54940 43824 20825 31341 37631 26563 41472 49941 3350 68849 
102 10
11147 21891 73760 54252 46338 9203 19141 5443 37651 58088 
108 10
68146 1743 7624 8971 12839 70344 44774 44904 653 2098 
139 10
14802 68476 57136 55031 20577 47459 55241 31331 57395 4417 
140 10
20424 49823 5996 27332 45407 61008 24288 53863 75439 38088 
362 10
50543 9872 4073 67911 1904 59761 6428 69295 64106 51170 
421 10
35387 46514 25750 34926 76428 10745 26107 73477 43509 11386 
444 10
72396 37900 18856 21277 64295 17895 35561 47989 31107 52254 
526 10
55917 48388 27190 50003 33908 6573 31725 52659 25767 34689 
548 10
3209 4889 66086 54557 4104 41928 12966 58071 72139 77175 
679 10
43212 44547 5693 57556 62123 2724 32015 16605 18560 9125 
698 10
62823 6120 10206 20420 33710 50616 22868 32550 12152 20655 
717 10
8053 44592 69966 58551 64619 50110 58816 49044 49386 22976 
836 10
34853 6807 16726 35888 13248 3979 2300 74629 65006 33502 
1306 10
48982 3961 17568 4420 20404 35616 25698 46148 94 4381 
1330 10
7803 66059 49248 34656 32404 7063 71040 77799 41041 71866 
2153 10
29927 64528 73652 41930 30873 54846 35552 61826 62999 76100 
2331 10
45510 36361 9397 29857 49912 20826 46627 52231 8241 33172 
2761 10
70534 25310 58277 34294 12681 9852 37887 50513 24377 19894 
2855 10
69321 35838 42373 22305 66152 59027 12322 17266 9252 29056 
2947 10
73737 17415 318 65377 17721 50558 62097 7046 8403 74895 
3407 10
31529 28280 54938 3852 21051 14007 8584 69908 44468 68521 
3430 10
53252 69221 6181 21721 64018 74080 37440 61825 321 27473 
3757 10
1884 35031 40830 20736 70497 370 14485 2546 59308 49408 
3988 10
39163 36933 29808 53360 50229 70467 33128 8823 16501 71838 
4272 10
37614 63111 55004 16916 75096 1495 37748 70390 37595 37785 
5095 10
6572 3582 57876 64161 20762 58815 76628 26109 29767 58031 
6455 10
17533 31289 7900 10116 71965 77494 24416 56464 8504 1918 
134 9
43826 17541 62251 53362 55151 33396 38023 72199 50975 
190 9
19663 16656 21854 67284 68261 68793 975 47313 15330 
922 9
73261 77621 45023 67044 74518 2001 47085 42069 34898 
1965 9
66748 41298 2023 7449 1144 1590 39217 51562 22611 
2588 9
47624 33702 75143 67205 2468 38434 71330 44621 76106 
3488 9
63170 16500 15099 19925 39310 15964 42529 32476 26743 
3993 9
21125 15180 55903 41301 66246 58013 19008 15522 9208 
6128 9
21079 14371 32111 59997 42825 35393 53669 21817 50640 
7720 9
6115 69644 1401 59583 71219 16340 8866 503 5176 
9392 9
63529 43534 51506 67322 34506 40173 10009 61572 70265 
231 8
36659 41911 49855 29974 11962 29611 35931 36023 
314 8
4236 51073 75567 61571 17134 10726 19954 30919 
425 8
33384 19580 10071 43641 52980 27961 67934 2904 
2965 8
33661 9219 29906 21165 7160 60338 47122 44841 
3464 8
2212 31939 31323 14740 15160 14022 30286 13762 
4025 8
25203 68721 8433 7965 4845 66210 30801 56589 
4769 8
9774 8439 2471 6819 15645 25111 3714 30809 
9384 8
67061 75416 74703 70648 42232 67893 66766 40716 
10464 8
4901 16159 11414 34440 14635 53154 52730 73140 
15137 8
6631 62887 1844 74982 76369 73649 37379 66564 
22314 8
71067 70775 52195 73441 25355 61078 14839 15753 
684 7
77006 36426 74958 15897 44583 15455 33658 
967 7
59373 50042 62703 63390 43736 37370 9323 
2032 7
74005 4900 17490 3865 49348 68621 46445 
3436 7
74006 31745 76038 17287 29240 47165 61656 
18860 7
15050 36599 6235 4138 27306 22816 40285 
20408 7
35910 71478 47564 35747 18444 8307 46986 
21804 7
60999 37861 4410 19026 37324 24658 2765 
25186 7
73612 74160 35238 70679 74446 47318 13437 
400 6
70796 4035 44830 20807 66234 70270 
569 6
47280 61490 42989 57201 24011 32388 
3194 6
41615 70465 65796 5182 52190 51576 
3735 6
41832 16856 76228 5871 22384 56925 
4403 6
16513 11140 2475 31832 46013 5139 
4569 6
41517 8190 56821 62476 40140 72863 
5352 6
58190 18346 74862 20501 50509 54265 
9463 6
11021 61640 15666 67649 75958 48451 
917 5
25770 38867 40375 74513 65401 
1293 5
38710 14672 14100 45683 59786 
1503 5
13745 11732 68589 61422 1479 
1515 5
12419 15418 23084 5608 4064 
1655 5
69855 36879 38220 13162 75574 
3388 5
33795 1189 31970 677 42132 
8395 5
9678 2585 63589 51718 18235 
18316 5
31761 37153 34706 54374 21469 
19483 5
54669 20239 30373 66532 50430 
23449 5
68604 32167 68099 69429 69779 
1113 4
66236 1723 54285 34562 
1173 4
10753 46870 14086 21661 
6551 4
47108 12270 59656 56968 
10031 4
5654 54010 13670 4892 
11662 4
2449 34450 12246 54725 
17532 4
22627 69911 26113 55321 
24629 4
58670 55575 33466 12945 
529 3
985 53253 65986 
1194 3
51001 68024 58573 
3629 3
4710 1199 914 
8563 3
23867 30618 58518 
21787 3
34774 50031 55481 
25212 3
71060 9414 66640 
5153 2
32919 77200 
5525 2
24208 63743 
