61
8901 13
77308 79097 27785 49147 24450 20075 24054 7560 61441 51988 69772 96639 78846 
725 14
22028 16801 16173 23925 76888 93895 95311 89255 45011 4171 26686 91965 71879 95291 
701 14
12145 80406 6646 59860 76956 69728 62646 48937 87483 70577 28158 40609 8773 50389 
392 14
79201 47024 69636 87006 7189 70899 69095 62556 78710 28600 21855 35484 53523 87319 
6229 13
84436 7197 71083 73391 36341 76105 14320 70398 30658 6346 59342 59281 86616 
1289 14
45598 8920 79004 47188 52080 61628 60858 33137 70607 87345 34652 72086 92080 41207 
552 14
62748 48127 48908 37869 56056 52092 64067 73116 81265 57980 91624 72730 67204 44480 
542 14
8752 89465 68782 10608 74981 81819 85090 9837 19289 39650 82244 65797 47120 66232 
5190 13
64668 57548 73023 42622 20168 27210 25415 86599 47256 27932 31946 68653 7542 
1191 14
30649 13360 62688 71572 36350 4553 32233 22905 53583 82159 10649 11560 38779 3563 
943 14
77873 4676 60660 48407 7131 73572 93897 34748 56509 67138 19118 33073 32116 32764 
375 13
53132 78036 62626 70826 38427 6375 17151 58961 18041 74799 87775 95038 48874 
161 13
89303 53073 75918 76101 27170 17581 92475 35353 41968 4949 78209 82360 94475 
13507 13
94836 40152 15131 25681 65136 79209 74423 70307 87662 48941 35887 42374 75672 
6706 13
104 9884 8929 66515 42666 92998 29662 94135 94405 11051 52221 79199 12511 
1305 13
59022 76703 25901 80957 37730 42107 62559 27414 71365 73153 72237 18492 12188 
361 13
82641 72696 12169 36016 81291 8566 27286 45312 15533 77456 24751 68500 64667 
4223 12
91933 19370 52857 42413 5309 44191 30333 37664 83706 6263 87925 16261 
7795 12
5247 35474 70048 69100 82674 52533 25829 89012 31786 16951 23896 41807 
4923 11
96513 28329 49875 2219 86360 45104 45379 93127 61847 69857 22562 
6862 13
96663 80073 73845 88375 23083 50062 58538 39359 81852 7171 29054 76075 22866 
2551 12
89175 53194 93722 57069 29634 32647 19451 88379 42426 23711 44798 64032 
6487 13
37429 58478 6213 11074 4491 68703 63087 28167 49719 71486 2661 88109 24371 
6734 13
11803 23388 128 59024 6602 40119 30875 51934 60993 44894 56358 14848 9284 
6484 11
34969 44289 41650 49961 10321 746 25877 70803 85211 35877 20759 
4585 10
31338 12464 88193 42672 94471 45032 30619 27731 50829 14782 
5692 11
61087 27621 85440 2717 87998 43010 36287 6916 47962 18777 73809 
2243 11
13577 31087 30963 17137 27606 42313 31305 75781 4442 93442 79340 
11407 11
32543 82713 25491 71773 64270 55324 51149 13929 65886 38650 87361 
1298 10
78250 22222 42268 31079 43803 65048 79893 93392 80528 93962 
1175 10
75114 11351 75410 10020 20782 63875 34359 59972 93059 7962 
3024 10
87442 12215 96668 37492 80850 59636 10218 64886 96856 8578 
9682 9
53626 7225 17731 34577 75234 85347 30160 51061 22991 
5962 10
95828 61741 93785 36588 37576 65970 52035 4195 12797 17959 
848 10
24336 61092 24302 90900 64724 53685 21307 35008 36630 27489 
7644 9
76208 58174 15952 77649 722 86828 75622 38712 37540 
3128 8
45650 94995 9673 94063 85054 59246 52428 45295 
1160 9
10239 13048 60744 63429 65928 32251 54674 66902 63131 
1496 8
33770 51434 89488 57310 54390 23901 64251 74072 
6782 7
78904 90958 62793 17746 67074 62132 40930 
9027 7
2386 89450 3235 75438 96144 1410 37728 
784 7
75209 23373 40591 95108 69707 51586 78156 
11150 6
11636 33993 46374 9160 84446 66166 
6114 8
26531 78689 422 30478 16868 32009 43890 71561 
10280 7
82449 72957 57419 21067 35181 46908 28190 
475 6
50183 36327 48255 47411 18394 12920 
3081 6
60573 74431 90131 73646 44671 25787 
10337 5
93655 21730 57733 19558 7194 
3783 5
13124 24492 11446 41307 37600 
9113 5
5745 1496 22407 28719 57529 
10171 5
78480 46632 83975 2327 16629 
919 4
86053 71591 12924 95063 
543 4
26796 39346 21949 11004 
8941 4
33401 76884 66205 39574 
11316 5
93781 74006 41189 12561 5543 
12880 3
73613 6466 63239 
9628 5
93166 35209 33343 69732 17372 
4725 3
67480 86603 39531 
2148 3
96736 13605 65143 
10292 3
81938 76124 26687 
3934 2
24199 31151 
