11
81 15
1448 418 3188 1007 1680 1896 1360 1258 1576 43 16 1205 1342 1308 1200 
17 11
3253 1293 2489 1400 2339 788 1101 970 686 1252 496 
71 10
4960 2695 2997 3022 2566 2999 2781 2995 3004 2849 
32 14
2348 2101 1989 4163 2146 2023 1990 2329 2254 1981 1240 911 2506 925 
51 12
2435 474 695 42 401 4025 86 85 571 450 385 339 
8 11
2203 2917 1720 1678 1659 1656 1648 1653 1883 1774 1733 
4 5
4962 124 1390 1782 1278 
9 11
1292 2014 1609 4972 905 647 1353 765 690 1582 303 
70 13
1119 2810 1370 1452 264 1321 1361 101 1494 37 1480 564 2480 
89 5
347 1715 4489 1600 838 
86 15
1725 1907 142 882 803 2360 944 919 889 1654 833 1534 1523 933 1641 
