18
1999 70
20831 84324 30671 11262 3322 45195 37933 371 3063 41426 26884 46204 29048 39349 5398 8200 26775 3202 37677 44707 3563 3438 7385 40627 46841 43716 6541 29046 25719 28447 3760 27118 1417 47617 27711 47711 1285 3596 7174 1198 6748 39988 7265 7187 28230 7192 3905 47339 3854 6722 25683 1062 1137 7495 7170 3872 37979 44404 26661 40515 45317 6357 38023 26756 29907 41031 26565 6309 2025 29002 
1998 18
81231 10448 9514 9708 33480 13599 46326 13511 47169 13456 13014 12139 12870 17532 12150 15876 16706 15705 
1997 75
57242 29484 32283 8967 18455 25865 25684 1222 2 25629 26783 20732 28934 1450 869 26626 10697 5934 12927 29125 26614 29021 28767 28833 29036 8353 4104 28794 29185 9847 29041 26208 3160 25704 28668 28742 26483 28971 26346 25670 13584 17733 8310 9106 25691 29293 3125 26680 15248 28633 28777 3105 25641 7079 3957 17680 15322 25625 19737 25703 6896 12423 25647 25689 19893 3727 29143 29182 26668 25679 17321 18252 26619 9428 18297 
1996 72
22326 86087 22319 43822 45070 43638 44309 47122 21870 22298 41203 22068 17252 12739 23486 13041 40578 12670 12979 12911 12757 39274 45686 22318 42436 44186 40616 17214 43143 45323 40881 45685 12626 13719 42531 17256 46319 40736 44727 46452 20686 41279 44046 43094 17829 20445 23924 20962 23542 43889 17212 17702 20779 40536 44744 12768 46003 18695 41393 19272 12746 14604 43078 18956 20401 39438 44476 19487 41621 45741 46012 39218 
1995 58
79863 47574 45708 45593 43776 26394 45595 42437 24676 44680 46767 45846 25483 24205 46634 42365 44641 30854 30174 43741 24575 44966 47309 28736 44664 45672 24450 24469 24393 30013 30550 45632 25338 29630 45988 47358 29430 30646 42442 46322 46734 29438 29429 33806 24894 30436 45658 45022 44289 42397 44117 46032 29482 44941 45599 24844 45723 44661 
1994 62
66223 16379 24534 44330 15937 16161 15920 15896 16062 12323 17959 28673 24255 12644 37799 31754 31357 31425 15837 16012 16030 24066 39656 15910 36150 13488 36310 15869 34090 19379 37507 37099 25471 36613 37404 38900 21166 24458 19011 30373 37744 16462 19143 19005 19037 19025 18995 37671 38740 24829 19042 46201 16309 47493 14788 25096 37791 37315 31210 31380 38865 14978 
1993 53
47940 11233 473 6956 79462 12410 8812 39882 36224 47513 39862 17453 17371 37652 3013 9935 6075 4575 14865 40562 38688 13919 47325 38024 38734 17412 44101 42780 20141 14200 13932 43246 22086 39895 5632 19332 10172 39979 10204 40329 47181 17368 42216 5127 13957 14711 14096 40396 8535 6313 16281 14712 14012 
1992 57
9259 79575 34363 31080 40207 10602 24282 11529 15905 8862 11779 25785 20442 36561 37695 38302 15512 25192 20309 29379 16642 8433 38013 30437 16574 8557 37640 37610 37741 37978 20654 8637 11475 36761 12151 16571 16434 36737 8750 36462 37982 25333 37698 14278 10791 8630 11352 28074 8272 8562 46410 20524 20441 25361 32914 45737 15822 
1991 78
11099 94448 10095 9447 3478 9413 5138 9407 19343 9435 4784 16553 14272 9242 11952 10742 12422 12864 13469 9165 10910 9209 3923 13254 13232 13175 4198 9439 11397 13160 3556 5245 36566 5666 5099 4277 40635 3796 40188 39298 38229 39621 3489 4187 11582 9408 36851 45750 39151 9136 44805 42879 42781 42488 13062 39488 13052 12795 10705 42349 10710 13045 37966 36572 3245 9401 11306 39245 36507 3163 13161 11386 4574 11355 42310 13301 3296 42503 
1990 82
11548 72616 41827 7 1509 28466 8012 30236 8759 1434 29707 8602 4700 30930 26755 27221 25735 25714 1683 1601 4119 30293 6603 27461 34780 22285 32440 35464 4850 32118 34466 15808 7009 7205 26673 7131 13662 14006 30391 33807 2805 24161 14575 8429 25586 14140 189 1098 5977 4447 3718 14290 27905 27354 12913 26274 4953 28012 26938 32715 12735 4330 13072 27877 24904 33281 13260 997 25051 27659 8372 12594 12147 13169 24912 26323 33273 4386 27868 30307 8561 8403 
1989 81
54346 4183 20894 18894 42676 444 34675 5521 24253 26992 41278 45358 41247 18847 24867 44856 1705 24260 18815 24964 46813 38192 18337 24292 41847 40538 45494 5466 41696 45604 18652 37560 38766 22355 1293 18803 22273 28548 45272 2870 18904 34595 45127 43027 3839 44348 18190 43067 4965 4335 5455 33444 2778 34061 25394 40655 34598 38329 4115 18603 33474 24817 477 27475 5690 22421 35500 18540 41835 24947 22399 33618 41869 40608 43697 3870 362 43649 39625 4297 42659 
1988 30
86905 29590 9314 2013 2309 2681 1712 1995 2709 1830 4778 2131 4462 5772 2522 2995 5131 2902 4895 2854 2615 20420 1912 21694 3595 15970 1903 3992 1630 4653 
1987 19
84459 17803 7694 11019 11521 8976 7612 9907 10866 27282 32503 31114 10725 30710 33888 30600 30338 9219 34150 
1986 58
68960 1092 4578 33223 45514 26379 10760 33072 32392 25409 47909 5841 32252 9274 5119 47211 9267 31132 15676 17414 4678 32927 30251 25099 30181 47224 30294 25158 32637 12343 27314 17956 47225 45872 46250 97 32459 25065 15042 26162 18295 9776 29826 13403 32347 5173 8449 15275 46653 8700 12510 47362 47054 30200 12103 21206 1316 9288 
1985 53
8327 28439 25618 28308 35505 11307 45339 40894 38808 45285 46803 40799 30519 9656 10738 8273 31558 12002 9561 31691 9584 7475 47969 10298 9558 10582 32106 39012 6437 38805 44774 73096 9562 30365 8274 8042 8623 40803 47496 11892 8292 8475 11908 31844 9825 8521 44266 30258 8287 11088 38820 46040 7922 
1984 28
17626 86630 25174 16033 44679 40669 15912 896 15798 16271 36426 24594 37496 24114 3293 37486 17108 24067 17110 5657 4421 27700 2367 536 28492 34839 36578 16922 
1983 35
92009 21341 14131 19931 36965 18716 36537 19435 36975 19375 26331 19371 23545 35637 45870 40161 36946 23169 37349 20948 13018 36291 40215 20680 25649 12068 12094 34692 23174 28867 23132 22787 22670 38733 34083 
1980 51
54616 30517 22432 4704 3508 44514 47288 20533 18867 19818 3705 32167 32020 31305 37395 30336 8142 19357 3391 9368 30163 3290 18235 16583 37309 19550 18942 32630 42908 7832 36943 7851 46837 4717 37624 11859 43247 43529 11046 41814 19563 32083 3887 46726 14381 42915 13485 32436 3282 12386 4084 
