33
981 13
72381 30778 26500 85156 71716 99176 60836 50026 5007 29232 85661 47567 24285 
1315 13
93357 79777 97449 80540 823 64774 70640 60291 78484 96350 61677 79896 74942 
350 13
91300 94107 66105 25492 59392 56330 56588 67613 89512 37950 98954 66388 71363 
2629 12
93911 83390 52425 61502 50353 58871 79615 88390 70643 84496 5155 8217 
6292 12
33751 55177 42089 99712 74136 46036 32604 70237 21044 5885 90395 16383 
3041 13
50684 61570 43695 63474 17884 60659 42421 50696 88455 42959 296 84328 74409 
10969 11
29226 20778 85341 48684 19412 10286 36001 62665 83310 88648 38261 
5251 12
98623 17007 36793 21628 54661 32695 96703 12014 36224 7252 99211 28903 
2012 12
61181 57253 15248 52076 86833 45197 39173 95172 64416 60884 21744 23417 
8732 10
10202 83704 61459 22705 92168 44074 91653 84138 17038 22041 
5143 11
1590 75114 98923 81604 21111 2629 92938 22291 35986 84822 60417 
2063 11
32995 58815 10382 68841 77465 28715 59738 91573 67806 78947 11189 
4187 12
57926 75835 28587 9652 44957 94774 59536 46760 85893 19385 90044 17300 
824 12
73293 26608 87972 97100 42225 14160 75497 54772 43238 81151 91121 64378 
3166 10
2436 44160 83197 55638 57959 12062 7243 95126 81895 84633 
4495 12
28580 54959 77046 25959 8656 29487 48271 59444 32895 27873 5138 57571 
4197 12
91191 62674 86586 21627 45213 17171 66549 19063 31308 18001 56182 54902 
4990 11
39967 57608 20441 67593 75867 77241 52208 70027 58637 73975 64514 
11229 8
90664 21076 60977 13463 42364 26167 10026 85541 
5650 8
2704 28464 99099 17659 58753 64692 37915 18936 
144 7
88078 46560 77896 91557 55369 2174 13374 
4140 6
33844 13065 34821 68351 14038 53353 
4126 7
39667 71598 75572 16262 64501 68199 96711 
3488 9
80440 84196 61529 32464 72499 94571 83503 8075 40008 
1987 7
53083 11631 37293 6736 34325 85018 25755 
1662 6
66317 46744 61605 44631 11520 21203 
6854 7
2531 40688 90216 6835 719 28868 61880 
8323 4
24206 45674 69178 22072 
462 5
97012 85817 63590 61588 17310 
7173 6
67005 80337 60457 69683 57157 71943 
6264 3
8389 28725 64455 
4057 5
29203 65570 52706 34369 20234 
18 2
65266 79117 
