98
1066 9
85335 11657 15056 66109 91657 92029 12954 34349 92526 
4542 9
45530 20986 77391 92842 58322 79049 7641 78936 69352 
3187 9
76764 26107 45660 23031 78990 34370 68908 13579 85047 
1539 9
28710 16064 81597 70187 68063 41030 69357 87444 30050 
3757 9
80289 12728 11407 31716 60964 23483 47127 22200 76352 
76 9
37955 19703 45414 23193 90614 345 19597 35250 89309 
660 9
76555 4827 77246 78601 5297 33842 24381 57234 5091 
6541 8
24633 17788 29031 73557 37634 81913 84665 94013 
3080 9
96094 10981 35471 78205 77879 18632 36797 51577 73813 
1937 9
65811 34240 30983 72894 51932 59721 69786 8085 57165 
4703 9
39853 47640 84974 63658 42327 66557 75035 63377 30026 
8053 8
11826 16776 94233 50869 8825 60018 4614 89816 
2541 9
22281 19218 38282 74875 86642 69342 60067 36440 12750 
2872 9
64207 25122 16053 65540 49106 16431 6817 89528 14536 
2951 9
5251 94998 70640 91547 14981 65949 90421 50810 9867 
12952 8
20699 50356 8059 65708 55528 25466 79744 73101 
3992 9
74625 82387 33616 36244 34175 90026 2781 52851 23622 
13981 8
83471 711 32141 90888 58607 92761 69621 40089 
2171 9
55595 16802 24637 46451 27139 45795 6512 56699 10434 
1391 9
75327 39710 81646 59423 59485 4047 27597 69444 34075 
1135 8
18344 93222 63052 17247 95182 49909 16391 19816 
5092 8
88063 59312 23036 64049 22180 44744 5222 29568 
8368 8
37871 59591 32903 72143 74781 49261 6904 43505 
14988 8
80453 28057 47088 58077 46260 6667 20886 14265 
2808 9
21511 65969 55056 71236 42092 81796 40026 67050 69808 
10424 8
76839 9567 79545 48797 33277 62801 25795 21283 
89 9
27004 43294 6548 78199 40388 69450 76940 49787 30131 
12741 8
20411 15382 39593 9339 19993 2500 73191 64706 
4504 9
55138 36512 17608 11004 34148 56712 5283 25852 83494 
906 9
26485 29976 51357 17313 50238 74652 76169 12323 16741 
11340 8
30218 45404 53354 5545 31897 71153 86667 52040 
8191 7
5362 71159 13334 73946 92117 13150 16608 
2978 8
5048 34681 24107 7851 59317 75430 672 84909 
1012 8
67477 54542 10287 70131 73342 25649 3986 29383 
3646 8
9067 6068 29044 51155 60850 19986 48553 28633 
2522 7
96030 74115 53246 72299 80256 6935 57516 
2539 8
7683 52940 45723 57085 18179 15746 55986 5934 
3868 8
71386 31129 27348 53211 68645 66276 61958 8022 
128 8
8482 78454 90098 28342 53235 58487 87018 53418 
4516 8
7172 25947 79333 22499 40632 85662 53651 17720 
2896 8
44652 2113 24166 94370 17905 39966 73452 70351 
2293 8
12955 79691 33133 89670 46136 12386 6267 13290 
8026 8
53404 23637 45367 71272 95669 76102 2732 1774 
4283 8
19905 12437 58115 29485 68011 24987 5497 15607 
3685 8
66770 40483 59618 71352 88935 26587 55593 8241 
4588 6
31330 46458 6366 50321 62843 43547 
1572 7
64188 84385 60583 35585 25157 47169 22273 
3847 7
56232 54956 32882 7282 24403 66941 49172 
12975 8
87189 57437 95346 84937 86171 40780 91697 53904 
13728 7
66131 46137 93821 49624 1561 19921 29753 
2300 8
2153 69698 5502 86434 15112 45139 47616 78101 
2190 8
70952 5403 63264 16011 92532 18797 14507 48964 
8452 7
80674 66744 32737 82124 56703 36368 6130 
1959 7
91574 81512 4906 23145 83178 76353 72103 
3343 7
33288 64567 77258 29666 60236 93711 75356 
6167 7
53835 76478 25089 32139 32583 1359 61533 
2028 6
43262 367 16743 31595 74530 41795 
9869 7
11122 36900 55034 54595 82486 37948 57417 
11166 7
79816 81067 80285 60095 51717 94578 27420 
4940 7
13737 19394 8624 31184 60234 25867 11950 
2122 7
90846 94519 44561 80446 71758 80554 19804 
2774 7
54318 20771 41250 10817 68441 35918 59184 
10190 6
75455 82178 22245 13595 54497 25906 
2380 6
41359 38363 69495 61773 8526 3229 
3485 6
2666 73847 49156 42146 31787 52623 
4215 6
63999 87395 23108 88307 7930 93460 
1742 5
78277 58226 20833 60934 40519 
9488 6
27402 5349 12552 2277 66004 25678 
4777 7
37445 5564 58826 12291 33536 42532 79255 
14637 6
96065 63551 65093 31835 92335 86357 
10512 7
5490 42403 36061 91725 78680 53469 10757 
2483 7
33018 83531 63458 76487 17138 47971 50024 
5718 5
60323 22418 3349 3760 50320 
1321 4
38104 28809 63588 53744 
3463 5
16999 14122 3774 16465 84211 
11083 5
60690 33633 5387 59188 46038 
575 4
5240 86430 89417 73628 
12899 4
58399 727 87931 57031 
15405 4
74227 21921 25860 34585 
10946 4
74286 5858 50420 62111 
8677 5
87726 79178 46383 82255 90015 
2112 3
55003 78562 38059 
13937 5
13836 96040 7585 4667 39975 
2507 4
69487 41050 81888 770 
14288 3
47639 81651 51813 
4575 3
9874 26245 3542 
201 5
63519 56647 2138 94817 46901 
14568 3
46417 25760 37693 
223 6
89027 16614 92984 69827 22823 2081 
5690 4
41798 31676 8230 81299 
12687 4
31403 63792 27028 27122 
3066 3
18039 31510 81186 
4788 4
51996 53653 19269 58205 
707 3
8404 4099 28707 
1498 3
22951 85001 3580 
13375 3
93738 73018 92612 
9991 4
3447 9443 88791 2757 
12500 2
68972 66580 
