46
8131 14
48192 32770 49929 2753 69448 35208 35978 8958 57711 61085 60142 93443 19344 34627 
3225 15
24498 59175 27317 81242 61115 56380 40130 65236 55316 73201 71678 37397 31478 85947 4224 
1318 15
73552 36877 39757 10670 12268 76138 6590 62270 64320 35315 37766 85957 90036 5342 46192 
2065 15
26925 49720 47443 55018 52452 22111 45577 54451 88955 69868 12343 82847 58218 11196 37462 
351 15
69741 68442 92815 86791 13780 51774 18386 81352 87630 91509 34758 43425 4721 32555 63422 
14236 14
1656 91061 15304 91710 22281 94203 21561 80207 28884 8328 67893 46344 56649 57127 
3632 14
35473 81174 87210 42173 41002 69516 11872 79494 77041 64592 22824 59339 20518 64895 
2076 15
71560 22864 26974 84908 92571 76151 26766 17470 9434 52217 33786 26806 94661 75263 72142 
13454 14
16453 12771 3499 74902 71717 28153 72764 60400 41771 35771 63662 52017 14960 59694 
12482 14
33009 52814 20611 14792 61882 77634 90118 63335 22089 9164 76882 63690 92906 70292 
21617 14
91430 22574 27512 90998 3797 89612 59554 51609 93402 37002 92737 82282 16513 6457 
6194 14
63865 76252 50378 82391 15749 51467 73121 35057 28123 79644 4778 43350 52525 23303 
15053 14
40948 54125 1643 40040 81099 56799 6823 307 10511 61610 18373 52246 191 38795 
10636 14
72414 41535 10167 52193 42152 48246 27853 68627 68228 60337 37805 60823 1525 33849 
24402 12
17849 14566 53056 53658 37386 49108 42876 14454 80797 68147 34056 51730 
11698 13
19186 28338 42121 53076 12435 91007 61243 91696 77988 22119 67944 94544 62942 
1483 14
79376 20665 19042 60520 9935 62508 34546 49214 56188 33058 10284 48342 13591 35283 
21148 12
30193 34438 43412 27149 25857 87523 6143 94629 6052 16291 18119 18364 
16275 12
65809 11612 79371 81669 6515 26400 38188 34081 11062 13735 53898 81889 
18802 13
43420 7601 88043 71310 69191 44844 23131 67888 92328 74369 35573 64178 70280 
2375 12
36602 60539 11712 79970 54465 52776 51003 13554 46385 22563 40901 11902 
1136 11
46815 53274 15474 36 50398 4074 42025 3772 79364 57378 57169 
12543 12
35983 12485 22902 29142 57613 12907 22677 83879 19854 54684 74762 19579 
1017 10
40366 57022 19805 59964 44625 88187 65890 64013 79831 4344 
8798 10
1950 18036 65947 17805 87526 74230 25434 26487 87392 59586 
6101 10
74159 28382 46397 26315 73063 77490 75877 81474 42897 35127 
10858 9
13945 68718 75801 92646 29491 15159 86071 33664 57439 
7866 11
83104 60589 3749 10425 20306 51175 65188 77871 6150 12850 4573 
4154 7
17557 36102 14218 84252 64826 41926 94308 
5071 9
89356 40651 7214 26714 57612 54546 81118 8173 67151 
3062 9
93990 92894 39225 80331 69672 13329 88415 45015 89651 
16025 9
5893 63401 15768 82267 91076 70709 55017 34374 53805 
1835 9
23790 37819 50162 17147 84569 12180 2874 35331 30854 
2537 8
79154 81200 10728 26644 29416 17249 61571 57600 
23119 6
6508 23146 10700 70757 83847 40207 
24224 6
47150 2249 59155 40150 90806 56196 
11959 6
92119 62800 44756 25745 58349 39570 
23323 5
42417 59896 58876 28831 27125 
2755 7
61505 2671 33304 37292 78314 992 87288 
16845 6
71311 68243 39820 82920 18600 75013 
5204 4
41922 17915 85613 59197 
6681 4
76976 68738 13944 71291 
574 4
42120 38996 21522 18301 
7705 3
69490 12478 89778 
22582 3
15189 36308 13257 
2816 2
94004 53359 
