11
6589 119
68311 15526 69334 61557 74432 27221 86274 33946 31621 83396 49278 61918 84561 38936 78221 78008 22119 57925 43820 38726 21545 56284 99365 85474 14878 4972 44288 87273 3169 64570 2332 2784 45151 72780 77626 14623 104 49098 85532 77686 55201 10568 63688 23856 81049 69140 18560 20767 27413 12558 40893 41792 70256 38818 59557 8021 98371 13464 19174 19030 88537 72678 86466 70628 2748 92736 50937 6389 30424 33924 85890 75221 20705 25372 91597 93005 97760 57914 76410 29155 34646 18379 71449 82741 66087 75226 17328 26078 65117 14966 35604 87810 77790 96817 12695 56468 78055 4351 738 7774 15843 48691 42702 14720 9445 79124 82275 52906 63956 55438 44618 31203 23588 80379 57960 2541 46768 95930 43186 
4191 103
41958 67024 60796 83385 56404 96367 63071 54077 80566 78122 24191 8839 64930 95263 32393 90079 30177 34857 9754 68420 79310 75654 369 6948 70568 64959 34028 93156 20909 83171 80189 44321 93468 85074 78217 51289 35930 5276 67133 39519 64092 78690 43143 90188 98674 82256 1615 83128 69230 71770 44020 92525 33897 12828 72142 15473 83535 36043 62383 55735 10461 343 75936 94592 8337 51005 73516 35780 81548 1154 44998 13235 4055 98318 48297 56630 56760 41658 93608 56026 77374 39267 51483 65707 21365 99536 95911 10353 66793 19864 16455 53879 57699 68142 16432 24741 31877 37377 10801 54590 3232 63575 70216 
4974 80
28103 82396 5942 97093 9213 23378 53472 68435 55423 31361 98597 25335 86356 72039 78761 65813 39669 16499 40140 56998 37264 57870 2811 90234 42739 87565 26136 8266 63547 1817 48019 52616 64708 2111 82262 93439 95234 30332 57735 79844 15634 56861 81614 92082 97527 38746 2353 33882 60199 4046 96923 74640 13019 7945 48060 199 46226 12096 85337 51290 44983 40785 58765 19795 4004 2173 40398 75938 34191 59193 27335 40831 28081 25614 97028 3977 46992 56675 13699 6342 
476 66
81974 91391 38511 49615 7139 59980 75545 50989 54592 15800 54830 25520 87452 51231 69219 57595 32731 60902 75245 31351 71759 15251 91036 23392 29507 16114 14084 64280 90947 93380 94841 74433 74627 16695 51410 37782 89996 78822 48023 33986 3868 67251 40742 83736 80336 74548 20416 16159 76615 62526 16209 2980 53205 95209 28995 38205 24352 75676 95644 4884 14338 7362 82588 68955 28414 13414 
3892 51
73922 19467 21355 39020 40206 43568 27246 93669 93114 86863 17364 45555 87930 14627 55974 8166 63364 571 84260 19874 28482 37737 13614 69097 89336 39122 79087 68105 79652 32429 36113 81461 95971 69535 76370 52751 73709 66554 87352 82386 88570 14832 62600 5539 56485 21172 72014 53367 67474 6761 74690 
3414 43
261 49716 95835 48402 16011 27580 16610 37759 53659 80632 15344 33487 33359 23556 47905 11773 4664 92600 39241 79940 61747 95986 51565 59675 65505 73844 73612 75052 81561 72989 9485 33893 24654 55129 61313 73558 75077 45653 31702 49273 61048 7084 24299 
4085 24
33021 82146 20057 98714 27824 61279 26293 27995 73362 42805 99579 60251 92423 52222 86410 26993 14969 95610 59853 52647 22613 87196 12327 78183 
1949 24
80018 53343 69686 93789 22790 82173 27274 54367 28022 67753 44843 68999 10746 5881 9928 60762 71593 31941 632 2703 12914 90269 54976 51948 
4453 11
74730 5326 64900 62726 82128 54368 2877 37472 45870 87317 51081 
3040 7
81821 75653 35932 19276 76745 49940 60408 
135 5
42610 69671 53487 80024 52649 
