68
6129 10
57059 67864 24638 83386 87261 41196 44439 3713 6529 65863 
9823 10
33993 58381 373 48425 52970 2405 45601 64992 74858 73971 
8573 10
25085 90836 82615 42709 21574 3495 46293 44086 89826 5118 
9310 10
47153 47885 41991 25638 39892 86455 65303 43659 24441 40552 
683 10
57807 25990 51033 30458 3533 68788 44058 37850 23168 86128 
7451 10
14009 92009 40321 33952 26166 65649 45767 14481 70502 82289 
9982 10
81904 26889 20444 69141 17436 37331 76025 86052 11247 44690 
692 10
5149 67185 79432 78660 11749 13961 11713 86986 33830 81778 
6386 10
25723 25894 32779 87633 26398 81952 53289 33234 20528 81185 
7460 10
87997 68543 34223 45273 36064 51938 73394 6233 91261 70459 
9093 10
45901 57981 73695 20012 18024 56426 87592 89087 46166 42754 
4155 10
80437 38862 60542 39855 14496 74654 64720 27932 77951 9507 
9758 10
89331 3045 47258 19545 37811 28725 14274 73058 29941 17708 
5724 10
5705 87441 78415 35066 29743 51541 32949 23279 17077 42503 
678 9
67689 48578 42821 71950 38138 13848 65705 31507 78781 
9527 10
80392 77937 55463 67590 26362 50953 61955 74116 12270 18243 
713 8
21768 57428 88911 57303 42497 76494 47762 38444 
7786 9
42056 12200 12821 38443 71069 34887 54773 5283 30763 
8902 10
49790 68126 43370 70276 22986 53334 61902 36713 52200 52336 
4713 9
21250 59055 8130 21489 74287 29880 31896 2388 8357 
14148 7
73136 1442 66228 19274 50632 75586 54350 
16179 9
83580 34712 79262 55509 56895 28455 79065 748 76216 
3542 10
64886 48074 65214 80716 15865 71075 58986 80700 16049 35946 
15786 9
35492 80440 23853 48975 59172 41744 70684 83213 5843 
251 10
71077 72893 27209 92187 29096 17581 23486 85135 72317 35915 
7034 7
68514 80373 49708 52357 8748 36756 52826 
10894 8
45077 9779 86353 64426 42397 2999 87840 39085 
3178 9
80139 8504 22570 51812 92995 60953 64301 62840 44560 
16985 8
90804 52128 62876 51558 34832 92249 11916 46237 
17325 8
5879 29778 31501 33626 38839 30325 20491 67294 
5921 9
65481 50407 15952 59339 9339 92052 57188 3032 30521 
2247 8
71033 56069 57589 25443 90208 88428 42677 41654 
1271 8
64561 13675 39149 4398 31995 29201 54342 85625 
9932 6
16467 44392 34068 14711 59122 91206 
2006 8
85145 2870 65905 66576 49057 54039 18780 82220 
7076 7
53001 80404 89186 6376 90478 80651 34906 
13446 6
45571 25903 7458 24946 13850 35662 
4107 8
84648 85261 74708 46789 3423 52929 41993 85966 
10203 7
77797 65192 81643 32852 63113 27068 15119 
8622 7
4984 46278 74189 77122 58394 23715 31289 
4316 8
31060 29913 21660 36481 45776 64473 60563 70279 
4341 7
10130 16050 22368 17662 79173 57522 56788 
14989 5
18239 84482 50491 22152 11689 
10565 7
8303 14600 60863 9679 80144 15157 2172 
7580 7
77787 84158 35010 46662 68195 78366 12433 
14343 6
17304 77770 546 65805 93119 39471 
5445 6
35113 70391 6857 87327 31409 36519 
12809 5
66563 3681 63210 26966 17139 
112 5
14943 59407 60881 67233 79401 
7159 6
5919 10587 1642 2872 47536 85389 
288 6
89745 28393 52623 80018 70523 68477 
9609 5
1812 18431 47661 20309 73787 
2934 4
18713 79968 2362 22007 
5563 4
51182 79751 32934 82242 
9645 6
84532 63594 84689 65583 81383 16364 
1252 4
43286 33749 4419 66869 
9756 5
69274 77515 56909 76491 7539 
17713 5
51818 34532 79827 37657 24873 
9361 3
47765 57750 52078 
11212 3
11334 69089 70415 
4793 3
21639 70690 80405 
3243 4
78950 59375 84805 51892 
1063 5
84228 72251 63677 75112 19285 
7950 3
30542 70731 84506 
1004 3
92449 74156 52456 
2837 3
3846 24173 46027 
5224 3
53493 33237 76445 
29 1
37056 
