29
9104 15
41114 71284 24847 42294 54921 56676 57390 34076 87535 85234 87372 28258 40220 42751 69499 
76 16
83612 93598 49744 81179 48992 88674 74715 11191 73146 34537 62108 71512 56807 77735 28108 69981 
7698 15
34608 94264 99040 9785 13439 10318 7547 2013 2879 25363 11802 13422 78980 84716 65455 
2492 16
78052 34140 48411 60753 28481 44707 46094 18190 75231 65356 73532 42908 52181 19925 27513 88576 
1567 15
38862 63445 21559 81692 3824 40671 40140 54354 13918 66810 20456 25212 42791 61826 37276 
9700 12
94614 45327 88173 57667 84000 12707 44153 9471 70828 92273 13680 53699 
2579 15
80335 47172 87973 65280 72884 67108 76024 11041 72056 17817 6888 70976 61290 53765 2711 
3213 14
59729 7155 78788 49299 5750 27638 4101 2523 34479 4371 60208 66128 99330 24192 
2664 15
43570 11141 29633 55587 85185 59578 39273 57412 50452 61571 53646 50153 56218 76815 30738 
11151 10
42648 54376 94127 52854 95567 71044 99856 67389 65679 59741 
6112 11
3597 98002 4596 58583 88715 83292 62060 2316 65554 93978 92789 
730 14
65458 28667 8380 89754 55742 78523 85424 12900 57191 66143 96081 73699 14973 63875 
2781 12
7360 32439 15535 39884 2623 89432 27173 76720 31190 21993 93069 37438 
10452 12
30672 75462 73411 83180 78979 3996 57730 12476 13268 72875 97064 27415 
394 12
32976 97124 90123 1621 66292 90738 37395 83712 81244 76842 49857 10808 
6677 9
22599 62460 92986 20007 12016 28827 12167 46257 64529 
844 10
13404 17123 52469 54754 64165 73632 2434 50262 59437 84224 
2213 9
77676 95375 80332 40386 81344 19561 15123 53429 83310 
11696 8
15056 68153 38306 9464 24319 26593 86652 70884 
2739 10
79257 85855 1273 93174 86967 53720 40312 28926 67637 75766 
4303 9
2404 67315 8734 47123 99375 7193 8451 69554 10424 
6557 6
92008 50793 7083 32894 78986 38440 
3593 6
99688 99592 80431 43973 15892 8919 
101 4
42525 57863 38841 35262 
1640 6
57554 37364 66470 98923 63591 13341 
6558 4
25262 77706 5946 84284 
5255 3
28425 46591 48466 
611 2
67885 25700 
6 1
34661 
