10
3932 207
14657 73885 50425 57916 91413 43043 82744 41772 9552 28884 45249 30158 31698 30574 60397 69925 68386 17450 82948 45672 71885 23519 54965 25828 25745 62280 52426 8569 37171 57543 54910 4510 25236 80677 4887 16624 57639 49337 24132 52932 2207 34232 31488 29862 29643 49081 85081 70929 24759 89844 48394 31290 41318 38320 98748 9117 65796 81772 29225 95484 75437 20220 46020 45336 19383 84504 3284 91638 46885 67042 44697 72965 6626 62617 16345 31458 95006 91392 73387 29321 8855 82824 25083 17029 90110 61975 62522 10854 99332 47306 66035 36982 8324 33605 80165 78169 91886 93727 44156 12440 15715 87985 39237 97317 49155 85925 26969 74582 88630 5275 90616 66757 85939 69676 19421 4827 32115 58111 11915 83167 20005 22754 62332 64481 22312 5589 27057 31500 85671 14487 36623 13645 76070 56476 83778 38031 39697 3802 39710 10467 59951 5108 16603 32689 17444 40546 83600 8991 72360 91826 9096 72436 94702 8064 86849 84427 91367 11011 12544 1306 26992 24061 59123 17093 28185 38588 49661 27508 10827 84388 86512 53427 25282 55262 79852 59815 68507 1487 58243 16745 97146 93388 58770 3952 66253 58434 28439 83337 74390 11841 95443 58250 29583 94994 9702 32865 22729 93295 52670 3838 41398 29427 54017 75699 91004 10959 1841 
3416 162
46247 54802 8070 28250 40727 41009 64508 72467 813 76027 21902 99065 63734 94680 10357 82184 18692 29407 67039 86498 34600 31113 67247 57767 5095 15007 53752 26047 31274 33380 6238 78597 93982 20368 69919 56716 95988 13915 14669 99150 80528 14467 19337 70294 50543 87904 75894 27270 61413 37731 72166 95505 38439 73734 83843 55873 42224 25068 44011 84132 35462 28914 65776 70194 10264 21137 40464 11542 3663 70184 22148 25643 87576 24714 99832 5224 72354 61074 53533 88042 42248 15514 82056 62227 56852 49521 11176 76946 87834 57208 74579 12687 68783 96810 60098 77456 87214 52277 24968 81475 13389 48351 20833 64445 52271 28958 43985 48023 82854 19690 29710 35717 94102 50956 91301 12609 16837 86949 2631 82438 54756 31081 72571 20961 74981 34683 92768 84122 13220 95660 57320 2756 72625 28155 64844 26734 40576 20588 38274 94746 29497 98438 27423 39660 64961 43465 37841 86931 68022 26249 40616 2813 31987 51445 20904 71188 76840 90789 59549 48058 66323 79780 
544 123
26094 82996 70277 56064 79132 72693 50800 8316 18471 49696 138 82821 43529 6807 3521 97469 27207 91639 24176 39039 62297 85416 69686 16621 13513 18278 49911 12183 89033 38550 83944 71331 75517 39440 21024 36960 23802 69505 27871 11361 65828 45713 49907 53298 61649 81335 83764 27489 20344 89236 13782 95881 28414 14399 55071 69748 5486 34964 81786 71294 62219 43971 29146 2953 3981 21159 35952 6194 20491 29358 39885 46962 96792 16196 40984 29271 22950 92588 66700 84633 24273 69472 51866 50151 8185 16306 15288 86612 39177 55133 20362 57491 35953 99465 83874 17349 10696 60625 9405 19852 14471 60390 53264 73659 47827 90713 24150 32907 87709 50316 65668 84252 9656 43744 89300 34431 93400 35634 59762 53663 30716 11423 91471 
4464 79
90249 83039 231 68171 20900 85058 53865 90838 40677 3026 35544 15455 71026 54028 11295 38758 46777 45373 34253 17789 57483 79258 74418 85944 44239 48631 98212 42115 28852 13264 64486 48793 53710 74515 47232 27283 35329 46010 55256 49665 65875 50503 45425 79811 70726 7552 58148 36302 76260 51373 30474 5815 27098 95935 67766 19668 51807 70621 93624 15791 41282 61469 58580 45454 64625 77128 3614 26743 27194 42595 94809 10731 72233 96531 80862 92858 46865 42483 16060 
1465 59
14915 19489 77822 50506 81948 51268 47098 39418 46385 10500 83455 20435 26569 89279 90990 50080 53456 48685 7748 71482 56830 10463 73236 26154 11412 13004 54684 4959 32189 89158 99707 43512 36308 54620 49937 74349 70740 64058 31333 41470 37783 90739 52001 82931 35860 73095 66565 57313 20276 30165 9690 25203 99226 64558 37356 60406 73318 23449 26813 
2863 40
78566 97717 34834 72206 60513 26276 57438 67696 48700 43830 68412 84599 75747 26267 57440 40480 93011 25532 71518 65979 29550 63061 24246 27151 94391 18073 74930 71604 32683 21579 36239 37266 54418 72146 51534 76262 18084 60212 25056 92376 
223 25
24236 48723 11022 39027 33572 55311 96127 57695 67399 74733 42759 91474 86062 63140 13817 46052 15298 3118 20419 59872 39874 23943 18539 66147 24367 
1391 13
74666 56360 31865 72777 86160 24585 27664 70581 29322 95717 20698 67889 61318 
308 10
51852 20409 71256 63864 22066 58498 49228 84844 20593 39357 
0 1
20515 
