12
3506 116
4522 58690 30271 29417 56270 67628 13680 40259 13037 27943 18227 58504 48552 13047 50663 65687 83124 8061 26895 85543 36342 68979 15497 24413 49910 40475 47669 59181 20036 88308 4586 44477 26911 79612 30363 61572 71944 21450 2468 18232 94158 88310 61989 10338 82949 73930 67339 67346 65173 29779 66225 90583 31025 67658 83526 95258 67251 13781 96797 53250 4382 78882 3837 97568 65020 74171 21282 69747 12405 6315 22964 74620 34047 38075 2245 72403 2134 41457 69178 40439 83502 70562 71499 9060 35216 90551 44787 22984 49949 56121 26448 47697 51866 5152 56651 43118 13049 70509 9546 85047 96140 78504 42445 30870 67377 1150 15165 60355 47208 44557 78306 26122 98175 81266 2679 37880 
3117 99
80860 26734 8312 33719 31877 84748 26640 6644 98606 91987 9801 14719 82880 79712 21865 69663 33353 81080 89637 75105 51926 68684 96158 76970 22067 88352 4860 17842 86528 67806 96690 37412 83765 97673 53320 4652 63311 72155 17367 11283 53430 46560 7615 36040 74230 402 90500 77399 71055 98844 91455 47785 86156 39067 74286 67043 60711 63048 85337 65134 95858 85138 73493 34179 56719 33643 70110 83152 15559 61117 13219 68007 54075 84822 67138 29955 72877 80343 45456 77588 3865 60896 8589 84228 40864 24195 3948 82683 9752 22585 13525 75263 26290 75899 65615 64618 76921 84128 45407 
2963 82
99521 93275 97220 95937 3520 52089 3054 44986 97454 48465 56194 21729 90324 69326 49313 52497 11312 30641 8127 21343 42109 77997 17436 82107 24916 76926 86504 94911 27516 12071 40982 82154 96538 71367 61933 53355 57888 77620 65999 57775 68599 50794 64463 11982 520 29801 8690 52046 58797 38068 77435 23472 60229 30098 71155 37361 44092 460 59523 92886 79244 30356 33280 2081 85739 66056 31337 45588 47230 13473 9994 80779 33617 1009 13260 17012 99031 42503 38171 41829 19382 17469 
502 61
62747 63883 51168 97691 15356 71183 44117 44069 91949 31119 64481 15770 80766 11095 99218 51736 59308 7048 39754 75391 4463 33269 56899 44228 49603 8370 87824 52713 38970 8430 50887 87119 31049 72199 7726 35234 84854 43850 1826 39911 15352 560 93643 36529 78566 76352 54256 80274 44036 56930 41576 32627 97790 1561 52957 90153 24345 99579 46172 63984 283 
1185 48
79195 63595 11239 37827 25107 19865 47977 82978 53739 58094 7240 1291 92029 10267 67250 95632 47662 24187 39898 57605 82259 90678 6291 29055 28418 8424 25900 29278 72459 33268 59863 40800 20981 69465 353 15013 360 37666 97316 36850 64861 58580 45349 19655 73199 83734 55170 60632 
1661 37
19027 47894 26240 28554 85822 95229 35014 76213 30547 88537 76535 44596 56174 85037 94702 9186 14299 50327 76100 36604 93676 68119 61469 40772 36145 13434 8266 34266 10045 34391 38934 58619 98061 45235 21273 96470 17038 
3573 23
13673 5998 7970 63875 88593 41809 76337 97035 70372 78418 84374 7332 99113 26858 532 80519 69355 95699 88493 13090 63381 16851 66325 
7781 20
17181 25942 65204 12881 80589 18016 86975 4106 10374 53929 39050 5165 30191 25466 6697 64033 20492 54954 67034 12465 
6920 15
84833 24322 91109 40071 78373 45656 13421 76968 11376 81131 23684 19735 42248 19707 77228 
2886 11
65713 81439 44713 35281 44883 42106 87956 53880 89382 32877 11981 
3599 6
4436 54209 20444 7494 64210 97929 
7 1
62190 
