205
4681 132
41915 20421 28180 99140 37064 38527 63848 24054 55357 18515 73699 78771 78186 45014 43216 12595 22850 79467 60553 19683 56554 40036 95595 94679 6461 53264 13756 31198 36519 29584 70501 47025 57751 19500 70861 84106 16932 54484 52868 82072 49233 16604 79671 13163 7540 15457 63775 38929 50914 20105 18054 37704 15501 23016 12294 47202 80495 68709 46639 63449 95171 11339 47561 70713 95381 99023 52290 46282 2387 23840 87316 1636 77629 13431 22914 63229 43055 53803 14039 58004 21270 78398 97467 30854 63288 7510 79445 9969 3718 20873 44672 10249 77854 66795 20325 62779 89330 47040 56266 68372 83743 82074 46981 91904 62129 64467 28511 9431 18543 52142 64191 72928 74776 95766 84790 49666 57512 6248 95761 13135 5741 31807 15629 12257 88324 57671 9990 99128 33538 48080 12552 48741 
1312 4
1207 14886 69419 87013 
6018 4
32109 97030 76375 14482 
6860 4
98400 21824 962 41346 
3731 4
29768 23934 18746 23013 
5633 4
39217 2686 12328 45287 
2066 4
31387 20617 89114 92929 
2489 4
27415 62987 3372 20783 
4232 4
28637 54149 15687 48637 
969 4
28621 21152 83483 90182 
3173 4
96813 68597 36573 36790 
6442 4
17628 66459 24333 18015 
1168 4
26925 51820 27732 29725 
6494 4
8767 81238 69214 13584 
6260 4
912 69157 32352 77676 
6154 4
42777 77759 24845 50328 
6272 4
65030 52922 66896 62905 
818 4
70112 93818 62972 14607 
629 4
58024 33186 15903 59501 
3297 4
76859 25789 20489 81126 
916 4
60384 17655 87139 32338 
236 4
67892 93496 25273 79762 
6640 4
9616 7130 20542 79125 
4828 4
81020 25909 9436 76097 
6861 4
39985 80884 47845 22229 
3851 4
29071 93177 92113 74040 
3783 4
23848 68526 10235 94185 
6474 4
37681 18070 43926 10844 
3574 4
42827 17491 67387 44050 
1231 4
89941 81187 77105 9337 
1011 4
11912 14395 7777 28143 
3677 4
13472 53860 23068 94296 
6350 4
10665 50132 80509 8108 
4927 4
58290 51832 64123 59616 
6741 4
12088 64008 24049 81522 
2886 4
24953 81634 43108 34120 
533 4
85148 81989 11881 33185 
2569 4
39001 29898 11162 89479 
6831 4
93650 56199 97255 81683 
5157 4
73373 69907 37115 49464 
1997 4
9393 2085 26571 32033 
770 4
49283 85486 29527 7134 
1111 4
60331 60511 16297 61445 
5662 4
54705 55363 46996 44334 
106 4
62154 85336 33373 38943 
6687 4
19162 97484 21597 93782 
283 4
55928 29167 51358 56145 
4699 4
75260 51308 98929 59152 
5764 4
32834 2465 96427 44318 
2768 4
94305 25295 81358 49483 
6487 4
49708 19999 46603 93097 
6799 4
88610 32397 95903 28186 
2682 4
9165 25435 38188 2009 
4572 4
46043 20163 18731 49546 
5235 4
68587 77624 82565 1761 
4121 4
2914 20665 10773 81350 
2092 4
66469 53553 13673 54316 
2742 4
36139 30837 17719 8919 
5400 4
9049 32006 3723 94050 
5937 4
4118 72595 69733 20868 
1025 4
15836 6073 61803 38553 
3628 4
31742 58570 44572 53073 
287 4
19884 55887 86146 24827 
2208 4
88742 8748 78501 65712 
6782 4
55753 56970 81094 52506 
1912 4
82910 9898 33367 62013 
511 4
69676 56438 86950 45563 
6524 4
22382 84458 82592 48697 
1584 4
11007 31507 57477 76444 
5554 4
37723 51767 34223 2464 
6937 4
1168 70495 33572 35911 
3243 4
76276 76809 5995 91749 
6312 4
63216 51039 26524 44458 
404 4
5838 99947 81010 97677 
171 4
58785 91720 28179 17071 
3121 4
64383 670 96401 80105 
4323 4
81293 59373 68248 65467 
1014 4
75137 54320 6195 94151 
1296 4
18019 97414 70808 58723 
4510 4
97144 45791 75663 37836 
6777 4
48952 13426 87905 11008 
2050 4
13177 31781 70035 57446 
3577 4
30942 36057 73077 66128 
5747 4
1467 24004 94931 647 
1956 4
26840 53632 37162 17921 
3210 4
84093 25286 78738 56360 
963 4
53882 41152 62189 74309 
109 4
99257 32648 41607 91351 
2749 4
81874 65905 10102 59366 
6571 4
95831 11475 85232 57930 
5875 4
70363 58405 77956 91733 
3951 4
33593 6268 80652 54863 
1996 4
80287 11990 64766 77546 
4861 4
31995 25247 25834 56077 
5262 4
84375 56769 15866 31855 
6663 4
66735 5766 50728 98143 
5739 4
64138 4281 36857 82272 
2751 4
18270 19204 96201 74967 
6446 4
85130 316 3362 29370 
4437 4
78569 80978 70183 19992 
3223 4
18368 29707 30701 51413 
5341 4
42781 48413 63015 12403 
7391 3
77536 62920 18293 
3589 4
13081 52525 54890 39376 
3728 4
45465 26314 56376 17697 
5702 4
83897 20451 52510 76323 
3400 4
37186 2955 43282 4182 
5877 4
22423 19631 87284 88953 
2746 4
54554 24695 21585 2177 
3603 4
26647 13860 67350 22741 
286 4
33369 32407 519 77246 
725 4
42193 32470 55602 33412 
4128 4
69630 60958 16709 27636 
4112 4
41614 40883 10469 15783 
2784 4
45644 89515 2759 46793 
512 4
64382 82726 73075 40205 
76 4
28858 97536 14431 20828 
1044 4
53878 82832 77041 19027 
1141 4
21485 89044 20812 18047 
4754 4
49219 17211 18050 9678 
2893 4
55540 45185 20388 28848 
6139 4
36281 86187 5934 65676 
2229 4
11896 40676 81221 63192 
238 4
84955 81292 27860 69660 
6873 4
99210 11011 52886 47405 
3450 4
81807 42275 44864 54321 
5252 4
35363 50856 55717 95750 
42 4
79809 92154 12198 9367 
2059 4
4559 65060 86789 86489 
4383 4
95401 3951 52109 49854 
30 4
70569 2958 64963 98368 
2817 4
29466 34392 11513 91327 
6800 4
20726 847 70680 8545 
886 4
77484 92429 42266 9803 
1676 4
4273 41979 68533 90263 
2718 4
30997 39269 60641 44205 
270 4
2713 43797 3907 33723 
449 4
17796 70272 86655 7354 
4001 4
80697 62103 26748 7061 
6276 4
44145 84753 51252 38908 
388 4
70955 95209 42269 52830 
1955 4
96674 82757 13895 950 
3444 4
61176 98504 16224 18133 
6236 4
18896 50651 68356 32757 
3087 4
35579 14885 60195 77842 
3660 4
12468 42361 19682 71505 
5822 4
22856 17120 36761 18924 
3265 4
7297 73263 14523 57775 
1144 4
78170 23596 47332 37050 
1455 4
29153 93418 19673 55921 
1659 4
25693 99285 48094 93017 
3224 4
62356 14629 86758 90345 
2257 4
9177 23882 45732 79022 
1331 4
31988 42305 38985 4772 
1675 4
63518 57088 57371 39391 
6947 4
96198 58188 22957 60932 
862 4
3176 16632 85904 89866 
5776 4
16418 89211 68515 43536 
6823 4
10533 7926 70181 49432 
1627 4
7343 1956 39858 27876 
4897 4
78373 18885 35488 60099 
1917 4
92709 45273 86111 46534 
2273 4
40421 54737 96038 89133 
4692 4
9315 84030 67203 29114 
4606 4
68397 51703 91173 23378 
6301 4
63471 60285 7602 15945 
490 4
79907 67118 8190 99757 
5815 4
8930 51626 80711 62619 
1952 4
68142 19840 25574 9064 
4008 4
88257 35342 84825 67689 
6288 4
12816 38856 33245 41519 
3449 4
1704 90744 79831 47719 
1691 4
20892 778 12275 3510 
2176 4
73160 45106 47567 57364 
2463 4
51744 45874 8055 73736 
2963 4
79645 58435 6832 87510 
2026 4
72496 27384 79999 16197 
5939 4
98851 39053 97374 23108 
5307 4
50210 25559 93363 2725 
6822 4
52362 43141 36423 28420 
2969 4
99216 69187 79923 96495 
5589 4
54583 94393 26852 3915 
5818 4
89147 93270 91569 17331 
1582 4
23996 20782 71433 60300 
3963 4
43701 29317 37194 53794 
3269 4
28610 2610 36762 37858 
4946 4
8484 15831 40343 96654 
6392 4
84100 59187 72495 49490 
2455 4
69399 28331 65506 99450 
3757 4
69635 49777 38615 31933 
4272 4
32229 34257 19807 98783 
5751 4
82241 64168 50654 61740 
1649 4
69056 86257 95224 967 
5297 4
37068 10523 8270 62355 
483 4
11421 95673 55084 28819 
7579 3
36099 22313 74555 
7578 3
18603 24629 76265 
7577 3
84758 41701 86022 
7576 3
60039 25911 7837 
7575 3
33160 64216 11455 
7574 3
84272 41220 81515 
7573 3
91348 16176 40704 
7572 3
9264 32457 17404 
7571 3
68335 1364 12980 
7570 2
83237 35302 
