40
1075 17
51512 38656 86258 34081 43072 55787 87863 3785 97689 61518 99497 9522 23211 76035 25146 66825 21383 
305 16
50410 92420 20647 41302 2319 82402 129 87387 77699 65617 47766 63855 23946 96098 63521 17496 
1227 17
66820 18306 5806 78870 24420 71625 72226 18409 15327 19126 71123 73643 4455 75922 63622 45709 24481 
4985 15
63694 71594 19915 24208 32491 34762 49646 12128 95361 42800 35905 84697 54793 3837 91237 
4082 16
18009 75651 68775 71611 78784 59313 4018 86833 4593 22443 4812 6812 97974 32272 28594 28026 
3961 16
60750 23032 72621 87582 38637 71648 80605 78839 49044 34341 82213 29277 82365 36520 69270 34626 
722 15
79708 59372 70046 3221 16409 61634 32379 21154 17516 51175 80781 75444 9562 87902 47264 
672 15
7827 55474 93020 44323 90345 50056 40433 77052 81016 988 82200 51273 34427 45433 60904 
1631 16
19238 26564 84308 72684 15978 58456 7734 42569 21199 11789 63616 60386 80701 14211 77537 2568 
6742 13
97397 83709 80273 63005 98095 13303 69724 19536 56110 56975 95893 55354 17634 
1268 15
63113 36957 5138 82419 77141 20242 52623 36676 80356 86636 14676 37486 16532 6094 8083 
2164 12
92337 60598 28461 21989 62039 20671 57943 54357 2731 78027 21151 24111 
3545 12
3806 39855 98382 29113 96744 80577 93510 62063 63374 61044 41529 43835 
1363 14
4825 71651 42891 68543 11505 67696 47485 48039 16931 29367 37452 8523 43494 45572 
6448 14
79813 65929 67249 5328 65705 72483 37605 49214 27884 81944 47287 74937 22294 53407 
4879 13
59852 7900 67551 26637 84063 95900 82130 40364 16980 31738 4834 7909 9389 
6533 13
5869 32414 73338 19040 29150 30039 43042 40470 31029 51775 1250 2763 34855 
4686 12
71888 20612 46358 15836 60735 74097 86323 22508 79965 75241 60713 94861 
6690 13
66013 22594 43520 54979 59252 22871 13775 67258 78780 83536 32001 50602 90848 
954 12
59241 15413 85683 29614 52965 39747 27694 39935 92802 62783 1227 32933 
4412 11
55218 85656 3741 54854 46432 22889 71400 84828 84356 5544 88431 
4602 11
98465 72872 92540 34166 56915 74761 27359 14124 95051 66634 17357 
6632 7
75025 92718 42093 53862 41597 57430 50821 
6779 10
54734 11701 16636 8911 22464 69950 94595 80462 3060 34252 
947 10
79320 29318 61536 83495 99997 26043 88717 45501 49569 50836 
1817 7
49329 79041 86438 231 28361 79191 97004 
5487 9
45530 50886 27003 45048 35743 59630 71827 44060 43653 
760 7
50043 67190 60840 60849 9552 73292 598 
1830 6
68155 9283 16667 13811 47886 64356 
6546 6
7854 6176 83832 22437 37095 74505 
1176 6
58347 36958 52467 3451 71587 56332 
1612 7
72587 7670 83172 72481 53244 22170 58317 
5005 6
58271 85322 87210 81731 15319 6428 
5880 4
9769 53463 71230 18551 
4765 4
25109 71169 69160 45378 
3722 5
32320 75912 30279 34755 3280 
1092 5
96498 48992 20702 3512 75279 
4694 4
15972 30982 31423 13305 
4566 4
65652 87834 60981 39776 
520 2
75649 6032 
