50
1141 14
39953 94168 21668 71228 38111 63874 46003 3666 5473 55534 46999 24302 79007 34595 
1081 14
56216 30136 23258 42572 90374 26414 67288 94536 37397 5112 51016 68436 77347 58835 
21889 13
35737 31315 49086 88173 31862 26584 55917 47185 74099 23617 7607 79207 2384 
34 14
23336 43937 87693 83363 95421 5133 31502 32734 47298 92023 26945 41183 46117 2199 
9919 13
3752 2842 57915 53315 68040 29402 22154 27967 52328 85318 68568 54969 44690 
15008 13
46315 82318 93772 7422 28856 3893 72920 49814 47972 61315 60348 61158 66282 
5150 13
16893 50247 84497 39662 49102 88561 28521 54894 94345 64356 52642 70244 41135 
626 14
10734 90437 7090 40225 43192 64999 24687 10629 35721 27184 2978 62849 50139 78152 
1085 13
72859 51485 38246 73898 80197 70758 52112 73902 22431 95871 9536 87017 69157 
62 14
78657 84634 81811 49074 19450 66304 30018 33691 56939 51289 83904 11816 8418 24185 
6454 13
71381 56709 9591 59867 75562 15127 86775 29471 69303 55095 64780 57375 31169 
18779 13
94479 31957 79663 43179 3013 20903 39710 26751 68988 31852 26873 91743 41572 
16924 13
37015 77936 86394 92542 57684 83915 78278 11578 48539 74628 85047 87120 66633 
39 13
71166 38097 67711 66077 36770 40693 81248 16031 49878 45853 70467 53117 123 
55 13
81217 46371 19443 31196 37618 78318 47494 79198 11174 61571 43169 56908 4012 
5028 12
76676 14197 6189 62868 21275 83127 60998 70523 88527 91223 70463 15935 
15907 12
58944 56360 12329 51815 14259 94633 4090 34641 42297 43813 11991 70378 
16203 13
70503 21341 43752 47915 59827 13137 87327 59495 49070 14263 81107 45817 42194 
6851 12
61950 33358 67221 20443 17861 39035 425 26887 44263 39352 55559 61457 
3 13
69441 9279 43273 70626 80605 3530 7975 88395 7448 95724 40150 1902 20020 
1720 11
24891 79180 84651 58223 45329 79690 49522 60087 54029 1413 73610 
812 14
37418 29481 57964 70130 38832 26774 55610 55505 62071 8236 22819 19750 22077 39175 
9882 10
53276 75784 38363 993 5110 30662 64620 179 5673 68347 
20085 11
13392 34756 56929 65648 49652 62053 10226 58813 80404 29224 89635 
17953 10
91232 71105 1784 59653 28599 44210 45134 56993 29930 20035 
21097 9
26301 90263 37518 2394 88900 94656 85726 86656 30742 
13720 10
63226 14940 91861 87004 36053 87230 13813 23620 42333 30711 
2297 10
51268 63292 62716 70991 5367 55683 34586 13530 64439 43869 
19130 10
25022 11007 17992 40617 39267 77559 2819 94470 13207 29343 
1206 10
73396 29980 34952 15862 6435 48757 46205 26889 33733 57275 
6152 9
9371 45090 74492 21498 34814 1417 43920 41080 40972 
11220 8
90173 38638 31608 96427 55461 78161 56623 69801 
14759 8
54036 44878 20857 58427 58056 72476 34550 38806 
14234 8
44389 72696 21280 8507 88858 33429 48296 1047 
2423 8
73580 13378 9464 32064 85671 81462 77344 67824 
8005 8
32975 5439 71763 6456 90989 41166 86526 14478 
3914 6
42055 76517 8915 53591 34831 3946 
13854 7
15117 48770 36302 5450 94310 11470 50900 
6301 6
75618 72783 68862 61520 59748 68784 
10687 6
33882 85338 84989 82150 60702 70473 
11924 6
51896 45822 4758 11995 46387 13370 
7658 5
12738 74104 83347 42929 91146 
8883 5
44430 4925 69997 45267 80470 
6840 5
13360 43338 64282 30003 74639 
18599 4
15017 31104 20805 82310 
9251 5
22856 16524 58891 67486 1892 
11337 4
10051 31354 588 59010 
16416 3
74171 40484 88522 
9859 3
12162 31278 8734 
2537 2
25373 95076 
