63
6147 10
37928 34541 25977 75462 57 67012 35991 38814 74571 68137 
2309 11
42229 2648 26638 5402 64450 77388 81886 54417 44520 50863 17877 
1797 11
64973 20016 81173 43215 40501 9555 33918 24245 42940 69829 50683 
290 11
82556 55160 73002 82325 60835 3664 67892 22664 39568 79315 19663 
9430 10
47577 48525 47675 1921 52369 32024 68197 48921 30753 51414 
2031 11
25315 35137 78247 21873 22770 50980 3246 4270 40163 50171 4174 
5706 10
7800 34190 53822 39938 35630 29554 65327 66923 29026 9767 
109 11
49587 56861 84184 8435 10044 20924 71861 28011 56487 39650 81489 
1528 11
55843 46309 46373 54894 32340 34539 36876 45342 78725 81380 45220 
2785 11
74835 84418 56092 77022 31041 78555 33024 73138 5037 37526 52959 
243 11
55001 32805 27672 53574 38087 42590 56799 83566 54949 72523 77319 
1106 11
51252 40331 52344 27886 12274 39369 9713 38350 21405 34779 67594 
13659 10
82674 71546 71438 77784 57562 71225 31240 25552 67877 36454 
2046 10
50438 81443 2715 60444 35057 27811 15985 11067 46454 54823 
581 11
8721 58572 51391 38871 52901 80943 25834 70404 61052 30292 19849 
10842 10
46218 62270 18462 80982 75540 25624 32004 26850 27890 48276 
5641 9
6188 75705 63276 2525 52502 52864 67024 53730 16695 
428 10
15549 59297 72949 58689 73084 366 42543 83833 26382 7764 
2882 11
40603 80266 41919 46473 7415 62164 1868 76423 82264 74784 4963 
779 10
55182 41084 37779 50528 20464 7862 58637 84856 8217 3689 
3348 10
31848 18176 80337 73979 15050 25549 29318 47352 77722 63341 
14159 10
82764 60713 15592 68908 30551 31949 65490 37402 72185 74654 
1335 10
18514 427 57393 76969 83655 81177 40074 70690 32928 54841 
1912 9
10282 74967 12718 38183 26736 44641 27465 81238 78330 
6947 10
40301 45366 52994 25862 27980 42638 75653 9222 16550 50071 
16575 9
40978 75639 79335 30323 39907 25711 24448 61043 43890 
15741 9
72264 43642 1291 81333 24393 39165 12892 82212 22049 
18350 9
61329 32780 56556 5966 77661 49896 69435 54407 65376 
3760 8
23533 62398 38023 40662 46108 68981 29524 26422 
10528 9
13631 16417 18334 71817 65161 28642 763 6688 41367 
16972 9
80053 83207 52343 52058 82830 78474 46021 57473 58510 
11948 9
36231 75651 79412 65676 33379 34632 24819 78209 84346 
18482 8
40692 6378 39563 80191 83756 16397 42911 38115 
471 8
19368 25559 55796 5907 2811 45030 30917 84776 
2283 9
61304 56492 10843 76807 67537 37999 11045 11540 11211 
4680 7
23304 22595 77357 81257 58137 79283 25092 
13851 7
55274 23101 59460 23627 62279 7981 19833 
9899 7
57475 68808 57482 9110 33113 73568 53398 
13108 7
10997 58132 84621 69889 74094 68801 9296 
1144 7
74523 29835 1905 25341 16999 61849 50641 
3628 7
67280 55458 996 854 5158 68442 84969 
1793 8
78805 39886 830 15763 6122 73639 37689 46916 
9569 7
3059 25366 16828 50852 67714 46706 35156 
4582 6
17075 4805 36120 24341 34614 15921 
1244 7
36900 4408 20760 50063 60993 57751 26840 
4831 6
57710 82768 65115 28408 27797 52646 
5125 5
8175 24676 74646 2969 37650 
2675 4
67379 8810 52202 63929 
11282 5
2663 63125 64405 22778 56825 
9767 6
55988 601 77619 60848 59716 7323 
9905 6
625 790 30332 61278 8232 77580 
15784 5
59850 56359 48181 53065 56734 
16157 4
43242 21476 43617 71368 
613 5
52396 63289 26592 67645 82532 
3045 5
48666 18353 41137 29703 66380 
16256 5
55965 8482 80087 67310 8563 
10893 3
26617 64184 61167 
4861 3
18822 11760 8881 
5014 4
48866 15361 41868 29583 
8353 3
36745 53660 18691 
8529 3
57208 68549 62196 
1868 3
53177 80914 52434 
26 2
16051 48165 
