35
4927 9
53119 3912 62236 8550 44835 67542 63312 53963 46636 
881 9
72265 24436 59228 59031 15119 71064 60824 18990 35562 
5002 9
14149 38892 7066 75482 58224 3834 56129 14662 41012 
2973 9
68081 24906 5370 77125 63904 46189 26636 42170 63963 
3583 9
60086 57836 41247 70204 13189 20775 61233 17906 13491 
1033 9
62548 6743 2731 26538 62957 38046 13842 24648 56592 
1137 9
67021 28534 11242 3095 61045 11012 14299 58451 32166 
2671 9
22395 51643 40688 8095 10036 17344 10660 13338 20512 
9277 8
3060 75933 28140 39846 38568 40783 54520 17984 
7336 9
73795 17208 9940 32595 64729 30949 40884 65306 26248 
1158 9
45284 37181 32388 31073 20995 21335 5504 73822 49347 
3596 9
45880 51191 72675 71737 54317 75740 48436 7280 57408 
3585 9
10599 32068 30712 44438 16769 24024 64581 7983 30402 
503 9
74583 67582 14639 44494 30390 16485 24499 33095 58280 
6476 9
51948 75850 38944 65580 39430 72042 8462 48547 76345 
7455 8
14182 39480 40969 49804 34119 35699 4581 38725 
7284 8
66901 18476 58840 57190 10668 33783 72317 15458 
6437 8
5146 13982 65905 16159 58506 9383 73848 33439 
5569 8
136 25481 60097 67239 46098 47968 47724 35392 
7684 8
22221 70078 52675 72566 5223 71598 3056 63344 
1100 6
26651 49686 53995 51067 67826 37860 
8345 6
45697 45326 15744 73815 62227 12093 
1840 6
26315 4570 19907 10418 75062 1695 
4314 6
37220 58199 66558 57023 77009 34594 
9903 5
4107 59448 27081 24786 71020 
3759 6
48880 67992 19932 73077 31231 53191 
6870 5
683 33296 59451 48930 2202 
6056 4
17011 14486 10117 74155 
1436 3
23246 43008 58513 
3133 3
44370 38690 10822 
3651 3
1917 59650 13968 
3036 3
23334 23855 3836 
5726 3
38670 725 20692 
3361 3
52347 59876 44765 
7 1
31006 
