36
3296 11
53542 16698 61665 28847 1607 45453 50728 14260 56585 42070 56476 
6140 11
43389 23855 29051 27140 56817 4550 25304 5505 21150 14776 49464 
401 11
55425 43173 7789 17973 16214 59269 60240 40652 52472 125 46651 
198 11
45260 58353 55438 4626 28815 61390 127 58660 57349 60000 38749 
7646 9
62157 27537 54472 34468 12364 57210 27629 53521 29668 
8912 10
48032 34479 41249 20611 34710 61241 46297 38815 37077 1738 
5968 9
43946 50010 7376 38243 35138 14343 44084 13578 32424 
8645 9
4063 37560 1907 18697 20337 12964 38101 39502 49789 
381 10
40240 46552 27759 10756 36825 59040 58188 45416 60152 42662 
3252 11
9740 52128 2676 45087 34061 9484 21973 15790 5577 28828 1785 
3144 11
24397 28123 17122 27318 6644 247 32473 48898 25712 55887 1017 
3740 10
23750 17798 41108 51027 28996 57481 1097 42457 22663 40591 
5931 10
45378 20867 12579 55743 3734 26034 24953 55351 49723 49991 
9859 9
53209 23416 25714 50012 17478 7224 6105 24310 6483 
3754 10
47102 12768 61232 20761 60538 46321 20452 28534 37960 27605 
7468 10
22669 30331 20350 2382 13679 45631 6929 40188 9459 9276 
5481 8
35111 39226 54313 41979 37215 55230 44574 14919 
2757 8
17143 60729 3105 3749 59983 9050 28612 24636 
395 9
18648 52625 12346 10621 26529 3791 27548 21419 25009 
895 8
20873 25028 45827 40730 52246 51913 39103 51589 
2072 10
8786 57537 13223 55641 45498 30629 2997 32773 61603 41232 
8740 8
23662 42695 26496 33712 49026 60287 44367 53362 
5522 8
27495 22480 4160 554 60931 10577 42094 52174 
2239 6
22985 59226 31003 59512 17873 11275 
5072 8
52298 17934 32785 34769 33054 9605 30995 52400 
1862 6
9649 49112 20828 55353 40140 40112 
4933 7
12906 22470 42923 25806 42370 9397 46158 
7640 5
28036 55377 32258 60843 31944 
7865 4
42646 56082 11143 36212 
10003 7
54080 24613 9678 5588 30924 13363 59017 
1317 4
14072 15145 58448 15228 
2943 4
45371 32510 17005 27004 
277 4
833 58131 32016 35649 
1180 3
33437 4192 18006 
4364 3
53001 23817 36395 
8909 3
33249 22711 53552 
