37
1670 13
31661 17323 42118 3019 64159 20666 52481 53283 50657 35408 14382 63699 27210 
2460 13
60307 7845 41499 46141 11019 50623 59611 75218 23470 26778 29126 66248 43559 
2687 13
41605 45304 27206 21149 31030 52723 55140 2096 13757 34000 70384 51972 15758 
3862 13
56795 41939 66773 22436 27283 41806 50469 40744 20906 6856 61276 43964 11991 
1489 12
37384 70550 6921 35965 54346 70598 44447 10869 16879 29087 39105 10309 
4536 11
59445 10550 8505 11375 44871 71460 26832 62107 39755 23283 29341 
678 13
36275 8380 3415 44490 19290 43739 10651 27635 56297 5781 46996 27080 31100 
218 13
16923 48083 56032 70834 24522 2772 56533 12614 40800 33275 70734 38882 12633 
6834 12
37265 36653 26489 72253 13730 40997 17565 6802 33817 18937 37032 63291 
4454 12
2990 8071 52633 57945 33252 4645 42526 35806 61626 10943 74701 26169 
2334 11
64658 51225 50107 73551 44657 36796 38541 41787 12050 10182 31105 
2180 11
25443 44302 6487 56825 66572 17640 64158 59118 1491 24442 69536 
507 10
53021 69713 18661 49264 22240 23338 15040 20411 26821 20592 
5101 11
35458 56134 71330 33931 67296 66499 1676 19984 65697 21989 68486 
3735 9
23084 10857 71846 71861 10727 6578 43494 22294 37400 
7321 10
30767 10805 29136 17906 8460 15469 22607 75182 36801 45518 
8219 9
74890 23064 53187 13266 20895 21854 42209 3827 702 
4982 10
27890 37110 24167 39851 37950 52892 69624 24112 20294 70940 
5401 9
69020 908 45620 22115 387 70763 8295 11320 865 
9807 9
34505 39478 70784 50000 274 43839 70220 12923 24363 
4715 8
24472 60291 50634 4908 62171 59828 35507 71629 
40 8
66298 63215 32654 32360 46703 49910 37708 10905 
3592 8
64167 8585 61465 35871 69734 31024 1831 53738 
3544 7
13311 72756 23336 29035 38555 8176 71127 
7197 9
31632 42202 51822 7041 51503 66826 72673 56862 63975 
3420 5
45397 23206 64842 64042 5199 
4564 8
15514 2710 20407 64779 38762 46764 65916 26325 
4711 7
57091 57783 14421 43333 16955 14066 28177 
768 5
59907 45489 59549 41648 43909 
2053 3
45278 74580 52718 
1124 4
3815 67470 6149 70342 
4572 5
52890 42310 50042 59150 59120 
109 4
52697 27447 31833 71207 
978 4
43329 30955 28724 11562 
22 4
15161 73411 19211 1882 
7841 3
67075 7790 15085 
7 2
35338 48523 
