12
5682 146
60562 98482 56572 66278 5277 33638 91846 76387 39459 92339 92350 66103 12460 8853 40355 92467 83176 2861 60876 91740 97774 38938 66919 919 157 150 34384 4635 95076 86975 34316 33333 46751 64 42620 19041 50589 28584 1106 40274 71976 84515 81971 48 14420 98681 89715 21805 89427 79969 64202 51656 75165 89452 94295 80281 69761 26022 63104 47450 90697 62226 98032 34144 76695 26182 17439 52124 21605 50663 80955 69612 50404 29406 42171 82771 88478 8511 96042 99094 36782 97367 92408 2120 4495 36913 41146 75854 38974 89454 79020 3748 89358 71425 5546 2801 86930 33124 76313 85023 94626 48442 16425 69450 75656 41909 19349 16494 44927 40249 91927 23505 1282 22828 38562 50299 72801 38628 41076 77873 67341 20630 96433 19315 7966 26456 99470 82437 10053 36368 63360 65327 94779 17265 21919 48312 70182 25084 6696 86874 83194 35368 53544 29592 19690 92216 
4713 127
21598 14963 63860 63494 26264 20016 79891 9877 44941 19335 15084 49097 68292 27790 30936 77491 99520 63892 22443 32874 69929 57931 65008 77414 92705 63515 50262 16367 85920 99285 78348 82931 67515 98916 57105 39327 60534 48619 54437 97268 98046 43216 70450 497 88039 18331 95193 58644 29457 16669 522 9946 49634 61121 45959 39978 66477 41334 65693 7455 8626 9447 80161 86485 29547 18148 43838 92107 96768 46895 41485 47351 50206 56036 88499 56211 70152 33004 47111 26955 77520 9661 92244 14808 33204 11546 18985 64199 21006 57457 83685 36752 7674 29314 83817 95508 74787 93394 95428 12226 43716 7397 48392 25244 19635 24949 32751 77632 7789 71561 16468 81873 81891 36042 73833 83179 92830 91815 86916 95798 3614 9352 1363 17233 38434 85065 87712 
1486 109
33014 24286 99738 34965 33241 53936 96627 46827 94252 57606 15313 68405 81634 77265 37283 41290 11197 70625 78594 68111 18524 35493 72418 17283 76525 63063 11305 66715 8336 49510 27982 28368 44765 57371 95578 24354 85436 75400 20438 66732 46902 7658 4699 86591 19033 48417 43183 57425 15294 60318 79794 63040 15954 46242 72102 223 30034 2359 67170 65427 65151 66734 97244 10842 39900 15925 12157 1714 58402 1451 10566 21359 17601 93126 39404 40642 31574 78810 97435 5597 59488 64956 73258 16561 47256 81681 43846 34314 27254 40538 33593 85222 53572 98449 19238 63060 38268 53473 88577 40529 54196 19737 28418 4933 45190 19609 36708 79733 11213 
536 81
61439 20923 69973 90300 1127 70478 59943 47032 41915 80139 39146 30467 73214 4078 38413 22039 41820 18876 32995 1258 7099 52873 31753 91125 43070 99623 89508 13522 1396 31604 49119 12722 19981 69074 87213 81723 36573 38958 93396 72658 15549 43816 22258 98200 42732 38030 89743 38110 66758 24362 51994 50562 14845 1004 85952 47354 91699 69071 54875 83853 68309 17413 82889 40763 61335 48334 43851 30616 23471 87573 96593 68681 44731 30568 77716 12919 60911 65325 52397 3122 75262 
338 66
35375 18577 64457 60765 97358 59467 60879 26434 83181 80683 48232 45253 95807 3796 75345 7278 94636 71373 4347 60195 97728 86580 96748 12633 93728 51345 44529 92254 62549 24625 42763 82988 35379 33185 10064 60600 48617 958 57715 79606 49082 76245 26507 93565 98024 31549 333 41917 18107 80770 69854 85418 7786 39698 27780 78140 43364 18736 25444 72445 6470 61354 17572 80431 55383 59514 
283 49
40995 5109 46655 19794 67855 17681 46774 69475 94168 48059 90684 30044 98257 53399 35291 53960 92027 94283 96780 75541 13061 67331 62039 41703 65701 4639 7687 47433 52385 37209 32844 81126 94235 13806 28941 86256 83073 97825 8675 93819 40794 12323 64751 47001 1615 12860 22961 54905 886 
6549 40
45071 60821 49916 86393 81003 98190 76899 78129 47662 94947 7218 36476 32884 73481 66601 869 90827 78519 93635 35362 9856 85528 16020 34139 87063 3981 19410 11013 72381 1249 21676 39741 72787 64901 24194 2508 77881 93377 39795 25536 
2282 30
16274 12269 52534 33243 76595 56332 89812 53890 11088 10624 89503 21572 2475 28424 42921 318 9543 90607 35922 12436 411 75490 57963 24079 34860 70171 42166 95520 46211 43727 
4991 22
34531 42754 5496 2525 22347 98181 51745 77301 24308 81469 75106 6481 32785 98185 40824 75330 15489 9055 68258 69433 80704 81884 
6262 14
32936 68334 4860 24565 26123 39113 10716 91195 725 24772 66190 87358 70006 89975 
722 11
78533 18074 67645 92925 52963 28858 18773 35701 45619 29631 32694 
997 5
64828 49852 56568 97409 64591 
