10
3812 132
52001 79410 71623 98383 57200 65690 89761 84904 86517 68233 49062 19286 89073 23990 93533 60873 88481 49162 50802 52535 50942 26523 94606 87728 22678 67173 3250 69012 65884 17108 52116 4720 7666 30572 67838 94157 72670 84660 66733 78504 53971 49683 21431 45158 13391 59779 24604 69969 18190 71805 5927 60128 29725 1053 49140 47210 92825 83516 72300 34046 51721 28400 80706 43651 26832 86790 57448 78180 26467 31984 67883 48464 60844 46934 29162 8995 31955 46916 61698 38170 93942 90891 69604 42570 66002 33603 35264 62281 95203 5367 58804 93760 42158 64921 18550 20286 72179 86257 84750 54724 21373 1980 68916 54381 38594 69622 71440 24432 5190 64462 80000 24750 45717 72550 65088 11060 34364 17668 55 18395 63547 83427 27494 85289 94019 62074 46140 51895 11200 53218 59530 91585 
1077 109
66269 93106 13950 67583 38191 96184 2933 21590 82432 65440 56329 57472 43738 36849 26603 24860 53932 87235 38916 72805 5638 91482 14178 94909 55832 61831 19780 98963 37824 95737 35243 31906 77475 35222 4751 7586 75561 89479 47612 86601 74144 59354 47713 61348 42631 79779 15226 46693 30570 10882 15673 4164 49951 47193 83843 79357 80175 40059 49230 42198 21813 17938 91195 31196 9975 23559 89043 74513 71014 92995 83841 51725 53091 68088 98880 17801 39003 93177 77725 57556 42474 63940 67726 13269 4298 43334 5499 23434 82930 38144 92256 96024 24402 24028 4017 78149 19279 17458 89306 84715 26099 44242 9981 22853 82573 16572 47966 89974 48936 
7157 83
8969 44506 97147 5222 92828 9072 3075 36845 85434 84379 4398 23599 63979 88418 29237 62925 41432 41017 72502 44979 28142 44488 31654 3146 34348 7761 83101 27658 41821 53980 80569 29102 16891 20501 59880 34248 6570 43228 60328 18107 45042 76723 66610 74268 45398 46253 41987 88731 87440 41436 37268 17627 27171 14809 25558 71028 94115 95550 25010 47257 3223 23283 99451 17229 11372 17052 64421 56903 73059 27314 4980 43365 18795 38366 21611 93375 49749 48472 35925 82979 96755 57391 2412 
7285 61
63944 68115 98743 48091 68663 50321 86789 36785 93238 61428 88788 88809 16727 18113 41402 69413 48136 57515 41637 72421 26377 52000 10111 7770 53966 77329 84318 19877 87872 84510 67844 44747 76589 28221 79561 33236 49290 12473 44500 804 84389 28163 45830 20367 73949 3737 87370 82982 50636 67249 96794 58824 33571 23692 20942 7292 33144 29342 57136 74533 96824 
883 45
25607 21067 55110 92394 19399 30328 1143 29400 50457 71084 86659 23179 16298 59249 65151 97140 52926 98868 42560 34865 10735 60282 14408 13099 8214 89120 90397 71583 28566 87223 84859 12351 30477 63260 69537 3523 22951 57097 42333 3800 86710 91086 23683 95209 9020 
1800 31
32038 82550 42388 56585 30972 86633 31629 87629 48844 3752 6889 43774 3249 79394 4026 45301 62476 23215 27697 96503 98935 32752 26444 97484 24111 17216 68147 83746 8351 9083 81721 
5960 25
49288 49508 86816 54854 68337 74145 68526 22712 67259 6419 32114 95911 94729 42957 65813 79228 23970 46112 77480 97721 41366 19960 71616 9314 87122 
524 15
66922 79302 90554 90613 99404 87086 95411 81852 95415 51854 36525 92963 45372 14728 51553 
2838 11
42526 76501 70857 4806 13867 26550 28229 26428 65318 5292 2101 
5079 8
46758 46509 22646 12348 15075 11414 24711 42653 
