71
9906 13
69144 8852 74684 30731 48617 66076 41540 66542 39356 14907 71504 52220 57427 
12109 13
77306 35798 67017 60527 12626 46422 34636 25463 42625 48976 31767 29241 3962 
5259 13
4439 36512 4745 13276 17333 62317 74452 15303 51564 18894 58159 30888 36493 
18685 12
9999 76966 38934 54408 43703 6463 32082 9010 35143 70178 6106 14657 
7003 13
59548 78801 36409 76633 32889 13255 74133 68048 40246 37806 20526 72843 59726 
9753 13
44232 35164 34554 55938 11776 1896 13367 39841 76950 32004 56740 4436 41317 
8202 12
54337 55790 28282 38792 39202 27276 67099 72166 80295 77613 29890 109 
9854 13
41649 63209 3942 2858 40233 8318 55993 30724 11081 79357 17806 4206 25698 
3449 13
40496 37773 6452 18733 74324 59491 816 16612 42344 35735 42863 5798 13286 
2959 13
9793 12559 56197 37692 20155 785 51838 56902 70092 63957 2121 1719 53248 
12453 13
36028 32792 72293 70739 30953 66558 30317 78070 48969 74533 50322 16746 51923 
2272 13
35206 8687 34152 31422 5694 64527 40024 5665 46253 15914 60935 18770 30052 
4657 13
28603 62115 48251 10841 72427 69704 80169 64710 71956 56121 12788 61691 33017 
5002 13
18921 4949 63433 52390 65771 79058 69237 51833 10906 76692 54730 20030 54370 
11437 13
4774 5985 41666 3405 71631 1164 48174 7968 55355 22315 72145 72964 6835 
10635 13
17544 64567 38607 69396 68784 34591 72960 38108 38853 41134 1476 21698 61835 
5179 13
53610 3785 54786 70302 38508 62681 4664 70337 63620 66513 61488 31786 54383 
255 13
6082 64304 37848 23884 41447 48859 33621 49221 46418 14856 31525 1723 31660 
12830 13
5442 20880 51383 17970 51634 11020 21365 51031 40373 61505 26768 16909 53599 
5952 13
50698 76530 77983 20533 51537 12713 49292 67287 8754 77234 62269 58462 48391 
16246 12
20083 56788 19007 43748 34795 9613 45585 51568 2108 72191 12050 20340 
12352 12
53554 63235 41522 11299 5610 32328 36953 38313 76245 21804 32350 4954 
12921 12
51548 78073 20327 15353 9515 44564 75269 60570 72283 71260 21990 76228 
6257 13
3906 53939 9693 13488 34845 59210 54909 73949 77846 69287 17490 66179 4856 
3715 12
52522 41651 30222 27911 49003 70998 22356 20942 11131 64299 26413 32589 
19190 9
61365 35175 78427 26135 78379 31630 42733 78234 40606 
11877 9
46491 75284 33812 65728 28621 8519 11969 25590 66706 
282 11
53693 34896 41955 58220 17013 7068 71052 45304 41324 43220 8065 
15497 10
69454 32042 78533 62949 44356 9633 44115 73302 18080 58162 
481 12
39601 74239 26695 43521 32080 27407 50068 8783 78573 55405 18113 57355 
19182 11
50085 40404 12125 35387 75575 3111 21518 36970 48461 59624 5152 
12559 11
43188 671 17693 50722 57374 36617 13782 51215 36358 45015 65578 
18526 9
43132 19453 31018 45308 68714 22786 48696 37361 74742 
15505 10
79720 40426 9645 72719 54222 13752 43517 6124 7504 65336 
10523 9
2254 70610 65287 61794 10330 46008 8301 22462 60551 
11954 11
20724 80494 8652 1098 21976 46106 49570 38550 264 41020 43285 
8244 11
63610 8583 18562 70409 55715 56929 73615 60431 77387 36949 23749 
6523 8
73904 21949 50992 3592 20166 34244 59708 14382 
9276 9
311 21808 2260 74844 35780 62400 53673 77922 35956 
1453 10
2419 12343 58440 66362 20535 62766 33622 73423 15093 80015 
4285 8
72574 57076 11085 40640 52025 39020 75040 10664 
12046 9
29918 29971 46973 80719 25115 60698 9694 15542 19770 
1177 8
63344 41140 67726 53866 11687 54436 1089 6192 
19106 7
6612 31850 29175 69132 3008 66462 44019 
17474 7
70718 19331 46087 40901 3863 28770 80566 
3289 9
55370 28986 65337 40484 48926 43796 5579 13957 24160 
8070 9
21833 23944 9726 47570 60670 11877 53441 52618 52600 
3952 7
74635 36499 54384 2418 29968 67405 38570 
19467 7
59010 13999 75460 50869 23363 16231 47208 
17908 7
31267 77097 12955 72673 16582 15120 35330 
13780 7
25724 32111 73200 3654 35036 77412 62798 
903 6
56709 62744 47735 36849 1518 18301 
17711 7
48775 39467 29892 56909 22837 57358 79521 
7464 9
70589 23130 11922 32184 33794 9117 79254 4116 75352 
9818 5
9208 14347 11082 28493 65692 
13108 5
5717 60688 81034 2546 25446 
12096 4
29112 40454 78854 32084 
18189 5
41168 76265 54372 45476 24337 
8163 4
11190 21196 46209 58285 
18065 5
70764 47276 38001 52481 40300 
12363 4
15911 56604 69052 47691 
3272 4
38555 51455 34855 72560 
6621 4
29955 18193 634 61636 
11718 4
32600 51279 49904 63887 
1662 3
14549 38299 14140 
8343 5
75305 62031 38610 23968 12742 
15639 4
19714 10837 55736 17558 
7618 2
73863 37827 
5289 4
30027 26106 28999 6312 
4050 2
44027 74434 
4757 2
52569 1286 
