106
1731 10
56343 48560 38720 60890 12327 3419 45223 64471 95203 77576 
3436 10
36867 90958 81552 45819 45468 46185 94387 21970 58862 41751 
11844 9
3844 61737 2179 40663 37635 16988 59239 92908 27870 
1999 10
51236 61793 68379 53990 12165 70422 12736 3149 59190 28716 
6035 10
17256 48185 85665 77960 78121 85144 65852 71620 10901 33727 
5717 9
46223 33365 23827 34404 71190 828 29378 61661 37602 
4077 10
85611 61256 16310 48995 5035 42404 27019 7393 91196 78376 
16895 9
47242 56444 49002 16875 17972 6586 42424 59294 49391 
4955 10
80534 90295 82655 41881 11233 19194 9672 68643 12454 42531 
16207 9
51553 68558 53345 75001 32662 32577 40659 15962 3011 
21327 9
36305 52584 81031 29766 45433 54275 63452 12467 84030 
23336 9
15071 21053 2416 24639 11917 29467 9746 89027 77880 
546 10
28231 79977 33071 93319 68342 65352 8169 46136 92121 9060 
1246 9
47834 15283 15846 64923 72379 64607 64534 12040 91906 
3925 10
21491 15548 62627 54366 41002 16668 25684 79719 46889 90049 
6202 10
20031 57478 43415 19443 52789 41740 11183 27616 58607 63741 
25259 9
39497 11136 58970 86974 59336 95759 89764 32227 12059 
1730 9
5741 86396 56099 43951 72791 35677 48224 32532 5388 
5007 10
37299 33121 25136 67789 94996 7229 68974 77666 18026 81590 
13049 8
39273 38334 53316 63042 32354 3793 4398 19582 
6128 9
43062 57144 75426 68769 18696 22672 22477 42998 58775 
13951 9
60815 24065 33569 84850 85153 82773 50815 95583 88249 
12778 8
31663 32692 1192 68240 49765 26090 44162 49877 
28378 8
76032 51715 82387 64393 61241 41528 38974 19684 
259 9
69074 53068 26164 50198 45335 68540 80798 59120 35448 
7877 8
37289 6109 15193 10150 11639 63909 34419 87747 
7237 9
29185 55933 54895 63061 54958 27378 53850 53780 34578 
22475 9
88166 49579 85816 67995 23629 17707 4673 3610 68103 
1326 8
20476 5584 85566 16440 86322 44790 7944 11784 
7081 9
41064 57786 77018 13515 80823 49956 35377 62977 89454 
29155 9
81057 72610 80452 47975 15171 73550 84437 70115 21005 
160 9
18352 7367 8385 88064 35441 12706 66186 20844 32398 
1487 9
86641 23217 54583 55254 41305 31792 93918 42113 77378 
188 9
24370 90506 83776 89055 76180 13154 47830 37277 83924 
12952 8
84544 53509 89197 20703 81034 77400 76479 34703 
8809 8
69959 51873 76956 2177 18091 71502 22330 82448 
13963 8
29348 16141 70704 17820 11704 68371 52751 77797 
20648 7
83261 28344 25868 23152 92428 12807 65202 
7410 8
90885 39697 5241 9232 70118 89511 92384 1071 
5685 8
51344 52694 96603 94908 78771 46820 94793 96260 
2084 9
87144 54707 84979 87839 10206 16140 73735 31393 82396 
27940 8
21242 76649 95793 45630 4760 68649 60903 25571 
14664 8
41340 78283 53284 3251 18561 36640 55544 72200 
7123 7
80871 7759 81980 50042 74372 49832 95177 
4798 7
31441 42821 53804 19460 66960 22490 3641 
16863 7
45744 69096 71838 65094 21078 44752 32100 
17786 8
86099 94060 69825 70980 16104 44414 27638 89518 
27049 7
2838 32648 42950 34094 73507 66451 20006 
7045 8
78123 58286 13272 71071 79080 44720 79572 58243 
14535 7
44234 75757 42572 47915 29454 93076 5798 
772 8
49476 35470 93290 84866 71154 58158 65651 16360 
10370 8
96552 89245 42957 30533 84560 4142 32429 84577 
6790 7
16257 8513 30043 15752 84466 62000 19646 
576 8
76142 75164 29471 60423 41616 93871 24390 46128 
2625 8
18248 93128 76177 642 52043 12531 25669 62091 
4294 9
55543 39468 13703 67708 29063 57587 24904 36175 25910 
16946 8
54658 89784 94224 37054 89758 2827 63883 13157 
5835 9
54261 90493 15145 21343 48843 48373 77282 85735 11734 
6561 8
52900 95887 71288 6798 69459 24323 27639 78791 
17005 6
44749 52531 25938 28226 86566 53730 
20679 7
1400 79159 82426 56430 56425 72463 89727 
25898 7
62604 87357 18401 25378 58608 1415 39359 
16938 7
21918 87548 49890 88949 39545 86838 73374 
5881 6
5867 51327 9708 95358 64216 10274 
11369 7
9713 53033 60389 70989 78708 44646 43052 
14843 6
86030 74586 65644 12587 77446 76275 
6745 7
25334 17250 70959 89667 62370 56904 20586 
821 7
54599 19739 64650 92860 7967 18467 1639 
19243 8
77411 38546 90380 54739 5329 53560 46578 86304 
6499 5
4984 84819 62252 35439 91901 
25631 8
88708 95285 66057 52299 74733 10414 64029 46496 
19237 5
54862 69597 69383 84119 44433 
24467 5
66736 28260 43732 17338 68121 
7924 6
51703 40869 65 95267 14048 71906 
21572 5
73205 94521 37011 57828 73313 
4558 7
57688 51520 43504 59314 31546 72780 25187 
217 8
21405 52265 93235 56536 78524 47003 25873 42739 
28564 5
64683 88784 30789 3484 78068 
10079 4
68995 92440 90387 49407 
24453 5
85900 41524 6777 65613 56750 
21625 3
32070 36992 58486 
6453 6
82970 65797 47101 62186 19023 42012 
2241 5
43342 69301 5750 43862 92847 
2021 4
73578 12203 29818 73474 
27240 4
48050 27146 86466 28388 
14305 4
1016 42100 22146 22278 
20040 5
10773 2963 94250 83456 58710 
20863 6
39602 35777 88864 65795 55606 65660 
6380 7
79146 94382 63318 8734 86280 92778 41672 
28643 4
45443 95214 46632 57625 
28332 3
66991 83031 14974 
13563 3
90419 41983 91265 
3598 5
23407 62359 57414 72486 13255 
1652 4
36824 58429 19320 81223 
28837 5
20509 84393 263 52954 89053 
11921 4
9681 62905 6729 40592 
8971 4
68866 42431 4353 18869 
28380 2
61768 20278 
2622 4
14622 11117 45458 4658 
15570 4
39689 62163 10190 40640 
2417 4
4567 8034 18797 62134 
13576 2
83475 6567 
733 2
11416 78754 
16042 4
82041 63320 70175 41453 
9328 5
53315 74789 57209 56097 10340 
180 2
88715 26077 
