82
902 10
22881 31244 14224 27614 74107 64307 93782 59693 4154 2414 
306 10
45827 75910 16488 28017 33838 30395 20750 41573 8497 26540 
426 10
4001 57384 27421 86248 86745 72320 12221 49221 42867 4761 
4162 9
22235 473 70701 36821 8432 86358 940 32443 38866 
7169 9
7564 24737 19011 54391 87080 92460 20803 85692 73994 
8519 9
64763 41171 80046 13048 78078 42632 83869 5668 71153 
20212 9
78819 12678 74923 43537 26778 27579 78945 31791 41741 
13135 9
53813 88619 87161 22268 26218 57993 4972 94062 71755 
5664 9
601 75841 68291 17356 636 31988 65890 92957 50461 
13291 9
59640 35593 23514 66433 47428 92763 83756 92486 62978 
10603 9
64181 37293 29653 77071 75813 36968 32841 90822 59647 
637 10
6552 62491 1495 88566 84404 57403 36017 50007 2812 3821 
372 10
57506 92600 34022 50657 69697 53518 59207 91533 78177 69308 
2930 9
22810 72572 42543 12823 6128 91182 89262 20357 26257 
7847 9
66819 22214 30564 83936 15170 62374 34911 80333 4136 
10992 9
11028 74777 42428 90269 64920 73629 37268 89507 8613 
522 10
4503 43205 37913 25 70454 78952 78018 82385 71833 61928 
3598 9
21408 41257 57248 27684 31500 23275 13536 74402 83909 
589 10
53125 73801 85361 64425 52259 14019 26577 44341 81620 21042 
20142 9
10817 36362 53004 8997 66410 2799 79899 64315 47909 
3464 9
49097 45776 74423 63332 25939 14519 41096 79759 17270 
23120 8
59689 39444 62890 40731 12345 34987 6315 37601 
20162 9
18918 17390 5483 19245 33628 73061 66380 28090 14792 
84 10
52287 5609 10187 49736 51708 32159 71849 44697 53178 91301 
4977 8
9585 69123 24291 47101 48839 72118 38049 66527 
24723 8
17918 81864 86470 59230 39575 76950 41737 90969 
10127 9
51606 10816 6695 15487 46262 69487 39910 89712 52134 
18584 8
26789 16751 42547 7156 36420 28905 57996 3366 
24371 9
23494 23255 56887 59817 81250 80955 26982 47878 87884 
20552 8
48504 14532 5852 29827 54442 45982 23092 73640 
19767 8
19611 28657 80278 89897 13434 48216 78809 34472 
19612 9
60307 94002 72550 33875 65823 36963 61479 74502 37938 
1052 8
94081 64924 53513 69477 37178 44464 48810 46243 
17192 8
62070 74208 19448 18110 30667 34431 13521 29956 
20346 9
71300 44502 68400 65052 50816 43089 4648 63273 53043 
7891 8
72361 79382 34158 90475 46101 44339 25117 41902 
23375 8
13101 50210 8278 77177 68771 48731 8182 90744 
1016 7
67739 71835 7380 9340 57921 20849 38731 
18498 9
64447 40959 82606 40336 86030 76732 70292 91087 71397 
5899 6
47873 4845 10612 12464 35225 31113 
17202 8
19277 21763 28295 81424 72768 53845 30794 58069 
13673 7
52687 90009 78030 68511 54610 92177 20747 
1745 8
50380 64437 53148 89114 29625 17720 43158 95158 
16915 8
11333 93685 40955 19587 2122 21919 4266 31938 
3719 8
12153 59762 13226 79338 387 49467 72848 2512 
1611 8
55270 44065 6659 61608 70740 73079 89736 12726 
21748 7
72744 2611 93909 83748 38295 89759 4222 
7792 8
57106 5156 8529 92319 7634 67965 24043 66458 
16743 7
86989 80666 91282 64582 26866 57810 14979 
10202 7
61867 11422 40964 1386 89414 57014 13469 
5221 7
34754 60913 63642 82625 28179 52492 95171 
13686 6
67276 25006 35284 49734 81251 83670 
12736 7
26293 93383 68962 42015 18353 88100 46339 
847 7
20717 60787 38465 64903 26163 59780 38405 
3565 6
92106 26912 61860 92620 37329 58349 
23718 6
87679 33933 89024 3381 38818 63200 
13685 5
41555 65797 46088 7790 23139 
351 6
93448 68977 95221 94260 36634 52423 
14249 6
339 44965 31257 63291 26452 41193 
24302 6
8581 88401 90488 37661 43407 92482 
9344 6
8237 73958 36385 655 21702 43510 
23528 6
27923 42335 48515 58382 84048 19149 
14878 5
24780 23119 80435 36041 85865 
18219 6
91536 26904 60112 37409 21559 28283 
8632 4
76456 32137 89894 88820 
4741 5
53921 43865 64913 75380 69909 
10315 4
52682 54045 32782 71437 
6707 5
21786 91025 2068 58575 18444 
14859 4
44475 11036 7989 95272 
15920 5
36482 44016 44602 93411 46624 
1469 5
3007 7290 90439 78476 64261 
15218 3
68431 58513 92672 
2058 4
44997 48998 42903 49627 
13161 4
4398 55599 80743 83089 
2970 3
94049 25242 75853 
12149 3
42040 51252 34996 
6385 4
5851 20266 42301 17864 
5859 3
86001 56890 30279 
12907 3
69764 48152 44692 
11529 3
53346 15271 16141 
606 2
29621 53438 
14962 2
48055 4897 
