101
1598 202
30811 11217 11497 16475 38635 39236 33670 29880 31304 10508 24090 36900 12910 14123 13175 15056 27549 10539 33245 29894 28326 20526 20505 30958 14939 35623 12369 35772 42075 3349 19071 19862 37095 16385 29570 27052 19598 18384 30288 39984 23606 40846 22773 17616 8424 2433 31072 23246 41844 32998 9192 24817 33926 824 27428 43853 19985 2501 31112 27168 1509 1888 12870 22606 3602 39747 25275 15677 6628 19671 16841 3737 43902 29722 7045 4972 6894 40543 6131 15539 10241 37415 30161 6267 13778 2058 15545 41616 43199 8649 16861 39427 8568 30993 15910 35538 19773 37210 2127 23660 33802 33640 4939 36953 34549 16769 10045 3809 4647 36240 2566 34364 44481 8245 16068 43664 1520 39156 38019 13694 10714 6164 27255 41686 42824 24472 31144 24538 2484 3390 12462 41409 12308 12213 11041 25706 30802 16973 39294 35366 24189 29376 24691 5428 12797 15914 1013 8916 39866 41 35719 20597 15686 8892 28147 4739 10806 39165 41663 9916 7305 31509 6142 34236 40978 37918 35762 15233 21986 15499 23399 9471 11639 13671 33188 7559 38958 21231 9798 28018 35278 25116 4959 35841 1961 43422 28268 28804 29562 8320 44187 8584 23614 14481 14878 38246 16494 19405 8975 41640 43485 9910 
2029 73
11320 6679 37680 28907 24322 17229 8220 32975 11746 5996 41555 12779 2652 5506 16344 19530 42733 11052 10609 28101 32932 32749 7246 18218 10950 29263 44177 35763 25950 12599 28448 159 15072 25830 23777 30094 18958 3097 36200 10846 3545 24228 23990 37819 41233 22065 41548 17188 17025 26835 29934 3501 2084 10734 29424 7475 21342 32072 28794 15023 42236 29532 11603 5161 42762 20330 42956 37955 14770 22669 31962 25097 23183 
923 73
38030 28367 13108 8869 37024 5292 3995 12566 28342 27977 10445 24581 13512 32375 20733 41575 35353 3840 24736 41940 13002 36821 24907 18029 7510 32824 36528 41661 39542 10580 13270 33046 4666 1110 6074 21836 37219 40145 37256 35713 31993 20376 21146 17405 40870 13609 36054 43661 41900 30399 6132 18116 3775 27629 5264 43909 1154 30747 44530 39119 7765 43009 28015 35057 10439 17267 7331 24806 8796 43027 26153 40566 19826 
4002 72
24897 41014 44534 34851 23132 3142 476 30941 34503 11266 1436 41448 37812 40014 23983 9789 34521 34023 9643 4533 13657 13604 17534 36493 31364 44051 14633 36960 31447 3281 29211 14358 18830 11454 25637 822 32843 32018 23617 12999 19490 43265 34174 22712 3786 10190 25360 34918 31422 41952 35373 28497 10341 28369 27354 14465 42974 11180 9056 10125 24703 38797 19911 15489 28970 31801 14117 26070 5242 20378 29672 22811 
846 72
9778 31951 41507 16620 571 28756 8078 32740 10850 40218 1309 1994 41615 21114 17307 35767 20776 21476 26353 12758 7506 4839 12102 38379 21947 23460 11553 28457 31674 32713 13492 12287 16360 24546 14046 31741 44024 13178 2402 6471 15144 18279 15816 21216 18675 29549 4547 30731 37876 15364 9969 15901 42580 1931 24142 21044 21507 12824 21067 16474 35138 21258 6484 20545 39323 28731 4950 17589 27347 27511 33305 7037 
549 73
38973 22036 13087 37417 40964 35603 36354 26292 25232 14894 35759 13553 28291 13215 2557 4610 1835 39261 21594 16400 5525 697 15260 43863 28603 16807 40713 20985 7387 37292 17865 24285 24565 27173 1193 6292 38144 6847 11632 32642 43469 11645 30215 6895 17677 29575 674 3353 40855 22813 2056 3447 17026 18768 20147 11141 22400 20881 31651 14084 18149 34197 17824 20956 22853 30068 5006 42261 42680 40514 40778 327 16765 
4426 72
33315 31164 33385 43561 44418 3396 30861 21099 4009 38541 25404 31218 43056 7926 6192 44207 34576 28567 36804 40824 2789 16723 37036 39022 31502 25955 13743 16782 13177 21723 35511 22188 28014 18825 26815 24976 13259 9112 7300 28381 13212 5503 23119 30284 27007 28208 20423 4300 35391 3671 32672 42071 22076 198 4758 1123 11477 16780 18001 9176 32796 37449 15867 16076 32487 37961 34246 25753 25949 13161 33371 19679 
2602 72
2579 7848 34303 13974 10297 2610 7696 11142 42150 11507 4976 21938 24282 6944 2352 26234 40472 9469 2868 25575 36396 13063 24791 41752 39766 21332 17109 44657 34894 20500 27344 23490 3024 19428 6104 42851 15843 29981 28928 19788 38435 1733 17627 34025 15510 2415 37371 24576 20859 13846 4718 40694 36058 13670 16625 19201 36540 35092 24299 25896 22561 36845 20678 36859 21829 9090 27371 5725 29401 28246 18853 6062 
2531 73
905 5433 40168 21567 18916 34075 17667 5366 4481 16652 24518 17027 37668 8977 18709 2427 2556 44015 15361 13046 31189 24912 44124 26110 39876 12033 43836 35298 5751 4411 3055 8651 40061 1746 30604 37300 27840 36802 24382 29240 10313 31987 19831 22781 42461 26540 43947 44460 29998 20195 27698 19332 35232 36215 29485 41148 234 20010 20916 1311 44366 21411 36637 16351 8875 28629 6631 15147 32379 27791 30260 33554 14840 
2310 72
831 39349 14335 43508 32734 15230 40053 2658 30369 32302 15299 15528 26305 33775 35337 8100 38345 5856 24676 17209 37281 33751 20771 35844 34967 15410 13654 25333 30874 43019 29375 36039 1511 4689 19881 21609 12068 41943 26655 3787 1824 15802 2227 118 22138 24638 33291 13110 31525 9477 7508 30749 2513 29333 21629 8768 31326 4774 15579 3811 35505 6516 9664 540 16760 10490 19265 11669 35054 42663 11069 12627 
3729 72
34342 35952 30474 27431 13371 32809 34463 34353 15886 39407 4928 31746 19268 23139 40025 8543 41710 35622 35688 29616 12591 23152 13449 544 13650 29656 42907 7703 25917 24381 21531 42904 18472 17236 31106 21828 7929 20509 9115 27205 28564 44643 34002 1541 34977 36971 30459 6795 1905 29675 31756 16659 20367 14255 886 24695 26942 25104 16741 7868 35753 11302 13388 18189 18396 22195 27652 13135 3643 6230 23043 2634 
1955 73
23271 2337 32148 39679 25613 25243 11046 13147 33074 17014 22872 30406 2542 24584 23992 24717 4545 30336 12449 7776 21207 10276 39118 8852 23952 27851 33282 25909 21168 25515 3745 36421 17655 37211 18140 14742 32944 28916 33843 33654 25585 465 9004 11991 11439 31283 18252 29420 42198 3714 32369 20832 452 24648 44293 38980 41173 40116 28229 145 19966 1254 7284 11919 16148 23936 35531 12801 10419 25395 5198 27309 4827 
639 73
27833 35964 16340 29940 12491 32674 10390 43534 10136 25804 20004 14375 16616 28692 38911 1910 37427 4309 9603 4381 8234 694 16953 11525 33053 25827 12360 39640 40280 33101 6150 41536 29019 42506 8554 7571 9263 11381 21072 6595 2505 22000 17916 14834 12730 39419 5059 6274 26665 28533 31028 31405 17356 32523 5853 7461 21406 14508 38194 39897 34371 3662 13571 15094 40477 42021 40036 709 35022 32268 16437 24320 21582 
2556 72
11518 28249 24190 37772 23056 13993 16589 39583 22475 5084 35918 6683 2211 39923 18340 9318 25059 29439 6527 36529 40555 29890 38006 26302 19863 22 41375 9324 23114 430 19260 29643 40354 19043 3587 43826 28566 9303 32651 5239 20344 43658 3376 38656 8659 8449 22363 38389 28906 32204 40552 19398 8485 34114 32499 29681 4893 15360 29919 37142 23232 42060 10124 37493 41595 20936 40358 14237 39584 44000 43033 2920 
4592 72
30574 22304 315 2109 22694 32701 44219 44278 10896 42709 26620 39356 38552 7256 22598 20618 1747 44566 2403 24776 10874 21442 43837 4529 41255 10834 35912 779 16789 34435 4200 2316 33786 37501 10780 5182 28939 21462 34985 39464 16211 40432 33425 15938 25455 21664 6606 18603 29702 22141 10796 10702 30511 19523 43990 37845 26229 12265 24684 21607 44414 32624 26378 3098 37082 7842 41588 40620 35615 10063 23035 21250 
1095 73
26862 38684 39379 6522 39004 5622 5744 40531 24235 12289 28346 6745 6449 41440 8304 32277 40471 12124 18349 2654 650 14466 7341 6490 16132 17755 18288 41831 25144 364 26482 6398 37225 27228 19781 41021 40463 41850 9255 8379 4077 3292 37661 39815 5733 4947 27957 14066 4201 3812 18988 32640 14651 2687 36947 28983 8676 7522 43871 20606 6564 34288 34179 9376 27413 20399 35435 29051 37335 1438 44191 13837 11596 
599 73
35904 6873 16913 21326 269 36473 25327 5883 13969 30346 10542 40715 30461 3547 21482 22031 18698 4190 1279 40443 22077 27100 42882 9198 20379 19425 8242 39895 601 43259 36352 25316 26920 28070 39738 38308 8759 15436 38692 17944 31567 11018 31318 41225 22755 21784 41950 7150 42210 14242 3926 27250 7126 42429 29280 34086 42050 30270 12038 20489 1891 29148 13090 33166 33121 31488 22583 129 37638 33430 20786 9966 5688 
883 72
44370 39153 34228 6096 13049 42717 40159 36183 24372 35960 38330 1397 23735 9941 25549 24671 36476 22565 17838 20038 28361 4862 20352 35326 38088 24345 6249 41679 15110 21923 8604 22904 25068 27296 6827 38843 1564 2988 44409 2993 2651 28562 24928 25214 43841 30355 3252 43396 34691 13811 36296 33355 28188 38411 41431 30839 19794 4379 16120 25657 40704 15913 44168 34119 12875 26996 29066 35276 13517 15698 14400 8125 
1538 73
28811 4858 21095 370 38570 17244 5023 31647 9391 4146 24531 36921 32085 21058 13647 25062 19197 40375 34560 30229 20009 2229 33549 34195 14371 36173 33087 6331 23198 40932 1227 39588 24789 17221 13267 29983 18970 26746 38164 19873 41163 26992 27659 36310 16188 6260 3785 31942 26814 9298 22316 27191 30164 1850 10037 24136 18752 39347 4743 11909 5796 42525 376 7666 37985 38939 39554 13043 37952 2515 39096 12934 26748 
332 71
12105 26046 35715 27317 8520 16478 20071 12574 10403 43585 10866 21877 4318 27222 22739 6268 38612 18094 7233 38358 36477 21733 22865 10232 31386 27631 24222 41601 23279 9019 9145 42327 18362 35144 43053 13711 25552 8937 24767 1411 31020 32036 12506 28759 23030 1949 9113 39928 6544 9632 17280 18133 16220 32919 42711 22212 4005 42507 3003 28048 6238 5559 22465 27987 1936 18705 21313 13407 26201 34568 42126 
594 73
2356 29976 30851 11693 30118 39402 33558 17472 35093 13482 30397 7834 25800 22651 42781 20312 5693 19884 28643 7984 33162 25795 14574 28672 3611 28649 23920 10650 6974 18620 10249 20746 21837 31550 32964 39598 31534 20233 44608 6560 25797 34080 35031 38728 14392 32754 18725 22122 32209 8180 21208 2301 30313 787 16503 40854 28977 31392 27860 16753 37878 31986 26273 39917 10493 17300 5848 20053 8983 26209 41793 12157 40695 
2109 73
4049 22816 15838 25286 34929 34661 37516 13324 16207 11584 42777 45 15324 26850 12085 28183 16067 27336 1828 5316 31384 10883 23050 29561 10052 30322 39327 22263 26756 6032 29127 4611 3372 38769 8897 12052 32668 22855 36634 32839 43994 25867 42595 43655 40788 1437 35934 21744 17430 1953 19725 3961 18043 11336 2190 22289 4051 37757 10930 23311 34684 43820 34581 40937 41383 10894 14326 22247 18931 42490 33479 43904 29468 
2254 73
41048 32262 12405 38295 12546 37729 17067 18993 6270 18588 32214 44255 25152 10154 1571 21541 40152 23190 10970 3597 31330 2183 21732 26343 11728 9479 40968 7671 42938 17976 44620 23419 341 11995 22410 28979 24656 34821 33062 34332 22184 22129 36517 6277 7198 23329 6855 12148 8422 21747 11143 35011 13581 19346 36356 28455 44693 28498 37204 21787 25096 10840 39567 2046 31980 8298 20375 43551 9683 22569 18759 31349 44122 
898 73
41105 44312 4784 26040 29958 43743 19183 27620 28787 21405 17563 19660 30886 15381 33235 24205 5627 2347 8195 7936 1651 7494 26703 6820 3834 44625 30136 41213 6212 15240 36808 17277 28553 10825 31997 37774 5991 32136 27967 17288 3912 13247 18381 7713 21900 43397 8439 35579 32583 42065 42930 23798 17643 2728 11178 8870 37480 29886 39556 38297 17808 2155 27899 41574 8112 41017 9185 26351 30252 21690 37726 37542 1909 
1204 72
12477 5570 11090 42318 17941 27059 34793 7238 29772 24805 21429 16234 19592 811 35791 31444 17966 38704 42970 119 27621 32991 19608 15507 6796 35040 37453 7182 6411 6116 27916 18548 26697 8936 2197 8311 40174 40672 14061 6168 11386 16145 9682 35564 17990 20079 37189 6185 38173 12725 24379 10142 12485 19849 22879 44050 17275 18499 3497 5952 42644 26735 13959 38229 43105 43544 24125 41822 38375 24019 94 13990 
4289 72
26629 30924 9022 37336 41068 41864 41446 18266 21167 36959 9008 334 20051 9041 10569 39996 16149 13032 3379 1620 1682 27229 1836 38090 10349 33533 24996 37922 32893 15226 15739 29020 4050 575 30870 8369 11012 21241 28605 30938 17449 19782 18539 26185 28703 4386 21867 1081 12185 22880 39521 43622 38945 39995 5364 42708 15265 9166 30181 30910 21125 19101 7881 23055 28719 42727 564 42262 43389 31717 1072 27602 
2042 71
16414 11845 35997 14449 5662 44077 14015 28665 1778 26384 5203 3075 36206 39490 24161 38998 18503 22786 12996 6947 19527 18596 24547 16359 6922 19544 13274 4789 42558 11829 8471 34452 2168 16036 5771 21393 16020 10952 17781 17033 4544 29013 23934 36237 17973 19877 5556 30503 18292 6209 36428 32450 11768 18454 31789 44679 22590 6121 4428 18579 20321 31345 1073 5003 12488 40175 3059 31147 41308 23063 2675 
3073 71
1195 29029 30906 40217 25679 27139 26711 1725 31574 31853 15345 20145 31932 43230 37479 5177 35108 32483 28067 23938 4993 18764 24467 36432 5806 6068 161 6154 20105 355 30626 28243 10435 42001 37108 36864 17069 178 20066 5928 28084 15084 32543 21020 27768 4248 11580 28641 37911 8593 27611 41550 19548 18316 30597 34651 42038 4292 28682 17178 7960 38160 29335 43367 8866 10900 1701 41280 44525 3096 25442 
2041 73
20203 29759 4722 16366 37583 35727 42638 38697 17140 16500 41242 4891 41395 15669 36715 15417 31658 3236 36972 8886 4151 95 32979 17266 1582 29600 9100 21558 3084 1065 40729 33983 22107 29317 10595 28185 21714 14778 33805 31609 3631 23754 36011 25694 6829 15267 42496 3901 20605 3204 21548 15201 15786 14851 15650 44674 44642 16546 32692 15681 9050 5548 29112 26223 41546 37806 17386 10847 34062 20182 29380 31070 7869 
1925 72
35370 17334 40587 27715 37735 8812 26907 29769 36563 38353 29497 35381 22452 26900 15763 4238 15167 23523 24542 30454 32522 41145 37557 13052 3240 12792 12993 7349 42527 1658 36879 24184 24463 15275 43254 5459 34758 30552 14091 15288 41776 13556 38091 37655 10304 37242 29634 379 5904 36792 23827 41682 22489 27095 12428 32783 30362 11340 11650 13071 28412 16514 13233 11636 865 40747 42213 35687 23077 41523 11681 35548 
3761 71
14261 28472 26719 27826 35751 41871 9042 41182 1488 16722 41642 9215 4863 31943 35421 12396 8719 43083 20150 22424 12266 33680 29078 15805 33158 26537 19557 12286 37936 8850 32867 22348 29550 1784 32951 22165 13760 31891 35698 11114 25675 15075 20454 33767 16545 15160 29411 1600 40193 31697 23569 35099 41115 17332 34632 35985 15336 4733 3823 11877 41697 42431 16944 8268 18329 22897 32565 38559 32047 27898 37347 
1664 72
11990 9082 7574 6804 25300 13501 41798 38474 21370 29689 14148 35986 5145 14370 36562 20857 35948 2940 28109 44070 11594 10207 41051 7117 32163 7912 23520 26078 8478 24629 40228 29774 1310 4322 22109 35491 25112 21425 41589 4675 3226 32459 16537 1536 43336 34760 15078 8551 29926 1814 42547 28402 41492 1203 44047 1661 19898 34520 38895 13111 36672 42645 15344 34309 24686 11509 9436 6141 24417 30264 22804 16561 
87 72
17905 3015 8267 39028 33937 17011 20590 23331 28752 32873 33228 11281 25155 4856 37463 41326 36171 39553 24802 11551 28364 20546 17648 14727 14124 1596 1473 19718 35107 28332 14195 23555 26410 25858 9102 11615 12473 7914 32935 25448 30794 4596 24268 30056 39639 38133 40276 31730 42905 18770 1730 23572 39569 6301 19905 11642 11966 8919 31580 15037 24071 44356 12342 488 19177 7206 43403 21571 1255 32726 16962 16829 
607 72
7721 20146 9753 20688 2019 43369 37592 31633 16681 42928 3202 1508 28051 24884 12670 12948 34574 28271 6460 36061 382 10102 27509 29830 26187 31227 33067 20088 42231 4354 31223 22133 20562 1191 3512 38496 28807 22274 30569 32210 34 10925 40863 73 2302 23374 4295 20743 22029 21242 35969 42524 41851 25069 19628 32496 15352 759 23922 28193 7393 15164 7628 13799 27736 27693 25990 41899 18570 10639 30723 18262 
1293 73
22091 32907 27925 26133 29707 1993 14546 12502 21920 12890 21109 25006 2699 31910 10492 29977 4098 8851 44185 5124 8207 16939 14612 28578 20215 42281 44624 5905 15501 9659 2732 11994 13781 32190 16179 8190 39142 41144 16270 37065 15036 27665 23819 23266 39266 17242 14381 6794 25739 25758 13394 16210 7279 43476 9349 44244 19344 15047 43405 35339 294 11042 14389 7229 34773 22564 36573 23763 2944 7474 33986 44387 10678 
811 73
12290 30517 20316 22447 43236 9094 27556 37298 34482 34363 38285 10519 4870 40510 35277 6216 37012 12198 27394 21278 10751 4023 14938 31110 37915 732 14070 34315 2793 1987 21993 43938 4185 15325 20656 33045 585 13803 34251 26885 25510 25809 44702 14440 23841 10488 15564 42477 21162 21824 39158 25882 20626 8917 19740 37530 14693 41070 44108 10890 6448 27063 11110 432 32717 25554 14765 40919 33191 22369 5750 14913 9567 
1465 71
23369 16066 34595 20243 3319 30638 20223 7004 22676 746 1769 30900 28083 31543 23418 31702 8260 22432 2162 10916 12312 33321 41578 0 16131 12710 18210 41400 20890 27935 35316 14978 31246 5507 18153 22203 34926 2498 15463 4600 31748 6930 43270 16708 27188 37706 22770 7949 14100 32953 16201 26902 6731 33148 39316 442 19210 13116 39665 7739 35799 26784 4605 41556 2725 24558 39924 4786 18155 1884 14350 
2036 72
33361 15952 33250 18794 13053 27597 11557 12130 26991 39239 24412 14619 35109 18282 28650 29912 6442 22079 36052 42347 18659 6252 37476 16056 11818 15927 31602 3533 14492 10350 34274 1659 33497 23498 14558 32298 28531 11906 23242 41869 24922 20624 20996 41246 13782 4055 18855 39882 1084 30114 41908 25079 24995 13735 5915 42113 30641 6045 7436 6780 30775 28888 12397 40577 38274 15696 25566 40386 30019 30848 23334 6996 
1677 71
10294 9835 17359 29140 9774 36805 14407 29787 1264 29069 20476 23772 42082 18013 19366 18337 5992 18904 33022 6233 32349 15519 36363 1005 8356 31732 34858 26692 39272 28251 33279 2650 15371 40108 35021 20871 16466 43021 14999 14957 19374 44405 38824 24120 32887 39145 18319 32905 14187 31770 37586 9432 34867 43636 11880 6024 7890 36762 25588 42751 22024 5568 42561 12459 9714 37654 2248 4108 1442 24148 32990 
3304 72
30508 11257 12800 26588 23337 44352 41872 42761 40722 17893 35740 28791 39171 43383 35859 21790 31551 22871 23915 29844 31859 32913 31661 24105 10626 13010 32232 28056 23143 29106 12747 27182 2277 17452 29421 28778 37643 1220 33167 24814 40173 15634 12967 845 34404 22131 43610 30637 18687 15293 10095 17769 42853 853 120 25222 11013 44258 23061 37534 43204 9173 27282 12335 39883 27780 42016 5493 32803 24101 33577 5922 
1862 71
17240 14144 11491 6006 6826 24972 31042 8244 12632 3273 41800 20296 17592 13682 42157 28126 3442 33984 20736 2598 24735 32959 34238 41060 12403 33437 27869 1262 60 28548 16030 22453 2284 23740 10373 36222 41264 25593 36151 40709 40973 33398 1248 30883 4880 26390 13227 12899 20940 4706 16658 2702 29720 37455 4561 20836 23127 8003 16967 27560 24662 18313 1754 9608 39852 11158 21017 1404 17571 1158 35217 
357 72
22332 7129 44057 30796 3128 21430 7614 41009 36927 11867 13446 11508 32875 21103 27735 23438 14008 16490 15490 26104 24204 31469 34636 25314 34519 17782 3359 29415 27422 34243 196 11055 12195 18258 9840 40595 21106 17693 29326 7511 31736 11424 16263 38774 37671 18613 43676 1692 2727 34799 43217 34943 10948 9574 34298 7950 30339 10457 23635 22381 22027 43671 30028 7285 5373 43484 13561 22579 26251 13040 10280 33209 
1127 73
40040 16586 30109 37630 41735 42324 29961 707 12082 27794 27713 15746 36640 34218 10962 15457 7467 30853 29301 38778 17933 28131 33094 5258 28216 40371 28173 640 31421 734 995 5211 31187 38129 13520 5887 17174 32621 3408 36861 17369 42085 35479 35392 26045 43984 7861 10022 14257 20773 31566 4289 5940 21817 23632 760 42503 44112 765 22484 34676 35738 42438 15315 30143 9527 40140 29220 43733 24495 22501 5488 7232 
3254 69
965 2410 20620 2375 5165 21875 35944 28850 35297 42341 41873 41449 7374 25393 44709 4188 4975 27023 31548 31380 3654 28852 12525 43697 30198 38590 24166 19540 19028 35301 36001 22600 42471 15996 17644 14236 27283 22915 34103 39015 33716 23354 1015 28700 6052 5027 15441 32256 43522 20897 43471 2805 32656 20507 32772 18866 37660 15691 27467 4957 18074 44336 7105 1250 17757 37214 14890 33395 25707 
1949 71
39034 6289 24834 268 43424 22009 29005 14437 29462 10683 21276 29213 12920 18795 15100 27552 13457 34289 354 9641 17338 12862 35646 19147 23011 30039 22903 29291 37818 5086 33298 4356 20900 22921 642 29227 9560 41675 6390 10004 32795 36207 25828 34766 38749 30251 21240 39657 4388 2252 34800 29162 14157 43129 36293 29764 33739 24110 11067 26582 441 4485 22014 37401 17850 39816 13653 8272 35705 6019 19247 
1379 72
34133 17985 44368 9333 27268 36936 20912 12959 26943 23799 32013 20309 43588 35913 31066 33764 23415 33720 36689 29881 37561 23937 35581 35559 10622 12876 25571 30917 9481 1372 10355 5749 33369 43822 24993 34494 22912 9123 12489 18458 39581 24496 19199 41517 41386 24399 37297 30191 20014 4138 30166 12716 19226 23261 21855 26349 39558 29727 8024 27703 30416 20784 12587 26776 11503 31790 37702 12806 6535 15570 8476 39122 
1278 72
13874 13988 1228 19850 9010 7493 19118 9073 32199 17540 32869 42639 37733 8206 43899 27175 29386 27522 3282 22911 8097 11537 41995 39026 19612 1142 23353 9045 19018 40043 22338 37701 4822 23475 6790 23049 37667 9573 15801 14723 10132 34598 22890 38806 28053 12818 33485 11504 14662 14758 38471 35993 28021 25803 42502 7826 32923 42874 23466 10946 39865 22282 15738 17419 3528 11187 13843 9692 9525 37249 31935 19509 
2194 71
14320 40720 2968 20270 19053 26129 11820 33938 44571 43727 18409 4452 9062 41324 35632 28904 42729 44570 38021 16113 4019 9521 41323 36368 40067 78 3857 29939 24446 6306 26586 21686 14979 10411 23677 25916 39233 18242 34509 19 3626 37753 44081 7699 43868 44274 43568 19921 17182 5800 35680 37161 31539 31481 15496 3837 4495 43385 43719 2369 7296 3424 18052 2210 32745 38336 15321 4159 24936 8602 35238 
3042 71
7925 20034 11823 28999 20978 28325 4260 9806 16258 16750 22436 38123 36056 16542 28995 27082 39374 22952 13113 32480 21666 36187 5093 43064 26519 25662 14789 33763 40191 42196 28781 15179 19100 43539 26303 22740 1631 31423 15922 659 3972 42287 41143 33610 39251 44117 22942 3693 25355 11191 44491 22286 19495 35466 18236 25023 5555 31738 23288 32594 3043 40282 750 14278 34091 31314 32593 27498 9553 4599 37084 
168 71
20425 22236 40878 6558 27570 27997 18912 19791 20530 37001 36124 35557 5474 32279 36283 17989 31631 15832 21542 25452 34783 43258 17086 16628 39661 38200 44403 43094 28829 21141 26114 26227 35256 41790 799 3177 36593 3563 10814 12420 27936 18957 23994 39031 42426 23037 35954 21441 4308 17037 28749 36549 25952 38598 7237 9458 22760 19494 5381 24550 14432 21235 34648 43419 13824 40202 33563 26294 43906 14483 9086 
2013 71
7249 8553 40636 10247 24739 14674 10520 33925 6995 7568 4307 42283 43869 44591 11922 34272 34194 6296 4769 23041 18780 12365 718 39263 35950 20361 39744 38711 38703 23181 15054 16717 20125 36744 38065 23905 9341 16606 39580 30129 16770 16645 28550 31737 5714 13431 9831 7656 8505 2601 2908 3678 41363 26258 43770 21683 5598 30720 42008 23784 39663 3731 1393 32598 1160 16431 34633 26083 2399 13201 23669 
3602 70
22403 21740 28542 25416 29275 35891 32048 3229 35716 6091 22030 14238 30807 6368 21054 14424 4079 19677 40582 27892 6341 11005 1 3076 44388 4126 3 40422 25390 3294 21286 2689 44183 11709 18614 42087 32364 25812 5620 30168 39740 36504 1946 38175 44678 24369 16864 8517 4869 9016 44126 12089 39936 12901 5721 7328 8656 43007 33844 32702 42269 20272 20214 23509 26882 42312 17124 26636 42755 41288 
1311 71
11846 17903 7836 41452 29757 20821 26829 40748 31664 26412 35671 31178 24568 2013 30936 29533 23371 10243 31006 24994 25740 42440 3886 7216 43277 22098 4965 22322 24469 16883 1054 5146 11798 7956 2219 5536 16981 16446 6441 42235 22941 1634 21651 21394 38234 3658 21471 37126 34500 1742 12956 17669 30782 4815 27532 21460 22693 7591 7413 42845 20290 40830 35419 26341 24158 8750 3388 31015 371 6494 5001 
3606 70
12294 5700 33302 42047 21499 4970 19326 27647 30629 17758 19672 12537 20630 36822 25478 24762 15774 23433 22937 39617 88 26192 19839 17580 26995 38 24054 342 384 10882 24508 9684 44365 39857 35459 9945 5107 33686 15074 23493 22769 34941 33211 6609 36132 710 27232 16227 1344 29530 39694 14311 23116 18680 34084 6225 29814 12004 10431 41373 40818 12005 27758 31923 8302 12348 6686 7742 10703 22117 
200 72
5452 20866 28691 13182 5539 33224 20717 21955 38488 40264 19130 23693 39550 43619 35540 42449 3426 43748 12581 28136 37884 41091 11150 283 4197 24582 35976 14418 34335 14819 30933 41692 33615 43957 36664 37896 37723 32917 36335 12087 31750 42589 3381 24687 21765 15655 16530 24970 24303 16349 11981 2790 16696 13505 10139 37628 34811 34899 21447 16925 1529 31845 19918 18271 11488 30617 17657 8724 35771 7981 11111 35697 
2454 72
32416 842 36120 1256 21293 33914 6193 30385 42024 16611 6183 23791 18184 2952 24759 18843 33370 33340 38447 38437 1449 32949 2588 4746 7598 9203 28303 28721 17077 41628 8419 8124 32985 5426 15810 27770 14846 43193 894 36407 40032 26077 6248 15672 31931 29423 15531 35815 8201 7858 592 37183 27579 30586 11201 13912 27539 23205 35691 41477 14743 10549 36346 29302 10511 12600 33256 24981 36636 5734 19407 5946 
68 70
2303 29615 27619 38904 8617 26214 25369 16819 10233 4942 36582 24986 40365 28327 34118 31003 40810 39716 20729 6949 34852 7027 41267 33946 32108 40169 1062 1727 23191 19297 27819 13396 36962 4748 10664 16151 1882 28256 20861 21956 11113 32135 13984 37609 12691 19347 29758 35447 3308 32240 10332 20819 36380 21916 34862 26766 27959 11771 21432 28633 43285 10234 23320 37188 26728 13225 23984 12523 14310 35428 
4586 71
17047 18139 2773 37595 12212 25735 39589 29878 11359 4920 23944 42077 15140 26876 39360 21427 3543 2735 12892 38569 12271 31247 43962 18597 28156 33810 6987 8087 31560 43823 32305 24929 17012 32968 34544 43626 3762 44012 30547 30556 20065 17201 20242 22471 40291 20336 8353 21564 13308 38568 41489 31455 32856 2025 27337 25578 24233 28158 10225 41518 34155 8610 24394 11464 7109 34469 32442 37627 27566 38094 3411 
1069 71
15505 15349 32378 3793 16945 4990 10627 18108 30486 27360 16390 14003 2826 8687 28379 43609 13067 23363 1014 42949 11065 25064 23734 31559 22668 20442 23488 30147 43924 29499 18895 32420 291 24750 24654 19605 4374 41968 41435 39282 39955 26435 10546 41670 22265 32023 40523 972 37910 4908 30739 27991 33949 7353 40110 8915 11234 22742 37075 2158 9852 30448 9758 40563 31037 44723 29606 6123 4431 33231 24660 
4204 69
34561 20260 10301 10754 14312 20531 24887 32986 15968 19420 14514 17668 12699 10279 4445 20380 8669 11684 11379 12580 6503 40967 38734 23278 4687 30365 44208 11891 14620 25133 917 20561 40574 2091 15849 19123 7627 37333 10160 31100 19293 9873 30016 35015 40161 41610 13621 15356 26891 5606 37504 23779 32089 37949 895 24432 28261 42563 30912 26269 5255 26663 38681 25725 32828 27866 41508 27961 23005 
719 73
8734 33858 4828 39686 22352 34698 14417 24923 44597 2894 33011 16677 23559 33782 1899 26701 14531 30824 31888 28255 39068 16417 12857 1861 6067 26447 11888 26754 10336 22257 6114 43950 33859 42068 36129 27669 19963 21719 44304 23596 29622 3749 25427 42768 27942 31844 838 15411 22566 23124 26983 13417 29501 28062 27479 21637 39125 24931 42564 16307 34836 19004 23195 41879 19430 43506 14147 32513 10991 28571 15770 20907 38122 
4902 68
24969 29294 6912 18028 3485 9606 26111 3006 24076 19896 14720 3807 33077 41716 27537 22314 39655 39859 5230 11606 35061 41437 40063 36717 39819 4622 37389 3865 3035 25486 32517 11000 31884 11256 24478 3176 38653 32308 18568 8395 38803 39304 5347 35307 5496 16730 41789 37473 35145 25893 26940 28653 41171 34890 1832 39529 18856 34455 31918 4391 3697 34444 27482 24202 17896 10284 3103 14943 
3340 71
17953 39315 34324 317 22827 25503 30918 9445 3345 33832 34477 21963 37613 26092 6525 12222 16798 22297 25476 7597 14753 21472 10480 19127 42542 22012 30116 40143 4552 17017 6918 36160 22717 24014 41685 1447 1247 33322 29863 36261 23570 38170 17793 12381 36242 857 36722 38158 16751 28366 36490 43077 37786 12471 38460 4632 31012 19779 30602 1017 4635 26584 21980 20710 8933 15250 13641 20779 3153 21527 12819 
4567 70
5439 14271 15241 44654 15762 3317 197 33752 34460 23942 15029 11159 6031 40307 30605 11862 24743 7762 12174 1904 13593 44271 38646 38303 39706 30210 8164 29063 40318 24163 10288 13013 26323 43248 14385 7941 22832 11196 16123 28827 43282 22664 21116 22850 7072 13211 13739 17900 23537 41608 41297 30734 38929 34597 17102 35098 8345 475 27636 31508 16554 40160 11010 689 44018 5491 36131 22602 24732 31510 
4925 70
2524 10599 42145 33506 41486 32270 14104 39318 23172 14167 2246 29191 20711 24900 29578 13524 40380 27708 21338 26066 19667 41301 35549 37079 26401 41933 18610 40508 44502 17402 2209 18965 14707 37165 33910 100 28464 1146 42962 23076 25787 18376 24612 572 24918 256 31286 39730 14285 14601 34316 14551 10758 20232 12269 24851 41828 30872 23262 38793 26855 25188 32580 6459 23946 23243 40320 36459 38206 5497 
401 71
29506 13810 18558 14150 30911 40024 2669 43382 28825 7010 25210 17426 6531 40342 29551 28511 3258 25 4836 19217 23515 35329 34901 42873 8286 44594 31555 20521 1563 19607 4044 30903 26809 33015 30551 29446 26386 34835 21909 44499 7680 20364 41230 38754 17340 4801 28745 14025 14595 22733 27233 23675 10923 978 9988 37820 43010 15292 9523 3493 8454 11360 4963 34732 28441 24081 30134 26545 1027 16047 10587 
360 71
21008 33012 42076 4592 36433 23096 136 44740 44633 26877 5756 32132 826 26889 27895 41248 31047 1049 38891 7079 43890 14688 15215 24256 42286 535 24517 3551 33255 24769 36611 7778 13419 41855 14660 32555 38842 40519 24131 18121 41512 35369 17800 3902 23995 1307 31091 5408 36925 34678 25126 15 38776 16497 8293 7181 4659 18910 35730 32898 5891 40970 36180 27219 17110 24355 14813 2218 13056 32822 30236 
3298 70
14705 41202 557 12041 23746 185 4029 18683 3538 25131 20200 31154 12450 39159 4986 32725 35008 26282 15566 27950 12708 30935 19757 4210 4696 27475 43042 2309 15079 9851 1707 39235 31410 1886 13888 16189 25245 3806 14280 25496 16959 13979 20006 22187 29745 40656 3337 32167 44471 6468 1414 40560 26368 44450 24559 33553 28424 15015 8618 974 32065 10472 8905 15879 13299 36468 31862 16657 36589 2188 
866 69
24740 37959 42960 42017 3149 28362 40226 26286 32106 33408 41688 18206 17364 18467 30155 22838 10371 38987 21473 2683 32597 38856 39590 14014 3071 36442 32927 25513 31619 18492 25730 13586 38450 30995 8527 2156 36727 1664 17901 34216 27595 29850 35785 28447 12527 15388 27785 33394 39363 35152 14506 19481 40385 1737 10786 12464 23372 23390 28164 33825 37260 7717 44009 39328 44055 1945 3841 43311 28100 
2112 68
41969 31646 1224 28123 12553 22909 5629 19934 24009 39954 34616 25230 18903 5759 36193 30682 18215 25388 16899 30338 15272 4456 38315 27129 38448 19150 23662 16447 13716 36298 30301 41794 22883 24067 25435 7384 39311 39177 9395 15543 26752 9901 5081 36999 31086 37864 21752 27104 37118 28077 1766 13105 25579 31267 17568 6843 16486 18871 44533 8457 16064 16317 27903 15145 32724 40446 30964 4258 
768 69
23549 14689 10885 6186 30613 44697 23428 14897 24048 35084 13516 39473 34109 31441 16705 39219 43068 21220 43162 17556 3746 22608 19158 23591 2705 16687 26449 3326 7895 29885 33452 24859 4069 41251 42381 15600 23738 32910 10535 6892 18480 19797 1710 7503 2707 32825 36829 18549 33515 26490 32545 23145 8891 17074 16311 28997 597 15155 19766 13012 43186 31729 13184 7809 32446 5454 14109 30175 6438 
1914 71
9820 27605 14212 25852 23159 17358 25527 21414 43833 28917 32415 42263 5065 36140 27217 42483 15142 14611 14751 25004 25372 6814 30920 33540 28861 13430 23767 33772 8415 7196 8086 16004 29457 42891 19833 30563 37080 9583 12972 21742 13362 19949 9763 16684 26256 43220 35628 17377 27378 9141 13337 35440 33086 28031 23210 38040 122 7472 37572 797 21203 31979 5633 21591 5301 16075 6681 39607 16631 37676 37646 
2542 69
13433 10417 20045 10800 1361 12524 22686 32585 34105 17114 41852 44066 8007 17002 28573 14708 41726 3284 44523 6102 32866 7304 41069 19439 10534 9439 38192 13276 32804 19906 17875 19769 26039 30156 20481 35262 14290 11871 25548 32011 16324 36782 19137 3819 39250 6025 38408 43557 39276 41926 17930 6982 34268 9182 6575 24589 20025 29126 5424 175 43638 11564 867 12177 22052 44690 25106 32916 5821 
127 71
9782 37193 21019 646 18375 2934 16187 11053 5934 25998 26651 29700 41186 320 18634 40384 25727 22607 7882 3422 19596 9331 30103 14193 40944 35027 34317 42753 34881 5494 31968 29589 22101 8096 6396 24982 23993 5103 29120 835 7806 42790 19567 1400 17428 33530 39768 26747 36592 11347 23225 2247 32864 7783 42372 6017 33560 30091 4482 5860 34225 38900 17029 461 18290 23095 40759 5190 21622 31542 27026 
1758 70
4071 4580 339 35122 26385 12433 3274 5376 13955 19225 3277 12354 4283 16664 2251 30321 41749 42754 247 38935 1472 33446 33735 39114 15678 16850 25042 13228 42649 25992 29941 41385 6863 30087 20409 33590 13409 36087 24857 40938 42282 3430 34546 21554 51 13423 36420 5315 4033 38682 15286 8077 15954 39970 15442 33084 11253 40569 28532 9499 8282 10533 10787 40231 29282 21301 31032 5272 3267 42719 
885 70
31461 29159 37072 31769 39778 23078 14766 27324 39023 3795 31817 32982 34297 21297 43872 43799 6738 25525 27333 15249 26767 13327 37466 9274 5464 16033 34347 4900 43532 16532 21635 40597 13165 15061 38879 22481 13129 27671 28839 2646 25170 44736 18239 42713 90 18862 372 29208 43239 10512 36071 27678 3889 39452 11905 44446 38104 16502 20637 37526 36995 16252 20744 2684 25918 39049 28874 38424 24135 43983 
3125 70
34081 40072 28088 15822 26162 24072 34579 17566 32862 21965 19246 20663 42298 19993 669 36046 9630 25767 17388 26460 34336 15403 29906 9777 32571 43712 31880 12765 5789 15934 7133 21329 28140 14009 27930 44011 28005 18624 1684 42000 9946 26314 12181 26102 33500 36723 3027 34801 41513 42785 37924 10010 25964 16306 33037 24108 39200 22421 19450 26708 13278 18012 32507 7412 37305 10655 42034 30302 20204 22444 
3220 68
30735 35618 22803 26171 37394 9880 40966 43141 11118 24965 13500 1617 1499 20709 33242 41273 18169 32648 39225 254 24577 15773 4797 8319 932 12249 27811 41279 39240 38042 6295 11810 34672 28313 6337 18062 42344 10053 30636 24675 23178 40019 8661 19641 35046 24246 2486 31133 39811 1171 41097 28413 11415 31614 25629 18793 9105 19084 22275 30837 33129 21859 29908 3651 12804 504 32177 33631 
4093 68
11673 29053 17294 18234 34524 16867 13839 27890 16196 24658 27910 34402 1515 29927 22616 28520 22889 27954 26493 3873 35597 17796 43249 18925 24026 26421 32022 2787 21352 14315 19172 3780 16336 36526 2899 9761 17333 32181 12486 17439 17104 43082 43644 15086 3909 12376 28878 24193 15445 4550 25031 15435 34911 28924 18622 34083 43442 35678 12298 43745 21969 18039 1331 44192 32019 5062 19887 17456 
3839 69
31668 31298 22641 42897 29627 24519 44341 41696 32961 16665 26778 28328 30309 12205 22587 2641 33715 26644 33957 39770 33476 22083 34406 21515 26388 10176 12625 26175 27410 30914 19313 36623 21663 38627 36279 34564 18008 42953 5166 31897 5705 2690 18989 36819 3788 43255 32187 6908 40960 43542 40382 37665 38741 26587 4035 37758 10614 32285 6149 29770 35816 38349 34211 21075 32026 17532 26502 12829 1876 
4131 70
26466 17166 5125 14803 21487 7623 29006 21320 43320 43763 30468 23177 12508 33766 34063 28563 43323 39776 29979 5471 13859 6457 731 20490 31271 43110 17929 17853 43982 14764 29251 38099 5221 42699 20401 24361 31515 28043 5087 36142 30868 38689 16281 2922 21620 23018 32333 806 19633 21771 38240 35128 27751 27555 6781 28644 12589 26352 8053 36907 33678 20607 39631 8503 4099 18973 13403 44019 15341 1086 
4921 69
41562 12822 11324 31994 44120 34854 13791 43402 41011 34910 27174 9838 19576 7168 33118 19063 15320 22987 39084 3991 4684 19168 27746 13080 9839 12345 1906 32237 15526 1865 26694 10112 12410 14884 21761 4245 35857 3470 4213 10471 24461 16011 34538 34866 40812 19899 5269 14382 13873 40737 11585 25759 24333 29101 23395 18820 4480 1349 32456 20261 29293 6273 34166 25987 5257 30159 19550 38892 39962 
2092 69
43714 22093 20434 12889 39268 25831 14750 25113 16137 26060 25445 8624 40268 41607 36332 26619 28153 11975 2412 21933 9124 10940 14386 11963 44016 13000 10545 27185 34975 24301 38397 4921 20101 21229 385 8211 9389 5830 36569 9693 43379 29822 12000 10481 13817 11031 41378 34994 15181 24199 36203 30690 5250 13126 31722 4345 3184 22067 27644 9443 42333 34318 17162 19014 39462 40733 1783 16287 15897 
2179 68
42726 20586 12791 8831 33280 44473 19343 32251 14139 6520 24673 9353 22960 16115 29930 27387 31231 25807 11271 18465 14077 34543 42991 14726 37565 14276 31907 31119 5123 24483 11362 44027 40917 12517 12937 26376 20753 43155 3189 17259 35332 34755 25639 1009 17932 38538 16495 24358 9475 9724 8570 20968 28822 21312 28556 19301 9272 2696 14895 39120 14329 44228 20382 24790 33070 9662 1483 41289 
2952 69
30707 39206 37976 15246 8022 19102 25354 16590 15853 3298 18526 6053 6669 25305 10138 12296 17938 18416 26873 42951 31427 13323 10162 37645 21739 2266 1504 5726 33149 3111 19838 4366 42215 40292 35226 28683 44447 15868 39484 24188 16622 24756 32465 17983 14177 8048 36319 41238 18767 30634 36467 32605 9528 8532 23377 41750 8722 23074 8192 24614 35480 30031 2007 24509 39048 3516 19426 39717 17440 
1112 69
14747 2167 22300 18842 20814 24471 24991 33942 1978 30257 1135 6073 33699 2418 2825 3375 18088 1242 40525 21180 39300 31428 15803 10166 37485 14427 28500 15813 9896 15017 8588 7896 6140 41576 22252 15708 4753 22207 7484 8714 5279 24248 13006 27409 23863 23166 14303 8772 2203 35588 18127 37034 36294 28395 13651 296 13226 9136 33931 12169 4342 7586 42554 36012 10218 39108 239 35802 7208 
3424 67
17552 13595 11527 43706 42342 38331 21354 32193 26170 35793 31290 16233 16288 36330 27673 24645 6135 4537 5707 12620 12753 8441 6586 21606 26770 6726 18994 23507 2147 27753 1713 42637 20279 19416 20447 5118 24751 44205 28628 26554 29851 1839 12989 33442 31870 38226 32086 28434 30498 18331 29144 21756 33417 13192 23130 22134 39046 40809 38638 29929 725 12717 32548 30052 43796 19749 4328 
782 71
30774 41495 13106 20611 34087 44383 5879 6332 26360 27484 31733 32189 18814 26065 27318 32396 23828 44412 28181 2985 3104 13994 25081 1823 19753 3022 38594 27810 14853 21300 14716 9058 36747 38001 32206 4145 15168 32300 37954 44007 39781 22828 1270 23431 26801 39326 5501 1513 11648 5826 8440 152 44513 8064 18849 34996 12283 43767 38604 19232 22317 23315 38652 1869 19388 6838 5110 36169 7854 38951 6139 
1684 71
21121 41903 42379 9371 29366 33507 18708 1219 37273 3675 38876 6662 36329 13219 2550 10448 43138 8175 42867 9153 521 30768 11289 39381 21940 38930 13030 24429 29588 25225 35817 3122 42801 21864 532 36929 41374 37790 11500 7685 39918 1912 38520 42375 24109 44598 28968 23543 18049 4820 34586 41791 8793 14604 2002 25007 35095 24680 39526 21056 24245 39056 20317 39313 33278 18104 38840 29513 22782 41488 224 
2984 70
22611 23963 10188 24755 33616 19587 12263 5033 3395 4142 41007 16547 14486 39761 26529 9435 289 21774 13885 34311 675 31673 15422 38233 36439 6305 40031 35237 37377 18208 25631 36006 38615 2713 41469 9415 25910 29409 812 20320 5440 43807 31882 4111 20995 36673 18235 10981 19188 38380 16847 10111 38068 6512 15856 20951 4020 1161 9320 34390 21600 20231 25141 14876 36874 10571 41401 22428 21917 26945 
1870 70
40686 32139 22695 20538 35567 21046 10583 7837 23283 37461 17059 1845 19064 28800 1626 14738 43454 11124 8954 40607 3246 27419 2140 9811 5368 43062 15328 17760 28738 41406 38475 11331 5142 30887 1803 6555 10182 36957 34047 43553 15423 34927 43910 26266 30387 27389 29085 40593 14793 13574 29883 14630 31810 11428 8182 7850 20659 38390 37721 40948 7400 37594 23964 26762 24962 43693 8143 34942 13406 30197 
4037 68
21341 42428 4838 42509 5045 36075 25379 36155 16638 33218 28207 30216 9128 33044 8742 18345 24402 2087 29254 31538 34775 39422 35357 2590 44286 24810 28106 1675 42557 39189 23471 5057 27858 13900 39438 42452 24162 10870 22351 39678 23747 20037 40763 23231 25697 5706 41802 6734 37801 32735 37317 11514 24298 3129 8431 11913 36410 22043 40579 10469 43221 44359 6753 10187 20902 1024 43126 31811 
4 69
40064 40258 18075 5941 34834 31864 9749 11910 33120 26683 21850 33621 22125 950 6824 38428 140 8822 44023 40814 20949 41263 42484 31948 26194 33286 19673 41119 38906 5467 20468 17963 33778 17039 28789 36635 16333 9533 32958 38523 42681 11863 14584 41418 2432 39338 27624 16928 365 21253 40583 44340 15589 4173 19355 15560 2597 8999 3759 1470 6832 32411 42625 11807 24761 21894 7029 6786 16450 
1559 68
33314 36690 5542 35113 3299 8314 11339 20910 32213 2382 38976 7817 36588 15135 21243 44599 2462 41034 15796 28558 17550 41769 20762 32102 3617 17722 13474 15204 11607 22622 32463 5797 21928 27672 36860 6954 27214 1983 24852 27270 16168 11794 40265 16744 662 32612 16560 22110 24121 36068 647 28652 34446 43404 10610 44163 26143 19748 5487 115 25088 24194 26741 17922 33759 22104 30619 32676 
3245 69
740 30030 36143 38584 22080 43063 5993 28779 1031 33656 7686 29160 18594 38789 34376 13098 43406 42148 28146 42456 33026 17771 1066 21945 25708 14190 20017 21409 2616 4337 12902 23851 15532 8761 31454 38960 897 44562 1030 2523 25227 33043 25071 38361 2027 25137 22671 23710 12017 28192 20103 43737 36875 15780 36141 32250 27075 11204 18524 41910 15820 41124 7535 6868 33732 24709 9065 10661 9509 
1805 68
6940 12675 22983 41428 39352 35167 15735 12341 30450 34921 32626 34504 23965 41258 22917 25117 20772 10103 33194 12868 6537 11149 7632 13841 10636 26601 5550 16280 39493 103 33488 32876 4203 33397 36632 20790 44086 30676 19859 27881 42864 14050 2762 9705 4945 11715 11576 1606 35577 42187 9505 2490 21512 7722 6365 3124 26108 15540 32373 2443 127 25461 37471 6943 39324 4270 10453 22959 
4380 68
35825 26371 13295 10592 42848 17093 36402 3405 29617 20370 12344 41161 31903 14935 14879 39384 22978 14397 17834 17920 16895 30704 39390 26974 8212 31945 8299 42383 1429 43008 9540 22268 6620 8059 26372 9277 24871 9290 36361 26977 41367 1795 25821 827 30977 12020 25142 39711 28409 7149 37763 15242 970 33801 30650 23598 4225 43160 27477 23609 17396 19842 41526 20808 43601 9712 33170 10347 
4961 61
26325 29195 3455 8732 11058 17993 42091 18431 2701 25406 14355 44038 8849 13904 32080 18510 1365 34187 11218 17247 38978 10877 1352 14075 11343 19920 41421 9855 39211 29972 24425 38120 40638 7088 3646 37690 31204 13605 43467 6303 19093 40121 26955 5164 19994 38166 38301 38457 5956 35569 13528 42410 2802 40057 18829 22961 16202 35071 23287 43179 39192 
4960 64
3613 868 3608 2859 29946 28134 44595 38310 22687 28889 22146 44558 25124 28009 40242 29172 21450 16273 19312 27208 27546 23820 34658 25927 28505 34886 39524 39340 19384 35050 40213 42164 4865 12604 9546 12382 36390 7111 34219 38529 17891 27843 11665 20042 6993 34472 149 14378 27435 15289 11683 17974 44367 41860 1143 8118 41834 16271 10770 14530 12389 24778 37364 23627 
4959 64
18318 31818 32321 25337 9698 29893 24813 19033 34738 33035 23059 15068 33723 26591 4969 766 32453 10153 33040 12309 36099 5449 37041 8294 9746 16674 7290 43088 20532 17595 23645 15624 18171 14682 42015 6028 14199 3703 36553 31120 18952 850 17832 14736 37919 9928 18690 34395 29482 22462 9397 13018 4034 27806 34566 36789 35121 21983 20596 29653 23128 41207 901 6326 
4958 59
20201 42092 24300 18807 19501 26696 38532 24111 6782 17154 2104 41398 15546 13209 43751 508 43493 20600 26350 3701 16372 14250 8784 7735 31783 37691 24501 12391 24952 41625 9569 17683 21536 25567 41921 12836 17125 39650 33527 37593 3165 7244 20457 26710 3978 13494 7921 15137 35663 20791 41150 33289 18806 19209 7872 41643 41731 26257 40853 
