788
9600 18
84139 64856 87758 69973 48526 67015 29343 92817 19053 99091 53341 35134 78409 77425 84785 36851 83775 56260 
4661 14
17597 72713 21867 81257 24216 81821 13396 84872 42756 10589 97597 429 3276 51616 
7025 11
10805 52644 5509 19809 18708 19506 81812 76817 98482 33186 52788 
8005 18
66483 43568 69565 63014 7518 80374 38757 58998 22715 2171 98798 11769 59779 50403 63729 75201 44049 71358 
5227 13
47732 7672 83714 81167 46717 56598 62742 40790 20469 93187 33407 74622 25082 
20 16
79689 88220 54544 82710 37314 92494 17453 60514 83263 6642 46404 70902 21904 68344 99671 56269 
891 18
5752 87948 33768 39858 68095 74930 64491 67375 77788 69921 44791 76477 88916 10855 6322 25101 61413 79752 
5337 19
35646 73977 34927 64465 76649 89116 672 64741 78638 44852 25542 89207 91595 62762 39789 85424 21581 83241 24497 
1952 14
12985 71355 91043 43701 57365 31511 33240 63474 61733 90973 42604 80224 96773 41925 
896 17
10622 51615 84771 65633 73411 55381 17942 32544 31190 43258 23617 91672 27111 56854 95797 72230 11746 
4367 15
21917 17724 83811 27337 8973 83027 16329 55056 17410 44992 69318 72896 65627 92503 62775 
248 15
45880 9102 63932 7283 42868 33656 4364 21590 71460 10590 14983 41047 41711 31765 99836 
5318 15
34553 38493 66705 59135 94052 29359 71731 37329 35842 77232 8678 75354 37444 13447 36895 
1373 17
31404 18763 35685 41060 83590 43493 60932 53709 44301 85717 54436 40442 65244 89229 37280 68101 18782 
1605 16
27546 67683 73338 5860 56570 6332 16775 7431 29276 43937 88548 56505 90702 33567 19402 37550 
2819 16
53398 37738 73219 94870 3543 84131 84230 49564 70051 75810 11173 30728 37410 66875 43177 43189 
5390 16
26973 91957 41659 96555 76674 98409 37734 9937 80485 65140 61675 83944 32506 75021 41223 41258 
5143 13
53407 25487 62203 69451 36913 10096 25367 26250 84398 59519 97316 5084 12125 
2109 16
59548 53017 16081 19152 43212 31327 9177 42324 84424 53156 60640 39183 32541 35173 81350 12460 
3394 12
39436 15939 54203 95135 98924 10310 10938 58482 2863 41598 64967 93786 
2493 18
33551 79579 43399 39918 33432 63953 32355 74389 42085 15829 40108 95617 35806 8519 57871 76814 83473 58246 
3245 13
16918 34803 16529 13640 17762 59501 25424 44312 92454 53768 23154 38197 12848 
6975 17
48375 11224 14249 24245 46325 79796 93470 98257 75636 68997 2698 40852 50699 99874 2149 88140 94171 
3034 20
44302 45572 70245 1035 25349 47277 50059 69266 18416 28057 88522 91869 31629 64024 67044 64825 65198 41881 86482 97841 
1556 15
27036 94060 19297 39198 6231 10303 26954 70486 16757 67871 40897 99500 30508 82565 18307 
8887 17
19827 12560 89506 96383 42539 41297 74971 45450 67211 73556 63045 69321 26988 19482 50060 87881 6956 
9266 11
36294 41799 23035 21046 56308 35622 48502 34632 60879 79672 43016 
7280 14
80899 6392 93565 38742 1658 5116 55355 35081 2535 88372 35778 5917 4380 86327 
1549 11
52239 47431 78457 39536 92602 36648 5245 52007 61854 98461 25013 
2565 14
67723 13699 60170 1357 31243 98444 90677 53394 60023 92265 98761 1581 45078 77450 
2761 18
63322 51499 23168 66730 35400 27433 17870 43486 75348 51639 99504 41063 47506 87746 13609 24111 94016 32886 
444 16
3077 53963 55257 36998 41619 80636 50386 47515 84956 31693 33829 47918 75863 21992 25777 94801 
1557 17
3194 79620 23157 2858 11168 5566 64895 5543 85028 49134 8127 13668 60485 657 24504 69284 23294 
8931 17
44975 46470 56908 78860 19568 95780 85129 9389 68618 14462 48430 99045 14270 73278 51296 64479 79669 
6857 13
15612 86137 18415 61611 70698 716 20089 62817 68854 63757 98015 87451 9302 
1717 15
39173 70544 87759 18282 63071 27712 42087 50955 30082 21343 4069 31460 64919 69813 51369 
2126 18
91307 15433 24695 2994 83515 37437 39158 5152 33272 46775 80042 18221 79908 75921 92653 6266 16653 14772 
1737 16
11483 75184 75599 7055 41108 1912 35667 75169 18610 63090 10209 39513 96574 74518 28258 7610 
7050 19
53270 34199 13613 40683 37230 11958 63853 85014 79055 21397 54619 37315 66657 45019 57452 39815 41269 35575 6540 
649 16
13206 32687 77560 1987 31071 6013 77909 16961 57234 971 61901 64470 43976 67689 57763 11228 
3091 14
5660 90370 33403 33875 78266 8607 29249 64373 30466 11278 50612 37800 86977 57247 
7645 15
54916 5565 16202 10327 80297 74489 11713 51951 98631 91775 7549 33181 49720 38206 28757 
470 17
58852 50532 75916 71140 7128 85789 84614 84978 34263 30681 84652 60568 54586 72655 42465 65050 72346 
7739 14
69544 11215 42148 58625 93056 43944 96318 18705 19893 35185 34932 17861 91052 14132 
3737 16
43158 47737 85327 59688 21489 49181 88312 12565 21407 70424 43515 34756 68991 84845 12217 59149 
6916 12
11809 72127 99970 50484 73880 52775 69602 41285 30454 70456 28824 1234 
1559 12
48838 83093 90715 51878 13735 44809 57844 91615 49428 21448 94008 32310 
7841 18
53855 51679 13603 47100 18316 24318 91832 29602 29245 38953 73346 48987 34294 17413 32406 72893 40280 92195 
4284 16
20698 72299 79590 23103 39219 74488 33387 94524 79501 99442 84059 55489 91306 76024 95026 40266 
5286 11
53652 84511 47790 22812 74002 33603 27086 4117 94415 60639 83647 
7801 14
92511 74929 34242 64579 8998 53143 52343 42360 9805 66911 64401 67131 5417 46320 
1989 13
61260 79182 39893 85142 89037 24761 80644 60870 97175 51836 64154 53033 70849 
1420 17
76512 26410 18028 72371 28783 88102 74425 89894 11526 24206 24401 46426 80524 39276 82035 1597 84686 
2722 15
22626 30535 63545 91360 58239 98911 89796 75712 85352 91586 72772 2495 75932 68648 63596 
663 17
61535 42913 52132 21828 721 17212 91194 65858 43553 73079 13016 20835 85305 24566 4304 92994 16357 
3267 18
31347 19951 74437 21116 32154 39327 74502 6432 54747 30344 61801 37906 73566 32751 16456 31974 91120 34595 
8261 12
69785 52714 4281 1120 14258 4423 91973 78430 93877 36050 13211 52458 
8260 13
8391 43255 81941 63560 47005 35133 92119 2337 83122 75316 3518 59725 87805 
6953 16
4460 44169 71259 13413 40597 2391 45821 54548 6931 67642 46259 29728 66523 84887 52169 46501 
6423 19
16915 6832 18339 40246 95350 95909 60935 7116 51462 64766 77451 59936 10228 83681 23991 28524 9657 92164 29438 
4750 18
54443 58125 83605 96351 27589 65542 37091 59189 38488 12153 20032 37214 36626 68822 89323 5762 88763 71773 
5589 14
28172 30920 93461 16716 18607 63705 41680 8447 59911 7436 68026 59009 32515 99825 
7737 17
32276 83212 41993 14995 95552 91654 90138 76706 46327 17918 77702 12538 99172 73796 42927 62385 13038 
7038 15
61179 99644 64379 87874 80352 22970 34793 74706 11272 45102 70019 1508 43484 16268 19777 
2269 18
13151 68373 36013 77141 83406 7341 54550 37632 27432 24443 96431 16400 54049 48995 21349 79711 60244 96225 
6960 15
6247 71899 54459 19748 38352 10844 72698 99689 50433 14405 67911 82588 69862 36781 61486 
8226 17
55921 97687 63151 39877 1389 80110 32452 91670 94548 39729 67199 23282 89734 62583 32778 42020 1636 
7179 16
58721 36250 2258 41750 35544 38619 22200 37668 45570 53577 47013 95940 22705 64217 59713 41291 
4397 16
58227 62566 70596 57816 78149 18659 1045 63839 88370 10042 47282 61075 41856 22832 5263 27853 
9923 18
37657 53462 13489 32353 78867 1762 59906 9711 97093 91828 54496 72372 81253 52952 75140 29856 73896 24032 
7838 17
41456 59223 32256 4101 76370 11511 81182 23853 67961 44332 34832 10875 44970 80912 34154 3645 23441 
8591 18
31632 10379 50910 84079 55863 31112 79328 4367 30074 78446 94483 64419 92938 60267 60237 2595 49613 58214 
5888 13
99563 94808 27297 98551 60794 79815 82769 37781 79012 86405 363 70538 9853 
829 10
55346 64598 2020 87347 79013 57872 84083 71741 11202 26965 
5635 19
71504 43377 86870 58156 54205 94606 61221 25642 60210 72732 32143 57236 21248 13394 85062 37473 76916 50090 23086 
2276 15
16594 88880 49600 40974 53887 39529 60061 28198 83080 75298 80809 50057 59168 43859 22235 
7474 16
31076 56439 46285 10368 56389 96179 10447 37821 50513 88361 26720 40882 74623 20262 52192 55913 
4437 17
80624 51678 39214 93000 87815 21619 40073 9398 43054 69434 59281 47173 58316 13497 3701 87657 30799 
4364 15
21995 61301 70129 34699 24242 83347 15208 94136 36672 34216 95358 7404 30905 33386 48440 
2671 12
82516 20662 14228 14101 80477 15463 90416 44181 35286 8859 37061 50145 
83 14
28287 31628 96069 41578 13463 65409 73003 68141 43912 83179 85294 80483 17989 20825 
3719 16
98025 81004 47367 34807 37449 80832 26483 7953 41713 74216 89283 90708 38987 23489 97039 94938 
6634 16
48981 86293 2045 95224 67365 10566 14480 20397 53104 11963 19258 14221 20489 76078 92692 73348 
7294 17
9222 87816 64804 14773 92094 74403 83381 24763 83796 14520 10973 23108 1412 79261 12787 55349 21556 
2497 13
10644 81091 80191 90565 30941 41298 89009 2357 95546 66535 33888 86828 11387 
4506 14
46480 38358 68459 32001 63107 98349 69560 48250 39993 93152 7121 5368 88297 9268 
9647 18
6639 93830 20992 36874 22523 36307 29392 69201 25354 15121 35547 14951 3723 46419 25514 24037 95318 47109 
1899 15
23284 60303 1716 62989 58204 27669 57857 20237 18414 54589 9339 32672 93748 42150 25893 
8491 13
4389 80719 82891 37428 5234 88268 42344 68262 20648 68583 77569 92674 21546 
2569 10
58602 1433 92608 22442 4156 21041 59744 472 42661 23467 
5966 16
49097 54755 19845 83074 13419 31161 68638 84774 24337 44632 37855 87237 52220 27856 71086 32717 
4381 20
21975 38669 40460 75947 18215 3505 1852 49126 46161 24950 38524 81256 47841 58217 4894 89736 1734 31979 50195 54841 
2651 17
87520 40436 7277 69343 6709 84919 33345 15485 51735 90615 34930 303 66504 87639 35995 98402 89695 
1004 12
87426 7509 2399 71234 62479 24346 19231 71759 40950 77426 99535 70011 
6115 18
63877 83165 74708 46716 63246 1292 8724 77082 28690 31377 25374 87223 30659 20120 15175 37543 61183 7852 
6441 16
69323 78139 30909 89384 5683 2647 32392 48752 68267 9868 88836 85948 74361 34475 25434 72742 
3582 17
80462 28494 14335 88029 43056 13643 86128 13664 23399 48784 1667 77727 63887 75225 19435 13042 14870 
5926 13
35943 78192 78639 40395 52752 97132 71833 33209 87561 66234 34786 18542 59526 
5263 17
73291 34601 15260 64389 38744 35600 83457 36344 21385 805 41725 37405 63602 32725 78398 27573 90365 
5108 19
49875 34110 59575 23862 64238 14232 33685 79332 12918 38650 32043 94578 44397 85404 22017 81021 35036 18639 64626 
9255 14
80757 17705 54473 12490 14871 40739 1875 29485 19731 33025 69499 87929 10121 82545 
4766 12
52953 53045 60239 17846 69725 54867 10654 17282 81859 85998 71815 3503 
7479 16
70357 14401 18725 65444 99231 35496 2043 23819 84395 73378 37020 48569 72613 87337 23657 85975 
136 18
59229 44802 13761 40032 56992 80739 30890 62274 59705 77442 58009 96918 71630 26421 98607 43787 13762 82340 
7225 17
78072 73600 47987 45480 63833 14124 75726 63591 38174 3716 39801 71984 47729 71888 19301 56892 8943 
1771 15
46295 11951 47898 6637 96817 2411 9148 73579 95955 51819 98109 6126 66674 51469 93029 
4535 17
77091 28322 69520 66425 25667 36600 7516 58582 4879 96236 81877 60973 57008 17603 59703 30949 28816 
2181 12
88255 32199 52521 79324 473 59218 40055 26882 41475 37824 66690 45781 
3529 10
92291 71227 75927 1810 25057 36293 3068 80431 31928 65857 
9863 18
64221 5681 21622 37999 45952 87376 61288 51019 54906 4296 44175 49458 13687 44851 37145 19321 92764 66438 
4177 15
7032 6626 76985 62027 7074 83485 53773 4981 92357 55037 7999 46104 29695 96601 46241 
1915 12
41270 38654 15968 76080 42436 53905 28859 80609 17522 22528 88549 24537 
9160 10
31683 3972 4618 73769 32719 89403 86929 96777 8302 97387 
5134 15
91032 93992 97031 41345 78271 77120 73307 68890 41570 6727 98153 79664 97582 10421 62796 
5171 18
16578 35832 10543 49129 52278 98516 58294 59834 71222 53013 31258 22050 72316 8111 32968 57161 30835 80163 
6213 17
63457 77424 13393 29136 94635 72552 46054 82724 63817 51875 9811 64840 29045 95472 58212 40932 82901 
5202 18
18250 60356 31782 86155 19273 21096 65496 84690 58369 62898 97824 34541 24818 87187 84619 58381 70761 15311 
7625 16
39690 98958 47819 32089 57240 18098 74305 34769 99362 523 26625 14042 77960 55714 36828 34218 
4387 19
58918 94306 31932 40894 87709 35950 67898 56953 13442 5374 25562 72096 9395 65472 72884 58327 99666 78543 40262 
3156 17
60921 70022 41816 44433 17659 48445 93278 41314 20300 18056 82727 50115 5883 69169 68184 43827 94725 
2652 17
63502 48851 9734 65446 65701 65834 15734 46407 67212 89908 63606 81516 91425 44178 31093 76209 22805 
4556 17
32157 40510 57800 36222 87866 37414 43049 15115 45034 972 64985 74165 54089 33926 76785 91644 64604 
5313 17
18388 9801 53210 80434 74021 60437 81844 69937 25944 46276 84725 25581 145 82066 50286 74841 20380 
5707 15
55450 94206 64178 76052 46879 82908 45800 24447 88993 29307 1421 52522 69918 49598 10591 
310 14
58340 56999 2192 17185 14930 83307 9345 99948 18449 22665 91758 75665 53010 47216 
2222 14
6515 86356 50365 80824 96638 35595 85718 91389 52052 12172 50142 99039 34229 14026 
1303 11
10712 38393 86784 16140 62938 57796 68932 81411 61669 69822 81156 
2510 13
36151 20151 88952 51299 410 90510 94567 68356 58544 39652 58393 19813 70989 
3637 16
84024 50052 84656 84154 81107 47957 51291 17408 99429 71024 27755 82504 62546 88626 91186 68597 
1229 14
79616 90096 42863 89893 69387 11794 11142 52749 50904 8896 76472 60936 79141 63469 
6913 17
77077 83790 14559 46107 90774 16714 87433 64705 53882 15183 36458 28372 46861 47134 39853 7138 5856 
9517 15
24720 97001 52964 64422 61144 58949 51558 91100 76115 97254 88018 25943 36928 41155 65632 
1269 13
88351 83339 43551 83487 16327 69219 42034 65460 21019 84144 65737 31493 7718 
1241 18
29536 35438 31753 25953 30381 22364 6017 67054 32832 86125 58465 64170 38480 99029 90313 34500 47856 33262 
4068 13
72005 57186 46190 73470 64187 19220 53856 53021 24237 93308 25918 48269 79609 
9227 14
54980 75128 42200 67461 30542 63726 66562 43939 98859 18981 38461 17766 14391 27902 
2908 11
20969 46658 56188 41295 34005 59140 84953 82047 50659 56549 9530 
4631 17
80045 80217 49982 43970 9577 98260 49649 66446 52408 56132 15196 40434 85608 74390 6866 489 63708 
1481 16
74501 57324 89739 21795 2528 78483 74128 42698 23414 3516 69948 33411 18457 80569 18694 39013 
8751 14
47966 98134 97838 72545 86186 14149 95125 2229 75430 64277 4492 18817 11360 5650 
5958 17
50632 39305 96072 60735 18850 55717 4648 80130 47287 9834 27937 54633 39710 60812 47833 13552 89182 
868 16
24532 71352 20414 52243 47902 44131 17941 98580 50525 50252 89428 55200 38056 19436 48775 4022 
5971 19
29132 22135 38344 22971 30555 74513 36326 83747 37400 48281 66882 70249 29902 46878 26586 59170 89985 17058 33269 
4402 11
12941 59661 92752 56187 15847 94612 47813 28026 31459 77337 4185 
438 17
66969 35391 83889 35054 42082 15813 80223 11330 66175 69232 60434 89610 38629 79345 26861 63712 27092 
3229 14
99601 45433 43290 25510 60149 43248 45081 10429 35511 9100 76434 96380 65445 74019 
7709 18
99195 24499 69407 9816 71892 58854 6194 78733 23021 56021 67654 91415 53259 88615 70512 80735 37972 17174 
7071 11
83596 32802 54358 83688 40860 49768 61317 93910 72570 67657 28620 
1401 16
21662 36831 32087 99567 40839 88283 25313 59882 89744 35776 650 63603 33765 85309 63672 41249 
339 16
72357 46187 86688 37593 13498 52082 34201 19998 36061 42160 43697 69372 88088 79228 27942 77635 
1927 15
40567 86437 73243 91736 23592 23729 3347 37925 57500 25473 77772 33481 45031 32340 27236 
6644 17
89990 62465 5281 47332 52990 87633 79918 60249 34217 91504 10816 32722 59710 43182 39066 67532 73905 
6352 16
42358 31336 45271 49638 61506 27570 65044 40118 66726 43860 95531 23511 38972 64329 42176 77842 
5030 18
36814 35724 8186 66633 1763 82133 53718 90423 10444 57136 30735 36144 52071 42899 98456 19728 44278 43874 
5555 16
43114 41617 26780 15588 5128 48511 40617 72557 77368 44824 52666 43089 53231 21604 3773 88406 
1726 18
75490 75996 73610 84172 63258 28478 43904 5840 65232 28713 16183 96499 3281 47647 68987 39951 18466 58299 
1002 15
64128 51557 43863 49726 80553 79194 45978 38278 38792 19564 61038 9968 27661 28160 29363 
2800 17
77910 56100 12913 39203 5862 90568 95150 54667 56015 97105 99798 30445 8644 15279 35165 76622 29571 
314 14
63165 1523 44995 50012 59963 60167 22302 10109 84531 64337 88138 70539 92456 64334 
1836 12
16530 21779 95638 54547 73229 45207 52180 47720 70752 34679 84731 52942 
8482 17
96977 78597 73754 35307 81431 79819 10884 67501 37324 61594 84574 47033 48488 80066 56376 15793 16809 
8848 11
75239 24353 86294 52782 1925 23014 86770 15262 31345 36789 88061 
627 18
74570 6016 49106 94802 39432 20137 76493 13907 46427 92874 60226 60962 18989 17668 47618 75802 52170 38799 
561 15
96955 95256 53763 74585 62468 97761 8806 97800 8987 99897 81332 51002 51720 25871 58923 
7630 14
2334 70287 37838 23548 58172 86198 64382 60555 92006 1471 79061 20506 47513 7311 
7408 12
17309 7268 63356 29267 86432 83295 30840 86814 55750 52255 90957 62906 
906 12
60103 28069 51287 44052 11604 24241 36627 87150 2770 75208 73612 46263 
9992 16
65697 18310 12834 19245 84675 24118 50037 21906 60898 2448 65970 94642 54487 28487 97315 11896 
4213 14
94775 24738 77531 94145 28342 79678 30834 26825 9895 46208 20152 47974 29636 16057 
892 16
29306 83271 94538 59479 20037 52872 69377 98953 75139 13088 87443 90487 51822 51096 5053 42250 
8839 16
73517 13780 81713 62467 17418 61444 25692 80409 4964 15830 30601 79479 48420 24954 25978 76776 
2457 11
73007 58821 8334 74588 24780 36205 77001 23508 55480 91283 36987 
5804 16
94485 99751 90819 91571 51893 4467 68128 41712 8105 22763 48473 62136 8102 62289 30618 34521 
2892 17
51425 30672 26190 51820 85247 50451 37513 56667 55996 20135 74543 20815 53745 9474 72634 10531 69949 
8530 20
11503 81373 87719 5892 26138 53582 59089 88957 32631 2304 20859 16064 42760 19448 98024 99723 22968 96213 27044 82458 
3740 17
81339 63558 58495 46351 16097 27039 89604 66815 58097 54151 40681 68795 37086 28429 70126 74579 70845 
6367 18
8507 89772 95063 18716 68008 74113 41361 7512 51554 12701 4513 55679 51998 59315 55688 4138 46085 85339 
8917 14
32911 3456 38007 42526 18745 65614 10177 14901 40941 61097 22365 60134 39083 6604 
2607 17
59797 66276 68756 50563 60773 20853 19986 26259 48538 21475 79583 74969 41352 14038 80190 19021 52364 
2021 16
1843 27794 71286 37252 78156 81421 35269 23418 32198 37960 74288 59167 51017 78468 12950 64069 
6468 16
33024 45359 52653 12308 38772 39842 6743 5418 29476 60710 84678 2730 43956 3664 81275 68680 
4019 17
46896 75900 24748 73502 77622 68577 8242 4418 93507 11158 22638 28194 97352 57610 70984 86048 97287 
1226 13
77342 44775 86281 44968 233 62617 22973 94276 96907 64032 95939 46361 75758 
124 17
24621 24050 73992 27245 14060 85089 95809 42217 1761 15639 22781 50535 14797 90452 15396 98554 59965 
88 19
92257 9925 71517 64710 83567 2478 13921 16584 30039 87879 95943 28074 15842 42841 8235 85299 83687 16004 96717 
8109 12
66840 10811 75268 5407 34450 31540 23360 52328 42782 59017 36052 52339 
1743 18
65475 29366 24269 20821 94296 50750 11480 12591 89597 50948 87627 76602 9692 68503 34912 12481 80002 24247 
684 16
76599 59709 47959 96289 89530 3569 18534 62168 77143 76404 29962 7471 90353 78566 17968 75396 
425 15
81000 75010 51475 86321 90604 68633 98376 58348 95214 76580 11372 80044 18998 26221 85559 
8066 15
96107 26493 49827 59391 95315 22334 45756 18359 18490 85214 5146 81977 48438 75761 44674 
3212 16
88095 84954 4550 36599 75898 15474 26592 29924 98398 9199 703 3318 85403 17078 55051 44512 
1301 14
66189 68079 65256 60132 59236 89753 96931 34901 23752 71793 5447 80640 8594 34502 
5023 17
57179 42712 75447 66078 8667 54788 85676 13803 72850 31201 82184 73933 50887 5825 90649 87136 44869 
2798 17
62930 13972 5547 55073 74714 25320 24639 28463 39151 96876 7485 46101 79291 3363 51701 2298 36023 
4463 16
28195 47964 39388 25685 87340 25398 53413 49953 83013 45282 829 32644 79233 90453 33779 47407 
750 17
92071 45847 29780 61805 70699 72284 25166 22942 60875 58691 27988 66429 26957 54682 44190 9158 51654 
5403 13
6510 7098 35235 27414 91840 15504 5304 96194 57799 51696 42005 21780 15278 
6137 15
49339 2745 93606 20860 29301 94337 87126 39948 84257 6511 11968 74131 53930 73726 30085 
6484 18
73073 64720 22878 37335 6410 39787 66040 91647 53319 70009 3922 26862 5028 86189 87186 30527 2347 65804 
5664 16
90558 48407 99451 46966 62042 59453 89379 79939 64089 71750 23238 56387 74449 23990 26666 35355 
2995 16
21413 74081 1247 34544 52146 9318 19261 57138 63121 30202 52134 19577 30414 5441 84242 5274 
9847 20
40102 53569 49572 25360 83320 76930 96190 11764 81346 83562 98774 67470 90236 51583 34886 42249 31148 86436 37905 85170 
6225 16
3853 52624 31232 72035 64631 97901 63105 9802 56791 61592 67632 70498 99741 98460 47631 22810 
9751 19
30671 83119 97787 77396 94983 86798 88494 40731 68269 36902 6374 78043 81153 15698 12414 92385 68977 67431 16176 
4473 18
42415 4317 53865 73746 26005 6122 71325 49167 23389 95684 43064 18569 91984 51623 80782 50710 62394 77021 
2268 14
16134 82754 38861 16826 46685 17071 99746 45035 35862 86866 7877 46809 37530 18519 
1244 15
4661 65878 2194 9198 75652 73099 60745 60374 15399 98458 71236 8718 40847 30477 88658 
969 14
16352 11375 3560 94144 29407 6800 51351 77890 64681 38137 24281 90538 7644 4938 
3871 16
93037 83757 34264 38562 67022 52692 98821 67314 93465 36057 6198 86380 2283 60672 29774 68647 
8505 19
51950 91543 75626 82264 70781 63958 99498 40259 80284 10869 86182 35399 62215 4848 44883 68405 68816 53693 64527 
3981 14
34633 47001 29189 15513 11556 21890 16378 53195 24824 8408 29157 4900 51948 28564 
3632 13
42140 34962 73286 56974 60329 87037 55839 64088 31648 94062 46997 91017 23357 
2086 10
71240 64126 8855 22534 69080 50175 10082 77395 10909 21483 
4026 12
398 11163 57601 9852 15377 8548 94401 77408 79079 25243 86359 97985 
806 13
68168 71891 61355 43442 81762 91541 93536 43249 77280 59283 25022 2074 82846 
1938 16
41218 34639 42519 33144 51436 76280 37691 46828 37008 80256 36718 62711 53899 35847 60654 64019 
6028 15
43799 76519 1306 96276 79240 58540 75945 10804 37611 98547 35929 37173 69350 6339 80161 
9534 18
69664 94191 812 93040 26956 59041 57504 29539 9067 52139 78748 78828 43216 21698 57427 85611 53740 40101 
9795 18
82816 40005 63213 20885 76529 21612 27957 51869 21198 43506 66744 91990 41804 76716 34002 47305 20434 65418 
832 19
86392 98497 29746 26078 76482 42719 89198 3870 4567 54441 4118 53142 17213 12923 1489 44419 85275 75680 29059 
7843 20
20265 17796 13585 31208 40070 5667 9698 99266 45791 15016 3970 75591 40884 44404 31352 74467 42817 77573 38684 9526 
1618 19
59773 98289 41190 34808 30245 87687 19733 97250 2216 37148 89628 52505 39408 59552 81907 27330 43601 36 16210 
4975 17
15294 46795 82202 31058 50453 59131 4055 34111 44093 17712 31660 9209 32445 8832 480 77534 27153 
3428 18
612 47401 28439 69864 36727 51354 44929 88298 97430 49358 71379 53296 25787 94797 87468 63123 39161 61709 
5525 17
28392 73677 985 25763 3297 53555 93457 9905 2694 75965 60775 37553 72008 77308 51593 64360 91800 
6893 15
22644 4230 75829 25011 6665 22537 47187 80059 96605 47292 69038 95392 84211 80312 95732 
2161 13
85231 60933 8541 77726 35535 42313 79403 33316 54735 11177 27813 90603 29731 
2320 17
14615 99893 37325 53624 78351 55354 90177 69965 26836 53753 14302 68634 65986 4537 9827 35716 20327 
1676 15
99340 97222 64768 71950 48718 80095 26087 76968 47734 63290 18676 14419 54584 30131 84112 
5871 19
20509 97376 60195 91276 52472 59699 35879 89828 81484 37162 73504 281 86954 585 37461 25723 71203 49451 24136 
3580 16
54485 15914 26308 68291 74033 43312 88651 94672 7837 12403 58325 29107 47553 93285 24670 22381 
5957 18
93648 73285 16118 9519 14059 69655 16538 92937 4178 30236 45400 7362 38263 56863 41798 15857 11601 69754 
4682 17
69794 40742 84998 72909 4104 64376 40842 77498 86148 78245 78576 11640 27390 29682 20909 48382 81271 
2257 11
37279 92596 8041 97877 53545 49709 35380 24086 83071 26567 44184 
6783 12
79679 38845 95095 33737 2324 57165 44717 67583 48392 16770 51427 82698 
7634 17
29078 68475 30016 19427 2837 97306 14300 98006 30971 87371 73185 79794 7308 79671 62194 43729 6752 
9128 17
26264 20291 77778 14032 6199 22056 76510 59735 41170 48531 56152 90595 43449 6763 88368 76763 66290 
3915 13
63550 67403 72951 30953 98284 74117 45917 59016 98747 55918 27006 74855 83261 
8449 14
14558 20646 45138 28274 80146 39740 8130 1067 63841 79160 6551 88496 150 18333 
8659 12
36054 50421 50837 71598 79943 57540 74354 16263 46930 33893 28136 70857 
6416 17
92349 45119 10158 52550 57172 15413 5425 10699 20964 99308 16620 31915 66830 56390 47968 90005 74318 
4278 16
99700 72711 1017 60842 89993 71948 25418 25988 86558 71572 67135 84134 4872 20348 54399 95136 
381 16
83622 64923 41769 26995 75098 86835 13349 8747 17315 7 2754 40665 97925 23543 3837 78218 
3991 18
13418 76039 60091 84748 965 19820 53412 20429 90156 47613 18276 14943 89303 14661 49440 63001 46311 59533 
1455 17
49776 84335 83228 42826 26347 28648 12021 18743 57348 39597 21744 1861 29948 49498 19662 75734 69716 
9692 16
991 12574 90107 94674 59362 89000 4046 17138 53196 6893 38246 70740 10196 45235 44492 95232 
7803 17
49077 44789 74195 71749 77821 64949 29809 15174 22727 2896 4527 37021 12753 84449 27483 37234 54908 
1189 17
18505 83259 27803 92432 97821 79407 87032 76647 24042 45900 15220 4207 96492 42713 95218 18054 822 
9564 16
78145 39193 32607 38194 65091 4400 3879 47827 56167 77329 94564 87438 92259 89514 36491 69604 
4705 15
37941 9691 51664 92431 71928 26982 33664 24661 95102 66365 29112 15961 28939 58350 46654 
7890 12
82199 59289 34534 43458 88428 62095 37912 24317 98796 98320 33870 30387 
5448 14
75511 34312 77378 8400 85640 38164 70394 59195 79973 16013 83643 26090 69233 95751 
9080 15
62283 62624 88381 36678 10837 22636 82772 71727 61045 50566 65491 25423 34134 95328 27874 
198 11
36870 3333 11316 19029 46140 9872 40934 37953 86139 64023 38878 
3944 11
31866 21773 39648 64848 31687 72868 71849 20268 340 45395 24737 
5123 17
68230 22311 31182 94583 73875 87725 4620 44 33095 44326 87570 18712 47057 32289 35623 26371 60536 
9553 18
86467 60561 44997 10375 33033 42722 21529 15090 73449 95899 66104 22578 84565 78814 64309 81772 45017 323 
854 17
41186 99670 68050 41059 24645 70000 20317 22817 81781 40915 59807 59064 78498 30572 5310 95779 59377 
3852 16
77060 38591 83839 58777 48069 187 72242 77869 53683 15380 60599 40172 78232 30191 74830 9965 
1048 16
51088 48944 42369 2777 9323 80509 35936 93924 87605 2719 98940 26530 73942 36777 46095 40363 
3869 14
48515 55228 31830 54037 57746 53228 50738 55058 80397 21665 31896 22059 96220 44843 
525 17
94441 92659 33689 6186 87052 36685 25909 64999 54681 25874 50718 62853 88009 55125 27442 62749 84806 
4333 13
36076 4619 89336 32963 15539 38383 75385 88527 30546 37171 21268 67480 31836 
9760 17
74169 31786 22413 10930 70395 18717 17563 37745 13954 88970 24160 79470 74916 55041 88640 14682 91632 
2998 18
3616 16572 31009 41318 13822 95424 71448 88364 26160 31381 12141 54540 1070 42006 59790 14986 26729 87616 
2865 16
62769 15962 42951 37273 23953 59338 22468 59061 54150 25546 39714 96130 38450 72684 49230 78982 
8973 17
52515 8089 94822 80592 18526 32010 72550 35726 20203 75414 54002 42555 6258 65888 3804 16911 103 
9291 19
61965 90997 18754 49163 67203 31620 98661 55315 21108 85620 77294 70367 28135 26874 18872 43178 28222 6043 66701 
3707 16
94335 59239 77984 32128 26731 766 36584 73730 10101 816 15299 22587 69122 13629 38976 57803 
8958 15
35279 63505 37144 60861 406 59386 19992 60567 55120 12006 9150 37090 56082 68824 55618 
8439 17
72333 20517 91079 4701 38819 89064 89235 77555 73515 55416 66176 97423 44920 33488 56445 38038 62791 
1525 19
27961 60421 53366 24060 42323 16791 93090 56296 88997 91112 59789 73558 22667 9352 62072 84745 94367 95293 9687 
4518 12
81118 20916 86071 62287 13817 36700 835 58567 72114 678 11641 18902 
7839 18
80364 56161 24635 33866 99122 60653 74508 26812 94038 16484 25222 33645 66130 4628 13704 25682 99997 67734 
2848 13
31963 69102 58578 98293 94845 33192 77165 28308 28054 65442 74347 83820 50366 
1686 17
75853 43095 71881 81903 79064 27587 8722 82258 85775 84104 29562 51828 15568 44011 98186 6033 59290 
7995 15
76518 7514 78404 25285 77993 19974 95027 30852 72285 47295 5768 64041 55364 74621 96627 
371 16
48248 62569 12359 76661 368 76161 4481 41272 97230 78025 95536 49930 48435 10165 59367 94840 
7252 14
97855 1629 44680 68649 93359 80902 35416 22986 22661 52599 74469 27996 43343 98484 
9775 17
77110 63160 77427 96993 63112 74620 61448 40064 94834 91818 58834 4152 7553 65172 75873 51106 10071 
7942 13
15572 38346 18351 8695 34307 88800 16439 10428 4209 32854 59023 42341 45612 
4380 16
20565 20263 43103 66833 52213 38621 93492 44273 11324 61185 42963 18963 5229 46072 45042 21474 
5450 18
57511 82616 22566 52840 68959 59419 57238 38670 53752 14522 71235 63132 72058 77409 56603 15446 29993 53725 
9656 17
69692 40244 29505 60770 67172 70693 5714 77205 46988 84892 41026 28586 1713 52553 74266 58660 52737 
1268 18
47798 98037 46618 17914 42468 30239 12045 85192 73816 97669 17540 21854 6648 2779 99819 5787 37784 68325 
9423 13
36085 22882 45286 49658 90895 87100 54992 5340 29518 73513 36838 23440 12736 
3169 18
68833 21488 88523 47381 91815 27517 50325 39686 21040 45464 55535 32833 61712 27591 28600 83548 51699 97013 
2090 18
91356 67504 47970 21720 37175 66998 61251 22846 98966 44806 40120 37520 27621 63277 64158 70369 89226 88459 
6924 18
71058 321 21608 74778 914 26289 11872 72342 79063 63846 85194 17326 72444 35243 79444 74130 28224 437 
5724 15
83428 63547 72830 21401 12844 3319 16663 13122 89956 53478 4331 91251 93722 19536 64761 
3837 17
77213 22974 98230 52789 9470 81538 27601 62685 1730 64520 91342 77605 89564 48163 64117 76390 25504 
4320 19
22018 18150 77437 64836 72292 33109 38599 830 69719 23979 62707 6675 89483 1680 61953 42132 17619 48582 15289 
1756 17
37752 16919 13012 7858 40388 24855 19765 50938 74094 4896 19767 39911 25855 79460 64523 95040 57180 
6805 17
8175 5852 63182 87313 12103 4740 83178 49444 72651 83935 6252 7080 96088 51279 85071 20240 59020 
2119 16
95209 45675 12283 84550 27592 88212 23288 47154 40627 39745 4940 76818 93238 34485 10162 59456 
8717 18
62598 75814 92231 85591 561 5540 15790 37199 92915 5045 16116 32028 79015 51551 12431 21379 41006 58355 
6915 11
65488 39955 36036 74797 94434 5398 42644 29988 85197 71522 85422 
1666 14
52847 34448 15410 59925 17915 52746 56347 23787 35427 69652 46421 29816 23216 6082 
5608 17
55890 27604 80523 47547 77152 95222 5011 66487 77270 88551 25460 31736 81161 19034 72801 31023 77010 
5175 13
34740 886 70139 29872 12890 62499 81030 74994 51604 31419 57263 6659 15654 
8516 20
37749 7934 52966 40117 71570 97292 52095 98294 74223 12477 8108 39338 44249 98274 91035 75237 47954 69865 46251 78660 
4775 16
39341 85930 80663 51815 30257 56806 27594 18438 44376 82844 76773 46064 22934 24571 75465 40231 
6236 17
95663 46152 72514 26472 74537 37495 85494 49075 43916 71100 89773 67257 89011 6736 31748 23755 21997 
3553 10
50288 34662 85269 64438 77845 10148 5665 17902 18201 56077 
6665 15
94640 35658 78328 60207 88816 50515 21582 31325 96148 67942 14148 49364 20270 15422 90309 
733 18
79180 92724 39705 55817 92955 86454 49094 67770 13284 65928 10133 76251 80266 83833 95415 66261 27665 5837 
5789 16
54566 87405 50132 13429 62416 347 78124 30447 69491 15119 16737 31614 61402 34964 5401 97026 
2611 17
20379 72537 29310 97483 85641 57813 30014 35787 52184 29626 42207 20784 75980 46689 55573 2252 70329 
3609 16
29244 17561 60040 7937 78978 55659 273 35257 94112 19745 33045 10344 25198 33616 41608 50417 
8615 15
36274 60833 6437 45706 53492 92221 45337 53634 27558 38768 20740 96694 93148 87388 28285 
2993 16
38841 16873 20003 18629 34619 38961 8948 41892 91384 1702 71165 94765 12777 73177 87763 56009 
7327 14
97546 91198 2444 66385 80916 62968 5377 72011 85856 7209 89861 69788 23059 56397 
3546 10
83879 46983 76616 55898 55536 92353 84271 46114 29226 46370 
6190 16
43133 84153 42042 9720 51115 61196 44847 17731 35071 54830 75162 56003 53198 92110 79259 22133 
6063 20
54575 67622 67848 78200 9552 95598 41516 96428 79788 1266 85987 48962 51504 36058 66962 28199 5828 91877 9218 50947 
8654 18
8283 73803 11386 87588 44501 95879 83828 59438 93649 28178 5419 43786 83698 79317 86537 45237 95915 1226 
4275 17
46631 60857 63686 80892 86342 21220 70417 71821 2809 4338 32042 39744 95189 86091 80800 93416 98905 
7021 15
8126 69638 66024 19902 71524 34954 71094 39880 15673 84776 65056 14586 93967 58903 78444 
9671 11
32937 76265 18246 12328 55891 78821 68750 77785 92380 27758 90304 
2984 16
59464 71432 911 20223 71546 99933 15268 77802 37544 17016 98914 2953 36968 74210 63935 1455 
9447 17
70663 673 76262 89681 38320 34612 76725 33653 90735 98621 61857 42871 20351 83518 38150 14339 63821 
5113 16
40419 63919 27943 83827 9777 26368 87593 26672 92685 69790 70484 81601 21533 4515 10913 69974 
1215 18
11905 72463 66450 93761 76553 72157 32697 74238 38052 92420 51428 38005 31267 67496 78323 3191 28288 87296 
8124 16
24203 92010 17381 91445 60124 43674 16017 73964 63901 96909 64953 20796 74777 9262 69653 93906 
3612 10
12164 75570 74097 94125 16598 22854 26970 15834 60652 25134 
8174 16
61041 77403 52739 13926 1372 609 96761 70808 86736 17294 21511 25361 89563 70524 16501 31207 
2556 12
65874 84869 51491 15140 97682 75658 24058 96278 37056 64000 6996 66167 
8422 11
49918 27526 65703 70695 73609 1290 62578 17780 32319 71702 27225 
4355 18
55999 62148 73320 57430 45052 87950 1478 7753 56024 50139 81916 51294 98644 13807 62132 26051 47254 60822 
5106 19
18245 90346 72650 43592 35103 5631 10548 48571 34319 98132 76971 26454 60635 98228 33188 89153 35704 50004 92857 
9500 17
72959 51910 25983 37207 96693 99293 21030 36795 1970 76375 85490 32404 12882 28882 4282 36316 97685 
5272 17
37152 6228 26000 54677 14946 18631 83652 52185 49264 37339 38740 37519 79790 44610 8396 50995 82744 
6636 15
42641 997 71874 5454 54092 97223 34089 1816 60066 95361 75695 47875 47982 88953 32592 
2384 18
83871 89392 92352 74373 32593 28226 75040 15032 84077 65527 72828 44035 34763 40514 40138 66377 47168 52570 
945 15
70182 59483 64662 61938 33554 99617 15560 17173 33302 62066 79334 73256 19221 46515 92601 
8628 15
92518 10086 58598 90841 31738 19720 47784 78777 44180 72673 70325 25297 63623 15373 34688 
6285 15
10892 26159 96251 10521 50044 41241 94245 93151 14578 86520 62169 24073 32485 86974 83809 
7804 14
10549 40986 65230 42228 71461 30002 72232 90637 51995 50894 79845 30785 3827 55552 
9748 15
38008 60608 84258 60313 4737 27627 44145 99759 42285 43852 31566 22155 38506 16366 66583 
6754 12
48874 16462 73946 69574 57188 6136 64971 54195 47046 9716 60674 38055 
2754 16
98693 4700 71756 52108 65435 63882 64367 86571 60594 64036 51675 69218 81834 65303 35310 47424 
3597 15
30212 95110 43268 44464 11413 10118 37962 76133 84345 90342 82493 12667 73670 55285 59146 
5989 18
57364 68220 46964 69041 71362 1030 40063 97000 24230 99033 12405 44621 94712 39514 80697 3142 9030 62547 
682 16
6927 88473 45690 47847 32681 57490 93357 90207 68424 33000 75338 67458 3557 84194 97980 44613 
1259 18
99353 28266 56803 56051 75573 60630 28781 98368 39047 8781 42156 83618 36579 61386 61958 49760 76400 67866 
462 15
11995 88288 65678 36094 36722 92412 96865 12322 82077 31505 72407 29109 84319 73681 45164 
9574 17
93797 32523 58606 78540 47383 62810 5934 2343 10510 30215 23994 15704 65428 97499 58472 59397 28041 
2131 18
39127 40821 96117 58267 57250 32293 28303 63610 30118 96149 83882 5323 4950 49793 98680 60033 35568 99241 
9588 16
45766 52079 99620 82776 2915 77918 72607 11697 51868 32837 71425 61586 45047 23697 17909 20609 
7819 20
47416 71839 45905 88097 42215 89224 58796 8183 21414 86747 20549 60221 53006 39170 32704 86604 1367 37514 58040 85469 
9548 12
5328 33079 12593 79741 42365 49282 76966 2920 87321 90100 50610 65341 
3764 18
51167 85103 69583 56429 71135 95518 6181 86064 75741 60695 26712 89748 84960 69806 33508 6290 76664 4642 
6957 15
41944 72670 69907 32686 23121 89883 94880 8280 35443 29776 97950 4446 93239 16211 51669 
9967 16
18430 5526 26088 24085 19232 32649 74751 78113 45729 40981 83090 94368 31556 51540 32317 71081 
9460 13
2404 22338 72555 66906 87693 87181 10043 94677 3868 19632 60724 27752 43007 
6772 13
95671 19919 86445 24112 75938 62509 23500 45113 88834 90050 95512 46842 68161 
8195 15
51613 67391 3200 90303 1533 38674 71783 59750 76655 66272 32220 97797 77990 26262 34166 
3130 16
88641 23567 56914 26726 74193 74557 79652 92289 51923 61595 31519 1414 82904 71423 16468 33482 
1803 19
55820 11354 66257 6187 40407 20220 4746 88812 30171 99296 99959 15430 29714 49557 60834 74092 90642 4666 39287 
2111 14
29311 8110 26952 60105 43759 41618 6653 47961 10258 38453 6578 5996 60359 88323 
6900 14
70957 61143 95188 26881 40778 31425 33507 30226 17678 49873 65779 9796 56122 84837 
1316 18
2024 8399 54062 76036 40854 47191 91966 42573 31724 11195 53426 67807 9602 16101 27652 88579 39821 16199 
7588 14
13340 69406 85330 21726 92177 99026 99210 91954 86414 76625 12516 31641 96929 77317 
3818 17
40684 36133 82884 77664 79850 88240 84791 21513 24980 63719 30574 75954 98521 37897 825 96670 55017 
3568 16
57089 38570 66803 1417 31134 3120 9324 34112 37582 5430 88971 38169 20511 15600 40438 99956 
8180 14
95481 61325 28946 41992 78188 54818 52039 9612 2533 75155 65147 50585 98201 47789 
8541 16
41043 1932 29227 66411 33816 38685 60093 9285 87399 65785 54335 21558 4631 18987 43061 63470 
8869 14
50700 62772 27848 25250 9550 52124 53509 38328 82758 61039 49369 87161 13964 36087 
9739 17
68408 75752 59011 52009 65235 47914 62526 18494 83135 5553 1930 94857 67310 50398 49512 5857 75047 
3883 15
81808 44369 73083 97903 33589 48709 52270 51928 42944 24416 73176 45299 99574 60726 22713 
5761 18
90886 19707 82127 82537 22202 17367 13204 70757 59747 7101 77951 58793 51586 90546 9465 83633 58848 84117 
6209 17
98836 4248 82572 56753 83615 42256 55237 94080 65669 31357 73196 23915 4664 50002 60849 4689 53650 
6342 19
92024 40639 83420 56610 14438 78035 17891 21926 72245 32670 7859 54197 66637 69395 9810 92418 82294 55491 15146 
1668 18
80410 44718 9362 36335 24030 55783 58743 67446 45921 46296 40392 71723 97548 21420 77215 17657 54122 77181 
2537 13
51082 16092 83929 67715 93270 41602 64285 95777 84262 29581 27730 46571 91004 
8795 16
47816 89427 30617 31898 51607 7588 75616 7515 35653 81608 33606 24629 34827 20115 11887 19282 
6619 12
73595 96439 38534 31253 48818 11694 33183 99811 21025 56857 46796 5794 
61 15
26401 83635 17897 30734 22628 26630 270 91850 91434 4280 78493 81777 99911 74641 38128 
185 16
23886 42303 31531 34603 20578 8286 54999 66884 92716 8393 59268 1773 23847 68514 1563 25879 
7734 18
95387 92277 95683 76638 73853 42257 25989 59922 27975 16254 60539 23806 12479 47672 90738 70372 96541 10068 
9640 17
72330 52388 32905 10865 64954 82354 76196 1995 49148 19498 32516 3968 92356 58271 36336 95692 58042 
4074 16
2184 22232 75565 60749 66165 33235 15039 47160 87003 95431 39999 40629 87243 71391 99133 87114 
9889 13
17833 75279 75653 33093 70722 99860 28851 47077 32305 39701 71030 55108 29752 
8425 13
87774 51261 77331 53213 908 20376 93780 56705 64533 41110 29713 10636 27870 
9265 10
33298 24823 53397 91487 33897 68331 82736 67953 48707 58858 
6485 16
76283 21521 11795 11652 97158 49367 26082 99457 32274 85135 67793 86061 81129 95339 11608 67371 
1864 14
30623 34568 78112 35086 80808 46864 18625 94551 54703 96511 52248 22717 43957 33943 
3352 12
70537 51576 88278 6699 94067 61459 94089 8964 16546 86334 86456 60306 
1824 16
18005 15316 72932 65226 8572 30186 63962 46666 80885 33502 22845 29019 59120 24816 93300 60722 
3722 13
74617 77650 17420 39803 30831 92803 67561 22645 68679 8250 86539 99809 81754 
9092 14
27133 70866 56179 39395 52279 14736 59636 33002 43902 83350 4727 61446 50047 14305 
752 17
30917 12133 28446 16350 55619 93744 18064 61302 70551 31700 72792 39254 94303 81483 26416 43031 91548 
2939 16
83578 71221 60020 34818 49061 44832 86735 92297 94255 58811 21792 20079 38351 45175 11719 82135 
5832 16
30491 11230 29541 89442 55845 94280 81362 47628 35128 96715 56796 71492 41880 34345 26420 10779 
1830 15
36419 38070 23345 67032 5094 11193 19379 99555 87850 49157 84167 35453 11233 36071 26905 
587 12
95174 14665 73207 55872 43069 53810 56129 5159 79343 80208 89899 9451 
2058 13
32764 85397 9370 20315 58545 36073 80998 19708 37058 96608 89966 65925 51763 
7164 19
16300 88532 51927 46932 93598 22616 51026 11250 1665 26683 11969 92743 59655 89788 4667 15824 1126 32675 43695 
2760 12
78645 36859 57304 64077 93269 30126 89490 78331 64610 16929 26113 85851 
3022 17
38872 59416 90683 3416 6448 14072 61920 88733 30140 79857 9564 78659 12561 6089 73124 18402 1628 
9275 18
10678 65439 5993 54384 84400 46024 73807 20719 44588 52454 74937 24056 81883 34618 55292 96050 27217 96342 
3220 17
8620 19603 94160 90438 54555 8025 20613 82464 64952 24106 47995 37185 54061 80587 57394 54112 50392 
7512 18
26310 13473 74 35094 60390 32530 8122 90572 88722 64121 25400 45226 2705 76456 76140 50160 93792 63912 
5510 13
66083 80974 15448 35068 45455 23029 61620 49426 63147 67104 69642 78494 77436 
4813 18
53605 80961 33887 79227 94508 92336 33141 80938 1619 4381 44893 81110 56513 40613 80023 46409 61968 4925 
3214 16
55486 26395 59359 52409 95466 22966 9441 90645 61832 96906 80658 70504 63461 57011 86385 46305 
3186 16
15050 64921 68807 31037 33520 37262 25812 12675 5550 12170 15814 96963 9898 63734 4252 13938 
5579 18
44408 74115 3020 1892 85074 9556 58014 76798 64763 98206 78890 52770 23804 46826 18323 77903 14541 44611 
8115 17
8794 59648 44821 24706 30964 63046 68866 27096 58683 2937 65956 18726 2286 75904 61358 80126 12144 
7582 20
37525 88057 33158 82778 1809 91952 74381 20934 48702 16226 47879 71537 84906 57028 62470 21340 29878 47593 69696 77684 
9053 17
40703 71014 5886 1638 87880 16455 62941 99762 85879 60614 5280 47051 76721 89802 21702 55265 22199 
9431 17
52589 54312 66093 72948 99710 56225 59627 93347 86009 20445 29574 20072 9232 15629 50933 86163 54152 
6763 17
75245 31959 41581 36512 91995 77733 47378 91707 50751 40343 34547 84762 79299 33409 65348 39160 50338 
1922 16
28272 66594 78341 46302 47480 33006 83563 13471 10999 65637 56722 93974 72825 26616 61330 12422 
8766 17
66061 53644 65305 82021 54844 48753 54211 83141 844 8966 2111 97126 28304 22981 48338 757 98720 
7400 14
13517 7689 74848 34825 8590 69153 89982 69903 63989 57596 61739 81389 29435 17790 
8976 20
99108 935 11277 65931 89239 74851 53060 12849 78872 73120 10516 7834 3108 64180 33228 82073 43847 99779 51487 6077 
8025 12
89138 12329 42969 60747 94355 1439 24977 64190 95861 98568 14159 86652 
8910 17
61520 97575 43138 92261 32055 87320 56663 4878 42750 55435 83365 35807 26215 22611 81603 19559 13132 
3368 12
3998 32080 77095 2299 58290 81261 4853 13742 55175 24102 35402 9128 
2350 12
44605 18392 73379 70 79745 92186 31049 20453 60978 36697 36280 19798 
3525 17
60690 22992 53202 39839 33222 88124 26248 28338 9648 72796 5122 89782 54655 97816 80204 11729 99793 
245 17
12185 19063 26545 49980 74282 42277 9366 35988 85377 13505 21775 43905 33358 95513 21579 93787 82311 
5437 16
29133 62156 75118 39244 78972 63416 40517 90727 10326 36537 70941 99313 46209 49865 37541 19419 
15 14
1051 17740 97244 23394 81548 34990 8913 59740 17745 2196 21436 29618 12330 83108 
9316 16
5807 70147 99852 47309 82906 37623 47249 75727 83085 33100 43322 78016 42636 19434 85069 23358 
3321 15
45249 16965 94709 90322 43884 24523 87814 79659 17541 40612 31806 36802 38590 51858 55178 
4376 17
89126 98040 13235 92619 6162 11674 67537 93326 39423 89574 67236 50534 13887 35578 11920 61068 36979 
7937 17
32944 58431 48614 7517 78805 4329 13847 48712 50105 34861 92731 79984 74379 3015 12807 12068 62239 
5161 14
28302 38816 69246 13469 99787 98232 31827 51254 99526 89679 95107 25079 99372 84617 
3967 14
98150 5029 3934 81836 65345 82439 78523 89256 37267 58643 16002 78743 37839 9551 
4810 18
53927 38517 73053 22933 10910 43072 50133 74749 72468 6652 26100 4283 97418 63219 6539 7430 97043 98001 
765 20
32747 38161 75930 60530 94373 56285 43247 9582 88755 55065 98221 61130 11814 77002 3914 75525 5981 88594 55569 14281 
2595 17
68600 24051 74434 65394 6211 14294 53077 7402 43589 37988 99774 85163 21527 32210 58789 56102 4574 
3423 15
76678 33003 62122 39312 39192 82192 48157 27132 88752 58117 26412 25385 4815 75475 84195 
667 14
6535 49708 28636 42870 65505 84084 1529 37390 6330 76211 6328 4430 42355 85898 
3406 16
39556 22649 67680 2525 55139 82917 53507 3749 86556 77535 84299 66604 2838 36740 33196 91345 
8792 12
20600 70303 38764 70023 54232 9735 54239 6357 22102 89532 19539 64469 
4255 18
81866 86820 56287 86341 72649 86205 43634 64636 77860 30433 96564 67242 82795 26711 80831 49819 63616 36939 
7042 17
60582 42074 72464 37687 64879 38712 77640 24343 94727 18110 79123 87349 18938 1911 92896 27467 69648 
113 15
30326 16236 2276 54612 93279 42133 90830 68216 8503 9627 49465 77780 75868 44803 35056 
8283 15
21288 75797 34666 69572 52552 81890 94482 96375 29584 93762 84177 91275 93624 75951 13885 
4395 18
66605 93942 77725 91034 9978 90725 91851 84928 93784 48010 82899 14023 68609 78663 12772 69050 97933 19596 
8738 17
34438 20614 68221 1081 46844 42857 89237 2052 92795 33701 88550 485 69069 47390 10840 36519 41936 
349 17
83215 64201 92378 49971 10212 55168 56492 71808 87536 18167 97265 39545 93253 59352 73350 99807 34171 
1625 16
80140 78059 20077 57135 42266 46059 72457 65749 6983 56956 46974 55915 85024 41066 88617 52298 
319 15
71080 9703 56712 1286 108 55351 75106 65450 13491 29987 61579 12761 3195 30045 2162 
6997 16
89931 98688 78792 5905 19589 40161 29304 15745 17992 87668 28159 789 87233 72751 15852 66150 
661 17
48941 87312 32402 77606 50977 25973 15297 26557 49350 31489 55860 44823 15973 86001 9112 5110 66405 
8586 15
9338 57052 91898 62142 23871 63990 21071 99515 72714 48353 95205 72500 97068 72661 10523 
202 17
12111 81782 23863 57482 82870 1949 27531 80022 25208 8535 79375 49870 8733 43366 29389 19987 32242 
2687 12
22525 73845 55575 33440 74329 10290 75463 53638 30789 18487 26687 4658 
7755 10
54764 8084 41405 33371 19806 60014 64581 8982 36466 10059 
9250 14
64333 91350 85035 44363 81473 22362 56990 26902 40283 47229 50572 401 36413 13243 
3134 17
34939 78031 85767 57795 66699 51206 85527 76660 34373 24736 76719 79014 48041 49408 67351 57609 96407 
517 18
41481 46862 4500 90605 74245 54503 30055 79584 47947 81806 21012 45419 73642 54076 57333 3476 49599 74050 
8473 18
4403 20100 83805 33746 50900 41836 54599 11557 85794 53910 25724 56569 75360 55368 85399 74788 50273 65237 
4893 12
28005 30989 75560 30105 93129 56984 77511 45773 96674 37160 4774 29853 
3876 17
61517 83254 30773 48541 39365 82329 39322 60734 96222 80512 61376 74294 41615 32338 68830 8714 35264 
6606 16
5144 32002 55231 83662 40500 89288 1236 40239 47923 28087 63240 27485 92191 40103 53170 4697 
411 14
9068 71621 45593 57859 72666 26650 51259 93165 9205 25443 97204 23144 15717 10414 
9143 17
49178 60772 25932 45158 48011 85265 88929 91287 57260 52799 66006 96999 88337 40948 67560 69322 42356 
7201 19
75421 1870 46664 33173 97303 98275 95419 7886 71207 2668 71365 81726 17893 5891 54759 23777 22662 76802 38846 
8587 17
67325 4685 62910 76951 56007 61696 64378 35465 37892 96446 44756 2274 32612 61852 79082 75555 39498 
9933 17
30985 97445 41003 49476 98843 47860 75433 95604 76912 69759 43386 98630 61615 95893 81109 65315 12594 
9312 16
88158 34322 5353 76324 96352 59080 77836 93431 41740 95765 72320 17594 88418 70382 21840 20782 
205 15
48013 59987 38482 17610 89409 35266 36301 64997 5036 28752 22789 15899 54398 81965 85922 
6374 14
90465 1683 1633 19661 82233 74859 3336 18203 46438 73713 61458 29970 39290 96364 
7534 16
6159 57846 42500 65621 62332 57589 63250 96584 75223 47444 46911 12910 62273 70731 15974 60646 
5996 12
82015 17702 68575 53352 89268 79553 41087 71949 57764 43453 73667 76764 
8149 10
16863 79950 87508 71560 59349 39297 11281 46288 42728 88199 
6251 15
16022 87309 11089 15844 12864 85018 80211 43764 55479 77515 45069 43311 41244 59385 69835 
8613 15
50683 34227 51849 93189 54571 34023 40149 9037 90998 69355 128 84969 63359 36244 46159 
4089 17
56486 23728 81364 18207 73720 92034 99157 41204 10863 73313 80200 28599 44781 51237 17923 90666 8625 
703 17
86055 73064 49338 23091 66951 89033 56745 36614 70286 79756 49317 45427 10282 39014 97238 73048 75982 
9733 15
58005 38374 90923 48043 55543 16989 58337 55530 14939 77857 25678 52738 73503 46377 4715 
5765 12
68457 4691 88576 21176 65957 54227 37791 66855 89199 15756 6430 86956 
5423 17
28551 31739 95207 35455 68353 45970 1409 9815 55156 50200 16272 94963 49455 70050 8351 21946 59012 
7424 17
80275 96478 99679 21074 79582 32507 99761 32975 35913 93336 68365 40705 37115 66877 58581 31399 87547 
5281 15
85487 29553 10224 60825 86086 53940 33046 92374 22276 85547 14677 30916 5775 99717 3255 
8384 18
76168 27699 71023 79781 84313 24067 67329 15212 84933 67804 45614 54344 4986 37923 69826 34713 81966 89482 
1476 15
47921 36162 67602 57158 72019 80283 81097 86219 75901 67690 71712 97603 1961 97715 62389 
5327 19
42237 88264 63407 51877 99218 83701 77762 27648 28744 45937 9908 90862 94202 12826 71382 82095 70315 10520 5678 
5172 19
51447 57499 78612 70466 52269 6742 17102 52564 57587 40985 22553 863 71104 45727 8430 24432 67828 5955 32583 
6241 17
36531 40462 42960 25240 54471 21600 74814 40351 66575 48146 12416 61451 13562 66639 98014 31889 86442 
1760 10
5901 39132 49620 14830 22422 40929 58487 82880 46805 28953 
2904 10
19713 55723 27446 60058 54135 43181 31835 94923 42921 91335 
8902 17
33301 22675 45112 37332 22065 32830 18407 60157 38268 42818 24014 40132 39516 45574 96807 63862 31122 
9641 15
95066 91498 13853 90634 39752 56583 85065 52231 46240 77591 91071 79482 78078 22138 79147 
5111 16
34854 13660 24228 79799 64133 21588 47676 73111 40096 80048 40015 2597 89090 64271 10991 34937 
1550 16
68279 46278 27391 95024 9830 53781 32205 76247 33528 55633 96794 40400 94711 18735 3571 38858 
9101 17
6785 64819 86821 19066 58552 77147 37049 50232 48757 81259 29575 21606 68857 10730 45693 53852 72384 
1671 15
1780 9741 90169 88014 63207 69330 19287 69239 16696 21087 79097 57973 3125 26508 60089 
9155 16
66601 12719 79888 94994 79534 82358 42406 72818 77504 80182 34791 49110 66101 76957 71401 43139 
3289 14
10448 6747 52384 59597 93301 46612 37342 72724 49749 93236 26706 76704 50625 88478 
3504 19
2931 2227 86256 32051 24848 6111 22243 19368 35977 23888 43294 19191 81395 61649 55495 58138 37019 49790 15406 
6940 16
13098 69993 27468 57710 73925 39870 79244 42102 9446 6553 26739 58983 59466 89434 39164 60078 
4891 17
4167 95816 68083 38593 45691 28857 4718 55497 23737 35489 99788 74078 23732 28267 42432 49811 28246 
1045 19
17105 25087 20595 95978 77344 63622 90560 21886 41485 54028 20566 44114 43439 56316 91949 29992 39892 38313 49560 
6698 20
52944 76220 93865 48694 89391 78589 29418 14519 16542 70031 61763 48976 48503 90165 20552 78901 78305 78708 49808 57357 
4215 16
2736 21730 18783 4969 46303 25445 12790 89433 67456 64071 23126 97864 71012 80542 9327 72899 
1137 15
94733 49198 52467 23843 73122 32799 15617 53183 49964 181 41013 38498 89486 75813 86110 
6898 16
68687 46127 19711 19334 93921 56252 10582 5914 51119 42588 21362 18225 93878 64743 41135 46833 
6602 20
23964 69698 64584 66197 71718 24465 87723 83015 5244 21751 65253 24284 80221 69991 93392 33369 64012 86127 52271 63803 
6793 16
5382 74394 79152 6450 33019 42097 67385 11329 35889 19311 77295 93306 57183 28348 17817 31062 
3277 16
23432 19826 67204 68496 60395 39314 30216 39191 18635 96648 94314 4816 13431 18984 15674 29145 
2394 17
47576 34607 94214 96142 36757 83514 1998 63799 25967 43263 95029 73569 6758 20575 12871 36193 29201 
7108 13
54978 90784 99096 5157 7068 68338 74552 84838 48577 33285 12876 31126 17639 
498 15
75135 77897 72849 38688 11241 90223 85390 4651 55274 80075 74383 14276 84687 95302 64733 
6493 10
18975 82563 75107 88148 56683 17080 80393 92547 95151 24233 
4147 15
6268 11132 46175 38677 38934 79094 63804 91867 76138 8048 13521 74226 40572 976 36689 
4286 17
73082 66223 8873 36066 24471 98587 97766 59139 68748 39682 25702 74607 37881 30247 19737 36134 94078 
4830 18
90407 2082 65869 44469 43359 19407 52179 90737 12587 50014 47652 57205 38252 297 16188 9797 60012 31810 
5853 16
74745 69503 15189 86337 95766 35992 74376 46472 40237 98161 7334 52055 26098 78738 71022 51319 
4037 14
14868 98773 10238 57868 36940 47427 81436 84441 54646 37484 15345 90516 79528 56820 
5835 10
6703 24979 73781 30382 78040 89745 48697 93577 67862 93568 
3626 18
48568 12872 88247 93048 35013 43673 83171 93140 18769 64512 71046 51156 97070 36207 60051 44095 71871 47103 
6025 16
15234 6027 69963 10318 83520 30227 22909 95640 55115 73040 7756 60996 79770 57798 32999 22120 
6965 18
47221 34661 23090 60090 58088 38698 32742 14819 47653 88753 46549 83632 17449 78673 90661 45995 16622 72981 
4704 11
88817 45187 66137 47679 26048 79826 96939 11965 53376 46492 14343 
7717 16
41534 69275 42412 85029 98252 25247 58366 18178 97003 8981 44640 68771 99675 29839 50449 46991 
6076 15
18577 66935 8076 73316 90393 12702 50101 10124 20059 98737 19881 88709 20161 16963 31939 
5530 19
59366 81846 95967 1436 94165 8809 70492 6221 3036 51062 71384 15173 59019 78721 36305 76723 81028 19170 38569 
1201 19
78818 16196 58677 48464 28933 91106 33588 99331 63192 4850 34078 8851 93111 8585 6471 84256 26759 66837 99899 
3993 15
47019 56292 58199 92861 21837 89549 63237 57768 4313 22861 80554 60365 50285 90129 43520 
4241 18
65406 22983 57750 63342 28901 11817 80956 62174 87208 32512 39604 94093 69432 23074 72229 5812 16678 66206 
5348 17
2519 30289 22038 37958 43951 16521 30371 60666 44592 63951 6144 42335 75228 92159 70428 9820 44219 
918 13
26806 50606 76152 48558 86026 49856 3345 26656 12247 92080 51025 50540 67123 
3628 12
33758 55607 28325 10089 22327 70186 1000 32178 32745 25626 44963 86633 
3080 15
81404 69934 20809 17256 74341 87054 3671 31796 64673 78611 40481 6733 31977 54164 1883 
1732 16
66346 85095 77835 36969 86390 79532 95742 51465 83200 20354 35228 69460 13456 36844 59602 13721 
201 13
36432 22782 41939 45238 55418 16015 71506 97865 43702 59402 37292 10122 9003 
5697 17
46481 70873 31031 87577 60488 1121 95299 20694 22237 46771 66684 80194 87279 71978 85458 15736 64853 
9350 15
52026 21805 86116 73452 12312 85579 35891 73293 97322 71105 71689 43367 6068 13875 74829 
5857 15
6504 40680 22716 72811 85184 94779 99699 7444 67607 86694 44471 65193 25390 76320 32808 
7107 17
92792 3106 21113 91134 31035 55079 52873 78077 36800 14179 75126 99389 3172 1787 86807 34814 7865 
3313 19
15087 29810 39101 21240 78315 27001 16056 55400 69247 61534 27145 76838 97791 29372 86764 13500 54001 15393 12670 
6673 10
73418 34572 76296 23796 50888 30070 65766 51168 42973 54187 
1478 17
29736 81910 56764 95287 59763 21990 29280 16091 11030 70272 94114 99281 44076 3165 94760 88154 16541 
29 17
93750 80532 77682 66311 68449 12708 33042 69361 80009 55674 33336 68691 77350 97733 50056 23600 69534 
6049 16
16636 20528 96610 11303 13056 20985 97747 7587 79912 95820 83019 56957 64596 75226 83557 41202 
6215 18
17113 4949 29973 23386 11421 16553 94148 52762 4744 24129 2140 14576 56408 67089 94517 45216 49415 96662 
1949 18
24096 18968 71256 82966 98832 52845 63589 5658 7767 96757 99572 99686 75188 21318 29512 46254 41367 1416 
4386 20
55589 76411 81146 63486 27770 25605 55159 51559 8144 74910 53983 20278 58984 1441 41768 41057 51286 70149 2757 50686 
3369 11
44346 36496 1077 38612 64757 61874 50739 19956 17204 15038 49076 
4781 17
94795 22539 31469 58752 2412 82957 91706 94454 33718 79472 81073 18917 59962 59558 51238 73475 51071 
3402 16
24221 72049 27412 26356 27345 11416 90872 46430 7899 81827 36767 16323 10026 75387 17988 51228 
3921 17
46074 76490 43430 60181 45079 1420 43480 61771 15053 14659 63852 89556 89729 54401 86890 85820 74507 
7335 12
52691 55227 75609 33993 98528 90682 8951 4643 96371 53245 11047 46668 
751 16
51453 15151 91075 275 5449 33695 18471 15535 59538 92605 70627 59492 94239 41058 65399 15713 
6250 11
42263 77964 86311 68517 83285 22583 35907 93367 66498 79149 3338 
7438 17
92491 76815 43162 1137 35463 42865 51686 85581 86426 68645 74677 82920 7093 59314 89848 39760 60101 
1601 14
99629 1408 8350 24960 48156 44328 7951 80302 86336 97871 77556 40625 21338 39225 
1815 19
39778 46231 11472 77584 53452 93261 73409 66241 96408 32932 11558 62223 72567 19271 20432 52911 21898 7803 36287 
8165 14
40776 55426 39727 63939 22345 7463 82956 82320 45338 35833 26671 37389 41863 26212 
3301 17
25109 89106 1990 31788 19561 8738 16442 40547 4023 4947 38908 19556 92476 2972 87044 71697 35755 
5818 17
55359 1281 66216 84011 40475 91785 98400 34960 32589 35342 70993 6644 14283 10087 51908 72617 63941 
337 14
42781 44595 21105 60311 90248 2378 60537 92183 14332 22544 12478 36601 92029 54872 
9540 10
64100 76067 69550 40796 22506 34381 15348 3354 15073 99580 
8157 18
30093 33974 29338 77610 52112 88748 38401 17039 8976 2164 62986 5079 56037 43416 80212 16395 43003 34530 
2317 15
20878 87402 82056 65696 38890 66434 85883 10806 70890 41224 32673 75328 15438 60074 61382 
2943 18
89074 42824 10040 34734 14627 36728 35038 19155 56395 38998 44522 11954 4916 61497 68429 48077 8051 90985 
4899 16
84137 80821 62154 76791 9500 24682 92872 86865 85295 27080 48682 29330 73846 74215 65691 41152 
9367 15
49908 90301 10106 32324 43507 82428 36361 49525 23025 31744 69960 94991 55924 65640 19891 
8941 16
48619 96388 52894 64056 46437 74561 72036 62299 73056 57773 15950 70229 20256 62361 55181 35131 
4828 18
19797 80928 94398 54907 45350 18825 91838 24457 30359 66981 28147 51609 32776 41459 24202 44288 11114 21408 
8989 18
6476 38628 85112 4882 50402 82394 9571 51990 88693 67915 7459 81799 43675 36103 90827 36422 79068 71547 
6897 18
56907 95402 83304 28038 71074 14860 10856 3932 87937 54263 6564 43423 14925 48793 75602 16476 73295 54084 
8858 15
27458 6962 42378 65065 63679 52613 17356 86450 13232 79921 9267 1147 99019 88898 32555 
4637 18
63609 28299 26142 46712 95262 16353 59528 50684 78679 72198 48895 36055 96659 67409 54237 89342 58115 89102 
959 17
75141 11034 29825 78555 21381 48481 29854 74325 56496 68767 64001 81585 83445 78376 66893 14456 25028 
3162 17
45853 57718 37771 15787 26920 7200 44136 38786 94050 36009 56030 48889 90027 92112 40323 50177 46635 
897 16
3370 19537 89915 44446 35768 30177 90241 31964 62212 6362 43187 92813 64407 13632 85252 71146 
5570 13
53291 93673 63811 50259 73603 87562 47429 36077 17818 85598 53948 89836 34564 
4924 18
92541 59614 93078 48782 56151 13354 87012 66749 44645 21951 44115 66609 99110 59889 33792 71417 66797 6532 
820 16
17999 52153 81969 30251 60338 8452 54419 97361 27479 82097 26664 9376 44633 86250 44370 66360 
8665 15
38066 37733 41039 39045 23743 77940 11950 86722 87357 41158 14354 52747 70889 19430 28944 
8181 18
82963 39996 15098 76450 45999 80560 83126 56979 34337 7259 52171 23141 74272 59532 29408 37489 56597 40430 
2776 15
29441 93717 21246 78989 59690 6571 12399 12978 50711 85673 51496 20680 39135 18378 45737 
9013 19
64716 79910 88859 28809 63012 56101 23750 45327 41657 52400 75957 97195 33431 73728 46927 56551 49605 47364 92583 
8366 16
92987 85671 28568 42380 10967 83581 90808 83744 42059 48329 6347 69000 38146 65423 87384 57116 
6464 17
78557 58880 71231 73743 49221 42483 37271 70117 7568 84763 66338 51166 88610 42093 7421 8972 19163 
693 16
30884 79029 18233 77061 24973 66704 34392 35676 66038 32671 38587 84908 98204 39490 52967 70660 
8198 16
26204 7524 51113 58483 66286 59495 88933 41823 79594 48942 20928 12267 3079 10738 96298 92622 
2415 14
17257 74055 94287 27490 83554 4557 80257 17962 42484 53402 36089 45738 86608 46548 
1453 18
17714 25123 54983 15385 56190 28208 24651 38811 66733 39332 74243 1339 59341 61255 12015 70749 68226 51412 
1430 14
52734 2531 86408 7339 7282 53609 15871 68892 37841 18858 65702 222 89197 77859 
3397 15
42399 2664 71886 93445 96665 24807 88401 62346 95735 85385 82094 73559 32500 9953 49623 
1394 18
2359 1096 11683 81438 88850 66090 54932 77041 94512 15018 15424 31292 5295 39712 62801 15102 24054 63950 
6715 15
35878 70288 49510 96008 69349 94724 95314 3598 68116 21077 98111 26822 67956 75926 92033 
4977 15
63297 11548 49185 28301 24860 50638 67647 37896 25892 65947 16293 90518 67010 28157 36862 
2491 15
42649 51344 80955 41415 48119 51438 46832 62054 25823 56324 18504 26953 70314 45236 58828 
2075 19
24782 49072 84055 68423 92693 1448 18433 18122 39879 70852 86288 50393 41424 87118 99139 69430 39111 4859 38228 
6258 19
49500 18166 64880 80381 89297 99517 1626 78186 6905 91261 56382 52036 4743 40405 61990 79538 86338 18399 2681 
1159 16
21036 67215 7122 10195 59639 72173 75209 64702 1249 65211 14703 80502 27948 36093 90461 80270 
8876 12
39515 14071 9214 68047 58226 22307 22853 42385 64164 18218 22160 17359 
92 10
73669 87154 33545 20672 9131 37274 57354 42710 23932 76538 
7658 13
8891 20970 40645 25826 48988 6353 16453 55638 62112 25900 47815 31242 82620 
8879 18
34976 43742 46449 1229 80113 76499 42788 74457 99081 55425 61471 21564 3454 85342 42340 40765 77080 28665 
1978 12
39689 25345 38207 98454 26571 46371 98923 92074 89758 76064 37793 14277 
9948 13
4624 24599 90758 23869 74943 15301 10231 7578 78907 83858 60007 44866 55894 
621 12
43914 70418 44732 34869 97480 12449 78237 43214 60228 71051 26690 42478 
5045 14
81929 91510 69841 96736 19538 74295 45296 15487 47278 22951 8168 5722 16030 59458 
8521 19
64176 83416 49863 86004 86374 5922 3523 9525 52981 14317 66555 55003 92700 98065 53094 75115 6293 94592 72412 
1886 13
23337 32430 90527 69917 99025 18501 24943 27423 56011 77196 19375 76267 16148 
38 15
42521 61902 734 96167 97654 40183 21768 45134 92416 40728 5620 21305 51190 10335 8915 
7007 16
98729 80330 65628 37396 97215 51572 11291 28196 48876 60591 4710 1617 52012 42443 13798 45220 
5878 18
24235 69799 98054 26382 66952 54676 31596 99054 40835 77185 59590 74694 44649 560 37761 84287 3227 9243 
8396 17
38053 59108 13589 70850 63997 52218 76417 97308 33686 50762 87739 57433 89715 70782 52381 25589 15791 
5091 15
12683 88734 69124 8330 79615 89906 31388 10382 44496 25414 38037 57384 28866 21570 39856 
5873 17
51111 71845 52916 49162 80581 64148 25664 54746 72106 31494 34432 30683 68214 76811 97334 45383 26816 
9918 10
63551 71772 47523 14457 27484 83949 61821 79933 49584 31825 
4933 16
20954 94648 67725 26933 92209 14509 26349 8786 23748 93439 84850 20475 1839 17651 79686 38428 
4871 19
920 12492 79041 29616 42134 10014 2030 11543 55914 58146 68337 17652 50357 83073 18945 98377 17164 66996 72701 
4717 17
56201 65413 2654 36568 51880 86264 68665 67252 43891 61195 61563 81351 28190 26828 49956 12998 79767 
5267 13
49017 75161 92067 83759 29287 71531 33916 16034 41858 63954 96472 73352 73395 
8151 16
1375 1257 11597 96836 69333 58530 44241 65535 27365 90318 66831 65318 277 3631 62687 88567 
4277 16
1840 87780 43436 34590 50526 21120 59812 76239 41002 93834 43504 46843 76576 99806 88908 15890 
9793 19
22105 33714 89104 35267 34477 62251 66386 66722 41565 75649 86745 79106 55245 20778 41827 65939 49750 16158 45172 
7827 15
17799 94666 99920 96711 10263 60037 61070 17720 93251 19289 71907 99721 21813 92849 20123 
2481 10
32350 50236 64259 92733 97443 91468 18774 59755 17475 91495 
2548 18
32726 86711 28728 32195 13294 33891 47803 86674 55805 45656 74100 75343 94111 84796 4499 79523 27691 52917 
5466 17
91189 40277 14706 66412 63350 82475 32026 96410 33856 7857 38270 52855 51308 51760 30119 79206 94602 
2339 18
95783 84827 69216 65811 86162 55998 93801 48621 82212 88562 13989 73062 5851 98479 16402 31604 63521 676 
8890 14
36749 63102 6725 5858 26620 15643 98464 79810 42631 29939 14151 30752 3650 96640 
8834 19
27790 33122 26969 32461 94166 47838 28952 20112 94079 24810 57592 17043 29971 73288 27208 66250 80124 69488 47536 
4149 16
70515 83190 27816 18220 21724 7599 91343 52101 38224 87792 1008 66456 76588 57497 69457 85027 
8392 15
69215 80643 41824 29951 42060 20066 99981 6519 28228 96946 32513 95714 96203 2231 36885 
6418 16
14997 22844 79744 82879 91998 96150 75744 3708 39035 4176 71901 55251 7124 81382 36770 55802 
5065 19
32542 28614 40458 9950 71471 311 6870 20130 3096 69453 75917 99038 63892 77520 71880 28703 62380 89812 99758 
2731 14
40647 29909 66571 86934 95506 34970 80896 26107 26358 27455 94610 81787 83470 64858 
6708 18
86005 33847 37840 46731 41018 3164 13767 74189 77942 65529 1616 51954 49812 68926 4332 82656 25097 60358 
1878 12
28574 48646 44655 84076 11468 55740 18070 98695 95668 54475 39007 33312 
3678 15
10529 79816 74726 76329 59509 21110 78677 47403 62688 61464 29646 85429 82683 89351 53732 
7344 16
77416 66432 12714 8712 77088 22816 26817 10626 61206 3380 91488 48724 46076 36586 81481 65945 
5523 17
74547 37009 89131 33580 80571 36834 40020 48363 44354 65454 67081 31078 64293 17531 95018 31675 18711 
1844 17
95886 84941 6335 67733 28593 32769 92028 98585 47525 3226 20577 82730 22883 69508 67700 54363 19179 
6060 10
96346 93867 58658 33014 38156 82043 44028 9960 86675 2388 
8534 13
84520 37898 93623 17498 84302 57696 80071 74239 86509 77373 33987 29668 88065 
9017 13
91709 14022 5712 19329 91892 26768 60619 43329 91072 80430 42812 65630 95557 
1432 16
44014 43667 71266 696 74840 39239 92158 63003 84417 35888 4996 39998 26297 87873 67751 1554 
7506 14
38236 50423 57125 75419 8129 59395 53271 86524 64897 16417 97004 70054 13059 63738 
1254 13
19569 14713 36053 40505 51460 21560 89381 46579 20436 56527 88940 83997 34716 
9816 12
47766 18966 8065 6690 7367 58457 32860 92959 85188 20765 52723 35174 
3955 16
87897 21941 21980 96437 76480 13169 6022 48803 88248 62354 77965 63838 9607 38251 20670 48400 
8572 14
12537 5616 22464 61981 91093 96767 11908 88489 82427 99978 29877 54514 35534 53430 
9110 11
99103 78629 8444 67737 54757 93603 90052 34898 4345 84142 27498 
3215 16
97697 28626 87224 87041 76153 17979 23408 85996 45484 56506 16565 29694 9127 48973 12289 85233 
6745 16
62429 60746 88542 47585 69744 35824 42366 780 52664 52174 44584 61366 85155 49435 26657 69730 
9097 17
9902 9544 68480 96626 79677 98423 66826 95707 3683 30544 69480 3785 94747 16676 70185 19818 85560 
3234 13
23146 68210 33474 36246 78255 83097 93421 7000 33830 22305 63563 16414 82700 
9489 14
45503 18137 69838 38547 19784 30649 91694 45883 92402 1669 4490 88497 29598 56940 
1086 11
45867 60512 16383 76487 47250 92886 67639 42472 33845 5810 35102 
8190 14
46345 82179 63055 86973 42732 33263 84964 71017 14996 56899 56861 69522 26622 60097 
1222 16
18914 31943 47746 77507 76095 25850 6691 66617 13764 40964 75639 83967 78527 49871 45088 66597 
7462 14
42276 2181 20559 88593 40006 48573 21703 40274 33266 87495 66035 78618 90555 89794 
7256 16
33739 25935 24119 41554 8926 65158 10760 50095 5014 86858 13834 65334 36733 12778 25048 2354 
6874 16
78806 86267 42765 61356 57402 44065 62996 9055 1395 95838 90385 38894 50412 59062 10907 59966 
2373 17
95985 99184 91996 57460 60194 5275 42763 81065 90410 29834 80114 79075 80700 90475 33766 12505 2562 
5360 17
33065 91915 18325 82605 56937 43051 56856 69020 20246 20416 55642 66546 76585 22487 1845 73095 59857 
5193 15
57071 69331 45002 31968 60938 74255 32326 84756 55715 28848 89721 78377 21798 78706 36532 
3307 16
60928 23112 62701 61555 95164 3028 29291 80457 25869 40813 53292 43229 91693 19159 68951 24765 
9507 14
47750 61625 22639 76685 37861 426 43700 82357 50520 84733 38469 107 28393 46675 
5565 17
4315 56005 51182 79310 77462 5639 91866 48934 68023 95217 3209 64592 29798 66873 70688 39586 70730 
2137 17
70379 37854 56949 23621 64790 4572 14704 36726 75376 26245 93795 56775 24477 75016 23019 70737 16397 
706 16
20841 2800 33992 13147 15331 28375 2442 10091 9322 90300 1804 20981 96598 10130 21956 27067 
8123 12
22643 31283 81466 4397 4213 25291 43034 42488 26240 30748 20601 94174 
4297 18
41818 40293 7838 40342 71757 77693 28652 25838 75660 10514 85081 19612 81533 55765 596 50128 35826 5924 
4758 17
41803 61417 26076 4552 94218 63986 2686 74497 91216 54287 2051 92408 33654 24709 23928 99010 84347 
1133 19
89093 48670 67618 35861 41188 21741 20708 87020 41625 20269 4635 80544 50898 23940 6023 84375 23045 22869 28103 
4496 12
65932 51627 92646 61278 53580 54582 15628 93963 95947 86869 2210 94856 
8912 18
36219 9206 5735 53735 31202 11771 61440 51355 23631 24608 57032 74752 48048 37555 69852 33840 67082 76800 
416 16
27052 96196 71411 80870 58698 61397 57140 78548 10280 82929 19674 84065 97542 348 34561 85782 
2426 15
62386 46011 29891 47956 20121 83455 80268 32695 26876 57164 41980 15831 51424 36818 6297 
7575 16
67566 43509 79454 43121 81317 53525 60496 80057 14517 96630 31529 11851 99998 56723 57733 66420 
370 16
94177 63098 12080 99380 66522 48966 18799 21353 32684 68900 4267 96575 29325 46210 72080 60985 
9916 14
75779 19396 95010 88744 1394 80348 58820 1929 93644 92092 22530 77432 86729 96141 
4193 12
82470 16068 8596 51587 29869 52011 58278 97482 99564 34675 49397 24403 
2708 18
82422 64931 96552 14008 57484 14779 96343 58419 73774 34517 28024 74184 39506 42940 56282 83932 37677 75651 
8617 14
27336 12078 70208 80572 65001 89450 56222 27070 53656 58113 96366 24555 73616 62826 
6899 13
95073 51050 94621 10095 83721 85338 7382 66671 56318 85529 14246 36977 66595 
7291 17
22361 46919 93667 5342 59060 94577 91141 97174 12393 35956 95184 41236 72354 95257 4819 29640 2913 
8536 12
46383 24795 76757 59880 48124 69885 37942 22722 72420 29653 47251 96280 
5044 18
75461 95696 35396 68627 52869 31816 46512 25684 81268 43088 27376 54043 61145 25110 91104 31022 19821 14489 
8101 17
85863 77330 7489 19326 44892 25853 27883 9825 11981 4386 69595 87425 46390 8586 96290 69837 87912 
7585 14
89139 52337 1813 31492 87122 48431 89855 15929 20683 47330 56351 29629 68980 25213 
4312 15
68283 32165 98144 99543 95081 40563 12108 17978 1857 99058 731 94750 36515 48902 64507 
5177 17
65536 98745 39707 40377 87343 62448 97785 37729 12620 93683 40825 40640 55279 31518 35665 63765 28931 
5173 15
38361 24828 48565 99749 45825 12320 46987 38728 72990 24304 28708 86399 55724 78571 32962 
215 14
57345 89190 66100 66489 99274 57002 75230 94955 58909 80511 91887 73349 85451 53445 
4393 16
37998 77553 23274 45930 83247 45703 7129 95520 61800 34591 90953 56902 96102 1359 92230 28106 
2200 12
65165 88829 99833 71186 15714 85916 48075 57766 20587 46567 9436 98647 
6966 13
5047 31074 7993 38473 39549 94353 15390 19073 60597 16670 60828 910 90600 
9794 13
52857 3161 91063 68199 65160 38027 94869 63149 90720 30494 99367 34550 99486 
9963 18
54749 66242 13534 51392 11101 74257 13159 43895 32448 23537 34741 1914 27003 99824 3471 35723 9928 47722 
8093 17
89863 53286 70998 34533 84931 1934 3141 17236 5675 11320 97945 22993 46747 93112 39976 35669 18541 
7407 16
71967 84012 19051 99915 65910 88573 17054 56070 58136 75113 18397 5091 72956 90246 46170 41471 
8432 18
5489 93899 84831 2981 38700 21028 66072 30883 85760 48044 23004 23122 57386 98897 31249 29205 8169 87991 
2147 16
14417 21848 23635 69647 58874 70931 87523 88703 76154 69524 79979 39926 94883 66472 46721 70177 
7308 14
10896 21713 75913 48460 67249 11678 78871 24598 24479 38808 97823 29482 31752 40867 
6017 15
47062 81823 80407 27909 24947 23138 13927 90235 97607 96869 90217 99079 44017 36596 99549 
3938 12
83826 75092 43547 68684 20791 92820 70893 38662 16110 59885 37595 12180 
1820 12
38829 46827 56607 57435 31953 71534 99481 6588 78487 4600 22788 15017 
2047 18
31450 16869 65400 85450 16253 81296 28650 75276 7932 37522 956 5708 80520 44463 19298 94556 29083 10296 
8211 13
91735 93585 30378 85379 38720 66058 38438 17390 81279 24150 12421 15603 89942 
3605 19
8975 83102 13642 45987 61346 66554 94252 90870 23769 87257 68443 72147 31578 25793 65603 27779 4942 83853 42192 
6536 13
91558 42673 66779 35677 32258 19140 39187 13986 63845 24902 87480 87706 98272 
5117 16
81352 84432 8709 18535 3822 6466 4056 94198 57577 24745 99375 96074 47619 12315 23603 99343 
9061 10
97758 6623 14719 47228 34454 40717 6237 97493 42091 36314 
8821 15
19272 18327 13529 20679 61006 29246 73000 39946 73360 41558 81453 36554 40983 61562 51076 
2863 10
58684 99870 11046 70638 855 51663 30562 95997 19056 72313 
2297 16
32352 98491 19238 67018 61759 74118 54343 20451 72402 48161 5511 6718 42504 70960 26037 34902 
6741 16
72490 2793 54057 67631 72195 80958 35352 50053 9936 65519 62404 4192 97324 87355 65020 88928 
4101 13
2013 20012 840 65631 92118 16166 39838 8983 65510 30611 37650 97993 58277 
8138 13
20108 96157 72141 45672 77636 67623 36224 88287 74246 14820 66280 42854 13542 
2608 18
17701 94767 70583 49034 37863 80164 11918 79658 63594 86940 54742 36745 34119 56123 99212 54180 46504 54120 
3679 16
43919 30290 53944 77953 73279 32628 49586 15648 91484 54193 20209 39446 8895 23169 73820 64846 
6349 15
92433 96766 26165 26396 82010 96477 26540 26147 78121 21212 63767 4120 84043 93970 34113 
2540 16
99683 89034 31212 4729 5507 39125 84851 73872 94656 65705 55414 41233 86368 7864 91855 37287 
657 10
39742 7188 35060 62073 18766 28948 27863 42847 83887 56560 
6239 16
81944 59596 50373 26885 57560 635 27871 94511 77607 16312 31844 72953 50310 79224 40704 45378 
7555 11
80645 59433 9913 34991 98853 49271 33388 28735 93960 62262 31057 
1966 15
96754 69105 79121 32503 89946 83505 51362 78308 57809 14222 83275 18759 44201 8523 42289 
1274 17
54462 78981 7690 66288 23872 83511 48214 60824 93789 61181 82843 41491 43074 4021 27435 71581 65240 
8679 17
59905 24578 22541 53446 4751 72105 11756 72708 31354 8456 80923 84389 95335 9977 32609 69152 80286 
9221 18
76388 57012 19985 67088 26344 74554 24514 70487 25306 52725 29873 90500 83297 88825 93774 8245 88738 84026 
3254 17
16018 67333 7625 31863 73943 31947 37406 9197 91770 36659 31018 34267 73371 39232 2431 57953 83955 
6338 16
12190 60792 87196 95615 90076 14542 24605 84191 50679 68607 73241 45550 97460 85867 3993 87956 
917 10
97211 85545 29121 38274 99771 3449 59516 44084 33126 60729 
7791 17
23942 27113 54133 35109 83007 41427 87331 49959 81321 87958 48237 26638 84014 32187 91641 81874 93181 
4709 14
47659 2950 95146 2618 5092 99015 23260 21958 22896 56521 83375 32335 17018 99818 
7056 14
82737 50333 87270 31978 35195 59871 13906 26790 34265 98579 34090 44962 21399 11513 
7281 18
4425 53518 35664 83800 8971 20628 33026 12771 39968 64213 88047 87511 27077 15340 74003 3009 92440 26693 
9182 17
58359 90879 44973 30453 93808 70878 74689 85098 37440 70696 53019 95891 90723 69375 22630 52385 58196 
2667 16
1252 19866 59392 52824 65245 24431 17044 51417 54198 24982 79793 77697 77113 65041 70178 97018 
7624 12
36908 74820 49741 45974 48802 40917 27731 67049 6321 90492 660 83452 
1071 17
32627 95206 63642 6887 40591 16958 95131 95444 51129 54740 72878 71649 69803 18563 37300 93264 15724 
410 16
86274 75795 16982 88539 51626 62165 2155 2897 47334 80829 65641 58919 41174 36890 78865 97393 
2504 16
449 22770 34013 53082 33155 70525 86931 83227 56410 7223 95592 370 67989 48916 58878 24035 
1065 18
77947 91882 78289 87160 73016 93966 56400 54970 9015 76483 33295 36080 59899 39346 28543 50281 9836 95946 
5569 13
64850 34230 84254 59384 3796 62797 42224 9565 17805 83966 1429 54440 49204 
336 13
33376 95097 68306 69547 14879 35413 708 45101 4456 4018 20031 78480 72530 
9772 17
45682 52743 10161 77264 41179 10639 18994 71956 39849 1331 12919 34725 70656 95372 90925 20394 63725 
599 18
65840 77874 84613 56373 86730 12746 11155 89722 2772 70241 78333 95277 91700 23800 20019 25834 87674 87928 
3103 20
33283 87541 24362 19581 52451 85661 2609 15670 61016 58485 84817 42284 62969 13378 84707 34091 29529 66861 26361 55734 
3470 14
20558 98740 83206 73037 46955 33836 78132 77800 56067 88324 72116 20222 44068 23632 
1923 13
26537 71859 23612 98448 2883 58861 85162 9757 51298 40123 778 33125 99277 
9336 15
31985 4034 50935 14610 18601 7095 66404 89465 76358 77454 95682 18473 70375 98817 69072 
1963 16
41579 22925 47421 53039 77314 41118 27447 65636 60410 41207 70641 6107 95370 61203 33341 36653 
6185 17
43886 10957 64503 26521 88182 94908 13777 85140 39140 75533 1550 81670 50605 53631 4259 92901 49168 
350 11
16689 4757 28363 2565 10810 43238 77936 8204 39345 55647 34408 
9624 17
9714 32801 6315 79526 67997 55523 70804 9731 64194 57375 36330 21005 77579 94716 4868 21810 65292 
5551 19
2017 82686 16393 42531 49872 40140 25876 46752 53504 96884 2612 12935 42489 29773 99068 69726 35382 61909 30948 
673 18
37068 58881 17215 46508 72520 50079 96349 29444 44256 93437 59134 42583 92933 97092 20178 4694 74144 65306 
2746 17
27449 2760 99148 37813 77302 61610 39339 70366 84885 6172 11870 86804 81792 96044 17972 92342 94130 
3792 13
75482 9826 52065 47166 8578 32753 82939 92435 66718 98249 1767 52854 1063 
9871 13
1601 84703 15552 87836 47617 29061 92079 17117 58231 63085 15113 70576 21955 
200 18
89919 26167 90809 66573 31708 30350 97659 58943 15101 57090 78464 64627 95173 29706 31027 26181 60053 51575 
7078 16
33797 18627 83541 64421 2187 26141 51012 73397 74044 43578 94088 37913 13571 61642 64525 65959 
3854 19
2245 69562 45850 55034 6534 36681 23466 80787 84046 23882 76913 94929 20817 92790 32246 28893 28622 27739 34562 
9724 10
72055 9593 52416 18668 24199 52985 90703 50861 89926 43882 
3771 13
25515 37818 50067 29084 52795 91814 76040 88728 82940 890 36790 17287 84474 
9985 17
5474 86708 18118 352 81477 35989 4521 81469 46976 43277 39791 57997 13262 94829 27065 44342 71651 
1602 17
2106 87254 5143 76023 2607 56743 51860 27394 81360 54635 17549 16624 97744 29549 68467 22399 70015 
2824 12
55254 97295 72587 97960 52131 7772 46614 14508 10632 59793 87607 91273 
3877 13
56436 96445 78695 10917 99715 99109 63049 51413 73025 49300 93138 71269 15317 
2959 17
10966 79181 53266 24428 59342 78222 95288 7950 45449 90280 52491 34390 37926 52099 47127 93502 50771 
6751 12
12447 92329 82752 53100 53945 9499 3186 91002 84948 97696 78367 46146 
4431 18
55114 28784 60032 63847 41381 17664 91132 86464 5799 74076 27275 18859 41337 55444 45797 79125 57498 38796 
7869 16
23714 62892 38105 62230 42010 23022 48235 2088 29222 52757 31536 19458 79648 21874 17469 81064 
5475 12
99610 45774 19059 60277 61387 50627 58240 80711 78436 97530 93378 49320 
4038 12
81515 75852 55901 46822 42184 52765 49080 8676 28298 46611 53368 95365 
1079 14
62543 68314 21394 77773 80081 76101 15785 27318 29138 3488 96464 95561 40718 64083 
3726 14
25619 60925 84645 55052 4363 64035 32226 36631 28561 19778 28990 85115 64529 98339 
993 18
37640 5913 15551 93522 98506 73163 73605 65658 98571 82869 96099 1939 76936 61584 62743 3923 81791 83276 
165 18
70232 77458 56855 28355 37089 6338 82111 76135 81958 57068 78600 71402 78531 77356 91426 33518 29967 88798 
1656 18
93771 35245 19251 61273 25507 88168 87475 86226 72509 24609 1053 44711 43936 37811 60616 23470 65224 97291 
4172 18
93456 37227 73170 61291 64796 25870 89841 375 34144 9431 24224 24564 76277 81230 95094 87093 11279 76947 
2162 18
93034 31645 49668 54504 17961 42376 81610 63614 31401 84861 54449 34879 81932 66269 35593 33165 44531 54155 
5311 18
88308 47594 27 73422 85283 52285 82953 37385 75001 71301 41168 81510 56186 66267 5980 26765 40337 31674 
2366 15
77114 65455 49331 1973 51078 60684 39807 1659 49368 15075 93864 78503 31925 6938 90125 
6871 19
40071 599 47629 87851 67662 31515 12282 59306 42836 75548 36149 80127 74615 74736 16615 59246 66013 39044 13601 
1911 18
78979 44359 31259 51734 37169 24368 67841 49484 86319 31051 13741 31521 56231 78756 53101 48403 61157 3875 
2751 20
77763 78785 69810 56546 64018 8216 89382 75564 41195 47387 30553 57073 8193 14078 14360 17685 68699 8336 23706 25176 
354 14
875 43612 7916 40715 36524 30651 27463 96198 25768 12881 24559 31721 91603 17591 
4144 14
62863 53109 28661 22877 75399 25841 82676 24065 61793 68020 45036 39404 39049 37344 
7786 18
17896 28405 35502 53760 15505 38905 39415 79747 49193 95619 54098 25158 1248 58615 76788 98713 41312 30416 
4826 12
70027 90231 26663 20573 48454 90317 43611 8417 67671 93622 6805 19177 
