56
1565 12
1290 13834 88248 3429 46170 82042 72895 1989 87872 14588 96194 73758 
56 11
98786 92060 99390 92963 96526 7184 78221 63381 55192 44452 37063 
2905 15
29971 8976 35042 72572 85371 39841 73656 13400 41461 33876 76852 9458 98485 97121 86197 
909 12
19504 18342 65735 34212 6012 84979 87092 63180 52787 48286 13904 22063 
1708 13
97973 6885 39191 68846 28828 32527 33015 9468 89678 87719 61817 4176 77200 
2568 13
39106 76091 41387 40909 55644 21642 30770 57338 39126 64079 81025 32236 89540 
2676 15
13910 15585 35628 68357 55910 75277 71155 15580 24945 93337 48493 79908 92559 86751 95711 
2835 12
59306 29168 64231 52898 2315 13344 46866 38723 1700 52202 56236 1648 
1206 14
58399 64752 76667 35285 17803 47166 29884 64981 18091 67662 17167 70546 81040 37284 
1848 12
11755 74404 62322 99352 3885 20673 67092 77803 68713 37561 70284 64362 
185 11
54468 5520 41775 29606 39965 20135 41773 18635 57605 2449 45977 
2734 12
73680 56240 11096 18603 25794 64100 20980 73753 28656 43169 59351 86485 
1084 10
98360 22402 37722 68906 23580 8122 94291 35210 69503 43382 
1234 12
76338 56008 7956 16659 50433 37666 23973 87862 76862 54411 53045 92238 
2565 13
30351 77670 82830 20255 3618 38751 79077 39069 91989 80947 12978 20801 51067 
988 13
81615 49684 74680 52818 71353 19122 35992 76802 21938 80961 90024 74714 49232 
2662 18
35471 92357 28505 47317 58552 31319 20272 14940 55173 72151 19183 80303 59293 16749 65598 60458 27430 69943 
404 11
81855 55433 88210 53145 87343 94626 42871 16930 57575 49558 45553 
2362 12
86671 33813 11254 46700 75225 15338 24112 93587 21888 47560 71189 12820 
529 14
66512 15943 22513 40009 89288 42155 50245 77643 81112 30116 98261 18093 41101 27220 
1241 11
28575 70149 31746 78631 59282 6950 84682 34187 87979 5122 36801 
1060 12
8188 41356 67362 32903 12968 51075 75188 89039 8752 8475 33135 67333 
342 10
22349 17248 66199 27895 3573 89413 9151 73888 52856 50167 
2281 15
95752 2878 18762 64129 2109 19835 80660 83407 32167 16605 11802 10020 143 64635 48685 
1607 11
94143 96387 81948 89280 69319 3282 713 18067 57503 34404 87751 
1621 16
71030 75779 42273 94456 29636 75491 7694 64783 17640 25574 98284 32452 82437 67490 88332 26627 
51 16
92115 60152 27240 86723 63408 80795 69297 52895 39255 43990 75871 5221 40829 64181 90206 71446 
877 15
43099 87067 45840 55394 7241 35704 41994 95006 30419 84734 58097 29574 43391 32335 68672 
40 12
6985 61787 78617 68958 79701 13924 52688 13391 61552 73698 77646 60641 
475 14
8973 2547 25010 99883 66377 76139 68199 79804 15892 50885 26868 3684 76043 49900 
1527 11
69037 15240 35224 21734 83748 97229 48565 97094 79495 26792 59775 
1045 12
76516 89470 596 94429 16546 15269 71703 69547 14116 60803 40543 83963 
2291 15
8154 86890 51967 48838 62476 98585 80989 71485 80041 4220 16365 52816 17434 66016 22947 
1082 12
75358 53314 82498 1842 79250 1503 61531 50607 10284 40757 83749 46384 
1756 10
99338 38878 75590 85127 63707 5981 13193 483 62292 1876 
1317 11
11107 3871 75950 18622 3783 68729 26730 36460 55126 18541 52167 
570 14
2372 23302 87694 51626 76639 46813 85080 92576 31121 4391 23087 97405 50556 34125 
2231 16
33468 99650 83439 85163 66980 88358 20568 39634 94643 69924 21109 5464 56828 27194 71351 15174 
1195 13
50327 29975 67129 13305 61888 82564 64367 27904 80278 18791 39078 46389 5424 
417 12
14735 66675 44577 50793 43344 94618 25810 77486 80135 64361 34077 67593 
2193 13
46774 49449 21197 1896 34354 65724 484 40212 8027 99346 52801 76981 57322 
2258 14
25874 2484 41756 49139 83342 98784 35767 41035 83004 98107 94985 5931 86534 39111 
503 14
8729 47746 29294 57323 96122 7960 6800 25928 33113 31666 85920 3493 74194 63102 
1762 11
91421 69825 12354 71409 5326 19539 73677 37381 63994 28191 4960 
852 14
61691 42847 91331 8072 6912 83399 54726 64555 74380 3437 99745 23915 24830 66484 
1374 11
41844 72771 71060 83669 29638 57219 1794 13627 11870 23510 33838 
2200 11
1233 38162 34041 34173 50410 44993 93257 94377 20560 37798 90210 
1721 12
97945 46077 83953 57476 8883 40664 27710 2886 67231 20347 49159 4258 
2800 12
70557 52522 42308 61414 8445 76390 46265 29046 8116 62568 60805 97992 
111 13
30437 79661 76385 73776 64611 42754 16491 40786 28330 22520 26300 92113 35185 
1415 16
79132 47740 15708 71921 33432 75906 92017 83513 82434 684 67627 25324 10866 74536 37964 71053 
685 11
44528 5551 57727 96252 20128 27145 28037 48021 7316 79169 37157 
2651 19
64501 97382 11322 19826 97180 62675 2069 5297 22740 21621 61977 65242 9294 10737 90629 22220 86638 32218 18730 
572 11
58268 12120 70057 52254 95022 31685 74916 47846 92943 95898 13112 
1997 21
98462 11273 60808 68190 39811 96453 31495 83926 2909 56962 76720 7173 130 36560 19491 75564 7923 81241 11427 84121 96342 
1542 13
35024 68456 3392 77144 6259 82264 31124 70023 22759 91789 92973 59710 9722 
