162
5445 2
60793 32131 
5408 1
44922 
6171 2
2435 9498 
1097 2
54968 21246 
6793 1
13503 
4945 1
55087 
6804 1
87125 
5911 1
2464 
6019 1
50533 
6606 1
48112 
799 2
67552 10000 
6216 3
14793 52252 75909 
3349 1
29823 
744 1
21338 
5050 2
48084 66465 
2892 2
6663 32306 
4435 1
51801 
6409 1
37397 
6743 1
33619 
6726 1
50963 
5444 2
55290 68458 
3358 2
4399 5548 
230 1
40729 
5705 1
19773 
1987 1
48978 
3312 1
23173 
2632 2
63979 12876 
456 1
50735 
2532 1
49154 
5968 1
693 
362 1
32143 
2133 1
9143 
4455 1
80904 
1091 1
10980 
5078 1
66988 
655 3
61819 56951 84907 
6084 1
36566 
1622 2
61142 67331 
6593 1
71878 
4132 3
4506 82536 88862 
6147 2
12160 51274 
5006 1
83035 
5284 1
50728 
5861 3
49163 36552 7807 
4245 1
952 
6225 1
85807 
3116 2
47651 31046 
5971 2
52090 1587 
5309 2
81483 26333 
3763 1
5749 
6897 1
71398 
1122 1
41620 
6441 1
1036 
4917 1
65840 
6100 1
13292 
6092 1
72426 
4992 1
49017 
4717 2
8744 49056 
2372 2
68810 87207 
6001 2
63335 81839 
2662 1
5898 
709 1
83798 
6903 1
3182 
1324 3
41701 63658 22875 
6781 1
17995 
5633 1
25977 
5341 1
5162 
341 3
38821 22081 45482 
4926 1
18657 
3144 3
55994 56183 76501 
2651 1
86696 
4993 2
25728 16912 
2725 1
60046 
4089 2
39494 16952 
6359 1
20792 
3789 1
40975 
6576 1
77986 
5462 3
1841 20135 10965 
5141 2
23350 54956 
2497 2
39838 69231 
3571 2
41204 71025 
6813 3
35771 48722 22251 
2329 1
29891 
3318 2
37992 39423 
49 2
15127 52490 
6597 3
59414 63305 69442 
5324 1
21218 
4738 3
40473 67655 85794 
6835 2
13363 42785 
1722 1
10451 
5764 1
33458 
4760 3
83555 21655 39775 
2011 2
59365 88903 
6920 2
41967 47267 
77 3
57064 15863 49624 
1581 1
13635 
1673 3
50945 7082 20278 
801 2
41232 7622 
4255 1
48130 
6416 1
9729 
4113 3
11239 59706 64486 
4716 1
15357 
5650 3
19570 19641 14246 
1172 1
87874 
3145 1
67369 
638 2
71723 34995 
5347 3
29413 39472 25865 
6678 1
27038 
2680 2
84178 28282 
5998 1
38481 
3313 3
70201 77152 69996 
1952 1
39289 
6780 1
48557 
5500 1
48872 
6507 1
49928 
5847 2
24396 2281 
2454 1
57825 
3276 1
66710 
2250 3
88143 76633 64734 
4346 1
61403 
4651 2
82575 1078 
2425 1
62548 
6372 1
10128 
1876 1
77761 
3558 4
34646 21970 84717 12143 
4333 1
65420 
1544 4
81383 30834 50320 35910 
3807 1
24840 
626 2
59314 78982 
4281 2
81443 38463 
6085 2
44839 28259 
4503 3
79740 41099 79680 
3852 1
47456 
6820 1
4842 
6566 1
69159 
6503 1
85470 
6852 2
51832 46156 
4420 2
13583 38294 
1849 1
13988 
3834 1
45961 
7 1
61823 
4180 2
43013 32971 
1410 1
3742 
2501 1
8337 
2896 4
56889 82296 2418 9990 
5372 2
9308 50808 
3494 1
15065 
2205 2
28826 27462 
2586 1
27097 
1144 1
5806 
1240 2
57442 13547 
52 2
24259 17295 
3350 2
82909 73377 
820 1
46223 
5575 2
59558 25924 
6682 3
63597 76336 80729 
6787 1
8584 
677 1
11307 
2542 1
44955 
4473 2
25446 31428 
834 1
56702 
1102 1
11263 
