317
7696 4
7168 65402 56768 5513 
3224 2
4939 38355 
6865 1
89537 
3531 2
62433 88541 
6706 1
38011 
101 2
94622 2009 
5909 2
76916 63629 
1087 1
60803 
7419 1
23337 
2828 1
2658 
7751 1
33342 
4798 3
16844 76248 95729 
3822 1
91754 
7011 4
70421 82467 29808 96221 
7541 1
95492 
5187 3
59744 16250 96653 
6271 3
67839 88755 14897 
5018 4
55767 3047 2181 80149 
6395 2
92256 14801 
690 1
48765 
7136 2
59961 75142 
7685 1
50984 
1073 1
52462 
6736 1
65011 
3833 1
3679 
2246 2
12410 5243 
7379 1
81160 
5351 1
24241 
5746 1
37986 
1312 2
54329 26651 
3061 1
70790 
3733 2
5848 6889 
2280 5
56651 6506 72016 51203 3241 
2864 5
90860 46318 55810 31759 2492 
3211 5
12264 40139 87848 16145 54967 
1265 3
80724 91855 95473 
5507 2
97876 53193 
5951 6
48517 69018 75886 3767 26268 82368 
6331 2
63945 47692 
6939 1
6379 
2187 4
30705 48169 69101 50231 
3655 2
81203 28878 
4605 2
46215 40495 
5947 5
76155 70868 43835 76957 57164 
7046 1
96193 
5962 3
49930 32547 59859 
3595 1
69423 
2315 3
61795 66789 7446 
2164 1
1185 
2628 1
41304 
4472 1
61436 
1652 2
93276 42737 
5152 2
37483 21334 
323 2
51154 30745 
4830 1
93930 
5781 2
4908 20113 
4654 4
75664 16973 61985 10452 
1328 1
35656 
5281 2
34326 35287 
2735 3
4582 62795 31969 
6168 6
2107 87462 99344 90422 70871 79736 
3150 3
42042 38399 6522 
7195 1
58273 
3451 6
41493 9752 82320 69375 48021 82620 
5800 4
88835 8156 13099 4078 
4702 1
32583 
7555 1
48401 
2011 1
86861 
3896 4
12913 24474 17373 68361 
7783 2
79298 92801 
2012 1
59865 
7626 1
96331 
855 4
16137 67595 81288 34793 
6269 2
44982 33178 
1736 2
80729 56491 
6907 3
80869 15392 98726 
3340 4
98420 73002 70880 93811 
7357 1
66591 
4720 3
63175 64423 6647 
4852 1
61574 
6680 1
1411 
2177 2
96531 51004 
203 1
17915 
5645 2
58795 13619 
5033 7
20413 53488 4830 79412 46534 10157 140 
1933 1
15047 
2633 1
3503 
4405 4
75065 82142 17933 3780 
6969 3
77683 42091 91466 
6132 1
2924 
7732 3
53752 31931 94556 
1523 4
1149 20475 6709 56004 
474 1
72012 
5540 1
54026 
1086 2
61008 63102 
7631 1
83044 
7139 1
1966 
6747 1
75425 
5889 3
68240 73408 5169 
6936 2
64366 81911 
3915 1
86791 
2737 1
99354 
2836 2
89275 56216 
7216 1
28009 
3533 5
83309 57336 78195 80361 65014 
2686 3
58440 49938 45999 
5137 3
54505 30271 99174 
10 3
37801 15714 44787 
2993 2
33692 19045 
4777 5
35136 52840 52338 17370 84964 
2772 5
79083 93647 25771 54486 82271 
4568 2
69564 45572 
42 1
89934 
2054 5
35816 85446 19461 74019 16612 
5245 1
37968 
2822 1
28864 
5250 1
24984 
3576 6
59305 59127 97877 54470 78953 95727 
63 2
10863 96958 
5608 1
14491 
1213 5
11657 27446 17336 36303 14436 
2572 2
47656 22135 
5826 2
42133 48501 
6959 3
5029 61438 12 
7790 2
8035 44558 
802 1
9123 
5406 2
48279 61554 
5691 1
34635 
7780 1
58999 
4215 1
30948 
2795 1
95142 
3525 1
34477 
1961 5
19522 44909 7633 70597 47138 
2094 2
33086 50357 
6399 4
92943 36982 32644 27538 
2485 3
70783 24346 73151 
2632 1
67179 
5808 2
97660 29592 
7239 2
48860 48060 
2238 1
58022 
7749 1
53520 
2405 3
19362 49340 83572 
1570 1
776 
2690 1
92873 
7386 1
66686 
2111 1
94446 
7610 2
31674 11689 
884 5
29453 78301 376 41236 81076 
3187 5
77945 44255 54493 49600 76132 
6790 2
83704 7707 
7091 7
35404 13301 60517 10008 87583 79114 61390 
2180 2
31744 58403 
326 2
49224 74333 
4603 3
75055 60678 94971 
1277 1
99834 
4623 3
18364 93755 72421 
6992 1
8668 
7006 1
32157 
143 1
30522 
5778 1
25182 
7351 2
86979 52512 
7527 6
8432 79122 3648 69894 34535 68434 
5370 1
34930 
6247 2
29528 22244 
7760 5
63592 61290 81992 3083 16566 
6906 3
98112 2269 18341 
2742 1
14125 
5556 2
68515 35315 
851 5
79693 34197 24898 36606 91601 
4947 3
98457 47823 23590 
6574 1
7584 
5484 1
30983 
1440 5
795 5787 46723 23581 51549 
3199 2
95066 67923 
6040 1
31936 
1276 1
48959 
3072 3
61238 45927 39829 
3065 4
45810 91827 31608 58730 
546 1
71600 
3707 2
41744 39076 
3679 1
87903 
6576 2
41188 3533 
593 1
78118 
322 1
2401 
5536 2
86342 1885 
528 2
42271 6784 
3260 1
42257 
5578 1
56214 
145 3
56250 33373 96009 
2424 1
4855 
3019 1
76527 
3035 7
50366 99839 79350 57974 67153 30467 5105 
1348 1
99188 
3848 1
82876 
6915 1
96191 
5843 1
3803 
6549 2
7191 77866 
1762 1
91853 
3102 4
66631 35158 24643 96262 
1518 1
72260 
562 1
71851 
737 4
48652 23558 82340 45741 
6506 2
65995 7116 
5086 1
48076 
1667 4
92638 74139 29603 30026 
7640 1
36976 
7330 1
93208 
3235 4
46645 90673 67074 54355 
6335 4
94295 85876 12936 68180 
1759 3
31933 99440 47517 
7706 1
77054 
241 1
30835 
3913 4
15617 40479 41895 1047 
7779 2
79399 86217 
6127 2
79250 95305 
22 3
51876 61062 17197 
531 1
45772 
687 1
9080 
3965 3
76389 59884 34539 
5436 1
25773 
2880 2
77609 17487 
3849 5
95039 34162 1071 38675 61819 
3214 3
76580 85085 20828 
4392 1
86438 
5461 4
4588 55471 71671 98147 
1330 2
33234 5951 
4090 3
92712 80685 55487 
3697 5
84014 30235 51334 32106 76231 
4332 2
4602 27083 
4498 1
73694 
1999 2
3967 13767 
7492 4
18802 82695 77131 68644 
1468 4
51285 63891 2122 18658 
6332 2
55270 50496 
4860 2
94983 43951 
7287 5
86118 41282 79682 80530 88376 
641 1
34586 
6770 1
64381 
5211 4
32786 20748 52180 13389 
1822 6
32977 29889 99847 7339 20429 99994 
1867 1
88080 
7488 1
7915 
1956 2
65596 91395 
4536 4
38772 96660 61106 21790 
1831 2
72909 66964 
4189 7
60423 18729 57560 88961 10848 47780 75574 
3884 2
75023 94607 
1507 1
92328 
4157 10
94022 87621 65624 59381 60342 86240 98065 36523 35000 90670 
6625 1
24503 
2874 3
17569 17763 45950 
7658 2
36421 78759 
3932 4
45075 69209 57058 61768 
2761 1
67399 
7219 2
29641 69226 
694 1
83937 
1098 6
69851 88094 36038 95983 38495 15283 
4680 1
27723 
3326 1
24170 
5659 3
14246 33687 2266 
7683 2
19606 14322 
5868 1
48908 
2587 3
98747 45844 22903 
3125 2
70474 90628 
3103 1
66025 
5886 2
96943 75271 
292 1
6655 
7792 1
39966 
4022 1
65576 
991 2
91641 69273 
5493 1
47508 
1266 1
85836 
3339 3
76343 18599 31120 
6835 2
92860 74983 
3420 3
69854 11652 82739 
2921 2
6682 75426 
6715 1
18926 
477 1
11793 
4024 2
86553 67998 
1466 1
98256 
1435 1
67262 
4900 2
98817 12326 
7041 1
41465 
4890 2
11531 67392 
5908 3
41084 56708 64567 
6930 1
755 
1168 1
71589 
1110 2
25395 98047 
6700 2
49371 29626 
7738 2
28213 65082 
1252 1
91281 
204 2
22478 95118 
3227 3
457 26026 28182 
1733 1
13203 
2691 6
41608 9646 94525 65464 58018 11874 
6226 1
23702 
5489 2
91090 8118 
5627 1
3049 
1242 1
86157 
5497 1
44121 
6852 4
21289 55952 20110 9201 
306 1
58151 
6795 3
52016 39499 74763 
2018 4
3714 31509 16029 75846 
2777 3
83886 86236 40504 
2441 2
26609 60136 
5426 4
88889 63273 1659 78249 
6946 1
65479 
5460 1
40853 
5612 2
8582 67319 
3231 3
95778 84055 2071 
6521 1
9402 
1244 1
64183 
1695 1
23679 
1057 3
82659 57590 62686 
1434 1
7848 
1334 1
78934 
