81
3506 11
46639 60486 19532 98960 88295 5105 20716 12301 85729 65329 86279 
5248 13
62613 34033 15784 11060 44006 8405 63976 68543 21500 5400 83360 59081 20679 
5366 10
86204 10371 17079 35341 90862 1905 60001 40367 22077 12138 
2117 12
95424 11925 14801 67313 98230 65548 87536 74045 52955 6967 68949 9505 
589 9
28129 27984 86385 2601 12402 51978 82163 62456 13009 
4764 11
90161 49572 82057 65586 67439 89162 88628 20890 77721 52278 4486 
5136 13
74365 11929 61213 84658 70199 85361 7290 40165 91037 20855 29165 1992 83260 
3929 13
87130 86177 63622 80299 95314 49164 86856 24260 72503 21307 26309 53023 44059 
4526 9
83911 6697 17402 25694 22418 98758 37175 54351 20430 
4634 12
49961 92260 17750 74182 28061 53135 41427 45668 65402 74911 81358 99934 
935 11
41035 34432 7530 82498 16373 28621 71494 55692 62192 92816 12059 
3228 14
72894 25022 81179 48925 34580 43234 24974 65204 36510 91254 41543 70369 43474 24486 
2320 9
20181 33905 42649 37463 59328 42512 23433 32721 90345 
6010 11
71951 16084 71816 86700 16591 2309 94440 67835 96557 61402 25289 
388 9
91896 92635 78056 74981 98629 91690 56750 19507 4275 
3495 12
48611 14070 56118 80439 86352 73178 81550 69018 7574 73037 60464 6074 
4389 13
94913 87696 5170 45634 475 4659 59545 70909 31946 42889 9623 55509 19648 
3114 10
34027 61877 96251 41904 82114 89826 71649 19500 3199 47196 
1614 14
22643 56009 31592 76114 65388 60485 84402 50073 21219 4807 37101 68111 61670 37184 
3906 11
62431 5955 76936 67174 63555 14130 80051 96097 30392 28011 37606 
2950 14
16213 91120 87023 9226 35710 88760 67984 45687 70497 28208 27762 15466 91776 42154 
1078 10
54181 44512 29118 79420 95163 25571 21382 17610 35786 14407 
1936 10
3828 86065 73199 59897 38786 58493 95723 63081 68711 39588 
5976 10
20346 74878 24352 83977 61460 33504 59585 23327 35821 24425 
4305 12
93885 37299 43624 12227 59011 75208 7181 62240 32001 42424 7413 40370 
596 9
84584 44360 2965 39687 50306 45660 37211 69523 46484 
952 9
83548 7778 83788 95153 44471 23659 47096 29301 85842 
5156 10
17830 55330 42504 96640 87455 50456 67300 66455 82212 12695 
919 9
1141 13006 69094 24619 8028 13762 79196 6333 49578 
2849 15
34011 32573 70184 54853 67303 65459 89795 76397 23737 99722 39559 303 9140 72728 6606 
1951 11
10986 78719 25649 93649 96276 87742 29535 20322 44802 21040 48007 
2245 13
9677 36556 62928 76825 70416 65986 98861 7909 15390 78628 31617 82408 59857 
533 9
92235 23891 65563 40460 34898 75249 85301 24846 64069 
985 10
90210 27361 42733 32471 89543 29766 64256 42287 14732 76556 
2086 13
54780 93263 98407 67486 38026 52651 17175 79953 7459 39274 19896 43679 24811 
2698 10
17261 36007 18421 76875 43501 51299 5529 83421 52045 92527 
3470 17
96989 82679 53766 85423 72313 90449 17645 36864 58559 28587 71892 76150 43777 69934 94168 90188 38261 
2370 12
9476 98417 15018 54464 78443 9798 21036 66085 9457 68242 12012 78797 
1623 12
7599 40190 31265 3446 29900 24 44137 28401 68098 18102 68246 85029 
296 10
64662 31896 81118 32972 89017 59337 69183 11226 23342 97592 
2092 11
12709 37820 42799 2879 62052 52148 20374 14542 7486 94404 22085 
21 16
66848 76538 15874 18398 33248 78439 40465 59074 40737 3499 18280 27085 21244 30902 45582 8465 
5441 12
12418 65147 36267 4448 76192 34584 6583 46663 73516 94306 52163 26800 
3941 11
57605 34492 14555 18762 27472 67442 50541 18909 25522 45820 53726 
3183 12
71509 58096 89193 44988 69290 38912 20795 65083 60590 7288 40909 601 
5451 12
91264 8907 14012 85071 92351 64073 41326 98390 97936 34691 94845 49184 
5177 13
42674 63063 16327 92459 98817 23868 34662 3503 68381 43369 39497 58235 78711 
2908 11
26371 26238 99902 85559 15223 57450 67571 77008 9765 6807 95759 
4092 12
95464 42573 91140 32998 22913 21173 50670 80910 82999 1470 65923 5621 
1388 13
62055 84847 96267 22165 99167 64334 14277 42877 43440 71146 81678 76516 88262 
4251 10
79770 68383 82463 72625 23146 3564 56680 76276 61252 22381 
563 10
88680 19903 14946 71661 15141 5159 4418 22923 10578 10899 
4730 16
61269 27518 92252 50267 72304 77179 13426 12075 35852 24267 99862 29651 94809 32601 69344 78676 
1645 12
68630 99299 16521 9983 38880 90880 18113 18083 95463 95369 20909 38677 
3517 11
75048 3896 20107 75342 16651 40419 63199 36221 37063 92825 39278 
2749 10
74188 2389 7681 35955 95812 52920 7368 1594 77711 76851 
2629 11
37108 29358 84616 18360 21101 9724 22743 59052 73874 96492 13663 
1285 16
1660 57241 53088 34998 10010 12942 95779 71098 68460 3713 35827 18801 47168 93359 93459 62617 
5142 10
64164 48568 72238 45614 12834 10356 27775 65974 44933 311 
1182 10
98365 15208 63357 73094 3884 83533 80347 85700 76629 93584 
3563 10
78106 68729 43664 21507 31816 33915 92555 79710 9500 30358 
360 9
36540 82052 8461 90318 9803 97816 24893 52009 60922 
760 10
12705 12453 98562 31017 72521 49589 49604 11457 53214 83027 
5370 12
43691 34485 42907 28479 88340 34484 70168 7632 68925 8669 29 29554 
2244 9
28098 77853 18335 53379 91016 24064 25255 82797 84582 
3117 13
50121 28922 31728 75664 14294 92038 22345 29879 32993 38803 6173 63075 6930 
4837 12
54602 77103 5555 18541 10851 72469 71938 95025 66290 89850 36191 46023 
754 10
16293 70805 64043 90272 80272 69808 29685 44743 11999 11654 
3957 12
68063 22023 43380 75565 9041 531 15434 92769 40742 36891 66197 28449 
986 13
90965 18012 2525 56870 88489 3082 88677 26726 43125 65235 31226 23768 28550 
1835 9
54041 14953 86492 76030 76203 73932 73174 82177 74470 
751 9
93284 12235 56954 66761 95406 50270 43914 13064 13440 
1167 16
33600 70869 9710 67980 87663 53951 40706 64244 28158 71404 35702 52094 34727 31800 88226 49984 
4256 15
43287 35690 80762 75532 36511 81044 46751 51244 63419 58647 70178 69807 73989 1102 48661 
915 10
94338 69289 90470 71296 8638 49936 54482 45400 22119 9650 
5642 10
54292 66972 96355 74909 62683 2843 45896 2795 66811 12371 
3231 9
21620 533 37468 43936 45572 85383 80246 10377 80532 
1250 9
14356 63633 91345 19535 93731 7546 72127 58563 60969 
19 9
63692 68546 23212 13156 39270 1875 37144 22818 94620 
1681 13
61068 10308 53768 92811 8234 55861 96478 38910 99507 73711 39074 92566 48112 
397 9
75586 97328 98153 59339 31419 58362 66891 44867 11881 
