369
8928 1
83489 
2239 2
31800 48366 
8568 1
3240 
6802 1
22625 
4957 1
2842 
6835 2
47389 39895 
8741 1
88925 
4895 2
27081 56020 
4792 5
8236 28026 48473 76976 40132 
8165 2
34844 5581 
3893 1
50663 
1192 1
45331 
3628 6
44438 75461 55966 11288 86124 76455 
5106 1
86123 
8934 1
17419 
292 5
53740 38332 92519 92910 13531 
8276 2
73409 58637 
3641 3
1739 56184 56355 
5552 1
71462 
5267 2
13324 24994 
7945 2
84427 9234 
6014 1
51326 
1549 3
62334 15695 59853 
7806 1
25106 
3278 1
96249 
7057 1
72245 
7887 2
67105 72179 
8227 3
67583 9855 17579 
5745 1
40847 
7213 4
41074 70032 34230 73332 
2941 1
89128 
3535 4
44345 81197 15497 10972 
2556 3
54316 26264 98729 
7618 1
69265 
5560 2
87464 17230 
8619 4
78136 95781 14382 35985 
5017 2
27703 86361 
5516 3
69962 45554 44723 
3638 1
18245 
6895 2
85415 40954 
8989 2
50300 38632 
8307 1
22168 
2321 2
5658 15879 
8810 1
84135 
7588 1
64472 
788 2
27124 52268 
8108 1
78957 
5728 1
66288 
6692 1
87491 
1541 4
20628 70304 18404 20603 
4273 1
68318 
8277 4
42349 71593 9466 83011 
5006 1
11861 
2581 5
35917 90738 81990 65229 69624 
2314 2
99491 41190 
1292 1
77438 
5058 1
34749 
1185 3
15528 79673 71328 
4887 2
2622 99940 
8972 2
52321 84875 
314 2
1420 82276 
1409 1
22695 
8539 1
85073 
4399 2
52405 82794 
8244 2
52844 96670 
9011 1
22546 
2346 1
64963 
6759 1
30885 
9278 1
41614 
9178 1
20687 
9275 1
29488 
6762 4
47772 75166 68966 85395 
573 1
46552 
9209 1
46137 
4923 2
53778 85770 
8573 1
77974 
5407 4
27697 20259 92604 30494 
3036 2
13276 53499 
8797 1
28937 
7051 6
79411 8780 46821 88160 27720 13350 
4746 2
86412 76727 
469 2
40604 97917 
7370 1
18578 
5350 3
98161 1037 37659 
3612 2
50125 93084 
7600 3
9330 55914 88644 
6242 1
61137 
5823 3
67944 16288 71395 
118 3
96245 67730 9662 
5820 5
90304 91789 95205 14053 35858 
750 1
34491 
7873 3
21469 57812 58679 
7785 1
590 
4927 3
88413 50490 38303 
5915 3
46593 72689 25072 
1177 3
10120 19935 48965 
9148 1
41143 
2184 1
86373 
3371 2
40356 4595 
6978 3
24295 54034 83959 
8238 2
91479 95288 
7662 1
6260 
4955 1
84312 
5062 1
6542 
7316 3
68844 71740 15251 
8740 4
34355 74400 48479 25530 
4985 1
87275 
1178 1
66449 
978 1
48699 
8223 2
98879 26891 
6021 2
90897 98015 
5332 1
84311 
7397 8
57479 60945 98855 98694 67734 49664 85025 33890 
9022 1
20520 
1236 4
8252 63976 18992 99391 
4168 3
86978 25321 12265 
1547 1
49660 
4602 2
7476 34765 
8622 3
58277 81146 13984 
4416 1
76487 
731 1
26402 
8654 1
77685 
1649 3
36856 52851 70083 
8492 1
5832 
8863 1
44540 
7680 1
88128 
6869 1
98012 
3003 1
90132 
6489 3
21465 13070 7998 
2483 2
58075 45346 
8736 1
46435 
9266 1
98791 
3925 2
22070 73743 
4199 3
43693 57476 15881 
7197 1
78094 
9006 2
70058 86346 
5264 1
81944 
6406 1
19918 
5586 2
5262 30516 
7013 3
48936 88150 35742 
874 2
89646 85227 
3230 2
25915 21458 
2986 3
76032 1569 49873 
7491 1
40024 
8742 2
31553 84594 
6321 2
78123 7126 
9016 1
4013 
3982 2
25553 67809 
5617 2
16203 74056 
7840 1
49740 
1323 5
76477 72989 81041 14227 67771 
2014 4
49538 25241 27107 25579 
8512 1
57391 
6005 1
24180 
3832 1
55405 
8444 1
99526 
7464 2
32148 6206 
9150 1
95679 
6292 1
94181 
2318 8
6996 79546 30115 7779 82273 7715 45207 41937 
4357 3
46395 51624 90486 
4715 1
86785 
2107 2
86869 36576 
5796 4
29803 33925 84350 45793 
7700 3
42420 40694 4782 
4577 1
19797 
5613 1
93342 
6929 4
38499 94620 8004 36755 
9139 4
68444 8788 84289 36928 
6871 2
45412 45323 
4220 2
18938 16774 
6172 1
45655 
6481 1
65845 
8113 1
51523 
6829 4
95003 57447 65290 17570 
8469 1
30838 
2741 1
61146 
1441 4
4050 91543 40730 57921 
2906 1
61728 
8831 1
70510 
72 1
10415 
2895 4
89196 25695 59155 46095 
4182 3
16665 80507 35901 
9208 1
77627 
8069 1
36998 
8836 1
66402 
7441 1
19676 
8516 1
23086 
9130 2
98638 92254 
5726 1
97817 
7787 3
41835 67604 27498 
3293 1
91785 
2252 3
82320 21854 46094 
6287 1
68364 
7309 3
885 38306 73618 
795 4
62019 32278 37409 10635 
8987 1
28867 
8353 2
79433 86316 
8776 1
68885 
3891 1
29708 
7597 1
4676 
2160 1
20128 
8960 3
78395 48983 78753 
9100 1
85572 
8161 1
38520 
5853 1
93052 
4129 1
95733 
8369 1
48789 
4934 1
4638 
4339 2
93943 76832 
2605 5
91032 38733 15863 36979 71032 
7923 1
52310 
3388 3
32894 54821 15162 
790 1
53657 
7452 3
12652 78420 17220 
7522 2
37214 2182 
6792 3
51210 65161 45256 
94 6
94946 88503 44853 79923 93701 37880 
4695 2
43192 91784 
7252 3
23731 76974 77178 
844 1
38408 
8097 1
65473 
7470 3
29902 5137 73576 
8318 2
85881 21207 
1372 3
15351 89052 44572 
1211 2
19836 46439 
5929 2
49735 53097 
5969 1
28231 
4354 3
31486 8739 69402 
7812 1
40561 
7558 2
63887 57838 
3111 3
84224 5514 46573 
4778 1
87341 
9044 1
57984 
92 1
81551 
1011 1
40520 
787 3
72303 97039 18939 
5183 1
3252 
2176 1
35487 
6248 2
94366 13493 
4271 4
26785 60609 23389 25880 
3629 1
91715 
1794 2
30444 51433 
6218 2
27585 54113 
7046 1
34642 
8142 1
7162 
5012 1
40374 
3038 3
97776 99510 15146 
2535 1
44303 
3497 1
74689 
260 1
11845 
3473 4
70332 56516 88787 4965 
8117 1
95511 
4522 5
84810 13758 7557 41085 9450 
6553 1
81954 
9203 1
94119 
6363 1
92872 
5160 2
32233 91463 
5277 2
53027 17112 
570 1
73228 
7477 3
60337 21846 74527 
8626 2
27406 23930 
8150 2
97649 92495 
6109 3
12081 95250 45123 
9183 1
71038 
8938 4
23066 46446 26629 88654 
8665 1
86647 
9131 2
79384 84642 
7904 8
63236 37523 9109 99000 47683 60938 30183 76576 
8931 3
93096 22208 54006 
4835 3
51309 17358 11729 
3330 1
65104 
8352 1
55454 
6031 2
87941 86194 
2145 2
94876 89987 
3297 3
96083 65147 50551 
7246 2
13119 7623 
8730 5
43018 34167 30106 6350 15641 
8540 2
29302 56293 
1850 4
7154 52170 17680 29917 
8262 3
54491 64669 54795 
2049 6
82017 46749 65480 40499 36812 8954 
6727 1
90517 
429 1
49851 
1572 1
48958 
8583 1
37723 
8339 1
31995 
4377 1
83517 
8004 2
40449 25655 
6748 1
64444 
4287 3
74500 23378 36410 
3995 4
95259 53711 41547 4426 
431 1
73495 
7623 5
28183 17082 75560 28278 47000 
3133 2
94266 65403 
2207 3
89946 98516 43878 
5306 1
67341 
8552 2
47599 50360 
5499 1
61412 
303 1
53963 
6942 2
10200 98304 
7066 1
83071 
6181 3
30806 34529 30497 
7556 4
21494 5199 73280 74488 
4280 1
61334 
4571 1
76915 
3324 1
39410 
7799 1
70753 
3601 1
11598 
8412 4
18436 45368 98102 29118 
945 3
97886 56641 81103 
8935 2
37638 62758 
4245 1
97335 
2824 4
73980 54797 59845 97975 
1849 2
62378 13674 
102 4
13227 29744 44192 24633 
7165 1
97345 
6549 2
50080 68093 
8904 1
67942 
9247 1
19134 
8060 1
14383 
1779 2
86871 41395 
6651 1
40106 
2798 4
47651 42404 87301 18528 
445 1
45396 
1523 2
3964 26025 
869 2
90988 4882 
7903 2
85695 85040 
2157 5
87932 35227 72987 76931 63424 
8454 1
21525 
8066 1
86397 
924 2
11952 38737 
9068 2
26032 61716 
1210 1
35861 
8379 1
60355 
8997 1
58390 
6687 1
30861 
1364 1
82928 
6980 3
46015 5535 14354 
8008 1
24835 
4829 1
37564 
7750 1
62021 
3953 3
44514 42423 84154 
5660 1
16247 
5668 2
27334 70003 
7948 1
37960 
3217 1
10537 
8124 1
30796 
2104 2
14798 97359 
4294 2
88358 48477 
8843 1
57281 
5645 2
10137 47068 
827 1
83000 
5537 2
51477 73276 
4236 2
52067 67664 
8916 3
12640 70942 43675 
948 1
55816 
500 3
28440 58055 36359 
2736 1
30963 
7881 1
53421 
6628 2
4131 84861 
4430 1
50215 
7941 1
50095 
4676 1
36064 
5496 5
33610 42335 79982 71509 11010 
6131 1
11193 
1702 2
3283 44583 
5768 2
10655 14684 
6510 7
98082 2142 65053 19037 28771 45899 65710 
