325
2045 1
87088 
2230 5
83280 61906 65743 68799 53278 
1552 2
25524 4 
3148 2
63229 59504 
1331 2
29611 78740 
3306 1
2104 
2672 4
35370 85765 25962 46370 
2723 2
86452 31586 
1350 1
87593 
2159 3
27863 10599 27105 
1852 1
8831 
566 2
16522 45918 
2133 1
81110 
3252 2
72711 26782 
941 1
72228 
2542 1
46269 
3227 3
90794 73428 76605 
1288 3
12537 51236 81733 
3164 1
3424 
1053 1
78423 
1453 2
6230 15405 
2382 1
61452 
1829 1
16798 
1713 2
30304 32121 
2007 4
27869 78221 42574 39100 
1780 2
33831 30016 
3161 7
55998 42180 87672 64589 84462 92684 49497 
173 5
10271 31448 4286 4477 41785 
1310 1
13812 
290 11
45076 20328 2349 90939 50831 72050 11951 48328 96618 6495 89533 
3086 1
97120 
2440 6
98004 33381 80095 7350 1283 17762 
693 1
3260 
24 1
91528 
2631 1
7781 
1289 4
64778 243 64622 94790 
480 1
83288 
1220 1
63440 
207 1
85883 
2416 3
9714 75140 97908 
1667 4
48679 52040 3044 38408 
2185 8
63964 12076 31776 13552 83016 9881 29871 83516 
351 2
52876 24516 
616 5
54971 22088 79770 58451 30602 
2131 3
5653 70112 79400 
848 1
83569 
482 1
96797 
792 4
87073 54037 32491 28597 
242 1
50921 
2164 4
29321 64508 740 99916 
1274 9
16494 93224 62388 85274 10189 40048 78573 41853 61431 
2789 9
37835 84995 13294 4851 82667 32297 31035 97389 71405 
152 2
5507 49019 
2944 1
43612 
1891 4
55609 33679 12943 26319 
2383 2
23428 75431 
3231 2
60635 11720 
279 1
77882 
3279 5
9191 41668 75959 46171 15281 
156 2
18924 91914 
3277 1
17376 
3334 1
45362 
2009 2
34575 49039 
2682 2
92874 82347 
1830 2
78489 55511 
1485 1
61584 
3104 4
84744 18600 65197 58983 
2716 1
17083 
3235 2
73377 62426 
522 5
767 14831 88736 67487 70440 
3337 2
56682 99853 
2122 1
38928 
1818 1
51854 
1461 3
32673 26540 84541 
629 1
70053 
1499 4
48818 80839 76719 32887 
308 1
78444 
2029 1
17352 
3047 1
83796 
2900 2
76970 26744 
1238 3
43953 43184 26581 
2064 2
90245 17494 
1360 3
69763 57885 96898 
1127 1
65771 
3162 1
68432 
3012 1
1556 
1841 5
82063 19334 31622 88211 67803 
1748 2
62617 22791 
1358 2
85913 85478 
2476 1
37434 
26 1
21476 
1216 1
60235 
2774 2
98552 34173 
2180 2
383 83726 
1765 7
24514 26352 39425 17242 44885 37368 58575 
2460 1
7966 
1621 1
86198 
1068 1
24176 
273 1
44145 
3335 1
21788 
3101 3
67231 29717 4988 
2815 1
43986 
1252 1
51294 
1989 3
76985 37829 40313 
2479 1
43220 
2863 1
84096 
1114 1
92000 
1522 1
84693 
2113 6
96478 44728 36340 87132 51517 84575 
2614 2
49757 49668 
2509 2
83321 28194 
1405 3
93860 47992 6056 
2361 1
18418 
2363 9
61875 91214 98438 76120 85677 22484 65478 50893 13175 
2084 8
24801 71230 14830 30820 71458 9171 47217 32056 
2982 1
23632 
1689 1
43640 
2276 9
19226 40310 88394 12679 54205 75545 77669 43939 45350 
1268 1
9974 
1539 4
51577 21975 86030 69781 
2317 1
16737 
2415 1
16092 
3160 1
36388 
2897 1
39615 
127 1
62820 
2139 1
61068 
137 1
44232 
1492 1
93067 
2902 2
67518 16908 
2706 3
56410 52952 22496 
2667 1
62504 
3032 2
84251 37258 
2249 3
57969 20365 69110 
3336 7
96842 10395 3906 71091 96612 40444 56774 
3245 1
36882 
2577 1
15962 
1567 3
5390 67575 82815 
2105 1
21562 
1051 1
26585 
3002 1
85847 
767 1
7215 
2530 4
8476 42653 31700 6645 
330 6
93423 28510 54610 40902 14981 81073 
1674 1
12394 
1395 3
78735 68823 56722 
3220 1
5079 
3157 7
22949 51012 46628 14778 23689 32988 32477 
1894 1
22827 
1102 1
55077 
2909 1
5384 
371 1
71725 
2202 2
26290 605 
1193 2
31273 84016 
3253 6
25716 291 37240 46259 23249 33058 
2264 3
73858 13352 22831 
1482 1
77983 
1633 5
72115 82213 40725 14768 87283 
2353 5
21394 49979 40781 28065 45199 
2287 1
99030 
2478 1
38850 
1011 1
82900 
1017 1
27958 
1835 5
97831 27264 43917 66971 54930 
2548 1
50464 
1691 1
41445 
785 6
12641 93063 93570 16561 61515 71400 
2208 1
13539 
2947 1
86825 
1440 3
14350 51178 71197 
150 2
47967 48998 
2971 2
16170 20444 
3036 1
62971 
1510 2
50551 26188 
1649 3
70558 29300 55448 
319 6
50143 94701 40349 78986 37449 30614 
1546 4
93142 95746 92001 39265 
2617 1
45728 
1866 2
19865 74423 
56 5
64250 17038 50681 15450 30128 
783 1
9683 
1963 12
68834 13635 2437 25724 60178 70357 13261 21034 30103 61771 80278 75408 
1722 3
38614 72029 37901 
1793 3
25478 30425 45738 
3186 1
28182 
1874 1
45525 
2783 2
34649 88917 
2469 7
31738 12664 47641 96205 40565 32844 10348 
1316 3
44714 5477 70894 
2120 1
35482 
2472 1
64638 
826 1
54661 
2798 2
23981 41297 
2114 2
47861 49116 
512 1
77933 
2146 1
7931 
2724 1
5995 
2211 4
16788 82018 66643 83036 
1497 3
4491 39076 48674 
2299 1
54984 
2455 2
91955 14371 
1197 2
56011 77349 
782 1
87999 
2965 1
6846 
2582 4
44290 13904 23718 29146 
2335 1
18072 
2920 1
48903 
2206 2
79900 934 
83 4
97789 12656 65348 6389 
2080 1
98412 
3095 1
88989 
3125 1
22136 
1788 1
53952 
3221 2
34323 50760 
1384 1
97666 
3150 1
21573 
657 4
71669 27082 57304 88689 
1246 1
84917 
3288 4
14707 87225 26828 29595 
1612 2
88744 12869 
2374 2
48186 67986 
2848 3
54556 90791 30499 
2912 3
45616 56991 92970 
1702 4
9664 16653 98681 5509 
1525 1
26991 
3332 1
5255 
3347 1
69870 
2550 2
56400 49520 
2270 1
95583 
2237 2
66313 85582 
2635 1
17823 
486 1
65877 
2073 2
99466 20621 
2166 8
22232 30215 80717 62583 13387 30379 73608 36698 
345 4
58452 53331 20894 73440 
1715 2
22536 77738 
1859 1
48082 
2566 3
73097 99425 668 
3091 1
28119 
2218 5
99507 48100 92763 95968 21711 
807 1
69405 
367 1
59691 
825 1
24012 
2132 12
88399 93001 65895 9073 77 74923 49022 16254 95908 25674 75157 99184 
1798 2
40412 93412 
1322 4
96947 42379 66605 44795 
3015 1
16762 
3327 1
41657 
1727 2
86323 37786 
2873 1
94001 
484 1
99554 
2473 8
60227 49519 10162 25167 9514 64785 40576 77318 
3202 2
87437 26490 
1915 3
64037 69752 26149 
1472 1
74550 
2752 1
85894 
463 2
57131 90694 
2636 1
8675 
1428 3
24240 99903 11895 
2177 3
5146 55376 95821 
3069 2
11529 39567 
946 3
23948 58181 30932 
2641 3
18231 34368 32337 
2880 1
78557 
2758 1
38388 
3322 1
78786 
1110 2
91521 67247 
2510 1
89567 
3033 1
65886 
1355 1
51655 
533 1
83734 
2498 6
14163 98062 45782 70668 45753 84516 
260 1
51175 
1801 3
42425 76730 95551 
1912 1
93043 
447 2
86281 50515 
2512 1
82520 
3343 1
4215 
1660 4
63176 81158 17332 81785 
3261 1
99902 
174 2
25137 95492 
251 7
20013 74033 69933 81204 80720 88627 51120 
1774 1
95006 
2418 1
11548 
1145 1
31808 
3349 1
87464 
3270 1
72030 
847 1
16702 
1348 3
52442 27646 16247 
1956 1
48343 
639 1
1097 
1243 4
60224 58111 62001 94729 
2400 2
82669 56169 
2714 1
41892 
2446 1
38574 
2779 1
11501 
3344 2
62045 32471 
2650 4
69706 52082 99860 77963 
3106 4
24277 18729 10399 35382 
421 3
89791 69236 50519 
2800 8
65133 63992 88922 71766 32153 16195 88661 89369 
1974 5
8223 80870 16230 41553 4341 
2350 2
77899 58727 
2906 1
17273 
2459 4
18301 16253 38588 83841 
2351 1
89176 
3122 2
61586 1492 
1272 2
56728 7451 
2952 1
9325 
2816 4
65977 89433 71035 76776 
713 3
99714 92538 71444 
3100 1
13821 
429 3
48871 39471 37741 
3163 1
38849 
1208 1
59834 
2506 2
1477 72337 
2645 3
71900 8861 5644 
94 1
78608 
1113 1
62660 
3351 1
62290 
1073 5
97522 89563 2953 11816 14410 
2768 3
8300 90580 4586 
2651 1
43519 
2668 2
34423 978 
1664 2
72523 80295 
440 8
77171 30466 96586 13103 88249 57243 43674 51499 
