296
5850 30
37744 38853 3814 40172 40400 13349 24272 37139 6241 18747 10274 8465 17598 16360 38556 35744 38372 344 26213 12054 40403 21849 19546 40984 12402 12765 13418 33533 29355 36897 
5129 28
28678 20809 15348 41223 40690 37033 4154 7217 29575 26526 21024 40915 39023 258 23110 8904 12239 18093 30028 31780 10571 33716 18275 32236 18642 40065 33706 40676 
2349 28
20408 25102 462 38979 15914 15297 23232 35757 23474 30746 30117 9711 29701 38541 11787 26392 30852 34756 25702 34332 13067 8191 37671 31976 16818 34164 19737 6700 
6336 29
11708 23896 4303 38401 33773 439 11581 36851 33545 4108 34221 11330 34705 36075 12400 22319 9453 27649 9900 4853 30387 17843 38130 39112 26184 18771 15179 3887 4034 
3460 29
40596 16725 15433 28991 19442 17634 10420 6044 30273 41058 34285 11964 17409 26276 32318 32512 994 29957 29153 31796 7377 15450 5951 24579 8761 9712 7385 35912 39682 
4402 28
15277 40140 23615 39030 16706 501 36495 28721 25935 11236 32151 20271 28770 32030 16160 30572 14288 15079 6761 12488 13235 40205 18447 13412 38294 17578 15380 16243 
3110 28
1696 30482 40840 3127 23815 3796 12079 22262 23477 27437 11215 26974 620 23121 40052 32414 22563 16 35826 32418 30157 31129 31172 26493 13846 2362 1175 35330 
2857 29
559 23914 28745 12970 5383 34281 12271 26066 26643 8035 3780 29210 27644 1937 27008 18251 23530 5578 32071 21610 26544 35134 12410 37223 1044 36228 7321 32014 24634 
4617 28
18213 23635 16171 34773 5096 12681 19770 4285 23929 26472 3957 2911 35016 31313 23780 38750 1903 980 33855 36755 33905 10457 18308 15303 38035 7020 25924 6460 
2850 28
2284 32548 18600 27979 37616 3184 23124 28826 1045 25617 23463 747 5933 442 36961 5992 27229 7481 37877 29257 32120 12725 29548 16847 22329 20001 33517 24168 
24 28
7244 5227 6490 15952 11866 32759 38010 37077 26181 8772 22997 20657 33182 36169 20039 24493 27393 12417 9020 24271 30209 25023 38883 5013 30911 23155 16781 13983 
4948 28
21548 10019 5070 7145 17170 27578 21799 30766 16541 7990 38963 33626 15491 2943 25958 29330 22686 14972 32695 33761 3493 29597 6660 40754 33403 28763 30242 32312 
3539 28
21308 20679 20549 39650 41349 35044 23794 21811 20965 2508 9879 20187 23734 5835 6865 14771 26034 14195 13666 4199 14276 32799 41208 37052 13048 217 1007 19052 
4393 30
24138 26386 9492 14737 40546 25342 39707 28135 17563 4773 29481 12240 28239 39238 40707 25024 22820 8276 11985 39214 40834 27222 6891 12317 7108 5418 31538 34650 8749 9261 
6579 29
9921 30916 2137 14720 23693 3932 6284 1625 24896 9294 32723 36467 25289 1226 36259 8051 25299 14363 3704 6552 38548 18762 28848 17494 15890 18420 32872 31844 17410 
1300 28
37112 10083 7651 39663 11635 24862 35375 32969 27903 19323 21437 41012 2373 1313 38936 20552 15789 17927 32730 36076 1610 25603 41097 24761 11634 40849 11089 23136 
1936 28
531 33372 26187 11847 16746 18820 37270 7541 37431 20740 29017 3970 28370 20188 21328 20396 23455 22476 9680 10847 17120 28071 34652 29121 30886 35302 11838 36296 
4250 28
7571 154 37964 19381 21588 13739 28581 15834 12248 6197 8126 14944 9563 25536 39749 31848 19313 9371 5931 33847 12638 4882 27474 23302 18641 10522 22140 1950 
3764 28
26318 16052 40974 35562 4035 28408 8478 8156 16723 32895 33411 5197 27136 6905 11280 11454 24707 5735 30181 316 13130 27871 19990 10495 20594 40605 26351 25870 
5783 28
13752 2118 4418 14619 37108 987 31502 41261 23441 40146 7123 17008 35592 20090 38448 309 7748 31080 18008 39994 4173 30570 4658 18957 27438 11292 15822 3956 
1427 28
22696 39203 41389 32004 19390 10041 20527 7790 22930 23964 38914 34489 20444 11355 33314 36831 31397 2622 30503 33726 20895 3977 14531 17272 6853 11589 22175 16425 
4704 29
16983 17870 11552 11602 20744 35148 37103 19465 7565 9343 13269 40337 22552 35187 9419 34541 9656 40880 7330 27737 30110 12341 15259 27111 29116 34267 23487 20233 9178 
3020 28
37707 31378 23567 13951 31308 9767 27873 39339 14293 35373 24717 5056 31405 15388 6695 35537 11223 25346 23112 29884 17197 39121 32676 8836 14053 9938 17934 33279 
3959 29
28190 34135 5710 29780 25666 35720 11018 25412 13533 20608 27706 15743 8486 11277 29871 38133 40062 30970 30475 12218 16303 24637 35121 28766 37660 32851 6643 16426 40149 
5314 28
32232 26242 26970 27977 28627 39475 26856 1916 31252 31531 8123 20171 11816 23113 30898 34692 22385 3072 15721 15844 22173 32320 8065 7552 14130 26710 17685 14953 
3745 29
18816 21930 9615 40517 27120 16572 22180 22889 36338 39420 29582 23186 33170 39056 14496 25037 40692 19837 9631 1577 10174 14876 16729 10998 34163 34014 31691 25132 2155 
6542 28
12174 22669 12537 40166 30374 9124 27609 38209 8279 29561 32455 2567 5351 7426 11590 39640 10695 16862 11649 39267 13066 15935 9532 12030 5708 4383 28876 20222 
2297 28
28325 19403 7755 27205 37632 18981 36113 23303 37302 33016 29111 20280 10301 14342 27373 14530 36950 10973 35570 1153 273 30556 31288 40854 29050 34722 29087 32348 
909 28
6964 29684 7012 9390 18875 35354 11667 23275 35607 39393 11237 3360 17516 31499 15507 15498 12774 33623 40234 7812 17435 5815 28113 19950 39025 2524 38023 19306 
5027 29
29591 29972 26543 18497 29646 39716 33012 21937 25840 27441 5705 23943 8557 25976 34576 29635 14234 26835 13481 38945 1219 17086 26959 12623 17892 28517 19099 8533 20839 
6845 29
11740 4341 5728 7537 28342 13844 7850 31996 28461 38537 37087 14270 2384 2978 10307 23986 1637 15411 20848 37797 3709 18971 11683 8109 12617 29237 31259 29852 23082 
5479 28
2529 8413 29564 34255 19247 11073 19027 10807 17911 26989 27893 15216 13109 22154 9303 19286 13194 20144 39419 23980 26248 35364 15372 26608 35516 12647 20149 18809 
956 27
17924 18661 539 16621 7632 38655 34234 27349 15667 5848 24912 14501 25867 11566 10473 37828 4 9831 6632 13452 35067 4788 18443 12614 10093 12863 19918 
5967 28
5690 8274 22294 615 17294 30922 33198 3851 36114 39905 6340 30698 35233 32486 29289 4019 17913 7440 37144 3282 28335 10580 22969 9448 26231 29911 12882 13064 
1112 28
14512 34223 19793 21927 9284 35454 14251 4200 37122 9542 4104 12734 18472 28515 2473 7000 21205 24163 23320 18058 22143 38055 19836 36257 470 1581 16285 13272 
3522 29
11076 25305 25138 26153 19572 13887 17582 18547 19117 34095 10355 124 16569 581 18819 16703 31260 41197 29714 13917 7439 21620 233 32062 35636 17543 37058 19106 40078 
2259 28
19796 40439 34510 3779 17465 19856 29592 6472 33574 35742 31433 14131 41206 5009 670 7451 9551 15809 5036 10002 17039 19714 7941 22727 21330 29106 26749 24848 
311 28
15279 26912 13546 26334 35176 40870 3509 18195 8963 21054 35420 13604 2948 18743 24172 24578 17857 35210 13735 31790 16519 4623 28837 22494 21493 145 12086 10843 
49 28
30790 34660 22830 34494 37063 39496 2212 30011 20052 26186 14463 7339 19091 24047 24489 14783 36406 27919 7839 38019 22217 13252 882 18162 8385 29525 22436 26507 
2970 28
13217 29554 24397 24149 32343 30950 229 18015 27423 35877 39490 31111 23506 9499 33719 2723 30437 39946 9515 17124 649 29460 34924 10469 35616 26013 18301 13449 
5650 28
2470 18980 21848 7162 5643 34209 15318 19682 33824 7973 19998 39673 31115 25350 18942 23572 38416 5327 35737 40196 10050 27555 22812 16408 5880 6683 37164 24708 
5781 29
3104 9850 36473 3215 33625 19066 37598 19310 17838 21066 4030 7923 22085 24025 9648 23338 4563 34704 12903 17999 15665 32340 22928 21660 29214 31881 38619 27354 14242 
968 28
10802 20288 26847 7784 11094 1872 16777 35937 38518 23749 34583 18684 41004 18718 1731 13221 26228 39950 12307 2932 3521 39698 25567 11910 5806 5254 40344 29497 
5830 29
5905 20984 7904 12974 24400 31068 8378 17007 15826 33999 34557 1395 34854 25284 23877 36018 14077 10471 31751 5989 34988 29926 38201 24350 18288 33130 33650 31292 23709 
5385 29
26161 11655 13038 19079 11837 12895 36206 1684 12159 20295 12689 3994 8082 2016 27965 7928 40919 29578 3550 19179 36717 26506 5371 11965 302 17976 24776 26072 26029 
4975 29
39202 25069 19956 11394 38838 41080 29745 3515 38367 35890 36833 480 27532 2394 12370 38837 16367 22383 35462 30532 4578 22611 19077 24537 28186 22138 28058 37665 39683 
2742 28
41089 3006 18800 6017 31178 19177 7289 38182 17288 3411 34928 12254 9318 28395 37083 4799 211 34147 2751 22651 31675 12283 8939 29593 16972 9225 15804 16759 
3407 28
13823 13366 38447 1737 12200 38077 40069 4186 13327 7013 11298 14435 26685 22478 38665 4699 28232 18167 9670 40373 12727 726 8650 19360 25203 22647 19101 5746 
373 28
7807 24913 30831 31708 36276 13144 34868 20819 10353 17577 3082 39428 40370 3065 18047 13440 39596 6857 23392 24345 38565 6828 32327 8370 26154 6374 23197 32038 
4844 29
15808 3138 21707 35963 17631 2802 40893 32176 6889 18935 8598 39615 9751 29252 22548 17204 39778 25163 24661 3931 17034 37137 20443 15338 24131 35519 12365 29439 1262 
622 28
27504 30544 30231 9401 35249 8350 39031 30186 21980 22285 861 9215 23023 11551 17788 39722 22837 2037 27705 18633 38954 16544 564 27736 5598 34276 40262 36326 
4885 29
39783 30723 558 33793 28475 29082 16002 17648 507 8240 14067 15352 36906 40864 34858 25817 29313 31258 37793 27277 39688 21603 25391 30464 23739 20885 40189 2646 12241 
881 28
8452 15294 19280 20760 40380 5026 7819 38521 14437 15699 8252 30493 28650 27995 21049 31368 22229 23198 15436 6571 5202 9321 38424 24508 37070 3924 24622 11806 
1637 28
10018 24788 30814 24339 24563 5560 27378 32809 4336 27831 20533 33365 389 13553 36679 34094 24685 33260 11962 21721 37887 30459 5996 15758 20578 17632 15563 27160 
877 28
37124 10608 2541 27458 1527 20944 11293 38601 34495 40082 15960 2026 29761 31734 20097 28484 4639 894 25057 33938 35929 34755 24471 29465 24420 23991 32404 27329 
4348 28
19331 24303 21309 36051 36378 13982 34794 32240 3169 5936 2903 18637 21573 26538 21870 29637 5852 6934 31032 2990 36636 29176 14792 16770 30282 30591 14941 2921 
1489 28
17825 13536 3460 21515 25373 40953 21805 25921 36061 33937 5563 11797 41041 3436 727 29126 18466 8473 15750 32307 33622 33149 4644 13400 1559 40128 16189 29983 
5924 28
40267 23480 22007 34037 36720 34411 37250 3743 2981 34377 2812 19669 13249 38278 33385 37556 39761 5149 19170 37429 31386 36863 16288 3838 310 2260 11554 7113 
976 28
31714 1110 24813 17060 29239 39048 19845 23129 18309 21 32187 10261 35511 684 20521 10829 35470 26395 21400 8868 2280 28958 2408 15022 3685 26745 34157 15876 
2799 28
30991 25255 32593 5298 39641 9937 38363 27057 15762 22504 26401 5513 21712 36119 2480 35909 11836 3877 16210 33140 23872 12915 21195 10169 36748 20275 31125 41279 
2729 28
1015 17491 41076 28006 40190 35448 27501 26106 37384 33452 21708 23663 5569 4332 35076 19346 35283 35129 6171 1394 37189 38663 23264 6561 37580 1460 37759 37608 
4475 28
15972 29118 8697 13815 13407 10649 38225 8388 8864 2573 4973 34587 28925 5841 26601 8072 17017 32929 5534 17528 13609 3590 30628 12787 17390 37439 5969 14348 
3582 28
27291 40323 23029 24003 26482 35115 37363 3069 16244 35850 8303 17279 25092 24876 10255 2437 4942 36242 36356 31694 7511 14022 19479 17918 33998 10916 23981 11127 
1332 28
35795 38048 41095 21813 4193 18509 7818 9214 2673 31506 25741 33865 31860 2527 40217 1171 12794 23892 32494 1846 39820 22081 8305 8977 12737 7545 24628 33610 
4395 28
33577 16042 19308 15730 19553 22045 25743 39432 34058 4640 38608 16473 39584 37957 10885 5653 34075 38582 7077 19104 30598 20118 40717 24751 26025 37504 26282 25087 
1348 28
16387 5593 775 34502 1770 39280 3427 28011 15480 24749 3657 30885 40325 6961 20737 4585 10618 15946 7399 450 21481 4399 17940 22707 37147 2874 7717 8219 
294 28
23962 39789 38269 39434 14756 7181 8688 29787 35688 27969 26385 33116 22982 15417 3315 11784 745 6757 13779 11625 3265 8442 2327 5527 5166 6389 11979 2648 
5929 29
39798 31472 14483 36040 8851 6135 36705 12698 17567 25260 8049 36625 35303 37276 30720 2832 3296 37573 30227 27281 39288 7682 40221 27898 6217 7641 29373 18079 10110 
4217 28
15422 18556 33488 13314 39920 24515 30867 27422 29949 23026 4493 34039 26521 14159 9698 1419 32536 35587 25586 38692 34017 8075 31681 20196 20807 14116 6492 40387 
5304 28
29558 15095 30810 38081 40264 12499 26317 29858 8685 23880 31494 27521 9400 39855 22496 25973 35568 20500 36591 20958 33151 24533 29846 36580 10016 32735 8317 7703 
5741 28
35672 14085 6829 3727 26788 26976 26569 21970 24819 28708 15884 27849 11560 31665 631 11904 14834 24122 25499 29208 39780 7308 5506 33997 31851 31219 10663 15773 
3174 29
9053 15971 37339 11110 40176 40761 3654 29259 21754 6068 11203 32954 25453 22268 36805 40844 11115 22165 33196 35356 37500 22178 3430 6294 26178 8873 18240 10732 29580 
2182 28
23683 27957 3812 4602 18430 39174 20623 17812 7953 18767 37506 24982 32693 2420 17637 13986 2227 27318 31325 24577 41294 25695 17171 37780 30151 20868 24298 20018 
5875 28
32416 19190 3591 15264 16895 21709 3508 16119 29157 31066 28241 37990 731 29336 37024 38783 21336 20026 37209 37618 6494 33134 18543 2424 27551 1168 7998 26499 
3312 28
14452 1583 29334 19468 18127 14685 27642 16554 6205 23694 33522 39071 26693 12187 37524 40291 39681 31574 13747 959 35942 33393 23560 18261 11266 37119 30149 29402 
1923 28
12606 22286 34522 4620 29200 10514 34258 27614 27492 14384 1767 26336 16612 38333 40983 6206 3287 19182 7488 24566 30379 6300 18342 9177 20279 37700 1855 240 
6792 29
9891 23346 21118 32657 25656 23809 30470 5316 19498 32018 1598 33537 12269 40903 37916 2806 18995 37452 9365 22 3428 30199 10451 35813 2348 2361 21480 19983 2790 
912 28
3665 40806 15837 31226 7853 23034 3 16216 2414 23103 4444 39180 28570 1738 37210 18861 39594 39882 133 7388 31179 8957 26054 22502 17623 15155 1274 24306 
2388 28
36874 16931 18206 26453 35277 19214 18496 34512 6707 36514 30897 14306 13610 38792 34201 26118 44 1868 11790 20866 6006 21125 4417 40382 29623 13276 40935 8631 
5069 29
25614 16219 36080 17069 15486 26108 15954 21419 39700 14152 20645 31090 38096 40802 9657 1142 34861 36085 20995 1151 21560 30012 17728 30966 2532 28543 1458 22270 33055 
2688 29
8542 35836 19231 4678 39224 15349 30452 36638 28931 38767 11319 33474 10914 27082 6170 40161 17347 7320 35250 15299 38462 28096 35507 14371 21218 226 29838 11519 5614 
3866 28
17604 9572 23242 31059 30940 3618 13486 21862 30823 5816 12144 3079 10693 17374 3418 14232 9282 6013 27553 25100 34843 956 12277 18355 25812 6886 36409 3769 
6204 29
17519 34518 30776 9774 12337 15489 19016 11427 29255 20771 9105 3697 5337 27125 30704 13225 3160 25268 26359 30644 2709 29292 11657 25537 30095 8217 27425 33464 25755 
268 28
12470 35205 27528 38519 2336 22092 38910 7726 27787 40923 9133 8033 23778 20051 9488 30050 18460 17064 32155 14620 5118 37433 18435 34538 17254 28915 29019 2009 
5744 29
12733 24045 26426 5780 40819 16985 30542 6795 12819 20696 39468 11615 26615 41372 4458 29842 23966 17529 40033 40004 10810 28874 15459 35671 34211 4266 2900 37474 27818 
361 27
6537 19258 32157 30071 24830 31505 8164 3638 1193 13762 2635 28807 28801 28482 17923 36999 7704 38829 4824 19857 16522 27523 21801 18059 20590 19344 18623 
4534 29
40563 2453 14761 24102 10658 5270 20392 18374 5252 17223 24101 9271 26981 20380 22872 40044 6442 36531 29099 39179 15636 36339 532 18319 1134 928 21450 24722 24780 
4930 29
26586 21436 38157 38030 15555 6394 39980 19255 21044 23839 6338 35266 14672 586 33563 2296 18380 6148 9084 30668 8490 19131 20998 22991 27803 40284 35986 16802 23705 
5153 29
1341 21209 26587 26880 28776 34378 31221 3771 9180 27002 26418 1295 16854 25728 13988 32125 35289 28615 28866 11998 11177 25883 35800 24676 16699 33168 3403 19924 28558 
2198 28
1199 1865 9943 21556 11304 10227 16030 1945 31838 24490 12594 10733 39044 10191 6633 39819 38495 9602 21956 30601 1162 19314 22171 10503 7338 35526 39816 25122 
1325 28
18229 35079 21847 542 5215 11613 14678 11726 21922 18799 18891 27992 3357 16646 22112 32920 6449 20098 12972 8429 31278 30263 5075 7280 9313 1314 32188 16226 
4264 28
39108 723 31808 11234 33947 27455 7136 34635 26414 19341 11392 349 9764 25188 33945 2928 27838 22113 34136 37552 35769 39840 29907 24880 38436 28692 32742 8460 
6728 29
9562 2033 27937 21376 29138 455 18937 21571 15112 2859 37896 12024 24539 33263 5400 2393 1104 30386 38788 5231 12960 18827 2338 37149 37420 1319 22643 1101 16448 
5370 29
32992 9878 40138 20169 7952 18956 18102 37972 23825 20996 30718 30981 22025 21738 28854 12854 36598 3816 29583 25012 39448 18585 36481 6594 22921 4130 32436 6562 27881 
6851 28
15625 24494 23874 25886 34282 24119 23292 31465 38207 18907 33045 13945 25989 11301 7962 41374 12908 4856 3001 16438 28300 13756 2191 4899 1133 23539 20636 38570 
5359 29
35006 5159 3300 1725 31223 6582 1248 219 18368 2049 22241 17778 1417 23444 38804 39936 19069 19858 1723 8165 3494 8433 37296 24576 5176 28099 12536 33888 24855 
6016 29
23521 3399 27216 20699 8034 38018 2762 13975 28633 212 18967 5333 25119 25208 8060 7765 2460 26261 35693 30815 22911 4792 7121 10192 4683 4391 11416 27156 32613 
1247 28
39751 7564 1030 28125 5539 10747 26774 7515 15927 20822 18668 20072 28706 27772 23639 38508 17364 25895 24153 3827 7120 8190 5429 21256 25288 37466 31091 1941 
2134 28
38124 4379 12575 40601 11832 19778 9501 15479 7829 5058 17172 40644 3019 13181 25559 3396 8171 7976 2229 9198 16993 39348 18713 7445 24290 36497 1476 16152 
5424 28
10675 41387 16104 577 30135 39144 12561 4670 3076 4284 38399 17855 14945 39646 4967 1859 33084 37016 6024 40970 6713 32259 578 13234 36894 13447 5767 36090 
4454 29
32711 25781 12158 7504 32625 29390 13641 1294 40378 9755 7027 6173 31830 24076 25334 4348 27780 14046 335 35664 1466 27907 28506 25477 9212 12049 25914 21367 22822 
2853 28
22127 25696 19114 19949 40623 12838 13555 26900 2121 20512 28619 15461 19765 395 38577 36563 20763 29301 34640 26535 33114 15728 15659 27915 10728 34171 18414 33392 
2682 28
13192 31945 12967 17190 25337 31469 20416 41007 16143 11002 26330 29343 99 4873 35730 30568 32736 23122 19378 27675 38701 23842 8854 12483 36848 4905 6545 15333 
1876 29
27293 11334 32248 19612 29263 24359 15962 39766 27845 28086 39099 37400 21455 25165 34289 11690 19048 28941 31711 6390 9773 33057 40689 8829 10880 23345 28150 39888 7902 
2204 28
13653 2844 32501 14808 31527 27506 17968 28683 893 31666 30617 8757 35438 17839 35422 23989 23171 9624 19327 37044 9512 10127 10234 25435 38925 16493 40427 40524 
4879 28
3136 5517 36886 37977 39070 25433 35240 22891 7707 28775 4781 635 14113 24277 6280 32252 11144 7858 34609 36333 29676 33377 20536 33352 9981 3181 322 18385 
5503 29
8272 16894 9686 11290 1383 4081 9955 23161 26808 22664 36 30851 18598 30858 33936 7166 37866 22230 11562 33717 6410 11673 29339 10512 31716 6975 7837 11636 17684 
2684 28
30402 41098 5006 13659 14558 33307 41241 26936 25510 38149 40925 23049 27550 25006 31284 4588 40960 3841 26873 19181 6272 21248 14089 40772 35698 32566 14754 35469 
237 28
15334 1572 36445 5755 26373 27742 646 41059 11972 7097 33358 21664 30378 10212 12464 24541 39771 11812 8118 7820 33792 25291 27303 37970 5168 30521 39077 22158 
4977 29
28007 2085 944 29117 20020 26855 8226 40036 11981 37424 5594 15164 37176 25700 12747 25672 21421 33166 27386 26956 12027 25687 25169 33922 14401 2824 8214 11302 30125 
1925 28
12496 23916 16721 20287 41202 26776 8262 35797 18853 29320 34092 10892 12977 31015 12983 40150 13256 38218 34253 8596 29947 4863 30345 8572 21924 38606 31794 39891 
1850 28
26227 24934 16455 13954 39974 1647 38001 36610 35707 3278 26446 33039 32522 23433 23178 38464 11612 38359 1243 30530 59 24269 37156 7051 22467 17185 37423 40135 
5438 29
36194 22728 39824 214 2835 6544 33594 35969 6427 34218 22501 26495 2997 37341 19008 15894 2600 25408 21123 18910 18066 31829 16064 26102 11997 981 34982 22129 17436 
1726 28
22349 23729 3770 29483 25609 19736 29700 6855 21798 39136 37226 5302 16204 37213 11853 8602 17229 2545 5089 8822 33690 24800 14525 35790 4531 11246 694 26180 
4201 28
19303 13236 1012 1994 29559 31127 18244 14670 7333 29486 28623 1027 17246 23283 30696 25174 16761 12952 2693 19826 20979 4327 28946 518 41114 16375 29642 18404 
1310 28
22881 14731 5709 33966 11381 12951 16153 12729 37774 17649 39298 19165 35992 5741 11399 24937 32341 31193 23545 24866 21251 12730 18722 5282 3884 36205 3789 16749 
6268 29
16012 22429 9013 12646 13127 11230 14958 17761 33212 22427 28361 36184 26479 27870 10230 10413 25776 40308 13794 21135 39968 6245 16107 26534 7787 39659 36536 25110 38564 
5889 29
11567 16316 18519 36915 32603 19123 11719 35988 15266 23388 17379 39813 11765 34261 14634 33124 9534 132 3159 15431 4988 30932 34869 34969 2528 19335 16192 12062 2027 
3457 28
6573 26086 37758 14015 20011 28022 19815 11705 39903 14295 22408 5882 30153 27961 40932 2602 7608 15354 24513 10010 7931 20318 7590 3314 3754 16673 24206 23669 
2813 28
28048 9883 9412 16014 36618 19831 31183 14727 24808 10899 28836 9274 13992 9996 37676 32832 3763 23718 17990 2569 2556 12896 14258 17134 24169 39538 12133 23220 
6604 28
27771 28914 17722 7763 41316 26978 8029 20007 41381 13017 25329 4041 35219 36832 17739 34590 37123 14523 12103 32821 10004 707 469 11558 5423 36867 28024 1560 
4377 28
2560 23789 15738 4560 26145 21626 23988 38233 26073 21705 14629 27714 12329 14217 7756 14885 8879 29620 16834 34738 10948 20047 25555 23727 28226 31915 28019 3646 
4362 28
29744 27481 12835 13738 10470 9770 33680 33941 11079 24757 22814 7769 26619 34028 36599 8278 13637 37801 40738 14036 9830 29378 8057 9221 22009 26309 33496 14633 
365 28
32298 34049 1054 2308 27479 40518 17954 8630 16472 40171 24354 31931 24377 12634 37205 21190 2234 452 17004 41133 22932 26906 13397 6981 18596 24835 3039 15267 
5141 28
36855 32864 10628 39003 24458 21730 13966 8917 10809 26419 9541 35514 31116 31448 15247 890 2897 35735 33707 38160 3390 5757 36360 8774 7282 18441 2083 29537 
2771 29
16511 15967 33617 6077 1840 27860 29909 33265 29693 5684 29672 36274 19597 13313 20644 24318 15686 373 7456 30737 10042 2175 40606 26095 36262 35881 24030 3305 23745 
758 28
23368 11684 33800 23871 1719 3813 17769 27182 3301 8038 7804 14391 25653 24741 35106 41134 36307 39411 22076 23400 22302 7737 28364 26797 13009 32748 26313 31205 
243 28
29309 10690 23532 38200 7550 39832 13872 22480 7525 18300 1693 38498 4040 25944 11442 39486 18256 24451 19824 15679 29664 25472 35028 21681 18218 26520 33897 34130 
1957 28
17391 2543 17767 20788 9869 10851 33776 33862 35606 31571 9690 5766 29961 7190 9509 18105 17102 27978 13202 3018 2400 38450 26301 23856 15588 29449 27730 6592 
505 29
29163 21179 21517 27517 30483 28161 40063 23162 33268 16861 5137 20291 39883 32948 5616 14554 28886 20689 10323 10569 1722 34789 19774 2942 9846 2998 10615 18031 37999 
31 28
2938 4828 29380 34463 38266 30211 37432 11075 35025 712 12761 11747 36714 21204 16310 36622 33627 7867 3808 3772 31419 27464 25210 39547 5266 11325 41143 18174 
2549 28
38609 30697 15281 30499 36887 7963 12715 35948 1388 2059 40793 22617 12452 12738 33832 14514 8832 24953 22880 6317 11365 39471 33946 29224 24191 8477 17175 39355 
5379 28
16506 10957 12678 22111 1790 37959 16849 34363 31038 35366 12659 28281 20680 18644 36093 14160 40164 17368 11934 25124 38753 353 27359 29980 4725 28882 26264 24484 
2487 28
38391 15862 26988 30414 33305 15173 30870 30116 39705 39657 23785 18878 39866 18969 2371 21800 10700 41348 25805 21138 33602 10859 36529 39564 21107 11360 22966 36494 
1408 28
33822 35971 29803 26680 38343 34623 16970 25686 8253 16482 29122 29319 29115 19862 4617 9926 17796 34271 25060 4874 29295 383 2485 15136 33070 36207 30176 35771 
4759 28
4208 25447 26032 41124 15586 9564 17093 14241 850 3297 12003 14923 12874 30130 10685 27024 22096 2728 37453 1906 4761 9763 27719 10506 26353 40152 33241 33223 
1087 28
232 38580 40859 18615 34907 15377 20461 29655 8510 1630 32727 6962 25626 32987 40664 15608 37528 38502 7299 1966 23465 5648 35467 18705 35649 11025 28460 25595 
3903 29
27143 17969 8340 26885 19955 10705 32242 30527 10602 19157 10794 26561 7409 28838 8865 30520 32555 23057 26048 12314 7296 17837 36648 14148 9989 35936 40728 11252 23621 
5958 29
2340 1115 22761 7431 29823 7817 6462 6993 32260 11255 27972 24310 35892 5858 37271 25757 8808 32141 2267 27066 19133 19260 4539 76 32093 1519 34397 38532 9629 
3836 28
37901 18359 21853 7607 5474 27645 22856 5833 26655 10071 3348 31509 26718 34420 15391 5171 1361 24520 38329 18874 28645 32383 25856 23779 39129 25442 40019 10887 
809 28
30376 16831 3538 36784 12110 35352 11977 13179 35180 36836 16350 32782 37984 23223 28582 39579 27415 35635 31281 28858 31685 28952 2510 24060 4944 34643 34268 7653 
5739 28
4106 20923 7198 16411 40592 17535 33322 34200 3788 40097 31773 14814 10334 32743 13207 16975 6730 39859 38007 12650 32982 33924 9757 36513 4590 20266 12574 18371 
2227 29
7072 3720 39092 25381 20569 35864 30626 35039 4701 40180 27117 30257 6312 35391 31357 16830 5864 21537 27518 34156 35819 37105 26781 11639 30796 39395 18574 13434 33677 
5402 28
733 33872 39796 34962 35351 34889 11892 40297 40862 22122 25036 25879 32977 7506 29077 16485 3463 9596 24314 26935 9827 21897 15041 4128 9255 18446 29086 11512 
5735 29
34404 40130 22321 40583 37295 39051 34300 36972 8100 21042 590 10613 35295 1449 24198 28922 28102 14547 28787 8476 10830 38009 17612 22392 34055 34235 7997 39334 26058 
3722 28
35772 9912 38011 15523 1576 40986 16269 10094 5235 39896 14493 2354 4787 28830 19745 21281 25657 18665 10415 38908 39879 12009 15335 22306 26791 31452 37029 21514 
980 29
10375 32588 24480 1877 9782 28616 17564 64 22678 38408 8847 27307 14005 15838 34895 32429 26792 10011 16835 32539 27837 10902 29144 8903 36989 20211 19966 10633 9251 
5704 29
13817 39536 41351 9569 17083 20915 13660 10446 23216 31497 13594 8283 2068 40734 34752 7199 33323 37182 30646 10159 40526 15214 22551 13374 40472 21371 10346 18212 15233 
1503 28
26663 20844 4648 33844 41368 33949 15521 27451 26171 13603 30339 34016 7771 24270 38432 419 35288 12686 9362 4936 19569 16446 10291 774 24930 6275 6060 17253 
4799 28
32055 12047 2197 31793 21673 11524 25109 4478 22070 12161 18418 34098 7770 5116 26173 7154 20999 27892 30003 3070 18634 11428 12687 20647 37881 35673 23979 25426 
3493 28
29946 20385 20899 27166 27688 30429 41180 14471 21023 11622 36883 29685 15531 16053 12347 20894 34812 10024 11336 22425 4797 11525 16373 5649 14971 21697 22110 30945 
4181 28
22012 11823 2097 3368 28409 21043 7452 37380 10045 7705 12160 8816 4499 37316 34295 33735 14014 22354 15186 34415 18532 20397 28470 6228 15915 15023 1548 24905 
465 29
4309 8343 36660 30620 18612 26756 32036 39901 39243 3692 32545 15398 1037 12320 3240 3902 22292 26525 36773 6443 9406 7484 38170 30365 10147 37706 26360 29461 4261 
5083 30
3760 8593 20309 33155 545 21502 19019 15652 8759 4897 1163 33388 30739 13598 25948 24522 35021 18876 32989 30524 2366 30954 1932 33192 1213 15034 4286 29430 31241 18763 
3387 28
19882 14586 39515 34432 7821 28095 17261 10325 15851 40684 39480 10273 35347 13120 2478 30569 13258 31491 1318 28179 16720 16266 8933 12541 36086 5262 27863 22840 
4480 28
39957 32534 25717 33308 10856 3303 31218 19015 36991 27130 31379 12012 24088 22377 27261 36294 28999 9248 32645 39482 5456 24762 33447 40476 16918 33805 664 10518 
5170 29
32577 18806 19759 26894 32973 12130 2143 9894 36503 37344 24155 23080 979 10038 7672 28551 3564 24085 5521 17699 29190 34471 36043 15988 40941 20469 11775 10871 2087 
2961 28
4870 20870 30314 14510 12304 40123 15412 23517 10185 5898 40858 22951 14583 31741 25145 7582 4017 30614 26036 5787 2021 12179 9405 30845 13767 33666 7438 33272 
1685 28
15341 7801 11573 22050 40273 33885 19436 26899 1848 33102 35464 388 36821 19538 8384 39053 37078 22179 22374 35718 1042 9454 271 24064 23111 20949 7987 8457 
1411 28
5564 22259 7527 652 7532 36301 17293 36078 24684 19650 36415 18833 32533 10812 7194 3675 41242 15802 17422 2496 14572 35392 28371 3135 13175 28498 22714 33600 
1147 28
17071 14611 9841 41145 4872 16023 7992 35075 31724 15154 146 23518 13679 23405 24645 31939 25318 35863 32453 36756 5772 25988 642 829 29051 9543 30721 26576 
35 28
25540 25997 39607 19142 31606 31867 9785 127 37942 33169 35905 32167 6514 33065 3388 37219 13070 1881 33412 28658 38723 41211 7619 2841 23100 21070 10370 11688 
5835 29
12691 20718 30962 17445 32028 9467 33187 31012 8561 9324 672 16146 33282 26594 2140 23311 24193 11895 4940 437 7689 28823 20933 8285 4986 53 26811 6815 23378 
1859 28
21948 34141 21888 4909 17574 20858 21522 27362 28574 29277 5090 5783 10134 18131 16196 34451 36789 28454 16379 40124 34903 35058 35238 13353 21978 32915 2716 6375 
821 28
30283 9748 8754 40014 36876 11875 1521 18647 27680 27251 12472 153 12684 34101 1654 15987 25325 37138 19447 13245 20017 30473 38272 30215 37364 18450 28873 40590 
3036 28
17383 16222 7730 35274 9450 10417 28246 31634 5798 13157 23587 40535 35151 36777 23077 25761 14339 14086 41031 19284 15167 19367 18384 38457 7915 10052 1442 33757 
2108 29
25384 30015 36009 23945 9045 29821 20099 41038 40547 3045 40943 28537 39276 12633 16542 40071 40260 14281 34959 24342 16106 3906 29165 18789 5742 10667 15286 41207 11125 
1889 28
4421 27745 2772 5088 17676 5482 4523 20836 37976 12380 15210 37776 10155 33405 15337 3868 24763 23102 1373 12127 10465 37130 38036 23579 12447 14194 41267 21459 
5440 31
33186 18423 38470 37376 24454 19833 4253 32463 20510 15909 10411 36868 22878 12958 32798 21165 19958 39605 40907 12666 946 929 25612 13867 19935 22080 33387 9358 25073 37277 14010 
3048 28
19531 1520 21141 16952 31833 12947 10091 8454 21900 21241 30274 39435 32000 17875 4065 40028 22673 19199 28569 19637 20841 39799 14174 29683 28326 29000 36088 24348 
570 28
37601 10208 15147 21050 21670 24419 25953 32239 25830 25855 27908 13060 6220 16458 1018 24561 16634 21354 12573 1412 10430 7625 36033 41075 7420 41250 14989 16756 
3520 28
23616 37397 18829 30381 28293 23859 30280 23657 25273 14312 32634 32873 35750 38098 25972 14229 26846 36508 1952 629 20686 18252 16613 2464 17584 3252 9456 17270 
5351 28
14753 37987 3145 26907 9592 15676 40355 5947 5583 198 24200 27249 32184 2700 29788 34604 6756 202 21786 27699 32599 13942 38392 11008 12869 21557 37541 34124 
0 28
6466 39627 2519 30329 27814 38317 8254 760 10611 21259 39400 21337 35141 13089 1008 16550 38672 13162 6722 34646 23676 22144 23401 21763 32251 36265 25739 32366 
5904 29
14479 31168 32203 20292 34896 38772 25301 11253 8573 32526 21153 16378 20671 39199 36342 32284 13461 21554 24 20395 31415 25801 5601 6925 15537 31239 20152 40070 18455 
2788 28
2154 31888 28800 39349 16377 4809 39406 2559 40730 15089 16767 20738 33468 2448 11483 29639 14151 35290 32673 12544 28724 20577 16567 20207 39929 11905 12202 29113 
858 29
22834 7392 34062 22416 17179 40785 24430 10146 27959 41066 22454 40340 11440 21582 15934 14191 31775 35765 16022 14690 40762 38483 20929 32478 17128 16268 33086 13691 26177 
5604 29
20714 36501 16176 33050 23819 777 7638 17063 31459 32158 5077 27032 4087 21529 4054 10200 28863 11312 750 22493 22625 36975 33252 31423 37783 913 7441 41132 3312 
2781 30
37836 38992 33756 31170 34667 18761 12197 37703 4362 33536 828 31187 26019 7271 15243 40301 23118 9726 27707 5147 32196 16517 18124 40803 15716 13601 24687 2065 15 27321 
6448 28
8483 903 4400 15115 8947 12662 29012 5428 38059 36094 35997 41213 6361 39559 949 19646 4241 18595 2239 26078 12777 11038 31237 32825 29345 692 14861 37512 
1020 28
22016 32423 32910 28428 32642 22720 28390 5462 30109 7312 17330 29863 30197 3482 28540 12797 33021 27668 23194 39161 40420 7310 27785 8605 2516 23985 2531 27692 
3667 28
18150 23687 22567 28868 49 27244 9147 178 22132 20717 1212 18354 3588 31891 32558 24612 19818 35315 32047 32274 22798 4161 15812 14641 8959 30998 33646 32561 
2665 28
2908 10049 12924 21592 17607 20681 21947 25113 36815 17225 19020 32061 18522 39046 13137 5904 21787 34376 6388 28167 41364 13910 3890 33284 38656 28164 1512 36444 
3787 28
94 8520 23333 28611 19257 37356 22938 2463 16289 12503 6635 16130 18169 11846 36892 16757 39423 1075 32498 22043 22561 23257 21002 24026 4601 33214 11803 22428 
1104 30
36827 17513 39333 4268 20530 9224 6860 4188 9558 19225 5842 30513 6352 29161 29619 3393 30926 17904 31247 9956 14925 29198 17336 16948 23897 33074 4814 36525 38650 5699 
2739 28
36722 375 31925 24532 13672 30106 11921 1091 9381 33110 19693 15125 23519 26556 16158 20034 4353 15416 32656 2007 25071 31560 29005 12764 22998 23064 38164 17371 
1961 28
22981 40025 24436 31928 26388 26551 13577 18928 39035 9172 34074 40733 39822 39265 2368 924 7562 5293 15669 4782 11208 27604 13519 9870 34032 1399 41001 37611 
3569 29
14031 39332 1445 28514 34264 30547 36341 41379 27556 4457 9158 32562 26138 29073 15869 29880 12771 17444 28196 30009 10170 2195 34498 6709 3993 6861 824 29877 6437 
2109 28
7655 16235 29152 8677 39189 23265 18933 513 35695 5313 29438 37591 8111 19562 17571 32631 34491 1812 16960 29509 35530 26033 8730 13343 33851 9078 14728 14158 
3199 28
5845 19560 13336 39738 26455 5438 20055 18292 40383 25720 36425 15220 28709 21617 18120 27690 4959 735 12432 3446 35109 31797 36013 37288 11052 41147 36437 22166 
5453 29
14592 31294 834 12192 10285 8778 23921 11855 14537 16755 107 30294 39785 38322 31333 11966 36183 20384 35560 19767 32802 3995 19522 285 8414 40122 23807 22755 38879 
2121 29
18479 33243 18845 38326 9460 17652 6927 3450 34997 32144 23235 23816 12746 14560 8007 9160 21097 35668 39587 32663 14873 15336 7668 19168 12327 12928 4594 15026 28746 
2468 28
20150 6422 3387 6303 24695 28343 12142 40753 40946 29159 24208 13677 35946 36797 21013 40942 11072 1764 18179 5184 23887 22256 6704 24179 11080 34591 8107 13413 
836 28
14819 2816 38123 7735 22641 2095 14315 39103 23027 3795 14794 31510 29793 25431 19272 9661 29938 12829 7773 5364 32309 14920 10347 3603 6690 34248 37810 26867 
6606 29
1788 30113 38877 36091 32336 2675 25085 20401 16115 20025 31809 18735 40214 40280 21417 39990 11268 2158 15857 13030 10117 10609 34357 24440 9630 36493 35914 11808 37822 
6191 29
32430 20678 30931 38962 31283 41237 22517 21395 5128 37331 21470 38289 317 21458 6485 34942 31230 40646 26777 5731 13442 23612 11354 23777 25977 14597 40633 31079 21936 
5661 29
4221 9502 27071 12210 25270 37212 30967 2849 17974 8398 9351 26253 5464 31643 26731 10972 25463 21171 12779 3229 2019 22062 3683 40094 38421 21584 2836 27452 4975 
1916 28
30289 8567 34275 20655 12745 18221 12407 17092 9328 15305 22254 5987 26645 29837 22616 16654 13036 26904 18912 37373 36355 1231 6760 40678 17862 32702 3434 1616 
3349 29
31849 11105 31798 27663 33277 24123 11042 12368 40448 31586 27202 17245 28671 7128 8718 16980 21711 28909 5717 22060 15600 36587 5066 37157 12194 6727 26320 33036 6470 
5443 28
6102 8906 21632 10063 20952 25837 33338 35299 7914 13670 28200 9854 13161 27802 38618 32621 18843 13153 28612 21317 33209 8218 32839 17834 13758 25156 34142 16198 
4195 29
10656 17786 10976 15343 18295 5913 23908 22743 11561 26140 34174 18769 18992 1597 20546 27410 14505 4614 28534 3462 8152 23258 11037 16469 9079 808 22384 16467 32211 
5085 29
10989 3547 2655 34353 12107 4297 8513 3589 30939 26794 41107 16758 3121 33082 35339 26195 4543 13969 21389 14698 23588 29729 33604 23900 2086 29147 38276 14801 25202 
4719 28
24022 23656 22857 33742 13302 5863 19850 18744 28538 21802 9836 23073 27434 1668 19827 31590 2688 18133 4606 6033 39037 6456 12936 26296 33173 12837 2025 9788 
4166 28
24429 4080 28294 7793 28116 7591 5891 7125 4215 12705 2096 32974 3698 11605 14009 27211 32815 38754 3773 16935 1907 36774 24724 36839 14869 17322 22031 11840 
3357 29
41045 27134 32169 4952 431 20532 21128 14859 40363 30942 31013 38944 7634 11423 8976 12884 15778 10872 33774 33587 18271 9554 14747 19828 25864 35633 27204 20813 13183 
4306 28
688 15465 37154 20872 19659 9068 38679 38052 28682 12828 40026 35198 30245 15110 5125 18968 26823 24918 29433 27768 20075 18333 15017 4396 4996 14568 35241 35854 
6773 28
7517 19760 12630 4825 13095 19396 13713 41203 36227 30046 2839 2206 2847 992 36979 20100 18200 5973 3067 10186 15787 18825 12776 35499 21383 23827 264 7267 
5423 29
13344 26834 30087 12378 27039 37084 25670 32110 18659 39517 34992 16805 26450 34176 36426 2787 23056 22191 39619 886 39661 1116 33324 2311 39652 14766 11624 34364 7480 
4040 28
26984 18931 23335 2409 468 18 25580 27445 34193 11941 24547 38943 381 9333 28822 34398 26884 26143 23762 24478 9218 6328 8556 20225 32780 25000 40441 22351 
2234 28
8294 36255 10363 4168 35962 40278 18822 30140 2174 3672 23622 4382 9264 11893 29953 12696 37021 38487 174 23402 31536 17764 38999 38325 2119 21810 21319 9254 
6499 29
4794 4425 752 15453 15518 21994 3044 23810 17160 23711 8878 40967 38688 19183 38567 3483 34601 16369 8355 7652 18394 13584 21542 22190 20234 14291 18616 25366 4358 
4666 29
3421 17628 24551 16291 23765 13402 40488 24699 29357 26897 35294 31906 372 17357 30710 17638 32681 24986 5942 21444 9466 30505 12360 40706 26519 3239 8990 37657 31498 
2985 29
18674 5906 10419 23752 3052 6381 1736 33400 5489 12272 8000 2487 34644 32908 33327 15575 16232 32891 9637 27740 128 23270 19365 2536 8799 9031 32868 889 13932 
4043 29
31074 19574 4093 6323 32740 13616 29905 21646 19762 31821 37360 20880 22522 3264 3336 20612 15558 5536 12276 12622 1706 29689 24543 37503 7491 17430 13414 33709 15506 
3624 29
20616 25017 28265 4468 6169 38344 27872 17418 30986 34645 172 23624 21457 38985 6670 32439 22224 24304 21898 4790 36006 22589 23460 1622 28579 32587 12857 17986 25685 
1978 28
25785 30733 5557 34791 3480 1374 36349 16962 5174 23260 9203 41072 7875 11647 26840 25150 101 7872 30964 9355 16871 26782 985 37162 17724 29299 3759 37868 
4893 29
15637 13708 23308 34529 23860 40330 4868 41343 35950 622 34730 16326 24823 22906 18513 23708 33754 30164 8728 27023 40810 18512 1809 14695 7387 29848 36521 21718 37604 
1402 28
10499 31577 25013 18408 24784 29379 10787 4487 39456 3479 23273 7494 1754 5048 25234 456 39459 39513 27667 20276 26241 2177 12425 16427 3643 2091 33562 25839 
1005 28
4706 36520 4645 13561 1087 31324 14588 3633 35660 29732 6559 7174 20413 7089 4955 12619 36822 1757 4185 5744 2930 2139 31271 7785 8364 35995 39063 24201 
3405 28
34712 33402 17267 22627 7869 40290 22598 3958 37367 6574 25674 3500 31513 11484 13351 10201 6042 21643 28077 33535 24642 22892 30543 11597 15087 7984 4044 5832 
2591 28
38107 23313 16846 23878 26259 34673 18367 40782 28539 29854 20223 18135 33903 40878 37274 10977 22059 27366 35838 27960 1099 17914 18037 17869 15848 40410 24212 37619 
556 28
36984 695 40292 17727 36241 14075 37314 34473 25079 365 24624 36588 12505 34026 7266 27560 28930 5323 33271 30757 8137 1432 25232 23941 2542 5964 10150 657 
3671 29
8748 35120 2711 10217 38482 5413 26456 5452 7141 15263 36929 11242 844 26975 9000 26346 37110 8 24083 38694 25842 18012 23362 24777 12553 10028 36469 35701 22873 
96 28
16200 5242 15275 39612 7273 25802 29696 21438 4469 22988 25283 1834 14285 26916 24124 35951 4948 13138 6557 19619 16215 22041 16343 18375 32833 28575 3822 37547 
5240 29
3976 22766 25942 6313 37126 36163 22776 36391 23491 23707 28352 22311 12973 5857 9058 10601 17523 21772 19383 4631 7478 11555 22353 33329 11034 23294 11841 22829 19890 
4151 28
5773 12841 24194 7861 7414 36539 36028 29448 3004 29903 30380 35322 27988 20768 15092 5408 28767 36741 40902 14735 6227 26962 16828 16211 10985 23847 33204 12629 
1933 28
27190 14717 16656 18123 16363 40022 32306 31224 34122 41240 39993 12145 3196 19189 36693 2663 11819 18818 26302 18865 39059 38219 22607 32749 3707 1815 33638 28486 
3232 29
3593 29318 8396 23801 37445 9518 9727 19700 24226 38972 31887 13755 8760 20425 22908 7622 30716 22781 30688 38628 550 23167 35792 32371 14845 4885 13723 14356 9868 
2044 28
21720 2965 36803 5609 36376 40949 14519 11036 14605 34693 23279 28219 7810 35527 16432 15901 10048 10659 36942 28055 36202 31525 10312 25307 3922 23425 990 15871 
5553 29
13283 38773 15282 4881 5454 4103 906 39232 5749 36682 12376 4388 5823 17142 22123 10425 28152 37049 7643 34687 25046 23234 7854 8467 21173 15183 18619 7713 10674 
6628 29
39093 6059 9663 20158 17476 21243 14427 18030 4524 2180 37661 32228 36843 41171 5499 17581 37202 7164 30457 34170 13376 14262 9104 40603 26232 40826 28237 28729 20307 
5736 29
35689 27339 29964 10023 7889 27067 6335 9167 35269 785 2134 6849 17177 20212 7593 29370 2817 19870 16997 36896 5437 14328 13736 33423 33550 37690 34909 27077 1140 
387 29
35265 32779 33618 15627 21851 4505 26751 25231 8260 7654 16826 3384 8617 2636 20484 9991 26607 28794 38511 17548 15467 36708 18347 7701 3108 6890 14380 16428 5440 
2415 28
26991 37355 29544 11728 4634 22023 10409 41024 22901 31049 24972 5065 3557 5421 30809 8764 26996 9818 30252 20261 19615 37002 32686 23390 27906 32955 22444 28799 
1470 28
2459 1883 21217 15829 11061 27270 22210 24166 10386 16751 29978 24142 13460 22943 26639 3872 24334 31311 8539 5777 33153 583 37047 19922 32352 40229 33213 17091 
4762 28
16540 34708 6943 12636 36669 35358 34581 34076 34694 25246 37849 40913 11851 15301 26722 39439 8853 29458 37981 40120 25308 40010 14173 22198 7746 13358 21887 32275 
1956 28
25382 9077 4260 10137 24316 36945 14012 19030 31854 630 34551 40900 563 868 7345 10620 19512 14329 25606 6747 34472 33601 19271 13063 26548 12076 8020 2769 
1732 29
1181 11059 6812 9559 21233 30612 3171 2039 15254 11529 2189 2873 19003 8893 16914 13395 2993 508 6721 23143 2194 16668 36214 7234 3461 10896 5774 10505 35915 
3499 28
21732 24132 10053 1304 20779 6165 29302 27662 31024 13141 6164 9997 18792 199 703 20852 7341 23895 18054 19941 37872 10545 35611 18821 22061 32855 24506 22817 
5334 29
13363 39653 22077 10468 16865 13544 32009 8702 20345 4918 20062 9235 10092 20605 8545 11455 8803 30036 29734 17029 28631 7138 7894 19508 35659 29 16419 1310 12640 
4597 30
10404 3776 23464 27062 10691 27414 27038 27364 38118 22406 7056 20911 34249 8509 36419 9268 4686 40805 18432 19585 32198 32797 24735 34706 18365 19259 10343 34438 20257 20014 
1086 28
7497 562 29699 24463 30072 19243 30606 22289 34838 20700 22775 24061 22214 29094 30495 37956 20520 12025 30717 28703 1275 10051 8703 2590 24923 22157 40050 28762 
2605 28
31119 36559 7563 22314 20202 24382 27319 19289 29421 10153 14821 14267 2441 16724 25063 25787 17382 38529 4742 8654 7645 10101 3537 19058 4102 40906 15213 27263 
1500 28
14999 35618 40068 25747 11420 6073 37750 30358 11786 29417 27631 11711 11704 29934 21388 7454 25662 20377 11299 33902 30901 22313 6765 9205 28369 34480 6234 23562 
4153 28
27917 9163 24391 11289 28798 26104 34358 38646 21775 32255 20861 30645 25683 16478 1605 30755 12888 802 35482 13238 8030 10400 28391 28507 16878 9097 37698 14350 
3032 29
34965 36819 289 17583 17168 32102 33613 7309 33098 37549 30276 40715 2237 34064 33780 16580 31361 2724 22193 35531 12121 22492 23418 9042 5012 27149 34690 32154 12926 
4091 28
19473 8353 17546 7370 24387 31011 3150 26898 17716 5861 12469 2763 34940 1320 7391 19359 22949 7834 29162 37457 40875 31650 32020 2507 34186 27072 13841 24968 
4477 29
25560 15589 35231 700 13281 8362 17098 12036 2231 11878 30982 2014 37494 39222 36645 31056 34970 25678 26701 32899 17387 35832 21789 35502 22419 39047 33330 8043 37522 
2730 29
29316 7721 39541 22592 18732 25249 14742 36744 6386 28895 9234 40139 22765 25610 27171 25894 17867 125 34960 35794 5100 7783 4951 13645 11178 34880 11377 24034 1405 
3638 28
36870 7375 6526 2030 21524 40241 12818 17900 8916 34584 20830 31598 7018 3570 24265 6723 38579 19092 39118 14652 6400 19715 54 37437 36726 17244 27424 29621 
1172 29
37593 3874 36298 10029 25304 5453 9364 35335 17826 32362 41062 18390 4541 10909 37939 35480 12939 14708 24229 22280 24744 23731 13451 34443 10158 15509 143 33818 19110 
378 28
19394 19125 13168 32424 25520 14743 25566 22017 4529 38585 1585 24602 3205 22151 26475 39772 5067 23403 26491 33160 32951 22699 7828 11267 30166 13426 15746 22533 
1220 28
31356 8037 29463 15331 11136 39508 28697 11730 26517 21519 2683 9064 32653 17295 16932 15724 10264 16248 20265 9441 15580 2054 3002 11155 4191 11559 33123 3690 
6372 29
30846 15751 9877 37684 21099 24496 31410 19605 16816 1286 18078 7407 39784 7186 26866 17297 10749 40699 40824 18433 26606 11284 24747 38308 16926 165 37778 16964 28319 
4927 28
18350 5049 26754 12532 28008 2108 26139 11345 26688 34068 27548 37679 8611 9275 32907 23561 17413 19334 29331 11164 35959 6854 41371 40184 39623 2778 39602 30285 
2208 28
19743 29818 27345 34888 36299 25157 20609 7243 27552 7317 35612 4807 10103 12826 30882 8074 4504 11170 16794 30039 26155 4891 15508 32827 7249 15039 29557 27388 
1704 29
1461 35126 16942 6223 15513 4707 3738 21794 9443 7149 18943 3119 31595 31503 2975 25306 36019 29916 40916 23054 29220 21857 15257 32814 10195 7513 23428 19300 2322 
404 29
17770 19962 1160 24743 21449 3901 18084 27401 27027 21116 9348 11050 19821 37080 36414 12270 7124 25771 22715 17103 6251 21771 38731 38775 20526 27800 29182 9379 30745 
5209 28
25130 13306 497 23841 33002 5415 1734 19594 37630 26194 25951 25884 38332 6458 25064 20056 14722 36795 31440 5024 31191 14190 13420 21295 3622 39291 38168 11953 
247 28
3980 13092 39005 12131 8444 14448 38358 2659 33171 3274 8984 34056 5683 20810 10584 7548 17213 21443 29826 16734 30370 14874 20963 14265 13090 39309 8983 34762 
4048 28
11794 34698 24203 23769 14976 27526 28986 4240 39763 6759 23902 38839 26050 28589 27603 3611 36890 36602 18802 16523 32142 34230 25386 30420 13968 10318 11194 20820 
4405 28
17401 33121 16853 21803 13845 4928 7493 6971 20918 13693 16714 39394 25427 39374 18859 2679 6752 29799 10364 1660 14580 19874 14299 9513 7729 19176 14286 6372 
2643 28
98 20454 13581 26174 9278 38682 4654 10903 40557 16730 8024 180 27602 33605 18830 32247 25095 12982 40890 11909 21547 5374 12552 17639 29492 36110 28944 7546 
3833 29
17047 884 40484 40575 27549 31611 22346 40462 31196 9331 5115 830 31100 22868 29798 33575 25261 23563 17966 26076 14627 29093 26779 35904 3153 10087 40977 32502 17575 
5031 29
4062 31983 38097 22723 34934 23028 38208 25647 6079 27652 11781 12171 10629 35191 28410 7832 25665 37945 36663 25059 39326 30119 33471 40879 15733 27608 25613 10901 38104 
396 29
15444 16498 9081 40492 16188 34270 21082 39520 36334 7067 28954 5250 24343 31553 18245 32871 5011 26411 10516 39447 20694 10974 301 15307 28098 7476 20684 2845 22601 
931 28
15888 34309 4736 5516 36743 20877 8335 7462 39184 27752 13 19667 9188 34820 33942 19529 14476 37639 22843 40311 4943 26436 18927 33024 32269 32766 38520 26105 
2309 28
33380 17203 11944 23039 30785 23316 9678 27311 38795 13133 7184 11884 12139 19025 11951 5025 22079 3254 1828 19729 40482 11039 31826 192 8721 12373 8566 757 
4068 29
14528 35117 37175 28132 4966 25752 28916 28761 39827 32321 10140 31275 10265 3470 31243 39375 24408 39867 32268 33293 9034 4526 27910 32538 13710 16518 33858 38636 762 
3748 29
4597 3775 22238 30474 16906 25209 22451 11100 8298 20382 6406 13323 32624 28812 12168 16969 28867 23096 40549 15006 18269 29802 34867 14933 23083 19352 37349 28769 25396 
116 28
19239 19244 31101 491 3324 16086 17510 21972 33312 16117 18694 20983 35252 24282 20331 32714 15191 5261 24355 22365 41229 22759 21714 5930 15624 5986 5518 20505 
2276 28
22904 15536 17702 7507 10918 41291 3405 40089 25313 8958 24864 22135 27862 33876 7495 34859 11003 32913 32650 6186 24031 33090 21392 37306 8866 36986 4720 34963 
3677 29
20241 38073 21934 15979 8319 25952 34750 7336 13795 15091 35884 11741 19135 5872 26146 40662 40773 81 11231 14138 14169 7034 11675 23286 35747 35847 16595 24895 14703 
1937 28
16420 32507 15392 5461 9549 10277 355 10970 702 39275 35162 13848 8311 15086 34726 18364 12548 4431 20125 29560 16068 13590 20057 415 1860 10367 4621 32178 
166 28
35571 20972 20462 21558 27254 6056 35327 31157 39380 3345 10987 38789 37225 14796 33289 21017 30443 15610 3855 24783 1335 6678 35221 34003 20716 7257 34824 19576 
2808 28
30616 7881 6810 19372 28250 25351 14099 12286 40674 14451 487 13197 29649 34227 19507 9301 19240 5211 20908 16869 9675 31061 39633 32271 19467 7540 15111 34927 
1498 28
21435 1727 17149 4992 16823 14326 21599 36144 2961 17468 28610 33384 2498 18092 21650 4668 2040 22011 6813 9072 27710 3438 23188 40481 25673 31081 38101 25601 
4273 29
38813 38862 35745 24084 39533 3736 15162 11599 31150 27076 21267 14907 38020 7196 35893 37708 31048 1750 25455 37505 13612 30163 10228 10579 10915 20120 40008 34374 28996 
1930 28
39856 10860 3753 14436 14985 11109 22870 28274 2176 41184 10535 34754 33696 12788 5698 23224 12257 2447 24274 1541 7639 7140 5703 18401 7981 7578 18701 23636 
3641 29
22787 23253 4638 34666 9885 29776 3404 3183 12993 15315 24000 23135 25701 901 34534 40736 14571 11108 3085 37234 9652 37501 1807 28107 9843 25937 21182 40188 18073 
5529 29
4437 2746 20059 11585 25413 13711 9887 30780 36235 1613 5960 1539 6009 35949 26763 40694 29407 38264 38845 25267 33891 34256 9043 27091 19885 26801 12398 12459 35646 
5072 29
3334 27172 11537 37590 9910 22777 19603 9126 33014 30395 40514 33459 16463 8925 4328 20311 15891 13385 26240 8934 17773 16524 40610 37372 25815 2632 8258 11744 40200 
748 28
32001 15070 2566 40255 32384 1132 29125 23353 27671 17058 32273 14654 37279 36458 18919 31426 39172 991 41362 5114 4079 15236 35677 17258 15126 18698 30963 26052 
5188 28
25881 27605 39205 9256 26942 18675 21474 32822 33007 25026 13107 25371 6600 21212 23205 2637 11856 7720 4402 9012 5958 9933 12706 21629 6755 15739 23996 36010 
4840 29
22944 35726 36107 26624 31866 36600 21164 33662 37410 5590 31642 31444 24528 26000 15407 27377 40424 21316 21691 21416 9970 14179 19242 25423 14987 32050 7809 36146 22337 
1237 28
28324 39711 41027 34322 36291 40218 41340 11288 12861 20720 31133 5725 4467 12599 17644 19216 34758 39516 3998 21521 35834 5033 19246 36512 19089 27208 26583 41028 
5526 29
10436 9595 11691 2793 26333 31518 39696 683 39715 30254 18739 22410 34408 34860 23237 34182 38074 31547 24324 29994 35953 36275 25947 15687 5267 18207 16600 26041 28892 
911 28
39441 37320 710 13579 23061 39838 39457 25367 36216 26714 23230 39308 20342 14419 35396 33892 21540 10821 18025 8735 34870 40668 29960 952 5738 19338 31391 14092 
654 29
4519 28824 26953 25322 29437 38115 21424 24796 1346 29764 26818 4851 38830 29843 12026 9506 24924 33096 19198 31163 5055 34980 2922 19520 18352 33519 40015 7447 24199 
4989 28
31592 5094 30996 5458 28753 21710 2201 36737 35248 39270 24246 30128 12935 33521 38177 39942 5340 10823 7087 5343 3113 21925 24920 38203 13994 17453 33555 867 
1984 30
33509 17669 9646 3041 12389 10456 27118 16172 33047 17804 35908 40293 25106 3361 7216 14739 5732 40480 3167 28243 37560 37224 1080 23558 16178 32983 5244 28587 16957 2082 
1767 28
12985 3023 16065 26563 33321 10881 16139 31924 23550 6269 22252 34528 32075 11495 30423 27368 28093 2069 40721 314 17043 33541 1390 17021 30510 19511 11614 28138 
3689 28
11735 32510 15027 5336 25585 10168 7458 13075 30253 37530 1455 20842 8081 19343 28387 21460 32115 28463 35105 21923 31300 14671 4343 33570 22661 7686 7316 36225 
5673 29
34612 366 11611 41233 7711 17323 36812 20106 4949 13705 31307 36254 5828 38228 17813 25508 4821 6762 5239 9369 5083 4582 35898 20573 14977 8128 11689 36564 5145 
3409 28
10369 16383 32044 27239 29809 25251 24971 19792 27546 7913 6786 3122 402 26295 3298 36370 37516 23950 8447 34297 24590 1954 23091 8194 41280 17629 832 11594 
4008 28
31667 19901 28247 9200 33482 29611 31810 23726 15059 8881 21895 40457 24560 38190 7253 25943 11274 31267 422 4659 33581 33420 15127 27865 26515 29408 30923 26938 
