338
1929 2
7156 13101 
4159 3
57106 23255 86470 
2400 1
80743 
19534 4
48216 38818 64447 53346 
14873 3
14224 34754 4972 
19708 2
69477 40964 
6381 2
64582 92482 
9645 1
14519 
7740 1
9340 
23582 2
21702 7290 
14407 2
86989 4897 
12265 2
50657 73994 
4545 1
62070 
4442 1
84048 
5040 1
78078 
6959 1
57248 
8274 2
6315 12726 
4784 1
12221 
23951 2
27579 19011 
9399 2
8997 23494 
5435 2
72572 92177 
9686 1
94260 
13134 1
94002 
17021 3
14792 80046 86745 
16424 1
80333 
20755 3
64307 30564 65890 
2642 2
57996 49734 
17919 2
30667 44997 
23191 1
31988 
5820 1
2068 
20094 3
13536 47909 48055 
15492 2
41573 93448 
24478 2
11333 34158 
11653 2
53125 46262 
2936 1
94049 
20767 3
18110 45827 3821 
615 1
66819 
14518 2
18918 20717 
11241 2
19448 21919 
19367 3
42543 69123 43158 
16342 2
64913 44602 
10344 2
41096 68962 
845 1
93685 
24874 2
17720 74923 
17136 2
59647 47101 
2089 1
44341 
1700 1
37293 
13870 2
50380 26982 
17985 1
8278 
800 1
4136 
11117 1
15271 
4826 1
82385 
1374 1
31938 
9524 1
64181 
8401 2
5852 33933 
14266 1
92106 
6230 2
62491 89894 
4520 2
83756 24291 
2591 2
62890 83089 
21434 2
70454 63642 
1289 1
35284 
4052 1
25006 
8202 1
2414 
12819 3
8613 54391 72768 
11462 1
11422 
8892 2
19245 41902 
18862 1
53518 
11761 1
71833 
22772 2
31257 21408 
23304 1
62374 
10275 1
24780 
5784 2
26218 940 
11474 2
78819 20803 
857 1
74107 
12523 3
46088 38731 92672 
20304 2
93909 68431 
24350 2
36963 36482 
3070 1
34431 
4153 1
83748 
22556 2
71153 13521 
16831 1
91282 
9463 2
80666 41193 
23252 2
30395 90488 
13227 2
87080 51708 
6885 1
39910 
22607 2
78945 92763 
18644 2
64924 75853 
14772 1
5609 
533 1
37329 
10525 2
20849 47428 
3868 1
7380 
11483 2
8432 26577 
13487 3
72550 86248 46101 
226 1
53921 
5405 1
20266 
22213 2
74502 58382 
3482 1
73629 
22752 2
57810 10187 
7412 2
32443 95158 
8889 1
71397 
15534 2
81250 91087 
5664 2
92957 68291 
19331 3
12153 89736 46624 
21492 3
20750 83909 89414 
9958 2
38049 63200 
22222 2
72320 85865 
13886 2
29653 60787 
21305 1
67739 
13050 2
64315 90475 
14907 2
58575 44965 
5543 2
88566 81251 
5208 2
87161 78177 
9574 2
2812 80435 
24775 2
62978 61928 
20529 3
16751 27684 61860 
16065 2
21763 66458 
8819 3
48504 50007 75380 
21245 1
31244 
6280 1
48731 
19953 2
48810 20747 
22894 2
22881 43537 
21016 1
36821 
471 2
82625 30279 
20250 2
85361 1495 
805 1
26452 
7067 1
58349 
7836 1
75910 
11784 2
59689 11036 
20353 2
57506 92319 
7654 1
50816 
17983 1
8497 
7363 1
93782 
12026 2
57403 48515 
13828 2
33875 22235 
8983 2
53004 26904 
23163 3
4503 25117 4845 
11272 3
89712 34911 92620 
22914 2
69697 75813 
6774 2
91182 5851 
522 1
78018 
9432 1
31113 
16681 1
55599 
24605 2
34987 41737 
4237 1
25939 
1373 1
86030 
14875 2
38295 13434 
9260 1
52287 
12231 2
56887 37409 
20020 2
53813 93383 
7878 3
90822 10817 4154 
20992 3
72361 72744 54442 
18203 2
59693 41171 
19454 2
76950 56890 
22532 3
22214 41257 91025 
16828 2
79382 60112 
4695 1
59207 
24893 2
81864 52687 
7677 2
19587 42903 
359 2
91536 40336 
15573 2
17918 68400 
3330 2
28295 4266 
3047 2
2512 27421 
18091 2
19277 76732 
13549 3
5668 74402 86431 
1671 1
95171 
21213 2
37601 15170 
24380 2
63291 58513 
1067 1
65823 
12971 2
88100 36385 
9434 1
89897 
286 1
69909 
22103 2
92486 89759 
19145 2
21042 43865 
19920 1
55270 
3134 2
34022 72848 
4806 1
29621 
10038 1
19149 
15251 2
66433 82606 
22260 1
4648 
5982 3
73801 65797 8581 
24055 2
23514 36362 
22440 2
28657 34996 
13365 2
35593 57384 
6779 2
8182 81620 
13421 1
26163 
2121 1
89114 
13062 3
40731 39444 89024 
20166 2
45776 37178 
24021 3
80955 44065 54045 
3336 2
92460 43089 
10548 2
49097 59640 
1976 1
32159 
9398 2
32841 636 
183 1
95221 
18310 1
42547 
11135 2
59780 88401 
2145 2
90744 68771 
5151 1
44475 
335 1
36041 
12399 1
41741 
3498 1
21559 
22293 3
36420 4001 83936 
8977 1
76456 
6468 2
47873 72118 
6701 1
23139 
17755 2
64920 37938 
11552 2
26257 64261 
20987 3
22268 12823 49627 
18354 1
33628 
15530 3
66410 78809 28283 
6566 1
63273 
11089 2
23092 68511 
19316 1
73958 
1391 1
44016 
18789 2
20357 18444 
15929 3
50461 28090 4398 
18748 1
26778 
12151 2
26866 26912 
18281 2
49221 91533 
19836 2
79759 2611 
11408 1
53845 
9163 2
9585 84404 
751 1
37661 
12512 2
48839 7564 
3301 1
46339 
23229 2
73640 42335 
20748 2
4222 4761 
4178 1
53178 
3883 1
47878 
23003 3
83869 601 3381 
21541 3
52492 78030 655 
4309 2
31791 90269 
9068 1
69764 
6588 2
387 32782 
9049 1
44464 
17269 2
71849 86358 
2657 1
16141 
23017 2
3366 14532 
5207 2
44339 52682 
632 2
70292 75132 
4593 1
64437 
6359 2
2799 93411 
5128 1
25 
17427 2
78952 46243 
13884 1
65052 
4843 1
51606 
1809 2
13048 29827 
22955 2
10612 17356 
19498 1
51252 
6042 1
53513 
862 1
91301 
12657 1
50210 
19083 1
31500 
14077 2
94062 73079 
14837 3
57993 83670 8529 
10052 2
63332 88619 
11178 2
77177 61608 
23092 2
27614 15487 
17222 2
6552 41555 
15470 1
29625 
22514 2
71835 78476 
14563 3
42867 52259 36634 
18127 2
33838 87884 
1777 1
44692 
2262 2
24737 59817 
45 1
61479 
779 1
42301 
17006 2
23275 86001 
9627 2
36017 14019 
6398 2
44697 29956 
7072 1
58069 
185 1
69487 
19176 3
5483 44502 42040 
1884 1
57921 
6737 1
17270 
19601 3
75841 64425 12345 
16922 2
2122 35225 
13228 1
60307 
16643 2
38465 81424 
3688 1
68977 
5801 1
43510 
16112 1
7989 
24360 2
7634 52423 
7345 2
23119 19611 
9962 2
43205 31787 
11303 1
89507 
10541 2
36968 67276 
22995 2
94081 59230 
5171 1
1386 
16197 2
66380 53438 
13188 1
90439 
19718 2
90969 30794 
22996 2
37268 42015 
16053 3
74777 42632 49467 
17075 2
53043 6659 
4121 1
48998 
4850 1
13226 
16515 3
12464 80278 13469 
17068 1
95272 
14330 2
3007 21786 
180 1
71300 
732 2
26293 38405 
3815 1
11028 
11379 1
40959 
20273 3
77071 24043 8237 
9410 1
79338 
6992 2
54610 61867 
188 1
42428 
15904 1
25242 
5885 2
39575 26540 
5449 3
10816 16488 6128 
5137 1
87679 
4397 3
79899 43407 48152 
10215 2
66527 64903 
2067 2
17390 14979 
21400 3
89262 37913 88820 
18809 2
28905 70740 
23100 3
34472 38866 17864 
1419 1
73061 
16402 1
71437 
22491 2
6695 45982 
22360 2
473 67965 
23689 2
49736 59762 
859 1
60913 
23287 2
52134 90009 
12933 2
22810 32137 
21611 2
69308 28179 
5869 2
92600 85692 
17749 1
27923 
2001 2
70701 74423 
9632 1
64763 
885 1
26789 
10626 2
28017 40955 
2540 3
71755 7790 339 
1529 1
74208 
13959 2
57014 18353 
9908 1
12678 
8795 2
53148 5156 
