91
5806 10
80378 2705 79463 59255 89694 97897 32841 76984 79364 68296 
2214 9
16102 47828 26633 25194 786 19713 65110 11563 58502 
2198 8
4820 91726 57756 52976 76336 45152 36507 4873 
5068 10
67714 90049 44732 80485 77867 36348 73854 23160 54684 31652 
3470 8
38992 32127 88611 65002 50091 36680 53047 60614 
3175 9
73362 14548 13282 75192 21187 80265 16633 95305 14211 
1324 7
20884 74862 5620 21716 84023 95762 91447 
6204 11
4258 68051 36383 70349 83745 10398 11231 12282 25632 46023 81324 
7603 9
79741 73446 33594 3481 67989 33015 59902 79127 45662 
69 8
95520 51124 31113 96793 99421 4279 19216 24962 
1955 9
21082 67806 54518 43580 73717 99995 67221 7580 89203 
2170 9
57393 17027 3238 64774 59160 87211 91215 15291 96593 
386 8
98027 59298 86895 36246 37789 92568 17687 59458 
2183 10
24016 83092 10328 95300 32198 67411 30508 70312 79189 11409 
2278 8
35535 3226 10593 54756 64822 40249 41410 71667 
2707 9
5169 44004 48317 56288 71982 23086 73312 28677 66271 
5556 8
98996 64126 38707 51943 97281 41700 6388 31393 
2696 6
49768 98859 32536 91849 2243 53202 
1465 7
37063 82019 91615 19848 41109 27885 26506 
6019 10
585 15995 39999 18049 22137 86905 80420 5803 71536 69458 
2143 8
35779 73496 3569 25508 36467 57079 62842 45024 
1274 7
80330 19564 91694 39438 1244 70140 93915 
1047 8
90411 37223 36320 38201 86674 48045 67293 7146 
1510 9
38954 89420 826 81158 78513 48669 4684 62048 91567 
3821 8
65923 87507 60617 87105 24001 86531 99882 74168 
7666 8
82463 84513 14624 12827 29445 39829 93393 66231 
3036 8
30875 73035 73989 83642 62359 12191 45980 68046 
4133 8
49703 78817 39470 71734 58186 13002 59189 3315 
3807 7
69204 84917 42911 60627 78772 94040 47517 
2669 7
12562 75132 27859 92995 12022 33815 70407 
870 9
9196 59169 689 44471 21463 94802 19090 59374 2586 
2554 8
76177 97950 33948 29771 89804 65778 14770 11724 
4566 8
59086 41532 37601 77427 97582 19654 38613 84055 
6137 10
12241 5048 75743 79231 60440 90882 58302 24730 62670 2583 
5808 8
93347 56780 32174 89564 96740 35486 99125 66108 
2224 8
81992 88444 94753 57959 46256 32491 41631 63532 
209 7
91103 93461 29217 16174 46262 78234 16660 
5866 7
81387 63752 2494 35782 60041 71951 66245 
4251 7
37816 8510 88373 18682 63717 21404 49211 
6822 8
77263 98678 49031 86644 46379 49135 63444 18109 
2661 6
41437 75907 47148 53892 9486 80721 
6618 8
69162 32912 99496 32668 11243 10990 28844 94616 
5277 8
7716 99948 63199 63780 98288 41683 67972 74953 
1424 7
68192 5987 36759 20875 98079 10303 75520 
955 7
11076 16087 34834 31493 87002 34351 28356 
5673 6
61718 43841 47242 76266 28211 7304 
3385 9
16898 33918 9023 77362 3780 17950 78530 68492 74771 
2448 8
13895 14300 33339 59346 64392 47484 53380 38433 
7170 8
95394 36406 21251 33318 70357 4742 40022 23025 
2411 8
14013 64643 22516 81765 90069 11640 2246 9306 
2499 8
39240 73203 6878 81239 38701 47087 17090 86457 
515 7
60833 18621 53086 78897 25609 57279 48058 
5339 7
99652 20774 14059 58790 25090 52019 20434 
227 9
51893 59827 23831 70446 79888 34590 10781 39410 19794 
5294 10
74091 44585 77052 79951 96927 32399 54618 91974 35042 521 
554 8
13914 56920 29468 45936 55028 47658 4793 62212 
7790 10
29002 84715 5695 65376 57952 68858 35860 30149 4575 21471 
5873 8
39407 23184 59330 98119 62096 45370 49968 17416 
6123 10
79964 63560 23599 17772 25054 27154 20534 91903 87787 20070 
7142 10
57594 96750 8148 91833 94035 85139 53142 5825 1015 16105 
5028 10
50850 80032 58151 60137 22267 5247 73287 99016 49953 30507 
361 8
84075 21833 53403 66836 66478 85526 68373 3579 
6305 11
33995 17671 78165 81603 89301 22007 62532 53554 99184 58213 44957 
4712 10
58384 52119 14078 28456 66807 98834 13824 10898 4724 11792 
7629 8
31237 72188 4956 19104 83284 86474 18958 40017 
7018 6
72013 86293 86512 17895 69442 49858 
3339 9
43325 99987 36324 45166 9872 49803 53861 49673 70343 
2346 9
62116 29267 50198 27306 2691 24963 65451 80077 73872 
2456 8
77315 3468 12619 88951 28957 48712 19680 88740 
6301 10
62963 6248 62429 30148 95389 63660 73460 77969 33054 28792 
194 7
53677 80940 69306 78595 5112 76008 1326 
7744 12
75203 58191 11989 42895 97903 5737 76334 78268 72541 6687 59572 17946 
6068 9
70067 61635 89316 3765 49051 38216 33169 84509 67420 
2167 9
91245 2151 19376 1220 62546 82089 15004 50856 45763 
1068 8
91742 34378 76149 9163 25922 90963 98750 24835 
2225 9
65639 21911 59738 77210 64223 43168 95982 23864 91932 
4926 9
31673 27614 6343 98498 6889 43655 16129 22321 42455 
6973 10
16451 67617 64937 1608 30670 7847 38848 27284 55188 56056 
2379 9
48719 11835 63868 89327 2433 86717 68964 65685 41583 
1619 7
8190 5626 59248 86817 9452 48046 99657 
718 7
75999 17210 79660 88997 36279 83253 49425 
2321 8
352 54829 49823 44598 11291 91247 37424 99169 
5344 9
22640 82977 28210 26457 95809 68702 33025 92649 5863 
7353 9
24095 24833 87764 60870 68597 27934 85780 20521 55800 
1616 9
23110 16871 9681 1827 12590 59811 15332 28899 80351 
1487 8
29707 86755 86893 61041 62795 35879 11219 66480 
2470 9
17635 139 21291 42887 83968 59161 7888 47767 9899 
6636 9
12242 55310 80818 59526 36298 88730 34648 37389 33608 
2457 7
31158 414 7042 82597 22134 34530 21912 
1249 8
64109 68365 72156 45457 79457 90413 66799 67679 
4226 8
85094 86715 5012 42216 52232 45055 91039 27609 
