167
302 102
15198 5265 5444 12537 17643 3976 6614 1809 13704 16799 430 1819 21852 27053 4341 2049 17317 13459 17839 23580 6565 4734 22925 16829 11297 6622 17032 13987 7928 8355 18083 27186 21876 1211 27453 12799 9222 26108 27400 19929 14588 7490 14399 3155 25943 13787 12620 3868 16383 26517 26097 21884 6502 14994 13481 3947 6139 27384 8867 22485 6410 22262 8899 9224 22719 26844 27724 6675 558 14584 16580 23639 9410 24357 21399 24774 2447 19013 3086 7184 2374 1258 16936 15438 22299 5347 20451 14217 26830 7097 4153 21284 5309 20128 1124 15758 20448 24520 1263 8392 908 15655 
1878 103
11658 19438 4347 25250 4402 705 27421 19983 24669 6529 4867 6914 2459 12030 6271 16174 21998 13589 21846 25003 13290 18107 5028 10303 17196 15385 18069 2669 20441 10655 23257 4087 24106 5307 27007 25514 14009 18718 5566 5219 1188 14793 19851 17768 937 7128 13440 4380 12406 9869 19688 27279 2451 12892 16459 26207 26109 5618 24634 22761 25101 15382 23153 21447 189 16409 2130 2208 17937 10575 326 2535 26672 20208 483 16980 4406 13794 3033 16190 26801 2608 12149 18483 26892 2753 16157 16337 17677 22091 20316 27711 7560 23766 6816 24036 23510 20284 10073 1976 13304 22373 25613 
4141 101
11426 23829 12559 19529 23873 15207 24258 16089 14148 22580 27540 24567 23989 23505 2651 24999 20719 27469 27373 10714 14004 16586 26593 14564 24444 27347 26368 23493 21895 13106 11880 25772 14983 611 14124 22591 21061 822 1450 6854 10136 2190 9897 27762 2534 471 17988 5925 18904 18828 23038 11418 15873 800 23049 2866 23368 12965 6574 15510 23691 26316 23623 6057 18712 22124 20730 23898 19596 17519 5427 2692 4287 11754 11360 15580 27383 9762 20219 21371 24424 26193 4305 19826 3007 19709 16826 7770 13006 14062 22954 16638 12743 16417 20389 2247 11774 15124 17211 19007 22782 
3361 100
10321 22688 5001 14663 3023 18786 26820 22129 9058 11401 23048 5204 25542 24835 8235 10903 2107 9393 21965 26521 18932 23524 20075 8609 9205 2590 25922 23650 21348 9693 21477 11120 22220 21281 18804 2881 11020 24766 22022 2101 1359 3131 2789 4335 26420 19528 715 5839 18315 23259 27154 19847 2083 14895 24159 20710 4127 23070 23142 16686 26630 9154 898 20756 27450 27607 2854 26797 26763 15024 11607 8965 6355 12324 13871 21757 2357 10562 15208 7852 21509 9747 21092 4751 5677 26808 8729 18393 27710 24132 12923 3859 14277 22059 7840 12046 13560 10824 4939 3523 
651 101
3190 6551 20469 16996 16855 23533 1266 20005 5969 5462 6165 13894 1422 19002 4994 15227 24899 10772 16711 14467 10920 16810 13595 23086 23248 14697 26438 26372 5862 18584 12647 21090 23339 2217 6630 6301 22274 21455 13679 10610 21185 22229 14438 8300 8850 4226 5348 1405 14610 765 14416 21922 1968 11146 26417 2818 16140 1223 24949 1469 27291 21471 12903 6590 10489 7016 3066 18285 24091 1183 10906 4148 23145 6463 17605 9062 13166 25297 10741 18332 7605 2467 17563 15219 16344 11788 24389 19516 15268 24585 401 18621 25677 24409 213 14548 11493 14072 18157 19797 14362 
3318 102
9084 27064 6344 1448 7055 18236 9824 24942 18419 17455 4185 21719 24939 21966 2344 687 22680 1763 25864 22676 15698 628 1980 4403 19375 13867 6556 3951 7198 19083 26102 24313 24889 548 21193 8170 22399 27610 21704 17600 15924 8016 6236 8973 639 14024 25487 994 1941 26131 8448 7971 22090 23482 22007 25066 1878 8357 22625 1467 9132 17289 6125 26022 17921 17374 368 5820 4299 10169 136 1638 5100 307 6757 8695 26701 1553 11094 9527 11671 12606 19653 16511 14558 12330 3905 19746 17822 20166 9449 2554 7695 4028 26480 4186 18823 14486 4990 21275 5195 4620 
2775 101
12431 24150 6035 21081 5944 8283 9792 14960 19340 11834 10774 6215 22083 762 16772 20870 11188 20773 11393 16836 4795 23277 19374 6426 892 579 6170 8082 7207 27293 14517 27606 9378 21637 18112 27313 25361 18505 26883 27544 8686 8712 23437 597 24957 3587 2804 11096 9082 17307 25328 6352 24517 8399 7950 3631 15768 15191 2566 18283 16468 26835 14647 21282 16958 3057 11784 8130 24311 27183 4773 25287 2553 19553 6846 7168 25329 11696 20572 5282 7967 6409 17111 5943 19711 5894 8920 1593 11508 6117 10091 26002 17083 26141 3565 7328 1110 4468 13180 1850 24948 
1155 102
19170 3824 24272 10144 19770 17004 22389 3401 22949 4713 6768 14810 14218 16957 5084 14295 196 12822 16335 14238 3446 18053 26543 17748 6957 10546 7803 27728 5957 24902 10596 19753 3039 23914 22797 19679 16082 19141 6955 2904 12001 25483 19779 15359 13989 2394 653 14226 1705 7057 6985 19119 8829 5490 26908 1541 13763 19675 23459 5601 18410 387 10662 25225 7539 4171 24290 25363 2082 22821 7972 9461 9243 12751 9945 22808 8145 8113 6055 2411 17545 1314 3176 22211 7943 17558 7341 21184 9845 4228 15088 5819 7524 4249 27012 13189 7083 17459 3044 24325 11973 17452 
2066 101
6564 25083 12969 8364 8402 2254 27634 3225 5629 575 14344 11857 8060 5362 26228 21824 12744 21478 20019 6049 8376 26 25715 9959 3715 15259 27072 809 23039 11453 566 17750 24292 25144 8501 16169 8544 2071 13283 12793 17783 9167 5823 22489 22302 6758 6530 9045 6180 18756 1728 132 3492 12444 17253 25709 23159 3136 25582 8704 8148 19411 12334 15712 23848 24245 11751 2658 23652 748 16776 18520 7645 10449 3948 16627 1626 7110 13361 12279 5448 23537 8947 14268 587 7978 16178 20320 19617 16647 16960 22806 4075 7596 19086 8460 13329 1640 18877 18162 6732 
1287 100
1803 13783 1509 21423 932 10609 19508 1758 775 16596 25114 1945 1361 4056 2909 24168 14053 21807 4869 27832 21015 3358 22378 8809 27028 5931 16593 6265 24849 20228 16883 27795 22218 18453 20524 2216 10883 26658 15500 18606 7918 17276 15541 25033 15158 8303 9995 14501 27066 20775 14095 16227 3125 16071 5135 15503 17493 23812 22212 22609 19513 882 20260 22923 6104 22725 27576 24083 24871 13198 2670 23523 9939 4336 1636 1527 21058 12547 4733 23887 17146 2109 3460 1371 8755 6577 23504 3093 11895 22257 19365 18120 10097 27848 26574 27826 27750 22255 16431 6394 
948 101
2376 15571 17950 9591 14158 6326 9490 17494 19010 6127 22685 12852 97 11382 21746 18336 15699 4450 3903 3741 8649 3407 6345 177 25796 10238 18467 13086 4980 9700 25962 13858 4093 23256 5231 6500 3785 13509 8437 25309 2536 5175 10706 5051 14196 4259 23633 10323 21437 7544 18264 13421 16634 17227 13967 7782 10941 4899 2288 6012 25737 21962 7029 103 1690 11923 9541 21635 14207 19713 26249 8327 23587 23032 12088 12226 27379 4154 4676 20474 3425 23370 9425 14964 26047 14198 12048 20129 15269 26905 17318 9875 7067 16262 2362 462 19978 2265 9348 1843 10567 
3706 102
10763 15457 1576 13908 22273 4692 8183 5974 8930 4469 12249 9645 17028 26428 16210 7311 24798 11271 15428 22313 4588 25408 6692 14417 8370 17792 9448 21008 27204 22534 7940 5761 22170 1535 11780 21117 6016 18209 10740 4643 15550 12611 11173 27109 24645 899 16926 11941 17513 4149 3625 3111 17216 22770 5200 11705 26915 5199 4427 7411 22638 21689 11738 24013 2685 16269 22372 3509 17008 5874 5163 7093 21684 4611 11283 26386 14733 2318 11239 27122 22453 14208 25424 4277 24930 7636 21264 303 5535 27508 7981 27547 2446 3009 3821 27592 6154 17922 3621 20063 8483 11878 
2191 101
12142 15513 19756 15662 3437 10313 21366 19112 27128 2392 6831 682 18908 21031 25417 18743 14078 14430 4490 12414 18856 3930 8762 9060 16353 17852 15707 27299 4594 15101 10494 22735 22251 7283 24946 23161 22831 3433 21731 19327 18975 24612 13986 7505 27546 4900 18725 16862 23473 23872 5053 8263 19767 24937 13640 12105 23443 10115 20497 17418 14018 8317 11742 14090 27236 5696 7702 11868 15086 6132 23365 24184 6889 3577 14756 9670 20687 2510 26659 23956 6111 12458 7795 21906 2920 14060 20444 25038 9814 13712 13470 10884 17315 17209 16890 5648 4236 15751 15352 19764 19483 
2678 102
21787 13063 13120 21539 5461 18126 26100 8665 8118 10472 2405 10406 619 8510 5783 19830 1282 2500 19712 24361 10209 16650 17502 2256 10327 10853 14144 4216 23993 19410 22173 9924 22792 26812 17553 1927 22819 2319 4992 27485 14272 15496 2873 20149 11194 9439 871 12057 23776 5019 18898 5473 7216 20378 22697 12883 12264 7144 12928 14570 24351 25162 21151 8986 6024 10053 20778 26565 591 17526 8419 22632 9697 26281 12027 27767 12672 27281 17235 22862 13840 3885 26652 7745 27175 11645 8745 27452 15724 5992 16246 25543 4364 6325 1189 9338 21458 25946 1212 17085 25055 16151 
3550 101
9077 67 4613 16542 19434 17039 10932 15381 27179 23880 7684 1615 16617 3761 23325 13600 26054 25850 7744 27719 8953 19566 17221 16714 1628 1715 24961 1384 774 5585 19882 14381 16881 12763 20489 6086 25859 119 22482 24275 17601 7563 20147 13780 2697 7898 1695 7642 651 20283 7417 18926 15145 17682 1842 20627 7762 19064 14612 16618 23411 15682 20021 27223 26750 960 2286 1102 15673 19999 20282 27124 16509 5825 16882 5651 24982 23408 18918 16915 24754 27433 19464 21541 27212 23323 21839 20960 1499 25195 2075 1005 19810 18895 13024 6841 3217 3766 4253 18200 4723 
1788 100
6435 8086 14000 4124 11729 20706 21175 21036 24072 9707 14002 9951 5134 16517 11606 16864 23788 18508 11987 26061 26988 5995 24241 20317 10690 9728 3357 23826 25694 22962 8935 951 15891 17409 4920 22928 24307 21904 7337 1496 2430 5530 9510 3759 18930 11572 432 21841 21083 23990 9642 8426 731 15440 14673 14786 11389 15746 12589 21816 15281 19368 9672 25799 10959 19690 21017 7670 27023 19927 6365 3238 26395 22603 18398 5718 13139 581 1664 17577 14336 10294 12522 11229 4764 7899 2782 13067 25468 4705 10760 23670 1631 1125 8539 20373 18296 26497 10779 3393 
254 101
13503 20593 2930 20308 4890 21111 5131 18118 12745 12451 21116 2084 24869 17631 20684 26538 16109 18355 15829 26058 15506 12053 12499 6245 5868 9185 25050 26802 6766 8715 6005 10686 6080 22411 21102 10030 26056 22901 12971 23643 27071 22572 6821 12025 23184 23140 959 9550 12492 23818 8247 18345 6197 25916 10708 27162 19517 235 19681 3216 23795 16090 18637 24971 25756 22552 8367 14575 23306 20404 9397 11624 21959 25075 27801 10560 3969 16892 24506 17068 11763 5179 26234 27093 15561 8213 21422 343 11719 14496 23468 18472 5322 22161 25503 19026 12626 25888 18666 12471 17121 
143 100
27522 22447 23831 7286 14299 26632 16057 11669 15906 26346 20851 5914 9090 16523 8653 24991 11808 726 8766 1871 8900 18184 4440 8725 23451 12702 22742 4984 2268 26168 3992 19637 8282 22844 1035 16857 19539 6536 21484 22260 18959 26246 13810 13740 10054 24263 8560 17757 23469 2253 21532 2758 9776 21238 4991 2316 24005 3878 16731 14473 19358 26717 19609 26704 7834 24323 22316 1318 17120 27121 10689 11325 16942 5895 12996 15315 17604 5498 1726 7551 8388 19441 15841 8775 14398 17277 25600 23137 11151 13601 4444 6874 21097 26024 1533 19687 13657 14046 11055 22958 
642 102
17870 24197 14010 21246 6459 9741 12715 24904 21932 2415 14672 13861 27619 14803 15628 2087 21975 3754 2435 18039 19082 26052 710 26489 26778 18468 785 15093 11877 1563 23998 2343 299 14166 15157 15537 4354 27842 2453 22600 19869 12864 26300 10159 16373 18913 26173 5376 2924 26091 18702 3284 8407 1021 19427 5725 26160 27151 13073 19192 26742 25189 20766 15588 7647 25486 5308 24486 13356 15492 20105 25804 2293 12894 27356 2458 27463 20691 8468 24266 26822 26757 302 26856 14813 9440 13334 13738 17005 14703 8467 13062 1356 22913 19560 4706 10225 8136 22802 3690 4537 22997 
3602 101
6027 12400 19362 14383 19573 23539 12104 7188 16493 9723 23316 8334 10148 508 7353 14028 7017 14375 8626 9783 6948 26156 10445 1077 26418 11646 7287 26850 2992 26675 8314 19216 21513 18261 24368 23843 24016 12328 22933 2056 17020 16083 2995 11663 11954 19289 5683 6404 10626 15584 27506 2267 16693 21332 15810 22430 16146 6422 16797 4331 13920 17384 20440 15956 7900 2979 7446 22874 1543 19041 12146 16259 13419 464 7125 24209 11778 24408 13866 936 14120 9468 22900 13453 19102 5024 20938 3024 3317 13142 15583 17896 9162 17405 7823 15546 4464 26008 4922 4614 2000 
999 100
11339 24531 7047 25706 23827 22107 13197 23535 1257 17568 13715 10843 20847 19066 5429 27403 2276 19132 15637 15963 9622 9193 27017 12416 23247 8000 10532 26931 24636 19027 19997 27131 2731 150 17736 22454 6378 18476 910 1335 1393 13247 20132 23395 12037 8153 2213 26045 6380 16875 10973 7751 14190 17886 20951 1138 16527 25979 18820 10775 1748 24228 21530 25234 2734 21983 5161 26961 7457 13755 4368 18885 7545 6061 14693 16127 15410 7944 21569 23768 6472 15479 27639 2645 27283 11799 6544 2652 16306 17482 11822 2160 19207 19343 1889 11795 21989 19045 17725 7926 
1705 101
2034 10245 2326 24738 6595 12866 45 18422 15127 23648 15459 14798 19057 16147 2463 5450 22867 16818 21217 14615 6648 25302 24182 2179 24328 21386 4603 2649 4120 6434 20296 21604 19540 22698 26508 26819 3918 7835 10295 21173 23511 3925 12664 24129 2302 5653 10394 2014 11395 18661 27436 20203 11069 22434 14283 5670 27011 11437 3296 21253 22082 5385 18093 27812 4969 19430 27847 11573 13487 6815 17281 23022 19685 21073 16503 25700 19116 5649 20140 27337 1707 11373 23888 6881 6396 11129 15366 5391 24746 16128 24039 12752 20598 4014 11446 19097 19751 13210 22076 20540 2193 
3357 102
23817 22615 6222 21003 25795 15921 3415 15587 21433 2385 25032 25172 19492 4170 26471 24329 18645 13386 2754 21617 3541 21574 4812 3025 7141 16326 20213 4085 22148 9133 3091 6475 19011 22013 4680 2461 21785 7382 26488 6124 26492 9740 10430 26689 12613 1630 13756 8196 23278 24516 27678 18890 6755 25693 5174 1629 27470 21794 10102 15418 16100 27214 8541 10870 22088 5149 24416 24126 8404 10368 24560 12085 17491 19465 2912 22783 13309 21112 1332 11042 13935 25954 27243 113 27405 15146 13340 15230 19054 23071 22259 7194 11445 9710 4502 4080 2716 2110 26827 13982 14618 26628 
2892 102
24715 13159 11725 22515 20611 18221 5340 6780 26970 18677 26035 21865 3289 12829 12900 22367 6759 5829 6632 25174 19414 8551 12481 14644 15836 25390 102 23573 26633 10186 22165 12938 7031 9873 27149 12746 11701 22985 20705 25353 12200 6547 17555 16309 7399 23503 22816 2621 25869 5342 14042 14868 10552 18689 26364 11210 27257 27208 9586 23338 11812 26766 7893 14815 22125 10608 1565 181 17060 14093 175 13837 8229 15265 12985 18049 1671 19453 24283 19081 17842 17310 9116 7497 16608 11517 14153 21080 6079 19667 17705 5116 1288 20855 19606 227 21177 8701 9216 12336 9992 22396 
3917 101
1133 19294 13167 5196 7314 15700 16918 26043 16734 1965 5295 5525 17497 6229 2884 10539 10904 25513 10415 5242 1904 9851 22826 21072 19839 19253 25652 26621 6589 21098 16570 9989 13051 21805 4849 7627 19761 16476 12160 14324 2824 20292 21319 23235 20254 15978 15420 14411 16723 12821 15684 4824 13875 15835 5593 22817 27810 19731 20425 27270 13883 19226 8203 1683 22438 26733 3725 3765 16976 26955 19521 3140 14820 7405 10964 25673 25107 23593 24712 2181 12227 18559 18845 17761 24842 19213 11578 18396 24841 16283 20225 1815 15783 17125 23815 4876 9736 25818 9426 19187 4491 
4304 101
15469 13280 7540 7921 9415 12877 24794 18675 6285 9694 20808 20503 25874 15423 26001 2958 22963 11380 3536 27259 23472 11820 11105 1960 14520 1155 4547 27288 13326 22677 25622 7404 9491 15780 13305 5570 17447 46 16848 20510 25305 13357 16191 27160 14039 9450 25007 12792 24052 5287 6573 3983 14202 14513 5096 12090 16268 12951 24015 22382 6401 20358 20306 11913 9549 6388 13035 12189 85 123 20450 1386 2811 12219 13211 16098 21991 23969 6256 12869 24748 330 21908 25247 16428 11408 26519 7781 26239 15614 24606 11284 7777 21521 17578 8436 23487 10833 4476 15825 2445 
2009 102
24850 13162 8201 11059 24844 20175 26129 17451 23004 1141 1634 16886 4379 24964 11779 22006 11882 13878 16599 18082 1083 26714 5227 10549 24054 25959 7533 27527 6922 21748 3191 27689 12465 12402 4418 7133 19160 1330 15236 14746 6335 26221 799 13709 15408 24231 10419 21726 25218 15878 9129 10687 24218 1967 18946 7570 8116 8750 15743 12920 20413 9171 26023 19908 4163 4205 3911 16302 11092 24808 26383 14502 1280 16922 17986 19188 7723 22573 16851 13568 18821 17296 20997 11226 5118 25451 8155 27264 24501 15658 15143 3668 7661 2864 5873 7373 20263 7579 3466 1278 17727 15811 
3819 104
23001 13238 22049 27351 5712 11604 22695 14137 27246 20531 20659 16706 8382 12942 10219 4671 25339 19364 779 23717 17480 8265 5538 23084 23279 5420 844 15481 20925 23926 10907 18964 2852 15201 10015 22972 5792 12093 7134 1566 13761 19518 13688 24255 23313 10208 22654 25646 5643 12242 14122 20067 11989 19819 25492 9669 18840 27439 8092 5249 11429 25944 4484 6875 7513 21494 17936 2696 10637 5704 7051 20881 2545 23219 20971 8958 3051 18081 1246 12750 21522 7039 7126 10875 18496 18778 3874 17901 18615 4696 7784 9779 5027 4818 2359 8994 17597 4049 6167 21019 11428 26685 25516 19498 
3912 102
24956 11294 25751 25164 27718 14953 13572 18988 14883 6783 7625 14026 15935 5855 21212 13862 25321 26623 19740 25910 11336 13532 9791 27320 26561 17179 11306 3861 16424 11364 25308 4041 6286 21384 11637 13258 3443 3262 12573 18299 7276 4598 1381 10068 2647 3596 15852 8207 2805 22327 9297 26338 6803 10389 8933 15068 1953 5658 14470 23383 13818 26327 6268 9032 14302 16788 27496 6082 3570 15039 12155 25787 22506 3144 26746 15794 23773 17773 9340 17995 9969 13714 6050 14963 4883 5493 8869 12705 24519 5614 15634 18860 6108 3028 6910 22490 12467 49 13252 4997 7718 15070 
2402 104
9564 15817 5394 247 4339 553 25279 6777 13034 19879 8479 4916 27555 8056 3767 22056 17038 2569 8759 3645 15021 5366 22738 16165 6533 23594 6946 6829 23937 23132 22895 20364 26571 12509 112 8338 1804 5148 14713 14357 9471 24331 25596 5445 10065 10369 20214 21587 26378 1627 19935 24896 19159 4268 8807 19622 607 11433 20833 16665 21564 8781 1829 23755 27845 26823 10865 19085 11601 12269 13391 11783 7783 13141 12663 14825 20672 6510 185 7171 14818 10390 16680 7949 15320 4694 2158 27076 24281 14376 21776 16330 25481 14286 14759 273 1970 14827 18481 7842 19171 16107 18874 19210 
475 100
5872 22334 26552 14098 13496 21762 22716 9601 101 532 8193 10483 18807 26516 18375 2418 23543 3807 24399 27751 9 9538 25729 12555 4244 231 2420 9463 15264 24101 5162 5806 5624 12831 22626 15161 20973 17245 3664 10302 26617 22858 16754 20757 12936 3557 9091 10272 23260 1969 7113 6919 2843 17800 5369 2342 5299 310 8761 2443 13735 9423 615 8372 17096 11496 26989 2278 2543 7507 16112 23530 18553 19896 6696 14972 18893 14420 3346 20513 19841 26376 1930 25022 10365 24200 21086 4367 26549 25017 21892 25710 10002 19203 17369 3035 6790 5349 12776 21436 
17 101
24366 9930 10045 18405 11442 25621 5246 19646 25897 16750 22418 14146 21174 16415 12765 23863 14646 19880 5229 23907 6681 14482 7568 26782 8243 19720 20630 6905 14425 1753 10500 20253 1562 27255 24134 4670 21202 5144 16391 21783 557 14337 7547 24853 4250 11841 3845 18960 1561 15677 19824 487 26664 16600 5884 16053 26761 5927 26736 5386 25507 24365 739 24394 4021 23308 27647 27580 19285 21280 16081 21236 8710 22904 9121 16568 15119 13706 16447 15028 8655 12761 10132 18448 14189 17233 15172 4898 26884 4702 12591 16903 26898 9904 23585 11111 8959 14404 12295 5314 5708 
3052 103
18857 23581 4356 6366 5406 20353 3078 24356 27163 6161 18526 16659 9729 21382 19063 7733 8747 19258 9175 16277 19796 21935 2055 15296 23810 27333 10203 12717 6594 8683 6553 3554 12063 19145 13739 18462 15374 15930 17045 23013 11556 25403 2036 12106 13662 11064 3723 24568 4753 23348 18663 15592 3642 9802 595 25235 2931 16364 9505 26340 24287 19555 3420 3496 25401 9991 1596 19686 21537 10106 3177 10479 8132 2580 20838 1932 15446 19503 5791 16429 18753 20578 4944 4238 816 25593 3363 27275 22667 10592 11793 8014 12212 913 10391 12671 16512 23687 1510 7461 23574 20 22556 
274 100
14441 9949 3189 8004 9524 6615 12140 21630 10140 11551 11058 10972 14613 5923 2054 18257 7509 15899 5453 16070 22559 8793 17815 14675 25875 7806 7068 4964 1820 1559 24916 16299 10344 21777 15130 19766 18802 2 15380 26477 25668 2630 1856 25343 7069 9015 3779 8394 15777 17385 0 16559 18168 19206 27476 19241 12435 5678 24118 4421 10088 22340 16563 22342 15945 18070 6656 22544 18794 4527 9523 15047 12677 24452 16900 7519 9883 5851 14930 16537 6569 9885 13433 14499 10864 7808 23697 4090 17486 12741 2974 25523 17075 8575 9404 4344 10717 458 21071 24066 
1977 102
6740 7475 17689 23364 22905 20996 11293 4597 11342 27141 24571 20776 17869 26245 5551 23944 19394 5248 1379 5539 2487 23376 24559 18353 26906 18760 10919 7090 5037 23996 21009 9191 26265 12653 22755 20724 12684 13050 26541 13053 15170 2338 14215 14832 16541 13037 25020 22807 17467 21032 24139 5025 338 27031 22467 717 18154 23703 18446 15985 4179 25661 10268 678 9908 23943 19781 11374 10248 16351 4633 11474 16389 18397 15904 20207 7626 13195 12824 2540 15178 2221 2706 20476 7088 25360 8178 18536 2089 23011 20612 22463 13968 16683 9261 26499 26075 13409 16172 1434 10116 21893 
1789 100
24086 1008 25133 6315 13007 1913 22295 27443 16521 7301 24543 14617 977 22333 2195 26127 20290 17625 21810 27643 19682 21655 2488 15197 981 7440 16585 12929 9258 10697 6853 8175 318 758 1497 1164 531 5485 21928 380 6247 9322 661 545 14741 14013 17148 2106 25857 3917 4688 17786 6141 6522 19061 3094 9597 23085 17703 14946 5888 11767 24107 18406 16971 23644 15233 8800 27202 10000 7674 26470 25870 8470 14689 9235 10856 26481 2826 12354 26815 3139 18457 13001 13452 4677 1017 27777 10583 15871 13457 26049 25205 2183 22171 12696 21300 5032 15489 27061 
154 101
2993 17640 17010 27158 16266 8173 18678 25345 16152 11394 22275 25442 21296 27197 12518 19277 21336 12716 23063 4520 10409 16075 5167 15134 1794 16421 20520 15246 21016 6885 13782 12718 20233 9323 20066 24410 26657 8632 12236 22662 22206 20003 13082 3080 16557 2068 24954 13031 18454 27823 20712 562 1068 4052 19623 21796 3220 2898 17157 4732 8820 5787 27078 15943 21923 2628 11745 4273 23342 11057 16115 16573 5577 14992 2509 10432 8216 8275 2173 6340 23480 353 18311 14698 20918 21680 8862 10083 2202 9430 2968 16031 19308 24860 26678 21715 11630 22551 184 15501 25964 
2693 103
5333 23668 1150 21393 4255 12455 9418 6048 14444 21914 58 14616 1645 10616 25000 321 8035 17828 6770 11484 18150 9582 8522 8449 10165 16833 16361 14510 19855 24337 26322 1432 6927 19762 17442 18842 14592 14627 2031 20595 21942 21283 12056 25380 21981 16929 24096 20614 11827 10832 12265 10160 23868 5545 13277 4076 25056 17438 24732 15076 10747 25923 20384 19311 9517 4134 6406 7187 9392 15640 20408 4823 1641 1277 5555 15121 21051 26083 6407 22312 1126 27770 21307 3958 26334 8806 27254 19025 20720 20143 6311 26857 25599 12830 5998 15774 16248 15180 27514 5460 996 9731 3490 
168 100
18229 24041 413 13757 24763 18503 3249 5860 9081 14543 19413 20457 1620 12886 22364 24173 1617 20610 18651 8654 3721 19652 953 19049 6283 14776 20633 21345 23229 9420 24492 9402 11206 3912 10804 923 17960 259 15308 19499 10628 1940 2380 23909 24613 26272 23820 3838 15539 6723 10433 26650 27559 20324 26199 1362 10632 8486 12875 14257 6392 8548 12896 6540 22991 18185 5729 17067 7075 21751 21256 11871 25589 21172 17241 19777 7586 20472 15117 10646 20528 25841 22236 7346 25531 21000 18513 16738 13157 17475 3773 1323 27468 20222 950 1831 18852 27494 2315 16463 
2231 101
17613 25385 20072 2878 2197 2659 12803 24312 5564 19433 2337 27570 15491 8885 26494 26994 12163 6455 277 16985 469 1910 11726 23099 27650 26795 22085 25126 612 22554 24507 2214 10220 23988 2800 7619 21809 18597 18220 9775 10571 917 1650 15741 6417 18532 21213 19705 19757 27385 7271 6008 16657 19040 12442 27729 20452 25745 25104 14568 15017 22557 7948 13138 16418 26627 359 1374 13043 22111 17588 12740 14957 26493 5166 10953 22976 12874 7794 19452 5047 16265 20582 1921 463 14446 8137 17791 4532 14128 2285 21657 6933 11000 25490 27797 20523 20481 12305 13297 4522 
3493 102
25930 23212 12327 14131 16323 20356 8542 155 25723 3340 26286 14726 6774 22486 4544 15169 17079 8214 2387 3804 5963 26161 5245 17214 25182 21094 16633 13177 27033 18384 6205 17774 19583 11192 22363 20280 16505 11116 24544 9643 18738 18062 20409 11547 18183 20318 23911 20863 27070 26180 27399 15502 10009 9915 13265 14719 3438 6746 7945 13745 24702 4231 21136 1409 14304 17893 19127 23092 10835 27381 3095 24862 23239 24652 20905 27287 8666 11354 4929 8962 22181 10027 23519 1884 13092 12707 16622 12778 6965 14556 8799 3921 10755 4503 11021 366 26078 7223 8931 5143 3329 2244 
2570 102
20512 23640 19979 13830 22832 23434 10261 11689 754 10648 23327 6988 17453 11940 22953 7117 12980 27113 8997 5811 18263 6100 24128 26312 18652 8158 19738 1909 9267 26826 104 7129 21769 22186 12440 10534 6261 5439 18395 763 26164 25754 12873 19162 17965 16824 12723 5958 14125 7731 26287 23218 5804 22398 15922 18922 6203 13609 21018 24031 15414 25461 13186 22210 1174 6137 12931 6512 24973 22371 2416 2975 2565 1868 13257 78 13571 21305 15719 14571 5537 9522 13683 7577 11139 10876 25157 21261 26668 1654 20955 27794 9763 3309 20813 11063 25905 8909 8167 24986 13311 5052 
4201 101
19524 11704 14582 10790 18875 13087 13605 2239 20375 25494 8600 26824 23839 4031 2973 1480 12530 17787 25077 16161 23801 17259 7385 11889 19673 5517 23544 5368 20713 19058 168 15679 15490 13592 1079 768 6251 22586 18690 27590 18294 23954 6415 16444 9923 5881 13076 15611 16676 27509 23341 13580 3046 12228 17929 10681 4248 7164 24479 7963 10114 399 24601 3085 14796 27474 16666 16084 22114 27688 19868 7885 11775 22870 17710 20201 16992 9543 2752 19752 16990 8119 18999 429 5508 5726 7511 21252 12667 20935 9801 20255 26188 4138 13869 26433 6593 6414 9769 12593 12443 
3118 102
14347 19494 11907 15814 22166 23906 23936 26805 6842 19962 12631 17340 8817 10910 25453 7376 15037 24831 19114 22857 10387 568 3373 25615 7239 31 14242 19696 10079 16257 4645 8760 3532 20386 15053 20676 22757 38 8474 6244 12958 24070 4744 17200 3563 25860 26410 22358 7896 24707 6705 5341 16845 16611 19952 8013 16395 25564 26282 21622 14063 4678 15599 24425 26810 18246 8383 12794 18144 9007 10196 17879 20210 27142 24830 1849 25072 9861 5845 15666 17814 12445 2626 7595 3183 23114 3954 12107 22282 17607 6073 18612 11702 26148 23722 684 5937 16550 1192 364 3693 3844 
3448 101
11734 26965 22169 22795 22653 16934 8185 26981 18980 23154 27699 6441 16339 7707 18627 5491 7743 4114 11594 17993 9827 23575 13824 20675 17056 7189 3361 10557 10111 20433 24608 9078 2573 13973 15575 16370 18270 3823 16822 15179 3791 25767 15631 24700 18350 26143 8066 7990 16982 4051 11574 15970 847 4500 9232 13539 499 5176 22781 10235 24162 7742 27594 10759 27510 26530 11007 11931 7046 20374 17009 25972 16507 18509 4297 16456 23299 5654 9219 24269 1302 27389 16058 23196 16582 209 25267 3275 23396 16021 23489 18502 25557 2123 27005 2892 2289 5596 22217 2313 19309 
961 101
22147 27371 714 14390 11818 339 19887 813 20970 18167 24681 27376 6741 5562 23128 199 4858 9730 27205 23305 22955 6002 13152 14712 25541 12060 20017 14727 9982 25977 10915 6292 12953 26014 9644 16671 5533 448 5693 16138 25822 24026 19923 14828 10780 7603 14243 8753 1344 4495 6246 1325 6997 25927 6938 27796 23155 26432 24202 20792 20901 19128 5560 10241 15116 23602 16363 5431 22581 15371 24545 4839 1000 24493 2431 4493 7406 16088 27210 7604 13081 6666 26953 27808 19021 23601 11162 23056 3026 11326 3796 5093 13950 20037 21091 25291 18161 3728 18830 15593 7862 
2336 101
1060 22277 7870 25087 23645 13984 4475 22176 14839 1262 4953 22599 27556 11924 20852 14754 3776 8162 27420 14562 210 7072 11350 19344 15361 12422 6807 19604 22331 26187 1020 15993 16104 17351 623 15882 23972 20319 20460 1773 26927 14922 905 4749 24852 25070 22898 22175 25743 11619 3727 4002 26201 22410 17326 21515 20991 7420 12283 15368 25852 477 25177 24950 23761 403 19328 9514 24816 9220 13469 27375 20046 11432 25551 10520 7592 8093 23789 16970 25877 18171 5123 2340 10757 11596 22961 18065 428 26202 15701 16858 16817 15272 10304 15108 1713 22341 1550 21046 7483 
594 101
18984 9880 19113 9674 7764 958 16616 27406 12460 24242 15516 14865 24807 11109 11699 9666 21187 25419 8205 24417 15802 19068 24781 26877 4384 18022 4781 13158 671 8498 13477 21443 14475 5159 25454 5379 16948 15559 17717 25812 20218 26852 25598 9806 2078 10456 14987 15555 1716 23532 26307 26647 16502 13173 26920 7850 15079 2801 7681 5220 2273 24959 17371 19337 12168 10005 25533 18887 17325 5576 18583 7854 1184 5728 1410 17203 3150 22549 20432 20832 9926 16973 2061 20447 12899 14626 15846 2290 12806 12434 4279 15551 27438 12679 15752 10954 6744 12845 12379 12281 15403 
787 100
12131 14768 7814 27326 2311 4545 19783 7933 5210 25400 12345 7826 5188 19470 14684 20893 12081 1992 26985 2373 18535 4449 12726 9215 3316 9536 3955 16434 3639 15497 2922 5190 3081 24874 5180 2774 12906 4687 7589 4582 1948 23324 7838 4045 11223 27192 10754 9346 21461 16696 20986 20439 878 13796 24630 22270 9494 14070 7036 14745 14429 22604 2428 1917 11025 21216 1143 9200 5216 23983 13852 1604 16604 12229 10075 18563 10056 18210 25121 10214 5959 11363 27766 8040 13785 23129 17728 2067 17848 2177 12141 26720 15651 17117 19104 27722 4321 12349 24211 21189 
1110 101
19462 26601 8877 15722 10821 24518 4155 11172 21675 8478 15344 14360 5951 8564 24441 15470 16735 728 19354 22823 16956 601 2850 25580 15936 17805 15257 13367 19916 9013 9947 21565 6621 8943 20279 24721 7148 6322 1949 8454 1134 10568 11602 1135 11060 19437 25894 11879 8603 1041 27224 15416 20741 17357 19024 27046 27330 14248 769 2240 9544 3593 19650 1737 25049 8117 6878 8415 2348 27846 25517 23905 4517 17592 11001 12660 11509 1741 3820 13511 19336 1762 27656 5338 11762 724 14118 25397 26841 18388 13870 4560 17150 18838 15717 16026 6465 17476 13932 11502 18653 
1857 101
19535 3193 12286 21505 27150 2760 18952 6144 25765 17462 10286 15543 14688 15681 11260 27738 3622 26550 22634 19946 2825 22272 15831 13028 17891 27746 23491 22406 1394 6923 14332 18252 14334 21341 22405 1147 27020 3613 6255 25768 25915 19255 15302 7454 13072 5652 27675 3601 4343 21057 1380 14916 25565 17648 24893 12032 19643 24268 4886 1341 3384 12719 392 3604 27763 1366 3417 11259 18187 9921 24090 10798 23213 26244 17556 5908 18160 4410 2846 20485 4407 5906 26567 2919 287 22416 13300 9955 27411 10806 11890 18122 20113 19144 27234 10374 13554 672 3209 7162 25777 
2155 103
3097 17304 7342 1048 22039 5471 16346 16998 14236 8855 14632 9134 18763 26770 6148 14314 25855 16380 26328 6599 12580 19640 11727 12643 26755 23635 11603 14707 21745 27754 4286 13664 186 944 24050 23666 26991 24782 4549 16187 4025 14453 2848 15404 24122 27276 26768 179 10244 3877 18595 6663 15683 22016 16028 21426 5479 22773 7259 9890 25333 18074 12986 6312 26618 27300 2994 22309 25257 2211 17512 26591 23335 21155 19313 12736 8808 10084 1231 23973 3837 6260 674 25570 17619 17731 19876 13917 3971 5853 13886 17660 9954 18425 1582 20234 663 11908 19501 10869 9476 33 6339 
3804 105
24619 13090 25310 3389 3073 19376 13618 3991 23090 934 21512 275 24535 23525 18367 10417 3064 744 243 6876 12967 5194 15229 7410 23667 23170 4191 13319 14518 19449 3084 4762 12071 25913 2646 24048 25510 1304 4190 15115 18938 17517 6798 925 15048 20926 4081 19152 17454 9952 24690 9172 22136 20081 404 3758 10867 3713 6945 660 8713 25151 18460 27564 3608 12713 12273 4965 19372 5727 24966 8393 8397 25901 1483 13805 8545 20738 92 25867 2021 5326 27477 21226 23390 509 11228 11457 25699 10635 9909 11506 9854 20896 21203 15843 7809 24042 26716 19151 4178 21873 18734 2116 16040 
3229 100
27697 4293 3263 23772 13110 10538 2462 16661 1792 12202 22643 7767 1059 12814 2655 9818 9139 21663 939 14052 12561 24256 11957 26587 13654 3236 22246 24396 17065 2725 13215 7305 7601 16001 17755 7494 22394 21519 14195 8307 27467 730 16386 2641 13065 3644 16615 16374 6571 24178 9126 18023 23381 8553 12367 14199 74 24653 6454 2769 11549 1814 24646 3213 6996 10437 1765 11542 5547 9784 9902 27730 15934 11501 13643 27579 9966 6640 23622 22310 12028 12232 8784 27775 22377 13412 24783 23800 5798 12076 11909 2298 8718 17882 19205 23058 20940 133 21425 26381 
356 100
229 24512 27487 11198 27732 3939 13236 2178 13251 16716 718 19541 4570 26566 13994 17632 933 7424 25437 9057 24651 12026 27250 19209 27516 8714 11416 8583 17239 17155 22249 2790 5105 21728 6917 23 6097 19456 17841 2836 11618 18230 17947 13525 16018 10950 12333 23192 24330 10080 23337 1905 24873 17345 1876 18622 8570 11258 10837 1264 16939 15276 17946 9341 3359 7648 8582 1625 3636 5436 18996 2671 15245 21462 12757 15668 27593 2317 2518 9049 18580 25185 16554 8966 14172 20626 2026 6101 19803 3188 4224 19136 6838 16544 9865 21549 16718 2969 17695 19421 
3297 101
1249 4003 11981 23200 8417 7504 6151 19893 20500 3919 11349 26590 13812 18572 13504 3374 11180 14091 24958 13526 25154 17673 21567 27290 7356 4019 23823 10703 13346 1248 21832 15827 7034 20550 6498 17433 18831 2295 178 17158 26968 360 20223 12802 7954 976 9278 25908 17515 17215 22069 14578 528 25663 26780 11208 7322 23265 27608 5597 24079 7458 20083 18106 9910 16874 183 6993 5226 17945 17803 2360 424 4641 4099 11489 278 13873 21089 817 23386 12987 25060 26172 8737 5716 3512 5375 8992 18504 7343 8635 6689 9497 20007 24112 12043 23681 20848 13040 16587 
2384 101
1824 17496 26323 9114 23967 2128 25312 25846 16243 6493 17184 22228 7237 19974 16139 19676 13077 8763 26046 2519 24779 10168 27646 23197 9621 22084 24947 18631 7911 6321 13604 26013 8024 23227 14717 1392 890 21768 1399 13359 15336 22594 16293 3534 25907 4943 10487 22370 17916 16749 24350 22502 15249 26028 15464 16183 26816 17543 9715 24008 13392 20314 24915 21602 2100 13791 21448 6198 17098 14368 6581 7704 22759 16524 17518 21799 18517 14779 18608 24509 11491 8696 4483 10561 24884 18636 6924 22644 27196 27807 6491 20902 27691 6293 8700 14447 21947 15376 20103 1684 15982 
3159 101
965 17199 22957 3495 20209 26980 18817 14807 9474 11099 26518 13941 15925 572 20189 14307 25300 11311 21503 5833 25330 4181 12503 14223 10231 6370 9004 25111 9361 23673 21708 2619 1193 16063 15187 7377 7860 549 26329 14315 3591 389 6972 13749 21531 4278 14826 6643 27661 15815 27315 23987 19625 14893 3524 22918 4113 1659 17808 18524 17573 212 25970 2875 3224 9545 11359 9029 5466 19576 3764 3031 9287 24046 9748 16577 13772 16969 14049 1775 12244 21829 2941 2690 15261 1131 25048 11414 13463 19565 9428 26523 25645 5633 17435 6262 20164 10325 9464 14220 18370 
1084 100
398 9833 12224 1864 13686 10438 22383 8572 3786 11708 15688 16188 2386 6150 7776 4864 26710 13671 1336 2717 9651 22219 18598 5977 1032 10886 466 10135 11621 25381 19124 18731 3251 12394 9467 7262 1894 1679 17312 17644 8349 1555 13754 9130 7861 589 12728 15556 7968 21168 7274 9511 7476 10444 18780 27057 21919 6473 721 15857 3161 26872 25213 25015 37 16410 23318 2810 1441 2886 99 4567 20133 24157 8109 7522 21733 10625 15026 1387 13558 20769 6071 11887 12055 1275 21836 22381 20188 25988 16287 14680 20502 25446 16717 20020 13432 15657 26694 2577 
1832 101
7485 2768 13562 19942 11232 6282 1337 8733 13442 17788 22775 2549 3789 10336 7788 26868 5356 25131 5364 23234 21963 8859 3294 5602 5315 11234 5773 16902 759 8530 13998 23321 13091 4497 20819 16837 26807 109 7114 9819 24027 15375 17269 25720 24415 7104 14287 26116 17327 3882 9473 11164 16036 18164 4050 14767 8884 22226 26468 14952 2784 18308 8070 14921 26114 15260 23828 10793 22156 9660 22471 24482 9573 26696 10496 17516 23966 2537 24997 8736 24226 5790 1426 12049 22197 4112 6566 9616 23420 8362 14385 22505 3628 11528 3831 796 2772 19120 107 18965 8047 
643 100
23985 5509 13799 13278 172 3627 18017 15294 24164 19257 13577 19654 3988 15542 904 20008 3244 10152 7191 7071 13042 16760 7386 26037 14240 27840 17531 6304 14929 12617 22423 17377 1243 6324 6926 2910 14814 8971 9119 13191 675 5510 14711 8051 6641 5666 23117 6347 24974 9089 19919 3967 12135 2389 5013 22539 11993 17650 84 18903 18525 27611 10778 26589 26865 21338 22597 17796 27488 2187 19522 15695 3840 6935 3450 11170 17784 24163 25163 2613 15881 9302 10358 17231 4506 8010 6266 16842 15951 26940 15767 16435 26382 17881 5706 25616 1709 22233 3528 7004 
3941 101
21992 20825 14253 17171 13181 18013 24473 983 5150 6386 24 18533 2147 9182 26759 1485 26063 2388 631 14910 4480 26725 15244 472 35 22652 26190 14084 17835 6212 9735 13061 23208 8587 2048 17375 27539 9479 11527 7904 13286 27822 5070 3453 19426 20686 8339 9576 395 23498 21659 3030 19221 16589 4528 24297 753 14067 3957 25469 9604 4796 12795 5067 10622 17801 7615 780 16490 8519 16170 20879 19111 795 18073 24527 22946 15557 7810 1285 16870 14241 25629 6330 5858 3312 19816 5972 25441 23079 24111 5753 20964 6066 15181 19890 26939 25858 8293 5041 16609 
2930 103
11998 13269 22350 4292 13882 11772 10212 18050 23320 11341 6668 20866 25578 19042 8679 5991 23223 21379 21734 4320 25440 10031 23974 25176 21301 23536 14103 5452 5543 8662 14057 16375 2088 24130 24906 10692 12680 6733 26431 5686 25938 26837 6169 12532 22619 18891 24291 14544 17579 5198 13722 507 24354 27480 20761 16405 7705 2738 20735 26254 9277 17807 25495 13634 8536 17364 9946 25147 27834 18888 7470 26999 969 3843 4317 23250 5397 8161 26728 594 20493 21419 11806 5713 20097 5635 6106 23388 16002 23160 25635 3204 7793 27265 15626 15009 17256 3698 550 20655 10822 20920 16141 
3215 101
2329 1943 16485 16102 19199 3004 16236 5970 23591 10930 21774 26390 9373 4105 24125 24003 17690 13250 6588 7163 5664 27248 25071 27687 13737 9186 22036 26562 173 3615 18869 7970 12185 5223 9612 11150 7606 7472 3661 17844 16871 11653 25612 1689 10343 23568 17107 21672 13382 6496 22847 6980 13017 24660 19495 8844 21979 21410 25463 18114 19360 12320 24787 19697 19574 17132 10767 11764 5191 25196 4398 12165 10089 6761 3271 2299 2589 27713 16516 27651 26637 993 7402 26178 4650 1570 18060 8390 19846 5935 27788 3514 20989 1044 12796 21004 5722 10078 21594 3482 19689 
798 101
4648 24672 26669 3427 26724 11732 14135 1672 26087 14460 20823 25270 5675 16736 27841 2053 5898 351 968 16703 9294 25973 24114 17836 20522 2606 20508 22736 20835 22456 15310 2525 16154 2610 20993 1861 7284 14927 7384 24279 19036 4039 19818 3722 27000 7887 7914 13291 17772 3748 2928 15589 24481 9305 25317 999 26584 19991 6976 21408 15923 19443 15578 14050 9037 4631 3402 6306 26983 24858 530 157 19698 21247 15991 24494 19972 7291 16889 17229 20791 26317 26130 22403 21162 11748 3153 3815 10515 9389 24589 3949 23402 1237 11739 19316 21612 10521 17668 2139 21793 
3543 102
511 610 8819 9481 27219 14574 24216 3063 18519 17551 24412 16814 14378 7800 1946 15211 3332 18882 25878 26679 26434 10206 13820 17423 19924 25313 8675 14400 12097 16328 22977 15605 2615 21492 8295 6135 19225 18632 17395 19391 10499 16520 21467 13465 26360 6166 21803 7651 17165 2874 24751 18732 1312 23678 23351 24526 12089 26859 12322 418 4894 13825 23781 14424 15736 19571 14340 16673 16206 21122 12201 16407 25466 3179 8057 1696 15128 9567 10319 4220 14134 25825 1388 9565 23636 5584 18339 18515 14364 19318 10938 9637 23171 6090 3171 22037 6495 25165 4034 5765 3887 7683 
1531 100
4369 17030 20782 4420 27658 3002 7515 7335 10042 24206 2620 13070 10182 5507 21347 9016 20666 20694 18443 25369 13954 6959 10038 3382 24803 7038 23847 8326 283 5586 24825 8996 8257 15287 24428 27258 21778 10812 16908 3695 19310 22134 6833 15940 12116 13445 22073 2740 27034 6660 8573 8599 1805 4230 18540 14478 26443 14114 11193 10572 8084 13885 13909 15339 16762 18317 19872 19267 17042 19515 9687 2895 6029 6884 5278 19502 1897 23982 495 21956 9352 7807 26914 1358 9431 15928 7987 17833 11431 25249 27247 21113 1463 3172 17291 11073 13822 27502 11691 821 
4333 103
23647 10357 24833 3491 13347 23052 17873 22779 5447 6543 22031 24868 4875 3369 26599 17003 25280 22045 9843 23378 24261 3462 25095 25067 24401 24078 17033 11856 23163 8780 6745 1142 10680 5350 11710 842 7357 8395 3890 5785 9711 5046 25521 22732 11936 3959 21838 22359 25718 14117 12783 25553 10320 815 27107 13694 8555 23231 10383 8699 14423 14624 13026 22144 11410 12276 21888 9932 7703 24885 3989 18958 1816 19359 5407 11070 14904 20947 16200 12034 14094 13803 4192 3744 9138 22983 19332 7482 11439 12774 978 20794 14391 11249 18601 9369 1877 9746 18201 25076 3106 3865 19356 
679 102
12368 4800 12652 16651 6520 14155 13014 21013 22122 5164 22938 10512 8487 6074 15171 13567 13641 17930 1727 20478 15635 23427 16467 19915 590 19969 5107 11409 7922 6990 1994 24215 17286 21002 15971 3818 11166 25089 7903 22194 15533 7334 25965 2944 12385 2164 4868 24734 2803 15977 18602 12501 128 5827 2926 3752 66 26700 19948 407 25868 17702 19351 14141 3783 7696 26809 10770 9828 12178 3634 11782 26947 4819 4459 12655 7292 5921 17400 17561 25886 17830 13929 12909 23189 9556 1397 8525 20963 26314 24186 4988 1862 21930 23288 22533 12847 15465 15031 12633 3780 27152 
813 102
11470 1515 1601 6175 5422 1179 14298 1279 21418 23661 1914 8453 18176 22287 12418 17557 17012 25689 9572 1588 25128 24442 25896 8791 7804 10300 1637 6431 14977 1537 1863 22297 11159 8102 2980 26325 1251 13596 23375 25771 20815 15279 20477 26532 13721 7035 24165 25355 17542 10255 8984 25098 19630 14843 15832 22646 2971 20023 25231 9737 23274 13880 10939 14320 26957 25633 17931 4035 26309 22840 24584 12932 17883 6801 15307 5849 18159 20799 16576 12714 16168 3792 8730 17036 27018 17314 8527 11610 19110 21967 20315 7132 23883 8 24576 8445 8318 13999 18216 25798 25504 20226 
2007 101
12325 19736 26743 22737 1732 14545 26092 27055 14849 3873 14313 15456 5382 1417 12605 12711 24221 16160 8231 9131 19238 13321 11438 2309 27048 5091 7752 9321 20076 14214 8639 19247 5205 10743 14184 2095 14846 19728 18713 7856 15388 16041 22747 24088 18441 25053 2469 27591 22459 1799 9031 26982 16841 2935 15258 22768 22861 14297 23352 16280 2379 5005 16786 707 21045 25992 1319 24385 19490 14393 4295 9922 24387 20487 14032 24768 26469 25696 18319 2363 14710 26928 12477 17069 27716 18839 11300 11086 17501 20754 1521 3300 10756 11456 14077 18507 13513 6216 10446 304 24295 
3108 102
17741 16794 14147 26089 10498 27345 21255 8783 17446 26380 21182 26476 7778 25014 16378 12198 23029 5171 11633 26773 20581 2442 9142 2861 15594 13155 17298 11121 2291 21085 7381 15239 15526 8424 1186 7573 365 14855 14864 12344 12260 14343 16646 4108 6659 25410 14301 6418 6440 23932 21792 17892 9248 13584 17238 12078 1616 1329 24813 82 10651 14961 12607 24994 2612 22182 2370 1357 12285 26913 8948 13575 11750 22425 16230 24551 4100 25527 7157 12261 15057 9339 23708 24301 5457 7493 14947 4982 1851 11320 1519 10563 20689 18364 15818 11686 12254 11077 13009 24321 10881 2226 
1886 101
1069 15601 7235 27125 23479 24797 27363 15615 24817 13876 17571 105 10705 6871 5828 23226 26703 13719 13030 14877 16792 7323 19044 23624 9794 4979 22907 3112 21220 10661 26949 877 24062 1662 7240 16704 2736 156 8366 11697 1349 11586 16508 13530 16721 27727 7662 21987 12066 5558 18392 22469 16303 5192 18945 12222 11721 5896 8552 7548 21921 4585 17299 18028 19848 2112 3632 935 26150 21460 14591 26243 7564 25266 22690 24454 7686 4928 25728 21 23186 15898 3806 9941 21523 12805 9190 1204 18456 4095 5078 9293 25299 8960 21475 12945 17812 15242 2743 25789 25861 
2701 102
9815 7070 6195 26930 17193 19621 6411 27036 10366 9761 2699 12637 8457 14691 21593 8928 18444 23110 3336 27239 16860 26445 10324 25628 5138 20370 12326 14782 2472 15515 18785 11488 2762 21401 19442 10333 18733 14925 24476 7388 18605 23542 24104 27120 6467 10176 22883 237 7931 10376 14068 4690 14854 14523 1845 12619 1523 7825 2504 8857 12963 17926 16047 14498 576 6020 12732 21896 12079 17222 14151 2863 19135 16894 3530 16744 24141 18777 26412 523 18957 27388 12144 16254 23286 17449 9006 10653 13945 18318 17811 6638 25815 7427 6736 9071 4695 10623 18323 1557 4748 15612 
1519 101
6332 22872 7000 17907 17615 24503 8882 6177 2730 8932 12006 26288 688 23149 18175 7073 10423 11142 22749 13915 14805 27148 20780 19603 11661 27507 5155 15424 16677 584 4572 5766 9751 24037 12020 18537 25611 1591 6749 6115 11826 21377 11912 20025 18635 17026 6458 18482 4378 12150 2888 23656 15553 7142 20634 26496 10789 1412 19694 12810 20658 11095 21265 17672 8075 10236 26387 26349 9286 14402 922 18814 19053 9255 957 16314 354 2397 15680 1720 4137 20176 16898 5384 8461 4806 11261 15813 15998 9151 15798 9349 22587 11520 4872 218 4245 5616 23329 14887 1807 
624 101
15389 4716 8990 13054 13964 7310 8845 7282 15008 4173 20858 552 15894 25068 18076 13537 686 27099 10550 12423 27432 7425 8824 26279 21132 3646 5899 26475 19069 15183 2350 26104 10831 22238 14750 12175 13069 7561 819 7085 21078 7849 21907 18018 15598 16933 9436 6094 25794 14667 10578 19634 7222 15581 2638 22813 24430 20473 17949 23830 2817 5239 27101 24777 17147 24742 5247 25449 3327 19655 17343 15397 20830 11559 23744 17115 26407 11611 7912 8668 13602 18149 25827 27295 21206 11464 7153 23582 6608 9122 8127 7200 9324 11612 5836 14933 7118 7221 6999 17711 3902 
4208 101
16384 15996 14530 11852 11568 2142 2578 12430 5034 19259 1540 15989 17908 25478 8244 737 26555 18334 7369 27538 22293 5611 13264 17775 4107 6653 6763 11499 9562 6665 19447 3924 12456 8790 16486 13831 7709 12957 12446 4168 12452 14384 16878 20012 25047 11976 2945 10892 6353 21716 9252 4654 24362 15153 14650 2546 22071 19487 6436 21591 13274 8870 8776 19446 47 10360 7270 12960 14406 7717 19961 8489 11405 15338 1503 22922 27047 5608 24920 16621 9862 8493 25532 10334 8286 374 25204 16679 14081 19627 24019 18240 10671 13970 3355 25263 11801 18949 3900 2277 19263 
2922 100
4024 8902 13864 6950 988 2502 18940 5079 24718 24765 22074 15704 25438 16543 4636 18100 8427 2900 23720 15073 23232 19877 163 11255 9722 5973 6303 16783 4689 9680 15002 8872 4562 6022 23680 13928 17274 17507 5494 16867 649 7832 26306 8406 27069 22245 22395 13377 4681 9398 16134 12916 7510 23199 15174 5440 12426 24863 16240 22279 3192 10228 297 8743 17826 4211 15733 14407 6412 5852 14342 26972 27035 9508 4156 27757 25132 24654 20984 26231 22214 26385 8442 6639 23893 3867 7611 5924 8166 5497 13178 10663 4555 11894 27073 6484 1116 14996 6281 2530 
3377 102
22450 3702 1725 12849 19590 6971 485 122 11867 25769 22879 27059 24599 4627 13578 9998 13581 7362 1028 14011 538 15415 22569 27349 3260 1025 2756 5737 1919 7219 12656 15630 11290 26331 18638 5039 2047 4840 8734 20556 5772 23628 21362 19404 23742 19725 22386 7815 7166 9212 580 27437 11902 1710 4935 316 2312 4315 11935 26019 6400 21770 10492 6934 26034 20382 9354 2161 25581 23506 20366 17240 15027 2455 8190 21864 18706 27355 24109 7730 14461 5398 27574 25836 18761 27513 140 22811 25774 24495 22908 12798 17880 24566 5606 20330 5101 23726 5824 438 24214 26335 
2378 101
26048 26858 1644 7913 14656 5552 2765 24381 13102 13512 23563 6727 19184 2700 10823 10638 8836 26752 16403 12709 27814 4712 2306 2384 17942 419 18313 9376 7894 27501 1959 16289 1217 24373 19774 12182 25526 23369 9495 23412 2496 18098 6112 3367 8331 14542 18092 12404 3457 3279 662 3391 12994 13369 6058 4910 10262 3411 14899 21899 26409 1252 12213 25610 26667 17595 294 26081 24740 25372 14352 2860 18626 10396 8794 15619 972 19668 18920 322 27324 23331 27044 3978 41 7663 11736 6624 19320 5822 4873 6489 12425 15867 17522 26053 21971 8369 17206 13176 11843 
916 100
14640 11622 14731 18552 4729 19967 15896 13325 2897 15656 6089 23637 2072 7955 3960 13996 24433 26995 16767 20722 25399 3517 15248 24855 20454 21135 756 24586 3529 317 14908 3933 7562 25379 23747 3471 22750 9912 18868 1554 6504 10926 21233 16449 19190 27575 7848 12468 18382 18111 9600 5203 8571 12169 9547 5298 17598 371 2041 2491 8975 1724 23021 25079 21315 5405 7622 15646 8922 4508 7359 375 22531 7965 15573 26828 19051 14434 26197 21314 13489 22020 13482 11891 9169 12768 2870 7884 24230 14058 2115 7646 22374 17450 11304 25201 12197 19031 15512 23062 
517 101
13019 14462 10805 14560 9124 11286 1089 27408 4746 6862 13702 2476 7020 15900 1925 20945 7575 18566 22311 1518 9647 8409 7986 2533 18105 16678 11888 26449 25094 14109 7682 25942 8985 26712 25180 17694 15411 4932 15016 22914 11387 21047 7447 21614 7530 3968 13976 23948 12539 18928 19060 4656 865 8503 27188 21248 15548 8619 22577 25215 946 19004 18346 21149 22538 9492 4488 1004 19917 21990 26020 182 22945 24155 7827 24739 794 8039 10033 26727 2336 11298 4874 11587 6700 747 11039 21321 24643 4453 18341 624 27542 4714 1067 9504 20529 15164 21706 14045 2081 
1904 100
323 11530 22361 7452 4239 18163 9228 24886 7351 12934 14201 22627 10931 3794 15860 20740 26237 21254 23268 7495 19632 25550 18436 24308 25739 3388 14339 26353 27045 21754 13555 4135 9396 13127 8705 20095 25931 5702 11048 16991 27042 13788 27782 12689 26936 27366 10584 18518 27654 10156 21544 6941 13107 19807 10710 4905 27317 27216 21902 10041 25584 3965 1327 21913 19379 18825 25497 6067 2957 1983 26813 16769 8853 3170 17483 15188 13675 12590 5875 4397 8208 8079 5655 3354 21501 11486 2176 9846 26687 3416 22044 8430 18850 9385 9512 27129 9886 11481 15033 16241 
3963 101
19486 4332 21142 16276 3651 25316 6492 4664 25395 21123 16639 192 15508 5109 5759 22321 1471 25716 23746 9256 4214 26909 3333 3544 10158 22882 5320 15976 13345 6882 25027 26853 7916 5357 27043 7021 13194 11813 19353 4385 20421 19976 26225 6501 7304 27457 3100 10086 27781 22708 19366 17509 5975 21623 26697 11722 22032 6428 24689 23698 4388 27655 11329 19670 9860 17207 3178 13546 26101 2356 15715 19378 11873 5331 9685 15771 24247 44 27677 3338 23036 12110 8569 4736 1097 15522 11972 13569 25110 13765 8332 9343 9826 7871 18253 14256 214 24820 606 16594 2507 
4129 102
26829 27386 25307 17133 8693 15709 4829 25666 3684 10620 24121 20709 16571 27553 10899 23819 27636 20565 1833 13242 11093 19 16195 1255 233 6276 17862 9876 4288 20345 1198 24976 3584 19147 22993 10119 9115 2280 4624 4788 12691 24550 5932 18766 7633 12167 18639 26268 10640 13153 27813 24439 8094 21543 22734 2464 6252 10679 19648 949 5470 24758 2602 17143 21355 27362 13231 15858 4442 8771 11011 22096 20797 24929 6839 14233 18963 4774 2814 15360 20680 19928 26573 11423 18854 10905 19656 14422 23183 24040 24353 6541 176 1860 5329 10370 16042 10050 21603 658 15716 25847 
2068 102
27401 7791 20622 3733 18588 16603 7486 20367 21722 18293 14409 16927 6053 26899 7152 2618 14264 19250 19448 1224 6307 11842 18088 8356 23951 7401 18363 19153 18113 3915 17895 9655 17367 7042 25130 5496 6456 2132 14914 27600 27267 23711 26257 14751 14263 6403 23588 22527 16975 21134 980 21491 18749 15745 23690 14980 5751 25485 2841 25058 22266 23244 24729 25806 20677 14936 12040 23147 17461 13341 4668 2080 22003 26649 3245 26122 13032 1922 7496 15920 16205 7690 22348 16359 24823 25152 488 5260 18333 7865 5816 27227 9244 4518 20000 20805 8584 12181 24772 21976 26456 21651 
3455 101
10087 8523 17550 19730 26526 14643 6778 640 24377 18967 18803 25619 22526 18206 25115 6695 16377 2237 8706 26298 7736 11352 12157 9963 24592 8199 2686 10934 13016 19562 1105 2427 13399 8186 3494 5080 10017 2559 22294 20169 21207 8955 27089 9692 5250 16968 12635 6485 3700 8031 6186 68 11079 16192 964 5153 22996 2393 20728 19579 16055 15519 857 13282 3614 10452 20236 6635 7817 13717 26855 13214 6054 18611 1455 5294 7316 941 15343 16945 10482 26945 12685 27663 14127 21498 23538 7773 4724 14305 6887 16561 13185 9421 21609 22184 24843 14547 13225 20789 15728 
963 101
10348 3901 642 242 13789 4101 20417 7149 15547 13925 1066 17743 21597 23207 16755 17282 20124 13644 19618 10613 16607 15263 4445 22753 2234 17810 2956 13279 27090 15433 20480 4889 16413 3424 26135 13529 9721 725 11478 12808 11241 23857 24063 866 14757 8029 1757 11078 1342 7753 9928 2165 26544 8915 2933 22523 14967 537 26361 12294 194 327 5703 6820 1915 22785 4566 17911 16233 25832 24618 23415 16106 27231 14353 5964 8315 21667 26203 2785 22010 585 6227 25811 16771 1560 13500 22909 26427 2232 19657 15466 26280 19538 13642 8164 18479 8068 13094 6568 6453 
2051 101
20150 7455 17355 17867 14188 4242 4783 4701 26304 26085 19303 21424 11821 17818 1542 6989 21464 6835 7722 12863 19050 9357 10700 8432 25475 21431 27242 2364 2780 26163 4116 20911 5776 21653 6445 6867 23540 20586 18432 24670 2398 5900 21310 1078 3068 6393 18224 12897 25051 9589 6752 4618 26613 24472 11900 17680 10855 3547 2023 19754 18739 24192 193 3883 10297 15316 3564 24346 4776 25119 876 11947 21441 13561 19534 76 5125 21394 9965 5454 27744 19598 19944 5779 5233 22323 12683 9980 5475 15564 11898 11773 10503 14838 15193 14260 14774 20690 1093 517 2093 
1471 103
12405 5546 17161 21385 2038 25455 24985 12646 8463 8916 8803 9498 26151 15234 12393 24471 25046 21204 20022 4761 25105 25775 26586 4625 15419 19724 1457 19758 24725 17897 6937 9149 24583 26869 11441 4767 20786 10034 19903 18809 5519 27640 6688 17614 7392 5989 16019 24536 17662 26033 3255 25364 4262 22172 10682 2490 13151 2408 25702 15732 15444 13013 12205 2683 22480 19994 8847 20645 15409 6171 1271 10668 25153 9250 17397 14294 1154 6369 10251 24940 596 18427 1745 16398 26010 22981 3065 15544 18565 17969 12401 26954 27425 14480 1490 6786 18276 15622 19918 12098 25783 27193 24260 
433 100
11324 7538 2367 13115 23547 20542 26919 13707 1429 7255 10634 24970 5344 5903 5380 18198 24326 26446 16967 20731 21041 20299 11153 24383 13911 3043 1830 18035 10442 26209 7550 12979 25376 3221 2660 25237 17738 26371 6376 17541 1200 20924 11041 4111 16400 9173 19660 15486 20336 20483 16085 9855 23350 27334 21411 21910 9038 13079 17183 8500 27851 3314 25538 26874 10989 3371 9976 21643 10090 17666 17213 9677 27273 21504 22388 11933 24951 7318 27715 24143 25670 8466 391 23136 26894 11892 13355 7439 13536 2520 21701 12586 20355 6737 372 19048 25708 23750 197 24564 
1967 101
7181 20733 10818 18233 4348 9832 25713 5754 22117 16060 14112 70 4240 10665 10558 9434 24686 27631 439 547 23961 25137 20297 14775 8535 19065 9996 6532 8439 27455 13766 10815 25383 6592 12842 26775 26175 2321 14730 10995 12888 22336 18889 9466 17963 7845 11390 6890 17088 7876 17280 16699 11279 25890 22998 6360 17746 12767 17348 7054 25019 4542 4703 12658 14143 3288 7169 14449 10154 26615 24257 17246 26756 9442 13893 2584 16441 23431 17707 21457 2236 14252 21421 9005 25887 14858 8090 22948 12291 13937 12670 19937 24421 12036 4046 26537 23373 4808 6419 12397 20742 
776 101
4986 15999 14535 6142 23462 26062 689 17072 22018 251 15647 8172 8091 11075 3250 11312 24370 25428 26332 13797 9956 20014 6575 4715 25238 7030 23237 3041 4663 1826 1173 19278 13884 12603 8206 25624 11313 9929 13018 4644 2842 20932 15661 7008 7243 22845 6379 325 4412 15284 18750 2119 7958 12474 12927 11225 4144 16597 3347 10178 20704 27451 6779 13872 5156 6555 15452 14389 110 3162 9568 23850 3678 7064 23551 16932 22504 16423 24450 22413 16497 997 18255 19175 15186 7361 14971 19845 11391 22314 10603 23009 6028 6794 4345 12984 1890 14040 19039 21262 27085 
4286 102
25748 23836 9333 8353 25423 7872 7630 7802 8204 12649 19505 11741 16331 13122 7234 23501 12271 7018 20159 7066 25092 25536 13944 5339 370 5594 5343 3270 8574 24521 9351 9993 4999 4561 24449 11125 3381 15471 20455 9868 7506 20361 24577 11318 25325 14085 8604 25989 23859 1176 1598 3088 1652 3404 16728 17341 4780 7099 27548 23803 26461 16425 7151 12301 7160 11265 17538 13449 22464 17657 5042 19382 11538 8077 12005 12973 18886 18030 7390 6834 21739 18411 6274 25200 2682 6978 14031 14777 5933 22509 15877 21640 20521 2593 5733 1811 26924 1444 24515 20952 3421 22801 
1189 100
931 8288 20249 15824 14504 18266 26206 12383 7755 17802 10900 7108 19744 7831 9758 6563 18464 8956 24901 9772 23767 8974 13776 21316 16491 15035 16406 10460 14326 10672 10605 1177 21516 16357 11516 1073 20277 6661 2746 9750 21005 10224 20898 25576 6196 24656 2058 22521 14903 15062 16448 18797 5929 19001 20463 14303 16863 27302 10724 20426 27260 20515 21861 25583 14445 18534 9673 7394 7233 19544 12473 24557 22503 4763 25742 7566 25139 22890 7659 27827 10458 22868 6300 7308 7 26291 16381 188 16830 5212 15432 1159 767 25568 21974 11388 13888 14528 16840 7499 
2386 100
17470 5673 20087 23771 4972 6849 5029 10082 15390 6650 1585 25264 5036 14371 4195 262 20682 19968 20873 26295 17049 9024 24296 6542 4606 1717 12721 2444 23757 11698 18031 1985 9617 20391 13403 14772 20701 7760 11804 1169 13461 23253 17699 25388 20538 9938 5069 2722 27232 6123 24826 3714 25183 10275 20861 18056 5882 25882 14179 23686 24259 19218 19815 10099 4640 22081 25856 17721 17665 3597 7195 5157 24616 26959 24955 27002 8291 20310 12885 18205 10048 23367 9793 19532 1283 9251 21152 23366 1103 11346 5151 1721 18589 27360 12179 13213 7165 6895 25484 19527 
2874 101
25625 12476 21645 3029 5689 21190 25223 4906 18303 9611 1651 8652 6253 22061 8917 4521 9100 5982 10180 21295 8904 11195 10163 3800 25626 21490 22718 894 3606 8270 17022 3442 10426 253 18127 6709 7982 7170 20968 23230 16458 8144 7612 25342 2051 7154 22002 1573 12730 9695 1893 8937 16392 26677 15653 24244 25685 19852 21688 25724 20982 4837 9970 9229 10124 16396 5459 3653 21271 8434 4496 22286 21328 24795 21996 12596 14033 7712 202 16412 8657 17262 24821 4608 14614 7003 19400 17903 3240 7469 11792 25273 24696 6011 12785 21874 25750 272 25985 10453 22298 
2193 100
6438 20729 22112 4615 10752 25080 20395 14872 18554 5099 14622 6977 26860 9050 22307 5262 8009 5409 24478 10574 4630 20271 21144 23556 12113 18671 19455 3469 15901 6716 25248 25690 20013 2999 17769 6093 10298 3395 10528 22474 26351 12630 8833 23858 20354 19633 17219 14439 5699 18685 2300 1018 9102 502 8558 23554 5605 11760 27500 12421 3430 4931 18521 17799 19599 11132 5550 10585 23552 17939 9774 7847 26124 1687 22329 1297 9028 18542 26339 26603 9690 12939 16901 6617 125 18724 2413 13121 2103 21940 2264 23102 23069 15025 24533 7225 9515 24161 25684 15091 
304 102
12681 26992 5841 9227 24595 11131 23832 24002 10657 19572 17872 13132 14394 19732 19881 17021 26215 11858 19680 2942 12834 26734 8157 12609 457 1170 23439 19459 17251 3308 10730 10364 8815 20532 23583 1770 17506 21278 11351 3223 12556 6102 10451 2331 17933 25525 21586 24877 69 9788 19584 60 14907 24701 26112 17720 19208 6951 481 26952 5615 2715 5165 17520 23609 22800 16733 5581 26843 1778 14329 19950 13806 806 26533 14817 20751 24882 1201 26969 2090 9986 8814 14789 24006 17086 7979 25470 9867 23629 17073 10862 9972 2347 27218 13209 13619 20240 20186 24100 617 22745 
828 101
20692 1206 14271 23565 11425 7084 7329 26302 18329 1929 4166 17154 6320 17208 12828 7771 8143 18360 14679 1790 11175 18707 9403 3518 17530 18956 14397 2687 19737 24733 14736 6674 1326 25749 1415 25941 5334 19864 14012 8896 4512 9217 11220 17139 19658 6076 5592 8538 4281 2460 16710 24771 4509 9592 6084 17630 10011 27178 26429 9499 626 23068 16077 21633 18072 20661 13543 3123 6987 26251 4457 21724 5083 18910 23885 24457 20584 25057 15267 10105 12208 1754 4541 7724 24391 17366 22919 18728 15190 7518 3175 24913 25732 26348 8475 13608 1734 3694 3956 23584 17047 
428 100
19587 1315 25501 4891 7251 13384 10994 27484 13136 23894 12905 14659 1139 2522 13475 21510 19072 2631 11937 2432 20288 15005 8138 7467 13249 26847 22809 16474 7569 23158 4300 20347 18357 1433 24009 5158 4881 27025 12742 17964 12629 7442 4880 4280 1207 27571 26890 24491 11928 7571 2876 20016 6014 8433 8811 24172 3760 2616 23423 25140 26414 25505 17733 8111 14476 23895 4094 8754 23419 8037 21353 3931 16761 23206 2859 1883 3724 26036 20980 10891 13845 24617 25457 5832 5695 12211 17816 3276 2180 25601 12390 11967 13817 3809 12386 14976 4426 8126 14857 17052 
3776 101
25168 27004 20117 24809 21299 17756 23040 5528 13811 24363 14156 21269 15761 3769 11291 15095 20507 7891 14273 5367 17562 8059 24264 3501 9331 12674 10935 21534 11723 19684 18295 5222 14328 26510 13447 15152 25734 7983 16590 12065 12319 2550 13172 14088 23470 5732 2272 2489 9977 14025 15301 12108 23138 13899 7432 906 19224 18459 25831 23737 2230 17288 5747 10553 5645 5114 8416 23606 22001 3344 17205 10143 7676 22280 6687 6429 22095 12204 26551 9796 1365 17589 11848 4451 9974 7363 8452 18409 11032 16433 23461 13022 27382 8073 13114 19121 14990 14956 280 10718 16436 
2243 100
26285 7765 7215 22269 19252 447 10060 19265 20278 26284 22404 12248 12956 11230 3277 8563 2759 2585 2136 5857 15554 25759 25173 1605 11524 15467 20482 2440 27138 17684 21938 19886 2735 1491 141 6319 22602 22446 17484 24776 9812 22072 11266 4601 3016 24411 10750 24446 19814 3906 267 21984 21263 6295 12388 16546 12299 8358 12129 11366 23702 20620 11236 5012 20109 22935 23026 17365 23181 10204 6280 2410 7006 5814 940 23401 26654 2372 15120 8088 21451 21427 5801 21021 23754 17956 8625 5599 2259 6994 10427 20307 23319 25377 1821 11327 12024 11631 22178 23150 
1751 100
22788 14367 26067 20714 4077 15014 198 17178 3881 19922 10312 26115 15671 19293 13747 6596 4798 3214 2174 15289 20743 26154 26570 9614 8702 9520 23379 23561 22582 6284 15937 22929 7811 17201 16987 166 24137 14182 3649 17019 4215 22866 17338 8637 21035 20078 15413 16 24459 23080 18557 16741 22223 14934 12407 14762 27447 5451 7174 1117 13988 18211 15839 15425 16304 12487 15642 2341 24625 255 5656 2175 19787 19300 14723 11383 18829 9540 21480 21527 5627 8531 1400 3963 26524 14664 10962 17390 1220 13397 20910 15323 19548 24968 8141 24203 21306 13130 2594 6466 
146 101
1840 8255 6218 5184 9096 21882 574 891 3385 5038 2603 14210 2378 18435 2721 1195 712 20931 5207 5736 868 4841 12861 27515 6372 6220 12495 16199 26569 27062 21487 13673 4431 15348 22593 6267 6452 22241 11257 17053 677 23735 16080 17066 6698 25797 10678 3258 18378 20172 8731 9898 24582 6346 13097 4514 16961 14442 6691 14540 17617 15443 8835 16748 26000 4177 9183 19871 6754 4576 18047 2677 11997 18442 13551 25558 26535 5411 16865 14030 1 5330 17997 4417 25987 12464 11101 11597 2369 4456 5831 19692 4213 25141 11847 23738 329 755 9754 6457 2406 
2230 103
10647 3705 8863 22720 22318 11672 17806 8887 281 4911 11256 25862 9719 16305 7295 17234 15195 7775 7590 20407 23201 10166 25102 22724 24271 26229 21607 19629 6375 10704 1056 12449 1530 18485 25590 3763 7658 1931 3322 20341 21214 12583 24115 5086 16117 23662 4828 1772 2118 411 1613 6883 9072 4826 2557 10618 3414 5477 17358 14705 25654 13991 24462 7248 4571 19616 11267 22104 15919 1731 25430 14292 12321 79 27003 17166 27799 13192 21980 23813 1675 23866 301 8946 9092 24697 26670 8168 10190 26564 26686 10330 24624 4693 7025 21205 17399 22491 11482 17492 14671 9907 13415 
1970 103
16221 19435 10162 10289 13208 15804 4515 13027 3257 21725 7143 5724 14792 9590 2596 13060 18305 15421 26921 18286 11046 16545 15107 15953 27080 17593 6237 19091 12882 18658 18644 6585 24367 17481 15478 18630 6217 87 19130 26118 12173 12237 6060 8993 5534 24984 18245 22204 23447 15006 24485 24834 2499 14830 9857 14355 3423 10923 21811 7853 15870 2032 26103 23118 17439 134 15793 11656 13218 8721 25614 17856 8054 2951 6558 9225 24837 17487 24480 5795 26681 25078 16153 3676 3525 19570 27850 4096 10028 19943 1129 22974 25588 3083 1975 18123 18570 25978 17257 8310 4629 15504 20592 
647 101
11832 19227 7419 18745 3069 21941 10624 3458 21330 27581 5181 16356 1735 26426 8410 25672 1375 10253 26441 8719 6471 11126 3977 10847 8967 23312 5542 22108 9847 14239 22642 17510 24136 12257 25917 3173 15029 11628 7920 3418 20603 1307 18806 8451 12612 2869 17935 24426 22853 14014 13044 18291 4550 9961 14537 14791 21808 18006 26887 21145 4978 19288 18776 8987 11513 18324 27304 10484 22183 27441 5939 23608 23221 15209 27082 2990 1272 14291 23512 24490 21953 4162 12662 15141 1920 7766 2560 18477 16691 13084 19390 11786 13105 12357 975 13389 22254 16695 7644 21381 10949 
704 102
3079 17981 14225 1320 3635 7829 8472 7757 23356 16367 7628 25920 20888 21528 27723 25042 19405 22284 4157 1649 19542 11910 3422 7409 22131 15192 8507 12304 19531 5236 21709 9198 20916 16387 24382 7521 7734 9781 2503 10469 18275 20459 20646 3686 21781 13299 21331 23935 23188 2719 26192 25802 23280 18340 4738 22513 4071 4924 9563 15607 459 22193 8313 24208 4150 26904 27479 9326 18973 12625 12493 13865 10436 17136 21298 20850 24458 19197 1944 25522 5681 4661 26506 15966 4612 23621 22501 16224 15168 15562 12865 4805 12692 1015 2148 11956 17498 23704 11355 27752 19638 3184 
1116 100
13660 7927 8879 20073 378 18773 24051 13591 13165 12176 17071 22916 11627 22475 2456 24390 21581 6812 3448 18178 9581 26525 15532 21656 16005 1667 14580 10551 12686 27233 27560 21219 14694 12284 10721 22123 14812 7098 524 13522 25903 9891 23385 21486 5961 8108 21661 22145 18815 10485 18818 3770 3439 26313 14222 24010 681 20048 16237 23033 2475 21833 10506 7843 9210 15041 15461 22200 16343 21420 9555 2967 13183 16935 14346 27335 1657 8682 26260 9383 22060 8322 18746 14816 9595 14552 23528 26355 1916 19482 17080 14173 393 26315 19239 10234 26326 3253 5563 4383 
469 101
6156 692 17292 1855 24824 14649 7534 27165 13750 7761 21346 23002 15838 7199 24406 13665 12137 17534 23435 23055 24343 10151 9414 16648 320 5062 17031 21109 3817 6367 20041 24135 3302 6784 22012 24302 4447 19511 18010 24737 1693 19693 12747 2003 15051 6900 18571 20248 17403 17691 11119 14017 10594 10293 14559 2633 9623 3897 27173 13947 23705 18414 15600 7107 10814 9767 27346 8215 4392 11588 27136 16917 7272 13212 27103 4294 20988 1924 5456 5390 9363 15582 19179 13451 14706 16662 25637 8940 13501 21069 16362 15350 26572 23721 18968 4623 13700 13926 3281 16986 3071 
2933 101
16316 27040 10185 10269 22448 6762 17376 25506 12258 10795 16895 3197 27310 21068 8676 12823 7713 14590 23572 14204 24395 9107 12234 490 14737 23638 20094 10478 8304 21658 25306 17603 6416 8526 15217 2013 2303 27404 21664 5413 6059 11510 17508 8708 8250 26864 15252 6633 23433 8375 18331 20171 9098 17411 3667 22741 17941 4974 27074 11562 17401 26369 8238 22828 23173 6601 10948 16073 20123 14655 851 17474 7754 20588 20609 25037 18212 13455 4679 14573 19370 20504 9176 23626 16222 2939 6470 23756 14606 27802 1567 15531 11917 3370 5383 13429 12287 23518 25106 7491 2484 
2283 101
2345 1928 3017 7672 15224 2424 24475 10393 25 12399 23921 8484 17383 21911 1484 12044 5126 10630 22440 16124 6444 13446 14628 26068 10379 23432 1825 8797 18335 20535 4296 22579 23840 5488 4140 24513 170 2643 13058 3834 27648 17297 26065 1395 17413 10860 7517 25883 24252 27331 22571 65 12099 22304 7391 6190 15787 20674 8333 25892 23015 19369 14458 20669 8623 7183 15165 3502 21887 13903 7715 27369 2243 8210 14279 22687 6920 18693 26419 16369 21022 24028 22225 9438 25947 8594 23929 26536 1516 19860 13241 5033 25520 4704 1618 11585 20643 7678 12193 14802 15521 
3386 102
6287 10685 5762 15493 26111 12513 1250 6964 16558 25332 20602 25500 11500 20651 2732 13169 21323 16904 15064 19244 22636 14034 7393 7902 1730 8285 22369 16033 22930 15106 2642 1085 1534 22612 27583 10217 12668 442 19158 12690 18020 10723 6201 9310 15641 13021 7365 18243 7260 24750 11217 23194 582 23177 8134 2501 15138 8841 24752 4909 1430 3914 5676 16868 12347 15354 19547 20178 9967 18268 16483 15565 24378 22289 4731 1603 9265 27417 26967 18624 6629 10264 11700 24814 16820 24434 733 9999 1680 7883 26029 599 17323 19266 26484 20030 4386 20179 880 19099 2189 26644 
3627 101
3432 13398 10523 1512 16740 13119 8615 6974 18792 20875 13552 22496 13316 16909 15941 10138 5185 2399 17094 9008 15055 8253 19884 5400 19677 15893 1964 22344 912 10121 9606 7387 7985 19229 1425 24167 11343 15933 13323 7349 26554 8154 22994 25981 10766 20561 15714 1594 15808 1793 5671 1581 24451 10026 23176 13456 24149 6936 1408 18769 286 22345 13468 20229 17735 5512 26169 22693 7236 2998 24588 19988 13187 16720 8614 23343 7585 8290 12940 4802 18974 4494 21818 10012 13464 21294 24235 1712 5553 13564 21001 8980 20470 2617 27521 21749 6795 59 4001 26408 27153 
1283 101
21880 23066 26398 24806 10836 15505 11243 25120 8316 21690 7019 23595 7528 13296 3 11740 16371 5541 13075 22017 4721 6243 10076 20430 24687 12158 11679 20708 26634 25393 11024 11570 6075 5920 26159 26069 12563 20380 4400 1215 3215 1163 23941 11321 25554 15065 12710 22417 4649 14823 9068 24888 4745 12848 14785 18358 18587 2120 1858 9093 21360 11182 1682 16707 3669 2523 1513 17396 18929 4026 5435 7818 24156 9732 15341 9400 7227 19966 23224 3708 18300 25762 4778 2333 8812 478 536 2653 13649 22541 14665 18512 19808 7178 16630 25026 12112 13741 11930 22188 3851 
519 100
6918 1870 13315 25161 5492 16232 26232 22078 15206 3434 2400 4651 23507 20079 25331 14795 17354 5642 3102 10966 27398 21585 1038 4903 9850 13406 26926 18558 18709 24123 11563 13760 4301 8256 15969 358 23276 4082 4260 21055 9042 12203 18978 8305 27819 24704 22701 17912 22912 8643 8377 20018 4589 17917 8444 3569 2390 48 1609 6254 20820 25873 786 27690 21200 17649 24153 27714 25016 13570 13430 1317 11712 7594 16914 18853 19371 11204 24802 4197 15807 11512 23486 6239 5022 2867 17024 4938 26902 27052 5698 17119 1661 13897 20801 7330 9188 15659 10420 13365 
523 100
10459 15800 24963 20821 21127 9145 24011 20817 9140 25863 12854 962 12604 19180 19398 21662 7213 8891 2563 9598 1019 10861 772 2097 5554 1622 14784 6206 13548 22655 3896 24453 13129 451 7338 21673 3056 16171 26391 19142 11263 25528 27632 8515 2314 11207 22710 25816 8272 4013 19094 20309 3545 13693 20180 4266 11665 5428 12654 25686 27396 17267 13322 22713 1481 12551 22536 15507 20266 18495 3648 22130 22392 5529 23105 24791 26321 3876 27649 2019 24270 21403 1099 1493 4139 12011 17765 9619 23168 26490 12378 3680 16489 17349 23683 4740 3485 17547 19659 15876 
4163 100
7975 21150 16159 27203 23195 9017 11158 10092 16972 20490 1253 22666 27486 15527 15886 21674 26507 23302 17620 11035 2538 9878 12531 13652 4659 19776 20892 8888 7591 7201 1993 21710 20564 10380 10308 5449 26705 26153 5119 25323 26500 2984 4180 6000 5271 861 1571 10542 16219 26394 23816 5395 11495 24537 21415 493 947 16591 13492 26923 23399 13385 14607 2751 9362 315 21358 17968 7061 138 13096 16675 10988 11157 27735 11362 9844 13682 22326 27220 17023 6728 10355 15844 27117 21871 27584 18646 12186 24080 18361 10172 12223 23106 15801 669 15318 3581 25324 20410 
1913 101
26511 7471 8228 24358 19745 3858 20362 12941 17270 18934 3567 9075 26096 9699 15569 1558 7436 19055 5799 27645 16411 2907 4814 2121 1095 5289 12052 4251 16688 21605 19319 24000 21115 17729 13877 27321 13733 18992 8805 18819 8513 9377 26729 734 7830 25731 20806 2581 771 22608 9064 18835 25167 9571 15964 16419 886 20954 5940 17654 14993 21584 8240 24706 6932 3863 2542 26548 13835 5423 3489 11347 22518 21825 14472 3691 13203 17313 14811 14319 21912 3205 23879 20894 2798 18642 1502 19773 16606 24142 17622 26804 6915 14740 7527 26453 25193 13064 13410 10545 534 
230 100
23404 16064 6098 21367 6753 13036 3982 16951 666 12632 15833 1632 9990 16003 3935 3455 12050 3454 8667 751 10811 7880 2709 18843 6503 12724 5211 22151 9503 27341 998 26472 20882 18079 20028 26754 1065 16513 16531 6041 8003 14621 13518 22659 5907 2673 2153 21946 10403 15275 3142 8532 5419 27016 14149 9475 16891 4194 16348 26413 25785 14481 11054 19387 4318 20579 16012 27673 19466 6931 17051 25983 21999 16438 2238 25669 9036 22607 23808 13490 21697 12472 3182 15351 14970 9120 6963 21732 14619 4196 9768 12101 26174 10586 25900 25096 7555 18142 18909 20475 
2338 102
23072 19234 21320 5609 7758 15254 26976 89 25150 22686 25963 12017 16175 22215 19938 26787 12231 7964 24671 4362 17018 11626 1460 12687 1254 2138 11338 8921 1520 11449 21192 15377 63 13479 15586 9837 7002 25667 149 9831 15475 23791 2198 26142 15131 18966 26790 21668 6623 9583 14274 15142 6099 12504 13038 14714 7460 25779 17596 1902 13692 19822 20772 5238 9192 328 17015 3456 18091 12624 24615 18365 7649 15872 23035 19491 7576 25984 26845 6958 17062 11805 9469 14276 9156 4499 21388 17306 18864 3306 10912 16598 27622 9877 15511 8630 1673 13380 6694 18094 18055 25631 
3210 101
24854 7866 8670 15859 9023 2152 8324 25986 18826 20160 3505 25006 21631 13746 22522 25753 7698 16099 27394 27266 9419 15081 18146 18791 9345 15156 19062 6420 17309 5254 14261 1795 20163 15739 27667 24799 15458 5632 8727 13753 20827 14902 11682 14881 24883 16432 452 23139 12496 11942 13629 16345 23485 8230 13547 1300 27226 18469 25535 10888 21066 8848 25011 20335 9557 4942 2140 4850 15011 6128 22397 2664 7155 27067 15046 5437 16562 20060 9155 26784 18237 18207 25498 20777 20479 13583 24549 22915 7094 4593 13473 12592 4370 11434 21641 22703 1569 23899 13372 18579 17651 
3799 101
10744 15383 15488 21027 20436 7976 16317 12528 7106 25940 694 27435 16705 10013 21397 3241 20035 7557 982 3996 505 21960 2495 26107 14876 6263 11581 20458 2222 11106 11961 11376 24555 27537 23599 13333 25292 17244 6231 1828 17670 25925 15292 10448 25974 8112 20111 2779 23962 26233 7074 18813 22849 21440 8717 337 16816 13849 6582 26205 26396 26796 13298 24761 3641 2667 15558 9437 22555 2985 26226 22520 1306 1607 2940 12735 26117 6357 15638 11836 17347 25084 6879 10961 4269 20563 12640 20839 21141 915 20294 18337 19585 20703 7855 10064 15885 15645 4455 23165 6342 
3232 102
13184 26310 17264 3010 26671 27414 27306 6800 154 20026 26772 11968 1738 10720 966 3803 26444 4284 5641 11608 22999 19716 4836 24581 8261 16592 12538 2248 9804 7508 22739 25781 16366 20332 19605 8978 6521 21225 27701 15967 20642 8421 13666 1966 1810 19409 3353 26948 25786 19122 26975 7962 1950 9242 12645 2982 10118 22637 10913 10645 1774 6211 10189 13101 1848 23934 20790 21784 3688 23307 11667 9462 13408 9888 6995 19396 3872 9765 20606 3146 12087 6070 7453 5818 16024 21885 10998 2921 12061 4646 13405 15398 17412 10213 12195 2959 23292 13488 14604 11518 4934 4782 
722 102
13624 3552 27790 27201 13378 22305 17778 15303 19460 13807 17495 3560 18140 20868 24420 14577 22635 26806 17938 24897 6240 24919 27087 12016 18979 17162 9457 23241 19849 1109 8961 1548 25722 13975 19217 11974 10281 12484 544 6065 21670 9620 6269 12038 13499 14692 2809 2481 15477 14296 12010 11571 24315 15917 2210 19089 9587 1719 23151 5934 7875 15151 12058 1074 7714 8179 22213 12143 1666 23928 938 7250 21038 20130 2775 417 3212 12521 11546 13288 21535 18497 5112 2154 14780 12486 6277 7609 11155 4758 19664 18238 1996 1822 1022 11946 14801 25227 10280 20965 853 2074 
3046 102
18133 4221 3339 16852 9240 23508 19472 16807 16046 11178 27659 15324 1714 11169 19393 11171 7906 12558 1744 24627 5513 7941 25233 7886 18735 18546 24650 24524 6136 4482 10331 11043 3656 25039 20348 3298 8222 2404 22952 12015 25665 4083 16977 16756 1981 2471 22570 20009 20422 5886 10547 22065 13448 23716 5697 6901 9260 24818 10921 20650 15474 9395 23603 3994 1681 3130 12262 5075 4790 19134 16955 1899 12560 19251 23759 4949 23555 2269 4361 10597 26577 21199 27428 4146 21681 10480 5612 21342 14834 21696 8608 19458 24355 703 9159 12545 539 24623 4129 18657 15052 15340 
1380 101
27118 1551 25117 12618 12639 7407 8182 8613 25134 3598 10147 11800 9681 22276 4583 1130 21580 19862 18213 11728 26110 2383 1205 26422 20211 16737 18758 22576 1053 2885 1003 24435 23763 1539 12488 3282 7253 18668 17406 2755 19349 8135 13150 10356 802 14495 4187 8818 11695 17168 27157 1057 2688 9429 7824 6506 6278 19900 13995 4959 24067 2748 2802 12850 10533 8748 27773 1972 9470 9052 26560 9179 25277 7952 6772 21624 5302 22149 22092 8506 1769 3157 18489 3412 20917 21791 23676 10001 7023 6290 13088 21822 16519 14092 14642 9317 11958 10410 22668 16906 6776 
1002 101
15312 3588 14973 22352 14168 15954 3360 24102 1419 19165 1268 18008 1688 27712 21349 18641 10716 13978 142 1991 16260 19963 12657 11328 467 1244 2529 15727 12359 21432 9344 17529 7588 16640 19578 20976 10765 15110 16670 21677 4264 7726 1052 9631 17521 23340 25418 21837 25961 5354 10598 27039 21042 8735 9035 26276 19748 2144 16207 6986 7543 18225 18490 3984 19129 7371 20264 2182 26588 26922 3483 18040 2102 25447 19352 2823 6509 9629 5803 15298 18527 21988 1446 5424 1692 20927 23162 5800 17477 9554 20594 12588 1194 20604 26105 19639 9636 16327 24698 5717 13498 
968 99
12880 21916 26060 379 17055 290 8810 4324 8650 23919 13010 25044 27666 7028 17671 23293 27353 23964 12827 17217 12270 24941 3830 25898 7833 17685 19330 22810 17582 23315 14073 17642 171 13343 25675 5258 13156 5518 22968 22449 23108 778 11242 26099 5630 24699 1049 22726 27549 22121 17242 3239 7501 3812 19345 20200 27805 5177 17352 24975 19138 5182 15113 8160 561 18757 13953 21449 3630 6432 6421 22087 2196 19377 13289 12373 18976 18471 16231 14869 14601 24298 20110 2448 5755 27092 26515 19408 9226 18068 15874 9709 5768 24288 4772 4882 18970 24108 24158 
1735 100
6892 8043 17142 6880 21601 14806 12529 7049 1500 19856 1214 10611 9521 21167 1837 19989 12196 10758 24965 16113 19183 187 23782 5794 3149 1999 24116 19750 22934 8854 21488 8945 7422 3781 7805 16334 26400 633 1006 21867 5979 11084 27054 18796 11375 1755 22380 11344 14565 27721 26876 17398 23760 985 22300 24710 25434 18866 15202 5911 22836 24661 22196 27829 12274 15987 24081 9319 11797 13245 21169 9817 8398 4653 12309 8892 17925 24284 19401 20516 22917 11545 23627 165 5603 19283 20062 19526 4188 12311 17659 26454 8741 5842 1160 1947 2663 10276 829 5750 
2253 101
22198 15102 17994 8280 5469 18247 13068 1403 7953 10103 14859 10782 788 23006 24755 19984 26066 6898 2069 16916 4489 15884 18223 9095 24022 18330 22168 4437 20548 25005 10495 3067 15325 14951 9046 3265 23214 16101 11216 25544 11920 2705 7738 17330 4325 2166 25091 19416 4923 15453 26126 25155 21842 25064 2104 8691 18347 13108 571 1232 26951 21545 23073 5232 9043 10184 23526 17034 26077 13330 8233 5749 7309 11651 4862 10133 16094 1610 15944 2131 15136 11492 13364 23228 695 10100 8284 3692 11392 18511 473 5879 10951 14341 8620 6983 4574 21139 23655 16149 2531 
141 102
10612 9641 24461 11916 13047 2260 13914 2199 16510 6942 6940 16652 9279 3254 25322 24332 27268 21929 26025 7740 25465 7296 26004 23355 4358 14419 9367 10879 9988 19139 17059 776 20915 14075 6460 13681 16238 21412 17760 638 16569 3771 14456 3756 19990 12500 19832 20231 11785 16708 10643 18385 24510 23363 5646 13829 12602 11292 4954 1202 5947 14107 5763 13416 10564 6155 11330 21596 5474 6164 25489 16196 5817 19610 9720 9336 13846 10943 5504 26636 4246 6817 25368 10108 23695 19281 5021 3001 7449 17084 8299 24369 23950 9061 7412 3825 840 5887 9770 26620 7209 6138 
510 101
22140 9809 19444 10762 8189 22402 2623 4478 21598 14351 16460 7632 24880 15620 11295 9388 25452 1378 23180 14278 27238 26878 5954 7275 618 27512 27010 546 8197 1045 24345 21438 2996 1546 5844 12459 27736 17861 2786 7725 1781 22414 17754 16111 11148 825 20415 3704 17381 9513 18304 12977 11862 6105 27612 24497 21736 9646 12216 17817 17636 14630 22540 1221 4027 8924 6120 1222 15326 5370 4143 14138 4428 23957 10981 6088 114 15441 11010 18121 9683 12526 18426 8618 13979 25169 10882 17763 12429 5854 15822 11201 12833 25158 16952 14677 25439 23301 16819 26821 15166 
3364 102
27263 4815 22589 9734 10851 1007 11758 2028 24648 11147 10667 12950 1436 23529 18741 13362 6767 9018 9839 12277 10914 2307 14102 216 6273 11303 10467 22769 14123 26352 1934 13483 27249 25240 19342 23777 15916 15277 23028 20788 4243 12641 5640 20574 10416 1090 5273 22791 25125 5318 21524 13402 17346 5890 25255 18228 27702 10071 4735 6052 27119 23514 25217 8720 386 21693 20359 13422 5048 10277 12520 7354 24098 16793 22903 7100 19588 7799 15369 25966 24188 11299 12259 10424 4365 15346 23571 4142 18793 14373 26886 1461 21361 27407 2117 13850 4395 18044 16766 14958 19791 6092 
4086 101
11280 6721 3366 8294 19500 23187 8428 3048 8860 2482 12902 4792 23216 8087 4770 18108 9292 16988 15241 3465 11807 7079 10982 5168 7732 23707 13528 25012 14593 26765 19232 18019 27578 27060 8638 11864 12069 25496 19957 9003 18249 12199 22118 4141 18541 24305 27637 20197 25921 4760 27756 14553 16440 21029 9615 24224 20369 21578 26007 6194 147 5290 2114 25262 27478 2334 15299 24822 14479 222 24910 11632 17905 12300 20696 25853 14589 918 9148 9739 25061 21288 250 245 25968 10373 21249 6537 23865 13699 11202 9584 8707 14015 14778 8194 11238 27621 21879 26606 27079 
4199 102
7268 3036 11114 20058 15417 21077 15189 3755 26842 27343 2678 1522 16553 8742 16764 15946 10607 10614 13443 10826 24647 25086 12133 7934 17126 12490 18174 20074 16422 23094 7720 9978 10846 8591 4098 14076 16208 10353 17984 6611 27146 14448 22462 22047 20400 25755 14203 16896 8146 1449 26451 18530 10928 8187 8496 25416 19901 16285 9384 17017 21339 22876 1440 2233 11076 21920 3419 4510 12525 10194 8096 2184 26235 19715 4375 18194 17877 989 17549 6149 10576 14636 12371 20390 26132 15150 10317 14110 17464 4700 5026 15484 27749 2902 17780 15175 27159 13301 24498 20466 10301 26698 
950 100
3757 23330 11543 8634 12118 7565 10675 8856 6288 20715 1736 18594 19407 22525 22947 8952 11853 22669 22306 24273 23121 14962 10817 24917 18716 16176 7673 17974 27532 24911 11436 4359 13118 620 5261 18085 14969 4741 26212 4010 4276 588 14414 12955 14555 5863 20628 13223 7102 19581 19651 18555 12491 746 11982 18499 26467 17667 7033 18099 26406 25386 19166 2964 20765 5345 10963 23460 7131 1962 2977 9953 22645 7238 16278 8281 18067 19647 20220 24716 324 3376 22771 4912 6140 3295 23699 10676 27820 19148 1076 6602 21634 3040 24944 18906 19399 16725 19149 19385 
1326 102
21644 26934 11756 24277 13476 17362 5272 15830 18058 17637 8685 16017 215 27458 3126 8065 21511 5130 19838 3894 13248 23942 8908 16078 5778 24541 15819 24705 20416 17387 8724 25392 10957 25587 17692 16844 17436 22893 3729 2903 22477 20184 3970 4218 18931 17260 13125 19914 18231 10960 27380 2246 10007 17063 24004 3011 15799 5425 4350 3133 15032 22216 8598 11969 16813 23792 11963 19146 10799 12634 2989 12542 27825 24386 15177 13327 8767 12553 24609 7228 14539 6523 20406 7182 25519 20435 21101 8139 5796 3387 25995 21632 8125 10167 11918 14293 17078 8226 4955 311 11253 6146 
3176 101
3206 19103 21290 14413 14651 19981 23034 10455 10349 16226 17237 24676 2637 18399 16245 18692 25008 16727 19795 23882 5319 14469 21977 6395 4543 14722 10131 22805 26655 15855 108 25735 3797 14760 18250 3814 14005 3054 21743 10200 18202 16605 6234 23191 19003 17679 26196 4857 10784 24099 4893 4844 16325 25479 10857 20974 2129 4130 7580 3047 23406 12075 17350 9665 21129 26198 26774 3504 4750 14943 14395 22756 22445 7837 3503 7014 21147 21660 6907 18936 11768 19286 4429 18087 7327 26181 3799 16984 6381 17957 14065 13002 10810 14512 20944 16649 11307 23156 4726 25326 25701 
309 100
14661 6490 13781 20601 7408 10516 26155 15463 6497 17744 285 2539 13541 24225 5152 13371 17000 2899 11743 5949 27742 19850 3856 14163 21417 8929 24372 870 25118 9021 16215 9760 6486 7333 10918 20589 13847 137 17608 9808 14047 11939 15834 23372 27127 11145 2402 18115 504 13856 17854 10032 1303 16574 13981 18445 25290 17621 27821 24786 25695 8458 16746 26274 26485 10314 18180 15278 2339 9805 4117 20770 15364 9160 24429 22702 3147 3092 27638 26529 17064 443 14605 6130 9893 25474 3174 21889 12482 13834 16131 1094 13842 11197 24274 6480 5589 22337 2791 15596 
2617 103
27495 6389 6511 18232 4399 907 17204 1786 14197 16279 20498 2853 7529 14950 26213 4206 18125 26580 4511 24248 6354 24688 8348 14401 8302 2493 23453 25911 22227 8211 7344 1506 18101 26404 17191 18538 14392 8074 9259 6969 14991 6667 5511 8758 24468 24678 12437 22138 12568 21997 22040 24466 21048 5145 4474 12485 19613 27050 21309 17043 21160 13239 23042 21070 1012 9905 15791 21950 6925 12000 26463 271 25348 20047 24432 17747 2894 7403 2661 2401 24865 21277 21067 18051 25991 4089 18599 1462 16132 21766 19164 22332 13332 25760 3981 18430 18193 1988 4907 18578 4233 10439 3218 
3910 102
6026 20344 713 15676 19729 24892 23450 7380 4993 8062 20204 5442 1937 7583 11245 18648 911 6903 340 5797 26275 24405 8435 15090 24757 22966 26464 16943 15744 14527 23513 9717 2927 14631 3521 5864 10894 2506 13974 8386 10229 16742 22902 10619 10123 6526 23642 9067 21359 8644 1064 13598 3531 27761 10751 1114 24418 27679 446 17488 21268 4435 23784 17953 20495 7966 8456 14931 7279 18855 25431 8279 15895 24744 8991 15309 19000 17853 15355 20966 23851 20071 17101 12959 9088 2832 22164 6534 26531 19563 19662 10977 15785 4115 21955 2947 21855 20755 5291 8851 2961 2349 
2904 100
24578 8335 17955 26888 1501 15273 16462 15576 6525 27068 27026 25574 332 19863 25421 24978 20185 5834 4123 20168 6219 13924 5687 21373 14154 25928 657 12608 3888 23852 12567 9639 4285 12650 15282 21495 1075 6152 14702 8414 6062 9027 19554 20560 15536 8567 17943 4538 17626 9493 11688 2064 10447 9056 13839 9069 19805 9332 17646 15060 8297 11463 8622 298 26662 15837 18861 16697 15805 1528 24989 9916 14255 13633 15215 14587 21125 14585 10284 4817 17425 6832 20027 24018 15518 14891 12039 10477 15400 7980 4160 10104 20800 14471 4044 17966 24546 20865 16893 6118 
2018 102
16887 19907 1658 26861 15184 9161 17081 7145 54 16023 20403 10519 16426 23314 4784 16253 14227 2672 11844 25082 4897 25378 10127 1452 18288 116 23992 19235 1383 19834 13207 18662 22444 10848 8011 25473 8021 19801 10606 26171 24097 11716 6605 19813 810 616 19291 6864 23220 26692 16631 15085 7656 23684 6953 2702 5077 4743 27164 11476 7878 11029 18801 21649 15778 1445 18858 22479 2570 18179 17505 12775 27130 26263 15552 21520 1120 5378 21476 4291 2988 17188 1216 3116 21196 14724 10997 6030 16540 1488 8605 27282 10715 20834 10999 22711 23089 8064 10282 11244 13593 16315 
258 100
20006 3711 12280 8340 24918 11675 2188 22542 18343 26354 6468 24747 10696 10509 20568 23779 9455 27167 18618 24145 18134 4675 22699 22519 3410 14187 20623 20270 8140 13338 12497 14300 6390 8023 25662 18214 22803 13134 25703 20381 7336 1168 25427 12447 8323 26076 21024 19246 8078 24900 8050 17082 27442 2868 12988 8169 24322 24684 18719 27707 3343 4581 3180 10868 6750 14330 16923 6046 17460 25480 23204 10735 26238 20640 7350 8440 15913 13819 2830 17566 2091 513 13486 15756 23618 4639 8198 18084 2225 15606 4998 7750 7792 15330 24683 3447 23724 13985 18321 15742 
3958 102
5313 16065 2223 7103 3145 14365 14126 3592 14905 9177 22899 16494 16843 20921 12064 19735 10397 22075 6729 4983 9325 12868 10967 25617 8499 3801 23405 5071 21007 5626 26609 21901 13904 18014 26018 2159 23044 5264 8893 20885 5146 19772 22835 27262 11071 6114 17391 12067 27423 17054 2327 4097 23522 486 14108 12935 27684 26611 20818 6091 18204 4833 3953 2936 11161 5074 19704 4579 26006 34 2937 6514 9432 2556 7706 20605 10627 745 1743 23428 8976 9901 23700 27672 291 15782 16097 6336 19034 6579 18659 14152 27195 18327 25445 17254 12832 9579 900 17407 4011 25717 
2650 101
11143 26758 15938 25782 21570 5224 23391 25346 12594 14835 3916 14377 10223 21473 13742 24775 21703 23104 26997 27038 5215 8739 9165 9146 11248 10400 26811 13969 20272 6494 19840 19800 888 25658 14603 9002 709 15337 7991 13507 5312 22208 26248 15981 4535 19191 14701 16258 3235 25912 23896 13460 12073 11137 306 11181 23876 22622 23097 24731 21765 3159 11865 14048 5085 14909 14608 6408 21507 7156 16962 8764 17910 21363 15129 21093 3946 4578 14923 11629 9852 9626 11845 5285 17272 6448 17978 26817 13235 16342 2862 24856 15030 6992 500 5373 454 10435 16037 7269 22237 
2415 102
17185 21611 21232 17878 5393 1677 22606 17110 2474 2479 1107 23047 20418 6844 10518 22258 8617 15061 18431 12003 19037 18475 8878 3624 6350 10411 4306 6199 20779 18048 9764 5657 24237 12519 722 25664 21750 5276 9638 27613 18124 13918 20377 18876 10392 21258 4396 8495 13668 13046 543 4391 26608 21370 18034 10134 24881 20853 19009 2515 926 6328 2889 26832 2901 21533 475 10271 15908 6373 4405 5660 18775 5324 24741 15255 8692 23417 25993 21877 4208 727 6669 2592 565 9738 1572 13650 9486 20289 21234 10849 24190 22481 4066 15111 26818 18781 14837 5514 23559 18086 
1773 102
21897 4274 14209 20468 19947 4237 11978 12332 25838 2831 4853 8080 1037 8578 11952 5965 4460 27497 25530 8910 3122 20339 11644 18450 124 13959 13272 634 19384 13565 10739 9849 4536 1643 14867 3716 14055 17016 12856 9778 13623 18894 9706 22308 23669 22024 4283 18810 18061 19635 21881 26610 8330 9560 14848 25674 23045 10712 14105 25045 15460 7844 25880 4323 8827 20912 18703 22799 5015 27161 2030 6644 21159 16332 14338 15096 7434 5002 22965 16745 414 3884 21137 8951 369 17077 5481 23984 10707 18604 25805 24232 24912 17293 3315 3164 25945 23930 25220 2040 10944 6209 
3082 102
20909 26128 8903 16965 16201 3166 20142 27280 11435 25547 13292 19710 12343 21957 24239 17041 23295 26015 20165 8826 14133 3006 10742 17421 11986 19607 22133 13348 1218 14566 3000 11017 15918 8988 16054 15660 9459 16911 19867 13221 24199 23211 13731 24185 10040 25282 12550 8543 5840 11706 2513 12084 716 16838 11305 14749 9275 23270 25642 14099 27772 14998 26359 20333 15173 5120 7123 10880 24563 5487 1663 12628 18097 3124 793 2133 18354 3383 3233 16859 3870 6852 10367 23923 13085 16921 24147 3464 24144 15840 7969 18593 14739 13275 10287 23360 23534 22499 16022 8006 22442 5124 
74 100
16690 23349 12577 24012 8744 8842 3201 25409 9152 3349 22793 17849 5374 17714 1869 16213 13201 20969 25394 24724 9453 24711 22339 6982 4960 7614 2127 6033 470 4338 1479 19821 20569 2258 20276 19912 18338 7474 15270 10641 18925 16800 6479 10202 11133 21772 3572 20583 1517 5097 25232 3082 7572 13689 5694 25839 18697 121 12466 6356 4058 12651 13474 16402 2777 21442 25653 16488 23310 1051 991 6678 26399 5468 13324 2245 8403 16202 3910 6823 15250 21536 12527 4434 20053 15426 7977 8225 19804 11803 24607 26491 26356 15529 23354 24448 2215 1646 22063 21720 
1895 101
3486 4888 4919 8469 21854 2263 18628 627 9546 22765 5582 10746 1694 23025 3109 19523 501 19619 19945 10247 4523 14988 19079 4436 20350 5620 11766 6670 8624 14335 20615 5636 9231 12362 26479 26585 9380 27481 6191 13901 14007 7735 6825 27562 7763 24193 26885 5610 1536 3231 24489 3594 5910 21872 5098 27662 2250 4463 20050 2698 9678 19530 21059 16825 8561 14506 23712 25069 8957 7220 14704 6699 17919 10058 26311 12148 27252 14850 17940 3603 22492 9752 738 10098 13005 13792 15450 8998 17360 21712 15103 18500 13919 20793 8964 2185 18322 25142 25391 8995 8680 
736 103
19287 1612 20559 20673 2024 27392 14106 14529 12122 26747 22288 24393 14833 24932 13219 8918 25214 2328 9025 24379 19046 3923 8602 19194 12673 11874 7851 9744 4587 14598 3793 2943 11668 26330 19520 6677 9433 5441 25555 21857 21392 18359 6019 26430 14 16281 21705 5856 8646 3229 7481 4975 19425 7858 27518 24673 16397 190 2505 7874 20397 20575 14940 6610 14145 4340 24694 5847 16684 20034 6857 5579 14043 23057 13025 23649 23751 8063 23078 456 24639 12306 24282 18616 22733 27686 13493 22516 1372 25956 3687 10191 22034 18985 26863 15608 4326 19507 27251 19402 25680 14162 13059 
3790 103
15693 26836 10834 13651 10543 17611 24931 13254 22613 16225 27213 9477 23685 22794 12109 9039 8477 14831 27798 13336 13808 6597 8631 2815 5270 1606 5867 11544 26442 26513 10803 12117 11167 1071 19615 13393 1898 17737 15691 8852 4461 3972 16780 21350 6939 6810 5953 18420 14509 10110 27599 1699 4655 27657 21802 23714 12478 22252 27390 20464 24658 21241 23550 24500 1997 17678 7368 512 21898 9207 24936 13628 6193 10621 11067 8019 1608 2022 15623 26017 16979 15049 22787 20781 13898 16504 26220 11183 25351 5740 15869 3997 24436 1751 13029 22706 18389 27132 6906 4103 26881 15137 12252 
692 101
18650 22906 7121 17574 22776 18309 21538 5332 10510 4408 11251 9312 1353 13823 11452 10377 21676 1704 27694 19346 16828 23520 20737 11413 16414 7429 9618 12310 18669 16121 9202 15674 16789 2908 21756 18531 10183 8048 11179 3975 10617 9539 21583 8779 3053 9753 2076 10699 23752 7679 14609 6947 3617 27771 9412 3459 3650 26200 27206 4004 4626 11555 5325 21270 25990 13374 13895 4337 26460 10773 25967 18222 17899 9777 23590 11309 11724 27097 22393 27839 1296 19512 26357 3105 21758 26223 23492 18440 25211 220 20849 25638 24565 11683 928 11655 8129 23675 13232 22290 7092 
2450 100
26578 22848 27665 22127 3847 22098 14892 2588 5208 12962 23579 15196 9262 17715 8502 14487 4063 23389 22683 19493 22189 9658 17762 9480 4441 26680 879 20923 208 13467 17709 9382 3506 17700 24464 3368 8150 20349 9153 10070 23269 13337 12982 6802 9109 24276 25608 1466 5723 15947 17187 26984 21076 22231 1847 22023 27517 24170 23975 7578 17271 15759 17 26731 8716 14167 9083 16949 13744 1574 2749 14516 26256 901 19913 4662 19172 7217 18673 26373 6760 9984 22588 3160 10890 15358 21629 23995 18260 25109 3018 16567 7137 9355 3658 3841 24952 20774 18912 22611 
1947 101
21737 11331 12811 11187 10311 2574 20084 17485 8106 13163 3707 27755 22041 9245 19275 24891 16270 25226 650 14405 26546 21894 13622 2150 2171 4742 16547 17843 24996 3290 3291 15167 533 9041 19157 8156 11846 17532 21798 21357 6865 19798 19030 26635 16954 26242 11215 2204 16469 27106 4222 10440 909 23653 22043 20301 18672 510 26247 9985 23133 8423 25881 20552 13484 5731 21542 11422 26057 10407 7150 27108 13281 3898 7032 1136 16223 15826 8351 265 18173 19317 18730 18547 17424 25647 17130 11674 5193 2674 13585 15845 19186 26640 16445 18413 24085 1187 9444 19023 9094 
1567 100
2771 16879 23682 27674 10179 14763 9040 15235 2134 8697 26166 17431 15395 27784 2591 13206 11757 22033 25274 10969 347 24603 17479 20190 3551 22640 16145 21862 27312 17336 22623 15071 8898 9663 15293 13074 5569 12915 14219 16694 18279 21131 5942 20699 13113 15639 13375 19569 7813 18832 8832 2252 27314 4977 10283 16966 21369 18024 11676 24604 26241 27135 10418 20906 23347 20157 17429 13339 24726 8429 9799 25545 27703 12441 16452 5321 5752 15216 6405 21869 11769 740 8894 10462 13658 23527 13828 1791 14638 5531 23380 20826 8831 21079 3200 20732 20106 19355 1660 11310 
402 99
1208 22443 10188 12014 25891 14001 16477 11752 8012 23334 20995 20131 704 5812 22 25335 22014 3243 16526 15847 14282 24440 26626 18983 8227 17164 24340 27572 3941 305 11398 10246 20405 24064 14735 22322 25256 17979 23499 11883 10952 26040 13471 14769 1592 27415 27359 8259 25640 16144 6702 5760 25552 26216 4565 13055 4865 6006 837 1039 16642 1228 14788 15764 1918 1260 20244 12033 22982 12338 14984 377 25405 24061 26259 27409 19363 7892 22986 13454 27170 19248 6221 23303 21863 8520 6158 14363 12548 13366 21104 22856 14318 26487 17163 26179 7999 22179 22772 
3196 102
19373 23198 4072 720 8840 11620 27833 23677 11085 19726 26224 12289 17197 23765 24319 22079 17266 2452 10227 14639 3052 13205 7997 6308 25443 5865 106 6107 7664 21407 26147 3511 27705 14507 10211 19747 4557 5066 2796 3929 9640 16846 5739 26086 16212 24499 1538 18544 11537 12836 25122 23981 2421 18096 10340 25609 655 11948 20846 27027 18155 21287 11012 3899 22675 3798 7480 8396 24249 9892 6625 4275 22758 23878 22011 13630 9307 16796 8202 7045 7218 18312 120 3195 7441 12188 22937 80 5955 17535 21692 16953 15082 5690 2005 4672 22409 3248 19550 4372 26367 25488 
1094 100
9230 9112 4419 9304 17124 24539 26776 18494 22457 14551 17629 13767 6805 4381 18799 1104 14101 21917 14142 25136 151 23802 26222 4312 18226 17804 13566 241 13160 9884 15476 9853 10096 4596 16556 20051 14489 25245 22730 22153 3908 7315 26393 13478 24133 12156 17732 15708 26146 12054 2893 7473 27831 25097 18166 8648 22053 3286 20089 9320 19428 1240 12 17472 23005 19593 15154 25203 23289 10595 19843 4252 18374 23743 6159 1739 17422 3226 26318 23875 13977 21266 24626 25052 20372 7599 13896 30 25705 18986 7537 6751 21444 25074 17564 14180 11397 4038 18687 25814 
2064 100
15122 6645 20501 27758 8159 8795 22980 27669 13784 27816 9110 26405 9335 6096 5365 23862 10566 21821 7796 14020 6943 2564 16218 24876 7202 19985 15332 25352 9733 3974 1978 27387 4498 4439 26436 20681 8897 13990 19163 14764 9871 7895 9803 1026 3999 16284 22271 23889 14235 13913 18455 26474 21482 7302 21026 26966 1621 12126 25934 22601 17809 2807 18665 22062 24600 7044 20304 17976 15610 13516 9460 20029 10431 14071 659 24845 15762 16180 13388 26278 1956 3167 21105 21738 24819 20570 9593 23233 24023 21054 24591 22422 19264 7348 19575 27184 16049 10457 5891 16466 
2899 102
5147 670 16393 12480 1036 12094 13495 5567 13855 7076 5996 3623 26903 24665 6083 6047 18943 20298 13099 9630 4265 13420 13458 12042 160 26421 20880 13769 11747 10021 26423 14379 26665 7456 24032 12298 24988 17583 12675 10615 12800 14808 23008 12250 9375 18371 22532 23922 15427 19799 6398 20749 25260 8381 4529 12786 21760 2059 1639 16193 16076 8181 23010 26120 26943 13646 20273 20465 7205 2704 8482 9872 9218 9238 12839 25924 22244 266 22508 12961 7935 13725 18933 18273 6013 24084 15097 13579 17190 200 10902 4810 14246 21245 3964 25025 11896 16539 5259 8698 18710 1137 
4172 101
26721 3356 13736 25688 27325 23890 5110 19702 20631 3110 10299 11061 3602 2001 11385 19440 16008 26882 27449 1016 11548 1526 8671 16061 27412 11027 8757 26646 12377 18647 3246 18680 13352 9542 16135 8970 20107 3406 24514 26744 4106 23834 7741 143 8271 529 17255 12424 25387 18063 5081 23740 9074 26834 15591 23261 16256 22932 17704 17751 6270 5478 13246 10378 13764 6425 8368 16575 14185 5583 10525 2689 833 15861 2676 14234 927 24540 11083 741 3350 18837 17074 18394 22137 7445 25632 15931 16790 10258 1343 27620 11475 1984 22984 17866 9887 10350 8491 25272 808 
200 102
7426 24805 22969 6226 3683 18844 10845 26026 23242 20854 13104 12018 22115 11580 3802 83 2310 10215 14170 341 11922 3283 9979 4660 24338 23671 1152 15621 5402 21931 6297 20126 7514 15972 246 3426 19663 25259 16700 19874 426 22910 3546 10014 22618 1669 25691 22722 497 8163 9394 6583 2434 5030 13342 20437 24764 23558 6847 25406 12220 18433 25719 25926 16242 9625 21474 17837 15726 12207 26542 14136 4289 22598 10732 10794 14082 5127 27525 9299 11030 13135 1161 6173 11379 9247 12102 6773 20158 161 12506 18131 6296 1404 20419 20930 23549 10066 22154 18742 25252 25712 
3975 101
20151 16910 5133 22066 18368 25029 4573 20311 16014 13222 8209 11926 6860 8083 18722 26695 17581 2576 18038 527 22203 20235 15045 5904 11522 18871 13645 807 13335 217 11605 406 19292 14119 8450 13786 16529 25210 27041 22202 24034 20721 6160 21639 22431 4443 5835 10137 7105 26219 10713 10328 26170 7739 3907 13637 9981 7289 17061 8224 5277 11281 11224 9280 27624 9689 5293 223 27692 21560 11526 8218 7383 3852 6184 27511 20371 5076 23374 6305 7277 17989 23664 17855 12453 12851 1872 14549 1812 3647 25736 17471 9712 7005 6567 4415 11122 19545 20352 2694 19481 
