85
4099 15
49651 95485 6709 35418 23707 71309 99689 12415 78863 57429 17962 73954 86868 15585 59382 
799 10
20107 83066 33927 84933 60646 26238 19108 36339 47155 72768 
1092 7
92190 35729 8711 63814 48389 53284 87923 
570 7
82674 55109 83321 12147 94078 8326 90915 
2125 9
9293 26877 22205 25343 70047 83929 48637 39682 60672 
888 11
702 34829 76466 98386 56215 95079 48746 8770 37438 81715 94337 
3708 14
41986 52823 91235 9476 65881 41745 411 77408 86838 31990 25593 68181 87137 13591 
111 7
67654 14598 22002 80646 24774 87047 56590 
2026 7
72705 17350 87184 96095 98148 50905 49137 
2418 9
10183 9182 66686 29277 55674 20155 72215 72877 45070 
2353 7
45441 92445 34811 90095 96727 95041 86697 
120 7
15639 68850 93356 49953 97675 5448 8418 
3568 12
50379 68652 25534 78829 63845 35937 39093 331 80577 887 96564 24451 
2920 7
25392 36893 87695 33034 76116 31636 68580 
1752 8
45657 91205 38217 85053 19063 87864 56131 98891 
4153 13
65721 37268 69615 680 59147 69049 20383 18413 11741 76618 9630 62951 27296 
2928 9
96433 33292 98614 67195 70762 52135 58361 68525 7738 
3742 8
21917 83878 67140 34014 7784 26946 58292 62428 
2094 11
62036 39763 16738 32922 46895 88313 95081 29093 87532 13624 58978 
1645 12
10523 67134 17237 18442 55125 39851 99064 25824 82522 4374 25765 46129 
4417 10
20665 41698 61585 79604 47853 10322 73220 17536 11443 59090 
431 6
4453 28492 60562 94847 5295 90738 
2060 7
73210 1199 80293 19052 14837 75240 80554 
3980 8
46359 47887 78724 72666 72619 69670 57878 31551 
301 8
67222 38561 32975 85998 81659 97691 46997 83304 
1543 11
47397 29228 33145 82806 82878 98432 83773 61136 35979 55259 63621 
4050 8
42476 39197 12609 28711 83412 74648 67677 72311 
3842 8
40821 42926 98998 5785 44104 93817 86486 79478 
3248 7
85034 84188 75613 53535 8906 42044 8070 
110 9
34620 4295 77002 33570 72935 25433 53123 31471 29858 
3228 10
48869 48998 69668 55131 11816 99104 66179 1950 39899 61241 
3046 7
30014 9554 9886 50665 56336 39832 52819 
5209 15
23539 57291 83232 11665 76159 95737 83014 45876 99425 80883 51129 11029 32261 97861 11305 
741 7
16585 76685 44837 87374 73937 60208 80044 
1646 7
69232 44329 52771 59322 54312 7864 51514 
2931 9
49746 73276 48498 49376 82919 12137 31414 45416 55872 
1910 15
99693 48874 79600 9618 12570 87375 71184 63049 37383 93471 33470 15021 49271 50823 33450 
1601 8
56108 55429 36721 78316 72796 48257 41061 65827 
3498 8
16104 18759 1324 63166 62865 69834 38443 14738 
125 7
59419 62204 38299 54706 27061 77872 36351 
377 7
9822 96105 7970 53115 96206 28240 86275 
337 7
87258 71779 81771 49724 2905 91374 53444 
374 9
4643 80297 92008 13441 13582 83475 69071 24776 94229 
1119 8
13850 43369 14607 34855 88769 42330 37006 16068 
5177 8
35772 41631 90410 22087 729 46559 79777 54730 
117 9
65771 82437 45147 7508 50186 11464 54761 91991 81452 
4393 8
59495 89091 15823 45156 3212 48915 23170 50592 
999 7
17551 52843 67645 20318 28802 40218 83837 
3285 9
49869 1380 59771 37979 75841 99109 11662 5778 7237 
1801 10
25240 55311 67835 64774 41843 47293 96939 71304 93892 56074 
4727 8
96318 3209 95731 90963 17263 72188 99303 7210 
729 9
23632 86701 31960 60801 43081 55042 33489 71610 96475 
5094 6
5316 86778 75608 91209 21072 69492 
2156 7
74412 11640 68207 23016 69596 45752 39130 
2149 12
27019 50627 68846 97032 64631 32489 22259 86548 6428 82421 70166 10166 
3704 11
62656 39441 31080 3121 70695 80404 21832 14386 90914 62220 36041 
5543 9
21659 12413 58032 5489 30294 4684 99366 59866 37922 
3527 8
87400 35129 14734 56051 97241 55206 27458 10656 
2736 8
44095 78551 93964 26101 21224 47549 28141 99727 
5198 10
41534 16058 21200 83009 93548 69297 42697 17149 25786 28310 
3088 8
87376 53279 74053 39144 86704 78881 60988 78573 
1094 8
59050 1658 62779 73703 21746 51270 96559 23747 
1383 9
48799 31633 74769 84696 54576 86074 87396 96567 96187 
699 6
55444 1257 17326 43584 45267 7329 
3663 9
56423 6779 31989 63344 43980 71211 98938 56882 15083 
1186 13
14078 68718 18672 37590 99881 87961 20415 71586 7465 13859 16244 78770 12515 
304 6
33402 97746 72631 24173 344 28977 
4932 11
15152 61722 13890 2150 32463 95799 91658 74643 61285 190 16289 
2908 11
99563 79859 59740 90115 49298 32805 38571 25848 5612 30676 38105 
4654 10
59332 80084 45777 38026 32396 68451 77432 85550 29375 96951 
3352 10
37367 59225 15902 53711 26598 99754 9096 11823 130 62119 
3035 7
55595 75966 41082 33249 39482 78782 42325 
3555 9
36316 91373 6031 6671 25980 85386 63993 76426 58004 
1224 11
72744 99974 81249 2100 45114 71161 12462 26856 32904 18485 11427 
3689 7
21610 80590 41756 30271 3654 50008 24586 
2806 9
37742 8726 30247 9251 86714 19780 61183 44902 71028 
1716 8
28241 62555 90072 31805 357 96766 56840 87990 
4118 10
47706 90157 20185 17834 25548 94925 83139 84119 30111 51239 
2922 10
39624 97095 64749 78248 55126 3873 91346 3043 98777 37473 
1923 9
83251 20948 87033 71313 50353 23294 26361 85407 39990 
2324 7
24167 13706 62033 44639 43573 4963 71013 
348 8
74893 77947 47237 32772 12793 14821 83781 70515 
449 7
9381 33241 20939 81806 5972 96990 30205 
846 9
572 83892 46511 59086 32720 27290 67733 94774 23436 
4806 9
96489 40079 30941 41342 24965 32837 62417 59546 83586 
