169
1575 1
63800 
4225 1
33814 
2189 1
81964 
5864 1
77789 
6363 3
52679 58799 73074 
4597 1
50941 
4281 1
42716 
8300 5
31661 13876 9519 22760 46200 
7033 2
51911 15247 
5727 2
80015 37656 
6580 3
3544 11685 1606 
6407 1
1875 
6083 1
6034 
2102 2
90148 64913 
3284 1
40793 
2804 1
47065 
3583 3
44542 47407 60000 
6632 3
46292 65424 48202 
4848 5
70500 76309 32925 72935 28552 
8750 5
12207 81506 28789 20174 29203 
5055 2
14377 35068 
6051 1
17262 
7258 1
2792 
1837 1
16813 
1682 3
49551 44480 52074 
5906 3
51391 9103 65281 
10 1
74742 
2319 4
27801 53498 31229 62279 
4931 1
77902 
1521 1
11895 
2993 1
38559 
8487 3
72528 6027 52494 
1728 1
29857 
5331 1
90566 
7204 2
2854 66899 
6917 1
47855 
1218 1
37690 
8745 6
52771 83902 47288 43733 28887 40206 
3819 2
81350 20561 
6043 2
66336 89911 
2956 1
1071 
6573 3
43217 11629 50886 
5775 1
53175 
8253 3
31517 5271 39944 
7727 4
84540 65896 3535 56520 
727 1
54973 
495 1
32975 
5053 1
53582 
2461 1
39473 
5547 4
69327 71253 58274 64978 
7144 3
4536 56005 77722 
1341 3
50426 88841 40566 
5583 1
53415 
6807 5
6508 38250 38944 18017 67659 
2637 5
90773 44289 62263 89616 67218 
8178 2
44620 36282 
1846 1
90767 
7828 1
1204 
1191 1
79152 
2618 2
69087 13393 
4777 1
77885 
4238 7
45467 76825 30357 625 41822 9687 14092 
7171 1
6197 
6496 3
31572 88619 70998 
7329 1
80563 
2977 7
71769 25349 79685 8387 69383 7706 36288 
2137 1
35580 
8284 1
90435 
2269 6
15310 23451 40867 61335 17332 8612 
2027 2
10265 6674 
590 2
86818 75146 
6335 1
10496 
3404 4
4275 44227 20157 71034 
7374 1
88804 
7167 2
88443 69255 
1700 2
6286 32016 
4409 1
64098 
5275 5
8901 30442 19610 65251 29778 
1607 1
7780 
2808 3
76063 23890 77911 
5072 3
41793 68402 24395 
7491 2
16538 19877 
2720 2
45855 88123 
6096 5
91179 16096 27587 4394 45104 
8035 2
30955 18817 
6765 1
17172 
2129 2
782 15733 
7859 3
77192 56081 22877 
7256 3
57923 55506 73142 
335 1
52510 
6515 2
58457 83647 
8087 1
31260 
1639 1
31465 
6497 1
68314 
4800 2
80632 50825 
3544 2
17067 25858 
93 3
88552 11118 2724 
2614 1
50773 
5316 1
42195 
67 1
9588 
2409 2
25505 5961 
1518 2
25714 30997 
51 1
49843 
3346 2
48804 38283 
1604 1
1387 
1655 3
65838 25960 44767 
2718 1
24586 
3306 1
60721 
1 1
44645 
455 2
19852 54410 
623 2
55890 23501 
2307 1
46723 
4054 6
22076 17957 4441 18736 66639 31942 
5342 2
65154 57712 
6978 2
54298 37713 
7492 1
23519 
2314 1
87935 
840 1
34014 
7734 5
72698 65207 49573 16723 87808 
8642 2
39113 84212 
4650 2
6194 82274 
6485 2
86995 79714 
8657 5
10089 46634 12027 84847 60918 
2929 2
39885 32286 
5624 1
78499 
7675 4
78994 83681 50579 26634 
7173 4
36035 70170 23848 47192 
5939 1
15525 
8308 1
62647 
7977 5
26570 73761 77599 22645 5781 
74 1
11 
7904 2
20903 49627 
4050 2
31542 25287 
4317 1
88702 
3270 5
22731 22231 32227 11409 8656 
2554 1
26574 
7935 1
63479 
8739 2
7324 55980 
7669 1
21948 
7398 2
41631 50020 
6113 2
50582 13669 
762 1
85451 
7772 2
43143 17826 
7219 5
90330 86567 60425 28518 60243 
2104 1
41336 
768 6
23420 64319 82604 61446 83157 14726 
2877 5
42129 88359 74476 52593 47371 
6822 2
10506 61264 
2378 1
42909 
7099 4
46825 34587 22911 37600 
7993 3
83839 21883 41247 
8604 2
42168 491 
1404 2
32790 40354 
6290 1
90246 
39 2
65368 23747 
8133 1
13031 
7124 1
10513 
1856 2
23005 13139 
8503 4
78235 2185 23523 91032 
5772 3
75501 5064 112 
5262 1
15160 
793 1
55711 
3918 1
35941 
6458 1
71647 
2263 1
47563 
1594 2
41484 6055 
152 1
62088 
5768 2
68276 2037 
2793 4
10872 90620 23160 15991 
