164
1459 5
16397 83235 63211 3912 44258 
315 4
77577 30019 31354 23341 
1207 2
70038 25697 
2189 2
62584 20127 
381 1
65660 
1948 4
86445 30427 82878 78307 
389 2
9159 21792 
481 1
16496 
2778 8
65507 43957 9864 99258 61198 36568 23029 68063 
2695 5
56726 48330 85672 79161 75081 
1941 1
28962 
1149 4
90843 87994 72601 14088 
1622 4
93255 51987 23432 85806 
3578 8
40045 70529 47731 82231 80209 35850 972 7705 
3171 4
48566 88717 93133 8187 
1779 4
9259 42272 98363 20632 
545 1
52823 
631 3
29283 36906 68683 
3164 4
29767 20868 25009 45656 
1069 3
45422 62327 36839 
1724 3
34461 98478 68864 
1982 2
22754 66585 
3382 1
87074 
1004 2
74251 14681 
2444 8
45573 82265 29344 7265 50071 22415 69133 86164 
714 2
96713 61157 
2871 6
38804 50544 25205 24550 76595 80680 
197 1
88591 
83 6
40046 20934 93833 16997 42736 32927 
1809 2
72624 95447 
1343 4
33947 16892 67048 43089 
2790 3
35422 54247 65201 
3283 3
25380 48400 68609 
1373 3
59479 20633 92832 
393 1
85985 
1180 2
69172 65685 
1999 8
7833 65148 1296 5387 84954 73887 19759 20759 
2095 2
54876 33657 
3131 2
29993 47111 
3101 6
81820 74911 71313 80011 48428 58464 
935 1
24946 
3421 1
96038 
2123 2
32765 37601 
2204 4
21591 6090 92837 64497 
3172 1
32844 
2652 4
91373 80779 45507 77975 
2028 2
82104 22843 
3634 1
63839 
1912 1
88937 
1416 2
62156 20850 
2966 1
40097 
1493 2
54347 41344 
532 7
89802 61201 13756 22158 42522 92110 14728 
5 1
20337 
301 1
94475 
2390 1
41308 
1283 3
52836 9105 61983 
2124 5
71491 56714 33506 78182 91331 
2598 1
78683 
1323 3
298 77854 43368 
2795 1
58905 
130 1
73177 
2472 3
47070 50366 54540 
2687 1
74333 
3176 5
33888 67826 28612 14748 37613 
1274 5
60052 443 90685 79222 11255 
926 2
56418 3053 
2092 1
39666 
2285 4
45064 73294 47933 14099 
1613 1
1739 
538 2
92391 16530 
841 1
14717 
2088 3
8135 23008 56040 
2160 5
59005 95023 36636 52151 17184 
1668 7
33961 82259 40495 60022 46905 19499 67488 
511 3
85887 9557 74808 
2190 5
30096 68648 8928 46274 76970 
3221 6
49881 7395 157 55312 66281 28617 
338 1
17111 
2348 5
76463 860 87831 60514 14296 
3417 2
39796 47996 
1896 2
30329 92618 
2039 1
75608 
2301 2
30246 67244 
98 5
90069 98482 69117 43276 43615 
645 1
13117 
2398 3
3995 79000 71005 
690 1
82111 
2166 4
92946 28379 16565 27015 
55 1
42077 
660 5
28305 93499 25811 21719 43138 
655 1
61834 
1290 1
21277 
2902 2
24150 5689 
699 2
90757 77377 
857 1
69880 
497 1
20113 
1793 5
3642 25122 97956 85714 46383 
1449 2
59651 19463 
3580 5
33197 17227 61777 80293 86609 
2496 2
73362 99027 
493 5
28185 92696 87374 74287 10272 
722 1
47892 
1960 1
35018 
3267 2
503 53221 
659 2
47800 12222 
2532 4
80605 33299 13990 81383 
3066 2
71151 21103 
1745 2
14094 10490 
657 2
95414 52878 
1821 5
23315 22891 86075 33812 76599 
3405 1
16897 
2133 4
82704 83046 31726 48781 
2113 1
40204 
3437 2
89638 59533 
3360 2
83522 44002 
1300 1
29033 
1409 5
86904 55330 48743 37121 85490 
3656 2
91806 39329 
4 1
40635 
809 2
88857 25743 
2557 2
64740 80088 
519 2
81452 60991 
2841 4
96098 12344 68901 79850 
1520 2
35749 37150 
1770 2
86716 37915 
1165 3
88181 7312 54669 
3667 3
7690 17618 26717 
2937 2
50788 22643 
758 1
31636 
1530 2
52045 83648 
2061 6
98539 74531 70754 14627 49679 79215 
866 1
69740 
1084 3
94461 98661 7488 
2706 2
40521 39226 
1987 2
23855 85017 
3503 4
95383 98974 3961 59693 
3659 1
35963 
628 1
61170 
482 5
77067 5561 82802 42799 54132 
759 3
96050 86994 57484 
2313 2
510 2530 
3638 5
7874 4013 78401 55071 76736 
2351 4
62534 91086 26256 68587 
679 3
12703 15360 21280 
3159 3
76550 97975 85346 
1406 3
59238 51011 74146 
2210 1
1599 
2757 5
54619 21850 99140 58715 75409 
2417 3
70932 88053 88445 
666 4
83331 80704 36920 3415 
3140 2
8518 27556 
2400 3
85445 16988 53604 
878 7
53989 69725 34844 41072 4185 12591 50824 
3095 3
14005 19168 24765 
1489 4
90662 24185 58452 64515 
1937 2
50067 67450 
2381 2
68631 92954 
2553 5
97332 71644 89458 79567 46569 
1584 3
79387 62826 76598 
1159 3
83174 96989 41152 
2826 2
62773 80633 
3136 3
28926 75941 85528 
2115 3
86734 60901 35363 
