148
340 30
82957 38774 84161 73453 11829 83139 43734 65993 40015 53507 53522 57936 85853 55211 96344 85483 23905 72471 919 14576 3862 52500 53716 62311 93030 30156 7964 6338 27156 85165 
395 30
70611 14364 98292 48771 55836 65687 86276 9691 41646 81792 17841 8263 21020 49906 9299 45631 12234 48741 42393 79899 31077 98761 49356 27801 72926 55082 74739 97644 21586 55061 
471 30
69147 45353 97200 37512 93715 37737 92863 58508 99413 24481 97781 74251 86141 64618 44442 22894 27354 63392 53247 15720 71710 83108 74871 79151 57958 77627 66322 4014 37059 66708 
1226 31
57225 90057 10656 93448 66879 74827 44138 82207 86545 34606 32069 92059 20832 22601 4588 94438 18564 85698 6243 28195 39124 43970 57270 39588 90003 4230 39918 1420 3667 44702 1094 
1582 31
81296 17658 60837 45398 75830 64653 67550 32505 76718 17079 9357 8547 81473 82829 18949 75671 82876 59974 69125 909 95147 73330 30674 77365 82386 51723 2862 65281 78076 96273 13622 
1116 31
75784 3601 98544 35437 24711 54502 94439 56495 36485 46132 48760 73712 41802 85093 16458 13583 70631 79566 40275 65258 37769 50975 63892 29315 46203 15464 64940 86843 84539 76553 89399 
1515 31
20733 47943 38768 6902 8754 39534 33596 41591 90046 50905 12860 50124 49797 20029 33655 79237 59613 85579 99218 52574 71808 49481 16288 82083 40929 2240 64471 7632 37168 68175 81052 
169 30
89413 46969 39891 59913 36383 96166 90785 30003 51059 66570 8796 36215 45745 53317 82018 21353 16022 84508 72097 92293 7623 93305 72365 81317 53265 95389 14114 91755 68081 42821 
552 30
38827 29781 41976 75773 16331 47386 97496 29584 95432 41272 35468 88920 52835 25166 74753 31000 47298 23351 66326 61828 16516 25037 83439 37467 77875 16850 4609 20502 27981 84944 
420 30
53466 67258 31632 89677 26017 20389 37665 51287 62890 19110 74392 29842 67371 22732 43390 43004 2397 94237 93214 16601 22624 36788 11794 22888 59423 6085 20028 13988 55087 33807 
350 30
38457 3790 36644 96107 71172 77068 30568 2264 67805 57676 84125 77069 54053 20482 62966 98122 78162 95005 2437 2324 24980 97398 85341 27121 3589 26029 55053 86978 35401 71065 
19 30
48335 27978 48471 25976 79547 10866 6016 51312 63500 52804 52935 16868 65130 36617 52758 10839 59012 34434 75129 83390 70601 57868 78846 80550 10720 79016 42696 3237 73910 18261 
379 30
90079 89528 66400 5052 30888 32583 40041 90880 79552 95620 17238 41188 22810 20559 48388 58178 33142 59540 82922 43704 53764 79099 82037 79763 77820 43272 31387 50446 47249 29447 
190 30
26669 15207 26083 73247 37859 22472 98940 98065 7677 48550 70876 45561 78943 65948 93542 97720 45869 75718 87383 96967 43299 47495 82544 37200 61556 17360 98309 68718 67117 34714 
525 30
19697 50963 66859 13131 68847 67066 87069 30855 13933 36754 5015 6278 76881 7761 61929 89765 79410 23770 29417 25144 39114 51085 15309 93347 25474 24391 93456 64485 99282 42820 
207 30
35964 39229 91085 67395 1854 38992 31815 38118 21240 40942 25105 68254 67880 78386 26062 99247 26178 7701 88122 47598 67226 65423 17086 34761 96705 37002 69738 76300 68377 72473 
1453 31
84632 20888 97887 42723 12012 93101 45374 11095 14646 67265 88028 5662 88141 82227 14672 34992 38778 36213 9308 49523 190 99411 13065 71115 37154 11292 2089 80018 59837 98811 28467 
709 30
10932 75705 76373 94080 3901 82812 50423 62105 18691 43562 84175 40464 42215 10270 8631 86422 8340 67976 25770 60240 9046 34445 82575 78572 74962 85458 14250 8487 56319 21056 
534 30
46421 95556 81611 18664 83444 74698 52166 2627 37561 64928 49904 36836 99537 34408 25274 19471 81977 93356 86722 49036 91970 57098 71559 11639 59262 40411 1899 5465 35277 88573 
1306 31
98721 50176 16185 89369 64347 1208 22620 8271 37606 85261 30824 86078 16982 20720 85277 28410 63325 6771 25836 71862 91096 66592 82854 95053 70137 84212 23433 72019 30395 19778 23723 
1008 31
98118 95883 95714 81967 97875 20872 48189 45793 98311 51214 97247 61695 66281 25727 37174 29878 89526 84788 63858 49536 76445 48732 72437 75794 90904 1790 47242 24952 57605 98439 90421 
1690 31
2074 14778 62189 54435 19105 88299 77058 41191 48667 90361 51303 8262 68577 79582 88137 86600 19006 60586 25433 7016 14992 96055 37846 43270 67836 85106 84227 59802 30792 68984 19114 
166 30
95790 66800 56805 72344 19212 36375 33914 99997 16928 72627 45468 65225 51656 94318 84963 4564 22928 38137 80558 39734 76214 81145 85614 98690 95373 70285 23341 5068 21676 17675 
926 31
30972 62135 85762 64970 17633 92289 56959 20293 68796 71061 90088 77641 368 22738 68667 19321 85460 49681 17916 72095 65821 40147 61303 69463 39385 78093 79114 42236 25532 30771 10648 
216 30
47530 8742 89126 7525 61877 46026 41554 71006 22575 67752 84848 99629 20478 41698 54926 87679 67098 71201 91134 95601 12612 48631 73113 12939 69541 8688 3286 36058 28559 88344 
98 30
48482 2934 42954 25639 4509 37517 38971 60266 89832 52079 17448 48791 89156 778 9638 37300 46130 35116 87472 92090 11625 18014 10768 82908 98436 99857 86633 62809 84741 35834 
1557 31
71586 67607 42061 38281 76101 88873 11813 83385 83491 49084 37159 97205 89223 31329 6856 43890 2565 99952 49354 55238 87831 82743 94093 47683 79224 40372 30804 5258 40952 32253 33086 
382 30
95519 12043 75605 21210 5193 37957 80376 14513 50738 6613 64198 23380 21459 940 13378 15047 55702 21927 72295 99638 99703 87660 19309 3813 2737 32216 57189 42059 50109 48690 
443 30
39358 77786 93351 58928 10871 41015 61007 79671 44440 25461 93044 3873 89393 30518 39380 18693 26682 62717 73729 95434 78954 14928 39465 6074 85039 30418 43980 16152 22163 80634 
238 30
8067 42980 63781 63240 60136 51183 28679 92939 48274 15703 80614 54700 6500 88787 76336 47953 79200 85265 66357 59968 58836 30594 52812 7068 38776 84730 74443 34664 18630 62225 
1269 31
62910 1126 35326 32732 41012 49493 79468 23264 64906 43620 89268 80786 36378 69493 37973 90997 77498 42299 34717 98013 86750 84274 51975 12022 81495 61766 53706 5204 7678 10091 10630 
1560 31
69785 258 47708 18509 20463 21265 91421 37463 84933 8449 5276 70226 78733 97068 78738 47413 91423 97485 10216 78240 33615 32015 57663 65353 77846 67268 48163 9929 94805 78440 90432 
568 30
60451 33616 49473 21343 56155 17671 68658 37239 48447 67059 19555 65463 25054 95675 74574 4757 99709 38262 50523 76426 71638 73714 88309 91616 27053 31190 99146 92485 56381 89403 
438 30
31498 87131 67713 42117 39659 65228 12364 27002 64349 17949 64770 11748 81752 29040 12544 16875 59786 46124 1002 57388 21292 79572 60807 99057 69358 65070 65362 907 18031 12973 
879 30
5922 7192 7009 75033 72767 46062 69272 11966 36989 87508 84150 24431 22908 96152 59705 69833 15591 51628 27249 10574 61220 9823 98238 69574 83343 1581 73993 32481 43312 75405 
464 30
12718 88975 93186 27923 30056 97032 51171 37485 72376 70016 68042 5692 89784 77229 32777 97888 35395 25956 1072 41200 50499 86250 99510 90597 20999 4411 82436 80416 75393 46206 
963 31
76671 79801 37719 39517 84961 34375 19198 1863 39041 50150 50822 96502 80286 61366 72547 96613 92515 16453 50755 85068 84623 45663 57403 57333 33444 81779 28608 43847 28744 51981 8056 
1396 31
23822 76435 84282 68878 22243 29958 47459 52502 64905 4044 68303 73097 45780 17178 71841 78279 5574 28928 65991 4220 10151 7366 48694 64090 29458 93801 28705 99316 29514 6506 5369 
1157 31
23708 23014 8497 14112 9456 73658 57421 33664 96060 28870 10169 13815 15074 65927 13713 51200 81628 69520 41832 96025 39128 4038 11579 9885 27319 82639 80093 13801 81225 72835 73790 
665 30
54835 80632 74261 50954 97676 95023 49062 87743 97250 92824 11388 50543 7885 37150 25001 96763 5728 54101 97657 49394 17023 95038 84777 43428 67297 65931 85998 96648 55522 94083 
177 30
28338 5564 59165 10040 35099 40928 71481 37098 19407 33044 88375 58118 93872 98442 78763 24937 36340 21969 5733 81125 56516 93143 61880 53543 38874 90568 95785 21093 53246 9412 
491 30
45762 89840 71057 59396 46017 46485 90690 97718 41336 83916 60507 64500 95126 30813 78945 27186 46545 77156 23153 35672 26776 2990 14894 90699 48193 16742 95904 73448 86794 82124 
1187 31
99751 82640 1403 65177 51378 2016 83959 27916 89544 91978 77100 31187 35422 44272 32628 36298 51583 60441 64132 61392 82346 41870 59355 6690 51965 57271 16903 44293 99196 79271 61446 
104 30
80028 83201 59520 14808 63546 22433 25501 94041 26397 55753 8264 21581 2466 10915 9857 78618 69973 3184 3647 94367 22206 50676 27702 64643 75455 28245 20674 43789 71689 85885 
182 30
54627 98057 28439 9864 44908 92560 41846 49656 36102 14467 98982 44358 96041 64461 38129 50206 39070 91350 17389 99967 23364 75173 11866 86878 31220 43243 73580 35583 87737 70791 
81 30
22043 14675 71504 56889 56012 96534 73908 10016 78739 65871 39902 45328 7978 31784 77133 74441 77557 30698 72411 50016 13805 41709 96169 46975 5202 9119 47858 43372 65092 97003 
440 30
83442 59694 11594 47094 91135 63462 31173 15055 94456 72074 57670 21503 79810 45713 3868 48697 38702 87676 37166 34733 5037 74022 6322 7010 40248 67062 71958 70624 59161 55461 
447 30
51002 11471 68298 31353 98755 88566 64669 63017 94046 45417 34316 9579 48841 39030 69026 83044 92809 46714 7527 49865 95918 57106 63518 50434 465 90678 88772 51290 27938 88746 
1430 31
98591 52243 44974 60219 90927 85522 2231 51864 18360 13760 53243 70988 40202 23285 1689 94039 36913 92005 25046 85308 18344 19577 47615 13592 41169 98059 4689 9466 33674 99731 30000 
444 30
26778 27364 5287 25533 94282 93391 39143 68255 70256 74987 88903 84496 72159 51520 11418 39312 61960 70807 41630 66537 10513 79309 18117 62047 50565 40732 5123 40801 72575 98123 
1148 31
34240 74408 69546 2764 29993 36672 17697 17516 40487 39106 41972 4621 17008 50721 73882 53984 40131 5875 5883 6937 27546 80246 9850 26514 32337 20879 67631 37695 22316 45346 99136 
1682 31
52127 28553 58948 99462 41121 14155 28138 91406 84824 6267 66623 88314 99850 25924 93221 90025 43336 78300 54441 31605 72665 5139 36223 73080 79230 18734 30883 69054 25599 59086 10772 
721 30
66603 48381 21495 98850 47852 31057 82337 46965 35794 92092 17654 34484 70608 37222 5479 97187 52296 45646 93841 62488 76674 20902 72431 54723 16238 45455 33997 15320 43361 30108 
398 30
80282 87033 47558 13480 41120 22697 45704 22708 64850 57341 86361 30635 40392 47069 5766 74691 46336 47623 63706 76908 55190 71432 26786 14835 98304 54644 25374 88358 35572 75296 
414 30
68148 78072 11288 44715 88803 86006 68804 58837 83755 91157 19940 56321 38166 69975 91831 14464 40948 11068 46145 5630 53616 42755 28568 8115 88183 56771 29339 44965 61991 5860 
289 30
62419 49085 94155 31951 62349 32330 41966 10106 63460 55868 24779 62441 56857 37073 83488 59777 4073 71147 79971 94050 75067 58442 17177 14453 6463 39912 31727 78371 93881 97479 
375 30
41748 22067 47392 83720 81075 69826 29038 63923 47357 19669 23801 15097 28400 71911 70827 80482 92549 94431 65492 14763 78268 16026 64536 73290 45492 68733 20580 58472 85438 67827 
973 31
8144 21048 49038 70721 12777 73155 33823 75836 39785 75434 85300 78784 34789 25437 20668 67936 97486 12469 14007 77814 16245 6054 6869 61408 21339 39988 19395 38323 23479 46359 79982 
1532 31
13637 91428 31692 348 14115 15335 64378 987 57187 39310 30334 61098 32405 89690 80046 29296 71632 54411 98924 67512 47577 16771 62567 24885 35981 28146 15303 55318 50205 44772 46178 
248 30
27042 56253 62943 65703 76068 40479 65140 11162 92736 6599 51387 54375 5448 44084 54445 43614 90498 95137 4107 72266 48810 30309 51190 38437 16774 13667 90064 74388 75284 22340 
1124 31
47922 33272 93350 69659 77017 12423 85907 56811 9403 30886 60969 63396 70247 50118 47012 42458 60781 1119 68981 89253 61513 35538 7939 54869 51876 8797 650 49526 34944 30745 13989 
55 30
87258 69899 31698 38186 25837 27443 82638 89512 170 93805 64929 46612 82244 65686 495 58154 76990 68188 22331 2112 82884 61244 66581 22925 5105 33696 56484 19583 8312 98334 
1248 31
14871 98659 42828 18637 89520 46717 23769 47489 56171 91671 19754 57872 58298 46045 66462 72335 34473 20200 77088 48129 56130 2611 5566 92823 4962 61078 1630 98780 46228 19282 77558 
208 30
74220 60070 70708 56756 68131 68638 64542 71799 60550 4897 47217 44182 23468 59059 59117 42004 41739 68970 32809 68655 83740 65324 73153 61370 82125 1804 87140 29393 99428 42443 
148 30
54482 87795 4246 95989 66864 57214 72056 4668 8988 90865 53975 31269 6423 90320 96732 39573 54236 32531 65943 42426 25290 93808 24500 85911 54310 66170 13107 45395 99144 91622 
1127 31
81412 47292 60963 52144 69451 24065 77274 33074 66409 42216 14437 10978 19037 18557 74229 69206 17700 14107 43543 55327 45136 37670 21655 1409 22008 73442 15964 14309 64699 89529 16554 
814 30
33908 84946 81619 47844 32696 84704 25593 51966 83584 26984 42503 35486 72336 8242 55125 18114 60222 83411 72845 64851 34584 4982 34702 19770 10785 77584 22467 1474 70873 27683 
1585 31
83960 82400 78424 33559 51047 75181 49332 19686 31338 5951 43133 47920 38906 71558 25680 19649 91986 24223 54207 92836 64581 80763 66573 14759 10857 5316 28036 15102 87267 72397 52475 
352 30
55637 48790 56863 10991 4682 83129 87186 97025 58573 99616 91876 4545 79523 54218 85596 34325 64864 55403 70674 40738 40936 72778 69192 70398 22748 67734 41125 38119 95586 94462 
402 30
78505 96756 42970 23514 95908 13950 16205 25338 27365 55526 68898 84655 65326 60385 245 55707 61970 27477 8916 98216 42534 38621 80241 9459 28297 20405 30077 41725 24328 16186 
1461 31
70976 27397 8423 42935 72059 70933 12288 93611 54477 25791 23933 83771 21751 70459 17032 59900 5523 21872 35359 76083 38687 7035 7535 55945 98784 2527 61933 89540 54391 54584 46460 
658 30
43290 88671 6980 64196 30313 78324 74624 66632 45130 38452 81483 85059 83515 86769 43758 6527 94592 47382 19713 43954 84312 46002 87770 64406 31527 23589 43861 28031 82663 14332 
1377 31
6504 11375 78113 18429 13273 38340 91817 65657 17910 31336 68755 35279 30581 91122 90713 97334 72559 43801 93275 85391 93771 84968 42123 98473 20391 53394 43476 44486 85595 5666 15432 
38 30
62629 97740 55711 69518 65667 42611 56582 93242 93315 65552 26724 16706 78833 73791 82817 64990 81968 33723 25799 8667 59562 92077 42313 37873 38205 37609 64634 98558 33409 66528 
89 30
5391 28885 20239 3243 26025 48031 64792 38135 42774 35303 20735 14575 89875 92898 53109 56415 45522 95210 5270 59461 23414 80494 39980 64950 83443 52324 85498 7311 51329 80980 
490 30
25921 90537 73185 54299 99055 21491 10804 97383 78369 25206 94967 54962 94348 44843 31238 71910 19814 99718 65921 13453 7179 62138 67120 81774 73725 38436 89953 5078 32585 48395 
1683 31
84762 84391 56261 23143 28354 35139 61674 34089 89138 468 381 98040 52561 91668 1059 80514 95563 28382 39689 83622 12474 79977 19977 71836 68514 85561 48649 28302 98993 16441 65517 
715 30
12208 51466 87943 19638 62232 46511 72370 78074 20112 80032 36889 95412 90947 55957 16242 87438 52490 24360 74425 15145 44193 31201 17789 43761 12708 41092 98044 66449 267 18209 
1167 31
33296 95905 99030 18968 71377 64506 568 76119 42212 62355 13394 94161 519 30535 1513 96225 57413 97438 88719 35171 44079 80065 59979 66410 10193 84671 62882 28050 45986 54256 4197 
318 30
18774 84544 40370 121 67576 87307 36434 41532 46667 55325 45778 23150 42071 73762 91850 85732 84233 74965 76175 96446 37046 94301 95598 69178 87885 82023 60916 35191 74375 92395 
1224 31
82583 58097 57817 24283 82280 41886 28169 99113 30515 30088 29171 22728 92055 30112 6058 36588 77223 78403 69796 86412 16127 96443 69191 84899 64668 48854 74097 53342 53092 75426 86285 
18 30
12064 58772 50551 81200 85828 15174 42270 51198 313 35513 88451 66713 69576 72311 4269 9974 46184 91319 3499 56239 23443 10165 5528 26530 29708 95055 65471 80259 13673 89545 
512 30
84028 64324 55768 22578 15485 24646 72217 80293 74206 88978 42552 85491 80523 12084 24623 11602 97969 28964 3633 64600 839 3196 88223 52793 3035 79079 29486 43249 62594 27089 
582 30
77651 65008 37101 90041 98377 71596 54201 79704 93007 72551 21345 81481 40960 91677 55523 32418 97182 44761 93939 46791 67330 57364 39837 39261 30353 57107 80371 36592 6123 75983 
965 31
68549 54921 54344 58742 96459 12506 69742 88871 66140 59131 14386 70400 33132 51044 18207 99726 29965 88560 22188 93267 19229 45999 81078 40890 6271 60491 65694 19241 83174 7807 81889 
295 30
35588 7990 13129 26539 4312 5414 43938 76057 93257 11034 22815 54950 72035 36233 46451 92563 42748 93519 9758 78639 25786 86530 13393 25265 55268 69479 97734 7048 53703 23376 
1196 31
79308 51888 37476 92652 57335 95235 84086 12639 48551 74391 45127 87306 62206 45190 78349 65035 20794 7566 25291 8159 3801 82108 33703 9524 95567 6774 59854 50235 54821 67387 52608 
1689 31
11949 45530 7066 17246 21594 99546 8616 86482 72178 75652 51151 5800 39240 69382 41486 17076 74557 61230 1217 19227 46445 37730 56653 96061 27131 44292 4251 57269 56835 81361 2999 
1414 31
38360 92711 14674 74628 31779 72539 7190 42700 99228 86989 44297 33117 68419 58629 32847 97461 67287 50208 9991 67163 56457 94782 99764 29309 62503 90250 21934 63972 31617 56591 48812 
765 30
7095 30865 17563 86228 30548 66694 41048 1768 30106 87706 6324 93085 53983 74485 70560 97636 97000 89267 26224 66758 73744 25489 80927 73895 85780 86957 12075 76329 41655 10913 
1638 31
58949 81975 22253 8254 97555 9675 82750 34828 98960 38411 46716 9628 29745 41968 71959 80914 39665 14776 29811 16562 78470 99281 5740 32432 42958 95744 71531 82791 51475 54307 33871 
885 30
73766 67373 1819 15532 89836 24374 51732 68489 52099 43766 74222 99232 59191 30020 24645 57489 56960 41597 40216 12089 17520 13763 65314 27258 44282 92941 1885 49213 64335 66001 
822 30
49424 73051 98153 44737 57791 2665 23174 57809 84657 7492 2049 15414 20271 17804 33897 15737 41206 21361 2189 50211 33722 62474 93898 67333 15706 38067 95725 76931 13516 51103 
57 30
4637 53130 10188 65982 74304 90547 43934 3657 78558 84926 53610 97680 82003 19640 98158 13311 34147 75937 11723 14870 70670 16967 6954 10060 22883 42544 49838 82942 77525 73995 
200 30
44791 51253 22194 92822 84379 77281 20869 68771 71452 47793 86874 21132 64353 51521 50730 41957 32924 25814 8518 84200 77907 15471 4478 67325 37808 35579 3787 73940 80801 51203 
1067 31
84333 21261 39991 13907 71851 5214 2986 35015 28314 32437 57163 46706 31937 80503 93208 42805 23610 75544 69587 32267 26040 63465 89575 59916 43202 63406 91751 16792 6252 85387 21402 
1066 31
28826 17358 23506 39619 54702 97906 52965 68518 612 67606 63430 99110 68072 55777 36327 82326 90871 70671 43384 66297 50612 88279 73989 43167 95513 77469 21037 56913 36044 40173 90823 
947 31
61360 29540 29443 13643 1426 14168 63223 50084 56623 29210 49583 61452 31626 94365 24417 21831 28402 98414 43010 70194 42764 78529 16011 75308 2909 6026 79594 58105 743 50052 48935 
1567 31
22080 70522 7858 54292 16892 9390 66966 13159 76400 68474 48886 58768 87467 40543 53578 30766 66776 3755 22583 81739 40071 34119 92641 30653 74720 35199 47602 58630 28838 64060 77147 
686 30
80062 57078 47974 92450 82885 55904 77769 56203 40542 98481 63814 60747 64029 44679 11010 88257 50212 64711 40504 66807 44749 42065 21567 56406 78310 17129 47580 88404 10138 73698 
69 30
90299 81192 43707 56500 1267 98765 93729 20465 76739 82097 94534 3645 14203 35757 33737 31525 31095 928 43267 26501 27998 97687 13123 52463 28134 21477 26595 68427 68183 41608 
1470 31
39280 75225 13380 59838 37022 23974 46524 10296 61811 85763 68038 12638 59967 57696 40241 88206 29188 74938 5262 29008 4620 423 75847 88629 9648 49196 66122 62574 59205 86418 34656 
1591 31
99841 54569 16598 51193 66872 41474 47665 69328 77913 99278 60428 60336 38707 59791 73961 19380 38313 1022 43956 10657 76296 74379 19935 27506 98357 2004 37041 20487 33594 17308 78333 
1599 31
56482 10503 18627 386 96170 33167 83025 42853 46449 23029 45029 49891 28566 8507 67276 38006 91708 84703 74126 70292 84691 78452 23722 82306 17009 77159 776 19267 14305 55034 93028 
1293 31
45285 68928 6731 98417 55388 99220 97453 8169 14431 57783 22912 33424 3334 34519 41669 92713 63444 93367 372 35570 71589 96512 94510 7331 60892 91111 88187 50752 63339 54199 97639 
807 30
78027 96687 48745 76352 52557 77439 34212 33322 56667 23081 6851 69199 78857 36882 79302 656 87633 58410 23180 83097 60328 20404 371 2141 78094 50860 12822 6769 87481 30987 
856 30
30176 85353 27199 20670 47263 61205 39324 47549 60779 95855 33416 48921 54712 51471 91740 78929 19878 67559 14678 25251 47750 8563 67791 8375 68907 95632 1782 93033 85548 20723 
713 30
50419 85591 29599 74789 91321 12619 79194 52267 90679 46652 41742 87769 60044 30178 15042 50128 52194 75403 68565 926 99213 9438 51027 52159 88925 88389 92556 54193 37636 42906 
460 30
44488 69791 15493 88230 53582 95382 40630 15465 29224 5481 13828 69803 27388 21045 15880 40085 73911 42491 49438 76414 36069 95116 21556 23923 86395 43695 15393 32058 49144 39627 
1579 31
35595 86417 68082 48068 51245 70680 2205 57449 55295 99179 57257 92615 90071 28253 27806 72969 36475 46158 92329 96726 58041 17185 57987 67901 36746 31126 98844 13545 26986 51443 37223 
667 30
7981 23713 94290 88360 64480 790 88733 53471 80201 5049 21175 81634 67005 62625 12671 55319 71676 68540 28572 52685 48404 1564 33039 12345 95073 67821 36955 6273 92551 12377 
140 30
69812 58000 66503 66095 41276 44489 35601 48153 49771 60568 11368 49464 49243 20178 89321 90602 74184 68440 80576 88938 55883 58844 82849 14391 16182 80789 75140 82006 18328 45830 
656 30
91447 74969 24707 35236 91067 18859 34760 90039 56850 75315 57374 25769 53680 5818 55040 81035 69995 56132 29995 95260 97685 80961 85530 82021 13389 38844 29096 10168 45977 91465 
1342 31
39448 35667 19473 11834 3614 86610 38796 6718 43508 33438 18396 15011 54635 21555 35505 49555 48926 53551 98825 51199 19123 26014 27499 58960 14747 75771 92855 13429 51559 24313 69642 
1493 31
97456 1202 52238 90811 60998 90062 37469 1754 7815 13206 78609 18110 96941 14615 39524 57577 93824 74026 19999 64183 90752 11167 44211 36396 23885 40679 79556 44591 65103 76430 79401 
71 30
12051 54123 22153 95770 31841 32932 93243 83223 84984 91462 11692 95823 34624 23531 10891 5628 99197 91701 97895 92720 73583 62974 69175 57120 35517 11124 93904 52438 6455 75234 
74 30
70623 75624 9464 25209 50027 20712 70357 34644 94678 45482 10174 75339 20504 50331 41635 46293 35178 12524 96309 85371 31622 32421 44593 79399 68968 22848 43899 29291 55365 10731 
1444 31
75235 91207 40174 72039 58427 36514 85020 12647 33059 50239 92640 44260 28715 56101 69596 14684 59840 82676 79561 77826 5229 60369 67499 45514 15247 15407 592 25628 24199 91108 5725 
473 30
13580 73074 49882 73978 26269 90401 12154 1081 34804 81235 58737 82510 66788 52924 59580 75610 15768 25879 92839 12701 89496 22364 93225 74078 31576 94265 11346 92236 15319 80109 
111 30
31555 530 95572 80373 8192 42129 69811 39700 31915 1827 31455 45005 4786 36554 1980 22849 89738 41475 62516 79394 22430 94181 66243 36686 75218 38630 672 35565 87101 67520 
1341 31
13775 88031 25255 24543 47611 22370 58615 53519 3852 60982 72013 7967 77710 684 66999 24836 97995 85724 81622 21482 44280 11858 79426 56776 6866 82848 48852 50465 60662 11218 9112 
133 30
22212 24399 30955 44716 96196 68820 19009 82736 58375 50845 7305 94525 83337 58122 55484 85171 17355 72142 87927 13105 7773 83715 67925 78494 45355 19081 32638 23641 6585 82496 
1096 31
62811 39798 68917 27690 84420 1051 18165 99608 34865 52410 25067 90816 18036 79131 75849 36435 55733 92184 40566 86294 66995 91888 88441 26928 14183 72028 98232 53163 23696 23652 92030 
571 30
44757 88908 25626 85613 36730 68609 9976 73248 96408 61263 80556 31283 77576 93377 68716 78922 99296 37938 3279 88388 16267 12513 80414 18433 79989 71508 98547 7255 57655 69595 
251 30
58251 34822 56288 86863 96299 90862 15402 31538 98036 68029 26857 27046 50131 73798 48968 55078 46168 88627 11283 15311 81077 75770 55210 11376 62819 6884 7104 147 22147 88531 
1174 31
58756 99679 81530 47889 97324 40650 55564 76556 25229 63540 34856 4463 83847 43199 14783 17469 51064 25138 54249 74346 52833 71284 94716 43025 92746 3659 47050 13338 44160 59298 9318 
813 30
32887 91665 84625 64590 76993 32408 10357 87949 78011 89900 59143 17543 54021 7355 70250 94627 75903 36398 64548 50081 41334 24613 35357 32002 31458 64331 30439 16739 53812 42627 
371 30
24876 75007 54695 92913 80625 79781 81751 45606 40205 15998 87807 28535 42728 67893 9788 76061 22397 53078 68556 98092 64149 78428 8714 78674 81238 22189 90395 67543 20509 85164 
442 30
26640 64695 27439 78042 22921 8328 14571 83730 33159 26683 60922 54463 45779 67552 64142 77598 51145 73994 37331 14395 18473 98413 87892 44355 83277 24814 88297 2331 26159 42017 
253 30
26030 33093 27712 49005 98626 56751 96790 92529 84300 76738 47095 34142 39038 46824 5088 36269 52775 69038 53230 3201 12305 35813 15871 90750 97643 37714 35679 53432 12333 88265 
639 30
9802 90760 84859 85984 54833 34747 5299 44886 10180 41181 3229 93539 46458 73385 33413 3691 70801 97198 60844 93756 78471 35426 73852 80555 78894 2382 90238 83087 51703 65768 
748 30
86835 64616 44191 75991 9090 92415 36509 54806 21064 68476 8054 68578 94851 77414 17051 53920 76316 4009 34232 81017 46516 96192 89333 91962 38116 90866 20414 66637 94811 65295 
254 30
71988 42354 68092 8091 90990 32693 8189 4021 51714 490 1817 92291 53918 69198 65468 73273 37257 39383 2305 8733 89242 66163 94354 82032 74664 12394 56985 50864 56063 18247 
1298 31
34130 74426 27606 86858 69083 93537 89604 81670 31348 89864 25600 84481 431 55671 74882 3622 30642 89567 77818 6093 85688 57199 69959 82267 42108 76517 38888 32709 17813 90959 24168 
1002 31
26659 6184 88244 69233 99259 1788 44353 85040 46291 5649 92585 14553 57431 91815 57066 54273 13764 4058 57417 22774 27083 98590 61916 2683 12575 32030 67864 40531 19044 76783 27201 
322 30
17321 43121 21484 50902 27653 73888 12979 21052 96088 49837 76473 63621 53564 73700 36420 77896 43075 55658 64553 2836 57048 46573 40065 54350 63853 44294 2470 99448 41792 5126 
1378 31
19996 86927 79636 81094 26212 96339 19477 93540 45156 78970 81384 24188 56070 32534 23532 52391 25215 61596 78851 88927 35473 63637 76949 78503 51267 94455 12059 97023 57760 24603 63634 
1362 31
98332 77851 58965 7956 10709 6204 67377 8650 25223 69174 45588 24512 49652 8112 18919 52264 75148 89983 6947 60501 23160 57253 28204 86591 89145 66251 46454 21342 55432 90275 85345 
317 30
64622 67193 25232 105 48133 93376 44988 53357 17807 23596 61853 19757 70669 43485 38115 89718 7792 4805 63619 72356 27638 83586 41212 56315 84707 87117 3113 38762 68078 71935 
1624 31
83074 89285 60159 60205 78264 46028 69671 50678 7779 52234 6488 31575 38164 98056 92629 39348 74507 1020 9630 75481 35597 81878 35662 21071 98793 55891 64646 76601 31475 29573 87600 
250 30
30646 45573 64963 98157 78340 96189 85089 14752 33029 95349 61294 44100 45651 21208 59031 81551 60846 26398 32184 89173 8210 50263 65213 64726 6331 58187 11176 31858 64155 21848 
323 30
76152 1998 48552 22786 31741 48539 58026 88119 90854 87787 94264 98191 87945 89859 52142 34498 15719 27200 7554 76504 37578 32224 46843 92687 15824 23936 56569 17881 76528 39711 
388 30
99910 91339 90006 65645 4836 81856 92575 225 51300 85167 71550 32102 82729 63039 19663 56949 66397 41566 80005 97834 27760 19079 85468 34264 91521 57394 43240 34254 14612 91390 
1308 31
17747 56948 82565 56644 77617 41743 12199 86639 95946 86441 58486 86838 96986 36581 50785 67795 47783 30908 22401 65738 69223 29452 9939 68825 72505 94057 45363 77816 72474 75768 23060 
401 30
15119 88587 97900 59170 90514 96028 72456 63172 97911 40598 24181 12092 64714 80886 72214 90562 25816 75853 64443 38564 36346 39397 3786 63029 64761 21091 45783 7919 14363 57534 
642 30
20564 52707 82600 79789 79434 93737 86980 92388 10387 9980 75894 83541 39939 18753 96213 40204 42621 30511 67831 8906 79917 50216 98029 61441 63454 92637 88668 4010 22464 56185 
703 30
78792 79455 39451 3966 58601 94795 74288 39144 68777 55049 47327 3367 81612 37819 86953 49704 33285 82323 28873 36258 27707 94266 63982 3757 23719 65528 40262 69062 16091 71476 
106 27
88774 81280 87754 19941 68225 17653 64996 63789 32902 39599 96259 95465 26225 46778 10875 89558 69878 21244 48271 71096 95124 88415 95393 12695 95778 66138 68818 
