37
4030 18
89331 82242 19399 29632 48839 63083 87836 69955 51722 98412 64658 87736 66563 1472 50196 13065 5039 731 
3274 17
4233 28051 15339 8035 68766 9134 90002 19233 33594 475 65911 33737 31909 34720 27230 73184 84564 
936 18
94719 59229 89394 34871 77501 35147 20939 98134 40110 53485 88227 67878 55643 35450 80048 36554 98536 62247 
4020 19
74992 21904 8610 62176 5661 15863 7326 26672 31040 9885 17917 26056 84912 85469 89722 22724 40354 98150 12524 
3556 18
58323 72843 75928 380 91039 85605 64585 55191 39219 37715 60405 64324 9047 30431 95342 24128 83800 92876 
3398 18
57978 43667 64038 7522 41369 44326 2563 95988 20529 24289 21212 8712 30006 12680 70317 86928 99452 46202 
3779 18
44399 15031 29685 78187 61776 71868 75590 505 41885 19728 36037 71355 80695 39261 51229 24711 29895 727 
1877 16
36402 59034 73992 44158 98830 98913 30692 33990 39996 40732 64041 33231 86608 33755 38829 55187 
132 18
45286 94898 93797 70806 70677 48335 40406 16010 97943 4430 11089 14974 71928 64219 1699 95546 32547 98570 
2673 17
59733 11258 66687 77758 2126 94595 48961 55772 37276 71473 43966 83201 85981 21036 51765 63579 56464 
1204 19
2655 96690 43252 33884 19622 56014 26573 98533 24907 73023 42161 10713 58642 23460 34962 64020 71797 70836 44198 
5821 17
82596 25313 20047 75160 97022 74159 28477 99239 24807 73371 34352 68779 6498 9388 65446 24816 56997 
3278 16
72768 61714 88294 60507 76468 9329 84301 37649 123 50277 49339 64782 29503 19242 45713 92830 
14 16
74121 89568 21104 41067 95920 49342 93710 8716 90950 91331 25820 95901 65958 1730 11556 82201 
2581 17
91756 15858 47889 12546 98298 11891 24240 73310 76487 21902 10133 76709 48256 42746 51835 8340 77878 
3133 17
79009 49651 17664 91001 46276 34817 35891 8269 96368 71562 40183 66697 71279 98896 60989 70609 57507 
3695 18
37600 10560 90768 90282 61691 11266 28708 91025 25422 57612 83665 37119 45430 5629 44186 39938 10165 74848 
5842 18
4499 97397 57868 45058 32005 18583 53833 50315 88609 32891 51936 85138 78656 52474 60468 50217 14616 16565 
745 18
4634 7258 56252 66382 65318 96776 56447 67597 3636 94378 75114 81843 40280 48732 30048 52206 56791 59085 
3161 16
40790 67652 79551 55624 34545 45887 39890 74115 57600 59005 78727 34741 76908 76558 76111 46532 
3210 17
34792 37070 74739 83548 14695 42599 30506 82680 59283 76286 87871 8050 84970 54506 34185 75163 25532 
1953 17
69650 67749 97088 40443 68739 62372 32362 23509 18060 62316 88600 45450 60020 69552 97113 44990 66052 
5644 17
57419 90413 31081 58868 70938 32760 79178 46390 50967 76998 11380 48580 96499 34492 3611 31745 1233 
3979 16
7607 88621 86996 15913 87100 40923 67337 17497 63769 44211 76036 21033 29795 85314 54803 25834 
4022 18
36777 56165 35732 87364 61694 49785 72245 80746 19750 99640 76233 96187 73430 77261 69451 10513 11567 75004 
4819 18
52701 81325 49388 68921 50583 21430 13346 32460 60628 92934 10947 55142 2975 61424 24238 83271 42448 93415 
1611 17
99838 60466 24624 78273 89867 34251 92632 28183 72983 92905 91804 63012 42287 37583 47644 29459 58429 
4780 17
38481 29847 18211 13680 79375 71401 13845 47151 45168 18932 24035 72657 74969 7518 47587 35438 21549 
3632 18
9499 2690 72093 91653 36693 4961 39128 39772 54174 79734 27112 12888 47482 26765 62520 30536 43941 58118 
105 16
61545 84711 65283 97910 70219 49758 69582 62371 69608 67577 90889 28386 84365 77305 71209 63949 
178 18
84013 85760 56654 26728 13449 20952 30127 1975 94384 35784 47551 30814 49194 21140 17536 97419 32385 12847 
3580 17
93505 87205 39446 78659 28835 17311 37582 20420 70883 13355 72039 69018 86894 92942 34374 28773 72120 
2735 17
47928 25966 37414 65635 6731 38374 32559 34472 37000 91998 11513 53829 12843 16961 75803 23024 75010 
2388 17
68417 7797 75572 24439 43341 1544 52380 10832 40605 94453 97842 89680 84853 25581 31157 97219 12655 
219 17
95653 98674 50989 51453 11246 21262 13328 92714 87127 28620 70258 99816 88535 66170 25887 68315 58579 
3773 17
54647 98868 39477 79146 9556 94054 7179 42430 3710 60542 70355 19527 52587 98270 59039 82174 91161 
5581 19
90541 55743 46982 63716 78828 69832 49314 55220 20924 11289 90470 15055 35672 97572 48792 28285 24071 94051 46601 
