327
260 1
81587 
2215 1
97046 
3914 2
63495 58637 
1998 1
52567 
1989 4
21606 88377 60244 33818 
3062 2
27764 80026 
2170 1
24474 
2751 5
64599 39354 69058 49453 83945 
2977 1
95791 
2554 1
49815 
2669 3
92749 46467 944 
1813 4
83239 69330 15035 39403 
1391 5
36393 21848 29633 22365 90858 
1401 1
82447 
2972 2
1192 64848 
3880 3
1197 39602 32226 
2298 5
14936 44478 29187 32795 51075 
3610 1
31443 
2683 2
84876 54568 
1208 2
85674 41 
1843 1
32191 
869 2
1604 40743 
3232 1
69394 
1935 2
66905 97868 
1124 2
33278 52191 
1357 2
2577 590 
629 2
10329 98878 
3972 1
12457 
875 1
55239 
1722 1
73565 
1543 5
97352 28655 97968 65920 15703 
3436 2
29948 49214 
3361 2
21067 52456 
2600 1
81829 
1932 5
32880 57530 70138 43866 51431 
1735 3
91923 4643 10970 
3036 1
72120 
3553 1
91457 
1751 1
93694 
1684 3
68229 24799 78259 
193 1
71778 
57 1
30901 
3570 1
23869 
3427 1
59711 
549 3
56847 17712 71202 
3671 1
3796 
2906 1
38323 
700 1
45764 
2758 1
69679 
219 1
52534 
377 4
77659 96499 26621 8884 
2552 1
16259 
3922 1
11511 
3119 1
32209 
4083 1
99670 
1845 2
39722 19839 
1080 3
2600 52520 56663 
94 2
69019 23279 
2127 1
650 
3824 1
57520 
1035 1
12861 
3452 4
6473 54410 72457 95947 
2601 1
21916 
2636 1
9141 
2789 3
22658 47838 1486 
3776 1
98605 
1784 1
24823 
473 2
33114 73973 
3933 1
94824 
558 1
62057 
1753 1
79793 
1767 1
16612 
1560 1
128 
3630 1
8695 
349 1
24797 
3322 1
94573 
2599 1
92385 
607 2
75836 54526 
3858 3
13472 60224 1931 
1982 1
54379 
179 3
63765 38167 16290 
3288 1
98927 
2352 1
6184 
495 1
7451 
454 1
13465 
2169 1
68068 
504 6
28845 6946 62481 25981 64452 57089 
4049 2
88035 74450 
1054 2
50375 76745 
3773 1
17986 
1602 4
72258 34894 83092 19868 
3403 7
15676 54142 55126 4838 17856 22931 59422 
1171 1
60646 
37 1
99257 
2948 1
22323 
2186 3
1142 21378 93008 
3651 2
87051 44875 
1726 2
7924 73079 
3363 1
45064 
1135 1
2970 
3910 3
45364 69910 25941 
1787 1
28654 
3305 1
73236 
2918 1
75674 
2140 1
47076 
4087 1
76386 
1073 2
27046 2155 
1702 3
91220 8447 66381 
1347 1
27230 
3709 2
11261 12489 
1119 3
56975 50152 6051 
4078 2
57245 17811 
4059 3
40454 29275 65199 
2418 1
40476 
3760 3
83543 52756 99628 
1670 1
38919 
1811 1
47861 
3583 1
18163 
3881 2
42721 82654 
2700 2
8963 756 
4042 1
65193 
3200 2
90156 41854 
3652 2
21789 25715 
1883 1
50859 
3256 1
44132 
2766 1
10798 
2380 1
12891 
2584 1
91395 
2612 1
6967 
2689 1
91254 
501 1
33425 
3717 1
24914 
3227 1
49377 
3127 2
81453 1423 
625 2
49666 22598 
1428 1
87781 
3690 1
66319 
3852 6
33826 2581 56699 34773 14362 55349 
3244 1
49265 
3185 1
97442 
3720 2
54040 83387 
3913 1
33453 
731 3
29293 85519 24179 
2771 1
93702 
1508 4
74829 72486 37742 16535 
880 4
33381 56417 8579 5880 
1869 1
44557 
2172 1
65065 
3166 1
19185 
3108 2
18900 38945 
3058 2
86460 48979 
1097 4
61913 51855 54932 86691 
2304 2
96809 34152 
3844 1
78662 
2909 1
87113 
2616 2
86757 66973 
3070 2
11480 16550 
1321 1
92774 
4055 2
28927 30577 
3699 1
63060 
2940 2
93983 5647 
2676 3
51392 57862 75826 
3107 2
59661 54222 
2210 1
8778 
1814 5
59978 92654 85994 52020 83316 
919 5
16371 46496 74421 59494 2669 
404 1
7789 
4014 3
21864 21377 93709 
3886 1
76711 
2318 1
82714 
2366 6
44078 80603 11819 42497 33277 72443 
2229 2
77940 31267 
2145 1
40796 
2220 1
11532 
2120 1
91934 
63 1
94140 
3001 2
10427 13396 
3456 1
64689 
770 1
3911 
3703 1
80462 
1092 1
66336 
197 1
77515 
2830 1
87098 
3176 1
5657 
1622 1
33605 
3342 2
79589 28997 
487 1
18293 
3729 1
26341 
3788 2
94727 57270 
2741 3
31908 8170 85880 
689 3
15850 42273 66247 
3353 4
71725 10773 39670 70249 
2663 1
74385 
320 2
53515 535 
3658 1
42109 
2813 1
74371 
3372 1
74577 
3489 1
67045 
1338 3
59480 11917 49840 
576 1
87751 
3700 2
59255 15014 
4073 2
66501 83512 
3961 4
49134 37014 40617 95125 
2467 1
21396 
96 2
40190 9346 
591 1
72286 
1761 1
48178 
1292 1
69412 
918 1
92969 
3918 1
43559 
137 3
86660 2762 77750 
1293 1
37045 
4041 1
63787 
2993 3
10639 13202 30838 
816 4
85227 87907 50411 30821 
1013 1
71097 
2029 2
97989 85520 
703 1
88003 
2096 3
83788 49780 21798 
2525 1
86875 
2524 2
93997 71024 
194 1
93649 
627 1
52465 
3068 3
87248 46988 3836 
3138 6
89359 2894 56517 44392 92520 97024 
1920 1
64008 
3219 1
4100 
1944 1
1032 
2135 1
47877 
3496 4
78244 70052 27786 59634 
645 1
80249 
1701 3
60821 39461 28324 
427 1
41118 
891 5
13879 98207 48354 97358 69088 
2578 1
27066 
2439 1
67995 
1747 1
31875 
1548 1
26680 
3946 1
68756 
3861 2
95040 709 
1624 1
59800 
1859 2
5904 75165 
1356 1
19670 
4063 1
17009 
2687 3
33099 23340 27238 
945 1
88213 
3485 1
51309 
2420 2
85657 31211 
2102 3
810 70679 45365 
2353 1
26398 
2430 2
46860 70892 
2585 4
32222 87687 97327 63696 
1577 1
32936 
3008 1
4633 
2944 1
88090 
1598 1
43123 
3793 1
23141 
2327 1
30947 
3373 1
42327 
2597 1
53274 
475 1
62981 
3506 3
51240 49662 42714 
3336 1
10743 
1541 2
86540 53604 
3718 3
1779 84480 3844 
2887 1
87185 
1771 1
21655 
1382 1
45909 
2693 5
13844 46550 58324 69986 40857 
67 1
73813 
2984 1
68377 
2062 1
25584 
3035 2
32645 93724 
1533 1
37474 
1431 5
30072 27734 94941 84868 14422 
3659 2
54646 70218 
1626 1
58370 
3467 7
71079 54579 24094 5534 31550 93776 49297 
3642 4
3543 2335 5074 16768 
413 3
14506 54458 24940 
1727 3
26243 88061 72290 
3091 1
4204 
526 1
96633 
3172 1
95106 
1016 1
37108 
536 5
13291 86324 14663 26808 80765 
769 2
96319 36473 
1474 3
56404 61832 72964 
2248 1
73132 
2743 1
85726 
1902 2
13473 17018 
3585 5
60503 84119 43330 12666 74464 
3597 1
31837 
518 3
87838 39245 49569 
4012 1
3657 
3823 5
66498 21423 78557 52487 61348 
1078 2
31486 17693 
2414 1
38727 
3057 2
92260 13662 
2648 4
43303 97959 80430 97855 
4071 1
62762 
256 1
33772 
3367 1
40692 
2709 2
76170 10026 
2583 1
7126 
3934 7
36663 75915 35584 60610 70252 14599 71535 
4010 1
78642 
3370 2
54667 9002 
2901 2
97831 47002 
2183 1
18517 
2175 2
52081 1130 
2835 1
32304 
1957 1
15515 
3802 3
45131 61108 62043 
3257 1
75549 
3909 5
51873 58054 18082 3807 91577 
3981 1
40434 
2264 1
42586 
2284 1
74694 
3685 1
42198 
2885 2
11758 74761 
3522 8
59526 1842 42352 90526 59539 48296 22944 10396 
2922 1
3939 
1555 2
83740 88096 
3969 1
16939 
132 2
42846 92411 
1593 5
8436 46775 12325 20617 46407 
