141
6213 3
78780 67190 43653 
2565 3
13811 76035 6428 
60 3
55474 75912 27359 
571 3
42891 47485 73292 
5216 3
24420 85656 6812 
3661 4
49044 66013 22871 50410 
269 2
78839 3280 
6529 3
68775 44323 59252 
407 2
79041 37336 
459 3
72684 6176 65929 
5257 3
18009 77052 43072 
4309 3
34626 36957 9552 
6017 4
4455 42800 79191 71169 
4985 5
24208 3837 32491 63694 12128 
2482 3
79708 63113 81974 
281 2
35743 72481 
1599 4
63005 92337 72587 48992 
923 3
2763 72872 15972 
4135 4
20671 17496 34855 57943 
147 3
45572 71230 45048 
3543 4
74505 28026 86323 58317 
3715 4
79813 4593 73643 45433 
4581 3
41302 72226 16636 
5031 3
26637 20647 3451 
1788 3
56110 1227 58347 
414 3
52965 11505 49329 
6478 3
91237 27694 82156 
887 3
22889 67249 7670 
4923 3
97004 81944 5138 
5171 4
34762 82402 86636 42093 
1012 3
9283 75279 13305 
1146 3
66820 64356 62125 
2850 3
9562 53862 52467 
1054 2
4825 97397 
151 2
63622 69724 
2824 3
50043 4018 84828 
1656 3
75651 21151 6032 
2881 3
3806 22464 54357 
3832 2
14124 93510 
2820 4
24481 60849 37486 46432 
5971 3
2319 19915 80605 
904 4
50886 49569 86833 69968 
2062 4
17634 22443 39747 44060 
671 3
28461 51512 988 
4612 4
14211 82130 31029 68302 
805 4
34166 82419 32414 18306 
5639 4
86258 43835 5869 88070 
6324 3
87863 34341 68543 
6580 4
16409 77141 28361 67696 
125 2
30279 79604 
3191 3
23032 36676 62063 
848 3
41529 3741 51273 
5735 3
36520 19126 22294 
1582 3
22508 15319 79320 
4605 4
40470 80781 85683 84063 
2618 3
63616 27884 86438 
716 3
84697 84356 17357 
3143 3
75025 31738 3785 
1937 4
7909 32001 59372 53463 
780 2
50821 65705 
6167 4
95893 38656 29113 20612 
1971 4
8523 93020 11789 60840 
1155 3
45530 80701 34427 
351 2
90345 74761 
1767 2
83536 68443 
518 3
74097 19238 92802 
690 2
9769 87834 
1618 2
60981 75649 
500 3
7734 45501 1250 
2749 5
75444 4834 97974 231 59630 
492 2
61518 30982 
8 3
22170 36958 53407 
2318 3
96744 98382 54854 
242 3
97689 83495 66634 
3429 2
23211 56332 
6355 4
57430 75922 56975 88717 
5180 3
51175 55354 27003 
6044 3
82365 35905 34755 
4071 3
59852 92718 96498 
810 2
80462 39855 
418 3
50836 83709 87486 
5814 3
34081 99497 60386 
5794 2
80273 23946 
3036 4
63521 63374 26043 38637 
4925 4
75241 3221 96098 61634 
1430 3
87387 79965 37095 
5907 3
60750 42569 62369 
1022 3
62039 71594 29367 
1805 3
69950 8083 87902 
4456 3
43042 71123 487 
3283 3
20242 37605 16980 
6807 4
78784 41597 95900 65652 
5985 4
60904 5328 26564 59241 
2668 4
45709 15836 80356 4812 
4641 4
15327 99997 18551 62783 
820 3
598 54979 11701 
3029 3
13303 7827 59313 
1927 3
82213 7854 71888 
4274 2
54734 61536 
5184 4
71611 56915 58271 58456 
25 2
52623 72621 
3278 4
3060 40364 60713 60598 
682 3
24111 6094 67258 
6021 4
47766 71625 92540 29318 
5593 3
18409 95361 66825 
653 3
72483 60406 15413 
782 3
32379 15978 17516 
859 2
51775 49646 
624 3
81016 16667 94605 
6298 3
28594 32272 95051 
1159 3
98095 9389 59834 
2575 3
55787 3512 20702 
5306 4
67551 46358 16931 98465 
2267 2
47287 48039 
2698 3
70046 7900 85322 
832 3
2568 55218 60735 
1060 3
54793 14676 32320 
3425 3
71651 71648 39776 
6309 2
21383 74937 
6557 3
25146 81731 13775 
441 3
5806 71400 87210 
6080 3
39935 50056 29614 
6577 3
2731 30039 69270 
1362 3
49214 83832 31423 
6348 4
82200 77537 61044 50602 
313 2
47886 73338 
22 2
78027 19536 
6062 3
63855 129 96552 
403 1
83172 
505 2
22594 80577 
305 3
9522 77699 65617 
1806 3
37452 22437 8911 
1342 3
94861 5544 28116 
817 2
47264 21154 
1608 3
69160 43494 84308 
5265 4
21199 78870 43520 94595 
2211 4
40433 29277 32933 60759 
2859 3
16532 21989 68155 
1593 3
88431 92420 53244 
2370 3
19040 90848 45378 
1512 3
71827 25109 34252 
