88
4046 2
37873 29006 
1017 1
32050 
5351 2
36713 38754 
3874 2
11978 23878 
386 3
16733 17274 5708 
4723 2
11145 43646 
1752 1
29068 
5465 3
41685 13366 21460 
3289 1
16348 
1511 1
23474 
5851 2
45894 30734 
4637 2
33781 19820 
3295 2
22244 42761 
133 1
3270 
3722 4
22917 5455 32536 41627 
5600 1
15836 
734 1
2454 
4096 3
40772 43744 19512 
5359 1
10885 
6751 1
19022 
4391 1
19678 
5594 3
24916 41087 11369 
6761 3
5324 9840 17907 
6183 3
34711 43554 1834 
6319 2
19626 15606 
4022 1
39293 
3542 1
42169 
954 1
34946 
5950 1
18215 
3906 2
519 40102 
3773 3
30389 40501 32345 
5221 4
4905 40117 31813 194 
3564 1
19202 
3210 1
21579 
3903 1
40466 
3401 1
22325 
4935 1
23305 
171 1
9357 
3844 1
6444 
5499 2
24118 10059 
2990 2
28922 38272 
1567 2
27926 46226 
771 1
42445 
6360 6
27706 41721 22147 28791 23670 42558 
4355 2
17082 43017 
4565 1
21922 
3060 1
23540 
3202 1
25259 
5491 1
20045 
4302 1
35927 
2267 1
35652 
3932 3
16539 39570 26291 
818 1
38834 
2208 2
22570 6192 
5381 2
21453 25698 
6819 2
15466 39156 
6298 1
40809 
3813 1
7757 
1140 2
41728 2304 
4813 1
33969 
5546 1
14519 
442 1
19263 
4312 4
14550 33386 34881 22105 
6066 1
22277 
2281 1
31080 
3460 1
6819 
6214 1
7664 
6159 3
22311 46396 25732 
1308 1
7628 
6380 4
29062 11767 28628 37292 
4942 1
16801 
5187 3
4421 31559 37684 
2336 2
24339 15314 
1219 2
23021 45915 
4273 4
11833 27194 30054 30117 
506 1
29522 
1912 1
24377 
6322 1
1805 
131 1
401 
6699 2
28710 44918 
2016 1
30167 
354 1
25958 
2450 2
10008 5773 
3810 1
2757 
415 1
18572 
1484 1
42583 
6844 2
27795 19146 
3696 1
9224 
