50
211 2
38884 1810 
90 2
2959 10594 
227 1
22388 
125 3
10269 38906 26504 
209 2
8441 10602 
71 1
32854 
156 1
23905 
62 1
27938 
192 1
12604 
176 3
32502 10569 9592 
38 2
34610 35945 
51 3
30471 10701 24288 
111 1
33509 
121 1
22980 
149 1
32693 
157 3
17482 20006 36217 
110 1
41739 
53 2
26441 4690 
58 1
9333 
165 1
23213 
228 1
36198 
237 1
20735 
203 3
33460 41615 16613 
150 3
5970 28567 17016 
169 1
3169 
202 1
31000 
122 1
4474 
100 3
41971 293 40261 
69 2
13495 36207 
163 2
38077 389 
12 2
5626 15264 
218 1
530 
60 2
12084 20303 
171 1
34690 
99 1
10842 
231 2
10698 23220 
94 2
19368 26927 
63 1
27000 
107 1
31374 
127 1
20580 
91 1
30450 
70 2
10767 17612 
154 2
22855 853 
198 3
8406 10943 23750 
89 2
11202 17786 
134 1
113 
44 1
33277 
188 3
8491 16699 30799 
142 1
10900 
170 1
25051 
