111
6624 1
24356 
7628 1
32331 
7300 2
29464 40815 
6720 2
20254 46813 
977 1
16136 
2314 1
41453 
2001 1
20232 
7642 1
51259 
6754 2
52546 10144 
757 1
41319 
7390 2
12802 36577 
3699 1
16585 
4770 1
48304 
6594 1
5699 
7715 2
5999 53792 
1409 1
28581 
2724 2
36946 1627 
2073 1
14694 
1077 2
3138 16874 
6998 2
19997 26742 
6671 1
54150 
6718 1
2111 
4259 2
10620 42300 
2786 1
31576 
1892 1
38210 
6119 3
29816 12784 34566 
1436 2
44717 20607 
7278 3
17213 50627 6661 
7142 3
53833 44791 55176 
7608 3
8169 46274 35813 
3648 3
9814 45700 32846 
7974 1
50920 
3391 2
54642 52437 
6448 1
18174 
7912 3
17924 48491 33271 
3005 1
20815 
6029 1
27982 
2869 1
52229 
6252 2
28121 40230 
7556 1
33607 
7229 1
4395 
5879 2
34176 13029 
1254 1
6095 
1460 2
21190 17254 
1451 1
51316 
7449 1
33383 
5360 1
54115 
5492 2
25008 22757 
6862 1
53555 
3294 3
46565 24011 41619 
5741 1
5538 
8028 1
52075 
6900 1
2416 
3389 2
8156 53636 
6961 1
40848 
2544 1
30891 
6560 1
50131 
469 1
47287 
592 1
29156 
396 1
48294 
5170 4
8447 41425 15958 53237 
4549 2
22304 30225 
669 1
35076 
4219 2
12492 54342 
4140 2
15675 14649 
5040 1
15110 
7951 1
10142 
35 2
47481 29307 
5640 2
43785 4355 
6674 1
13161 
1286 1
54448 
6442 1
8763 
3606 3
39464 6044 26747 
3410 1
23073 
408 2
35426 28888 
3324 1
45163 
7307 2
25808 5294 
2477 1
33949 
6106 1
26333 
6948 1
33292 
1939 1
36067 
1364 2
23531 27949 
6455 3
53285 14232 37608 
995 1
6872 
5750 1
28481 
8007 1
28654 
5586 2
8883 35740 
3822 2
26928 39527 
4753 1
52339 
3250 1
13018 
7763 2
1022 42023 
6973 1
24300 
1941 1
12651 
1870 2
34994 24343 
3014 1
36345 
3716 3
42325 30224 27648 
3078 2
2795 123 
4629 1
39528 
2470 1
21566 
5961 1
35035 
8046 2
28375 53328 
2199 1
3226 
6988 1
20827 
5444 1
15375 
7925 2
13650 24956 
7523 2
7733 43018 
6989 2
4358 7163 
3764 4
21854 45505 37755 24086 
1102 2
21577 1985 
4992 2
21798 21422 
2379 1
32559 
