222
1529 1
69554 
11476 2
93069 17123 
8584 1
31190 
8573 2
37276 42294 
7457 1
5750 
676 1
54921 
6278 2
53646 92986 
728 1
2523 
8749 3
78052 39884 7547 
8689 2
81244 27640 
4704 1
22599 
8786 1
80335 
8394 2
94264 67096 
9569 1
9785 
10289 2
41114 4371 
9482 1
49744 
3654 2
30738 9464 
6774 2
83612 8451 
2713 1
76024 
9861 2
13918 88715 
6405 1
65280 
4285 1
53720 
2433 1
48466 
10640 4
59729 27173 72875 3996 
6680 1
1621 
6313 1
8734 
11745 2
48992 37364 
1878 2
99688 92008 
6945 2
87535 38440 
6688 1
55587 
7899 2
49299 59578 
2318 1
61571 
3676 1
27415 
11173 1
28926 
1400 1
42648 
7314 1
13439 
1956 1
77618 
4036 1
21081 
2032 1
52136 
11210 3
44707 38862 57554 
1544 1
95567 
4286 1
86967 
1661 1
52854 
5158 1
40140 
7895 1
6888 
10998 1
56807 
11089 1
40220 
10056 2
83712 4101 
10859 1
56676 
7706 2
78980 62060 
11096 2
19925 30672 
2791 1
83310 
5166 1
41754 
4654 1
14973 
1841 1
90123 
7453 1
67885 
3064 1
73532 
4700 2
93598 73699 
10348 1
7193 
5072 1
67315 
521 1
62460 
8326 1
53765 
2391 1
28827 
5328 1
76815 
4123 2
68153 7155 
1582 1
2404 
102 1
61290 
4651 2
2434 47123 
5313 1
70301 
4440 1
99375 
6099 1
34661 
1101 1
42525 
7164 1
65554 
5391 3
3824 15535 54354 
5235 2
93174 63591 
10470 1
67637 
5817 1
65458 
8441 1
76720 
2651 1
19561 
9916 2
10808 78986 
10904 1
13404 
2785 1
12900 
4965 2
83292 61826 
1672 1
57191 
9191 1
12016 
9884 1
28481 
9196 2
55742 53429 
2267 1
71284 
9700 2
9471 44153 
3801 1
84716 
2242 1
15056 
4175 1
57863 
11753 1
74715 
10935 1
2316 
7193 1
42908 
4140 1
24381 
11230 1
38306 
8101 1
73411 
10869 2
40312 45327 
10051 1
28258 
11051 2
64165 27638 
1055 1
28425 
3749 1
52181 
7197 1
20456 
5868 1
2623 
121 1
7360 
7636 1
12476 
3088 1
26593 
716 1
5946 
9319 2
50153 21559 
2970 1
32439 
465 1
66470 
10786 1
24847 
11151 2
34608 65679 
6977 2
11802 78788 
3048 2
11191 73146 
10448 3
71512 72884 98002 
7815 1
84284 
2087 1
43570 
7649 1
32976 
4405 1
57390 
4478 1
90738 
2740 1
20007 
6569 2
78523 50262 
5562 1
42751 
9088 2
50793 12707 
11704 2
59741 96081 
3859 1
35660 
5909 1
43973 
4088 1
13268 
1892 2
80431 1273 
4028 2
88173 52469 
2963 1
37438 
10373 1
87372 
2818 1
25262 
2890 2
38841 12167 
1984 2
57412 81344 
11518 1
40386 
2413 1
63445 
4666 2
27513 11141 
2107 1
15491 
293 1
72056 
11360 2
66128 8380 
9636 2
2013 75766 
62 1
35262 
2934 2
17817 69981 
2411 1
15123 
4070 1
99040 
9392 2
48411 2711 
5571 2
75231 42791 
11295 2
70828 4596 
2247 1
15892 
6805 3
92273 18190 13422 
5551 3
57730 81179 70884 
4203 1
85234 
620 1
62108 
6273 2
76842 46094 
7420 2
25212 95375 
709 1
60208 
11525 2
13680 86652 
9353 1
34076 
11043 2
29633 37395 
10232 1
57667 
76 1
28108 
7919 1
46591 
1182 1
77706 
6104 1
11041 
1896 1
8919 
7508 2
59437 80332 
69 1
71044 
4619 1
69499 
11108 2
65356 39273 
10581 2
84000 34537 
10262 2
25363 65455 
10891 2
53699 85424 
10660 1
77735 
3595 1
10424 
2383 2
88674 3597 
497 1
32894 
1222 1
98923 
1150 1
21993 
9960 1
54754 
9181 2
2879 92789 
9132 3
47172 67108 88576 
7172 1
71570 
6713 2
94127 89432 
3091 1
54376 
11598 2
10318 13341 
4056 1
50452 
1861 1
24319 
10604 1
31026 
8372 1
74466 
2427 2
99856 93978 
8456 1
79257 
6542 3
40671 56218 77676 
1220 1
25700 
5428 3
97064 34140 83180 
2479 1
7083 
1408 1
28667 
5042 1
94614 
4685 1
99330 
10538 1
58583 
7601 2
60753 64529 
2579 1
87973 
218 1
99592 
3503 1
46257 
6108 1
85855 
11168 2
81692 73632 
7537 1
66143 
4794 1
49857 
157 1
70976 
6381 2
84224 97124 
10907 1
66810 
6076 1
45832 
10864 1
92635 
3673 2
24192 63875 
5326 1
34479 
4331 1
75462 
4172 2
89754 78979 
386 1
66292 
5616 1
85185 
1168 1
67389 
