74
30 9
24319 13620 88182 17066 17692 60129 877 23700 67556 
417 12
73689 4475 20639 32951 94635 43982 53883 13190 35265 33555 64200 50734 
125 8
53430 87226 39807 11627 58860 92755 20463 55372 
943 9
23154 77163 43461 70331 71417 8187 98757 42011 40274 
154 8
29913 38863 2161 22658 77065 52382 70776 57329 
1011 9
87536 17210 46285 46207 3400 56929 4043 31578 71678 
311 9
71593 18916 82307 3199 87223 37512 90483 27406 59297 
181 8
36237 99170 63915 44505 15356 45751 28492 53592 
396 14
78782 81720 96929 58148 36533 55618 2847 10264 16501 11630 83757 83818 38333 12663 
264 14
17711 28487 91207 17200 62503 72729 9649 76267 94437 63219 89535 8438 36131 11945 
346 9
22534 56750 34930 63029 38146 72737 35272 11040 15341 
921 12
8264 64165 51030 47299 43947 70882 49575 66757 61790 99763 12723 61770 
1530 11
70927 90889 77043 91475 79242 63349 35444 73290 67881 67073 1509 
23 9
92989 65266 79862 53863 90887 78639 84884 37903 97422 
759 12
51275 9865 2969 81359 62616 76979 48104 1068 83122 53716 81012 39516 
1051 11
37593 95503 65733 11809 78093 54286 34948 75976 80310 46385 9729 
984 10
79589 80727 21247 20536 58744 61977 42601 1913 61234 16574 
1908 11
45889 18693 97887 14645 4360 16774 14274 1979 10435 22987 57412 
211 8
38205 61961 75817 3702 4635 65542 17698 36297 
1464 12
57367 50653 15680 77296 24567 91286 43660 84657 82072 18318 21777 94940 
787 17
58588 64592 24213 57101 91359 88810 71484 32003 68616 18532 36506 96790 40787 41318 84823 85990 14891 
2 8
4817 1137 56833 12077 74486 74234 51070 65497 
914 15
15192 22922 96434 21862 51301 10606 22276 77828 82314 33517 15170 33153 10977 46470 50563 
492 11
51118 13666 36919 53327 65626 68635 86507 84278 12218 78567 25786 
626 11
35153 10440 20512 54254 56753 73543 5743 51823 507 66268 63475 
465 9
32261 15158 50719 55446 3609 97670 26773 51656 20499 
1524 9
84501 96720 46517 70935 93831 73027 98396 9533 32837 
1068 14
26364 82794 5633 56583 28940 41883 33250 85752 66132 87077 96036 46949 98621 25006 
329 11
3340 12298 953 20290 66078 3209 87004 90387 80663 22531 66303 
1531 16
63643 44259 79639 46341 4962 58499 83237 60143 81599 15182 13019 4967 14109 90906 11770 40339 
1827 14
88900 58321 9526 35138 96597 91083 26867 33534 69172 49747 26368 43285 37937 25972 
45 10
74196 97951 19231 57429 69709 44905 69531 58091 70410 85579 
873 10
64663 19552 6981 30110 41324 9546 3773 891 48975 23871 
1371 10
31206 50680 10309 95168 31073 40253 4217 47469 96587 59115 
2002 9
80778 68168 21695 76862 78842 65166 36939 32607 21587 
10 10
73119 64296 42930 26763 64415 37529 38181 39389 26385 32895 
98 8
39186 90496 60334 80193 80965 62542 7175 26656 
515 11
85787 72770 59988 18435 39037 42603 49158 28610 32128 59533 51096 
200 12
62298 15877 68165 57812 41279 68393 8200 15475 71372 7552 79922 93503 
1818 13
93862 94975 45627 35506 51462 88974 62488 96078 28188 57452 53614 42804 90043 
248 11
99248 83709 30400 43037 36397 191 65225 10411 17377 966 97974 
305 8
30044 63922 78608 39419 99241 49772 47099 50638 
1871 13
90805 702 7715 3999 91653 33205 70031 89842 65759 76168 47823 72815 16138 
208 10
50332 50677 10683 76529 41474 48100 37890 33566 66533 48863 
789 11
42570 31269 49557 67028 19886 83807 55286 3056 43693 9969 51890 
357 9
59287 57580 1277 13612 68408 89079 70542 10126 20732 
1042 14
28382 76481 26207 2942 75559 32661 61437 50785 2650 1489 5329 44518 85176 28834 
265 9
40515 28187 37404 65249 34580 35613 13980 19367 36617 
1703 13
21422 85530 98836 20826 71017 53776 89342 72347 16580 91643 95607 5537 23781 
1591 13
41184 23395 69843 65400 53095 51281 47523 82403 39324 87634 46452 10998 49354 
314 9
95779 7823 87069 89688 47417 89527 24312 29446 60393 
839 9
62715 30660 56863 86775 77861 33278 19054 49844 94178 
702 10
30233 90116 12870 5524 58729 83568 66108 31213 96131 66861 
860 9
95365 35590 7922 13596 99261 6547 58612 48763 85911 
527 8
73281 79697 90126 4839 39006 93992 75756 57269 
1276 14
22640 82027 88291 41119 3961 46884 56642 50201 3404 3386 62339 46800 38322 59317 
1037 13
77030 12034 10066 54698 64421 32472 65242 10726 68672 84385 17186 81799 74431 
1691 13
28015 21393 3421 52493 89202 57187 52470 25678 26264 61689 53424 26701 2819 
945 15
61695 87562 75749 33561 85259 65865 57650 71424 90382 60199 57316 89263 7005 88618 83024 
1704 13
15288 64298 12817 80371 62857 61375 64020 73753 4894 38241 42300 67487 28071 
256 8
60925 66830 53264 29421 83096 29908 1693 88566 
1178 11
24480 21066 17208 91870 73498 20291 62401 84034 9186 84306 20621 
571 9
63680 84828 41177 26792 51465 24370 85404 15866 31778 
53 10
24798 71611 59211 30215 56979 44712 66219 64737 94008 17940 
1857 13
28156 5513 95731 77383 353 33809 92685 49225 37005 52433 79361 55211 93688 
1896 11
29322 33963 93918 34504 35544 58252 71367 68470 23311 18295 7915 
1224 13
64777 30228 97282 40141 51309 85 82477 39598 29843 8368 66125 38650 63530 
1599 9
31901 99074 6865 11060 24585 4120 38111 88535 36894 
671 12
96513 46169 51923 13717 23143 58887 31779 30766 8883 41712 94186 6504 
775 11
12807 16853 41713 9457 27930 35611 21319 15639 16395 64859 66828 
1837 9
80446 74794 48681 28947 34028 54149 20352 64568 57518 
1189 13
1829 41805 83274 72814 35348 92062 90888 78301 23028 4696 39651 25266 56127 
1799 11
77370 52558 87595 42452 56824 27516 18468 51000 80340 65727 63997 
940 8
41153 67000 65361 16277 74582 31723 49317 3388 
