85
4582 9
16091 77982 45795 71598 88507 10159 85607 87053 34361 
590 5
99984 76740 81434 97607 79456 
1915 7
32025 13292 35914 31126 97029 45849 16343 
5212 8
80027 44675 50337 8156 26833 35408 92479 78502 
4828 15
76357 44925 32539 5469 86698 84895 1283 85951 35 13305 22899 26610 52354 40480 89685 
80 6
31939 76618 6829 18434 66239 83852 
95 5
17510 7591 65678 2194 63331 
3141 6
79947 58930 45322 79656 63191 30582 
3686 8
92859 67805 52942 24856 19115 71693 98613 96107 
3632 6
61837 21610 93193 56332 81160 61981 
1854 6
73127 95251 91722 5727 22584 99758 
2938 9
34971 30691 8737 96695 23150 82340 2551 10231 38850 
4340 6
4819 41300 57958 9322 30736 42438 
4905 6
3116 76803 94956 61323 47611 60100 
3936 6
31305 86326 7139 68377 57835 60843 
2266 7
39268 91353 66806 11970 99026 65720 9803 
2585 7
95327 90344 29328 28923 33029 53317 74706 
1693 7
92568 68902 49843 87725 40677 326 14530 
621 10
95389 46222 14107 55395 74219 87107 65738 98890 25337 23219 
274 5
11965 26629 564 88253 63606 
1295 7
63600 74094 33655 25532 48715 76738 87610 
1197 8
87147 77622 551 36942 41329 16461 90584 97616 
2600 9
14735 73153 7035 70155 29427 98060 17428 87358 65689 
4193 6
97620 54186 27238 89346 75661 16946 
2785 6
69055 49194 93827 72420 69999 97654 
1937 5
25014 18794 86827 37899 57771 
359 7
28468 27367 50132 2440 43265 97698 40877 
4734 9
55120 32493 56198 36730 85960 45591 97479 55967 30026 
1379 8
58783 26463 56124 11389 19661 77914 35805 47132 
3472 8
88156 38457 11814 5799 18152 48644 91563 1812 
389 8
15309 19759 34045 614 63235 91126 32846 75036 
88 9
49314 32314 46035 36964 89445 131 21535 87900 41186 
3307 5
38539 94477 16970 35189 16017 
214 6
97399 31648 27064 19362 8487 27786 
3446 8
76667 64037 91051 38077 33257 6293 93166 35137 
2921 6
75582 84605 48658 78715 94153 55622 
1537 5
53710 65436 63909 85666 54384 
2427 9
26954 59030 9378 26435 99995 16695 38503 67334 58538 
517 6
6343 76786 17949 41226 28489 77315 
2168 6
63562 74365 35991 64684 98019 43135 
2422 5
9193 21234 33002 98663 93447 
2398 5
62647 34558 12643 46661 31497 
2923 8
95105 46649 91910 13237 9624 3954 77876 20181 
4836 11
42878 62938 85639 62624 20823 38731 72401 45502 84923 61940 47250 
3483 7
51832 81968 5973 15913 31192 30002 12725 
2488 11
33276 90481 21884 43146 28577 15874 83916 72707 37461 85888 64224 
1864 5
11488 49224 43594 61121 6061 
1259 4
37405 12344 90748 85490 
4070 10
13154 8595 4936 35171 48907 18406 13520 68683 36024 33316 
1372 6
73213 93681 12902 54971 15768 34748 
1148 7
7418 63068 80893 31877 60804 84236 49901 
2292 8
28746 56240 68256 85239 41441 87327 99849 39666 
2803 6
1085 40313 55574 45113 32655 61531 
393 10
30287 41831 81272 39854 95116 71568 27363 72557 52347 49735 
927 7
35695 15335 51256 96805 46024 69724 13161 
2826 8
32772 67952 4566 51369 20487 91908 43961 39415 
2442 9
63294 23319 35797 21855 64127 71480 35987 20062 37043 
4735 7
37479 96162 24205 99956 18389 31229 88919 
3457 8
9699 44216 95172 88082 427 50069 24315 68618 
2127 9
38285 71912 25914 38304 60382 91811 29973 75163 79984 
2836 7
5916 34230 25211 75504 58119 76184 16272 
312 7
93016 43659 40859 53171 47732 37813 42577 
4456 6
65085 58325 10480 28558 82034 95330 
1137 7
7995 40866 59881 65146 61786 34792 52375 
2512 6
29653 75377 37668 67965 87943 17065 
4373 8
5004 90960 85721 26395 52886 94841 15855 37951 
1235 7
37974 84730 75625 58410 68729 37081 36003 
692 9
92888 77978 65030 95681 35114 78896 27010 88591 2173 
3678 9
98020 16093 72659 53031 46980 15236 27439 24567 32699 
2683 7
49205 32538 93526 8989 34734 35132 44877 
426 7
56394 74563 83155 24243 77878 50141 69386 
5196 9
71599 95037 22070 23811 68286 27870 53735 81733 86301 
497 8
59742 44390 22169 76213 88849 55057 99198 13804 
5120 10
25360 92157 9984 82132 94423 42292 58399 41067 48410 30973 
651 5
84320 7293 56475 86955 53903 
463 10
81260 7557 35728 81179 32841 36358 65268 31550 19530 92067 
2303 6
71784 32325 35877 34506 65992 41809 
1456 5
84495 92862 277 99922 50003 
3715 6
11763 31077 17587 36747 54492 77676 
1961 6
10568 22730 70374 72442 8287 88496 
3532 8
25443 4863 34810 79287 20718 86649 55192 95766 
1646 15
41426 40184 14897 68008 54771 9794 22506 29037 52093 87080 20357 52067 94481 70412 62778 
2814 6
51037 97405 68769 24277 4962 5021 
2697 8
65043 26865 82669 92405 4087 8806 61917 62579 
828 7
6520 89658 37648 80288 24886 63096 75466 
