97
2643 5
7182 53532 19786 43140 22091 
4935 6
34372 10704 44235 45025 69836 74088 
8160 7
75691 67084 65627 73986 90096 11618 3264 
1874 6
99905 83450 14200 2866 49242 60823 
7018 6
57102 60234 99385 56391 7534 81383 
410 5
43333 38819 50636 52490 52860 
10022 9
65102 25029 63419 53448 95178 5717 28924 44910 63628 
445 6
55649 83905 41391 39314 69831 44547 
7348 6
73372 97031 38539 17414 99335 68275 
7521 9
25883 1276 78621 2172 52158 11637 96550 73611 37388 
1782 8
35195 95808 44165 80650 82297 10446 23736 30487 
1404 7
86710 78832 69735 56135 90870 24795 9758 
7137 6
79024 88196 8429 61392 64729 40862 
7170 6
81196 40835 50983 5917 42756 19630 
2982 5
60030 88660 89759 85288 20863 
8769 8
86085 83281 42290 95005 45378 80776 29881 72683 
4724 7
74215 3472 62525 88773 85156 55489 96569 
3402 7
64380 29400 61718 81603 30482 89556 54805 
528 6
32867 53547 98617 35323 23570 59189 
871 6
34599 38573 31986 65661 15818 53743 
10788 7
62616 49081 44263 44874 1874 85508 40677 
718 7
3355 60852 44990 15628 55585 28971 11288 
7359 7
69158 87230 16969 2623 40501 64429 72945 
9391 7
66067 56292 38803 7277 71671 73403 73732 
7087 7
66035 71026 94667 42317 48593 3643 72694 
838 6
6564 1427 3601 24570 42525 95801 
9604 8
97564 21195 28258 77757 97800 25824 55648 95764 
3670 4
79830 50877 84580 4176 
9173 7
18757 97976 83556 55886 41692 83705 83819 
1873 6
79057 80136 61009 40924 6636 11241 
6945 7
95869 16235 18427 15017 86937 85685 11072 
9460 7
58811 78989 49804 65596 66980 78971 7446 
1978 6
65394 95238 49537 16114 30176 30192 
1625 5
56957 58946 49592 92991 72650 
2985 6
34825 23354 14622 88924 52233 78979 
5349 6
60475 41042 81165 1275 32466 42019 
253 7
97544 66201 98830 75697 12563 9029 4417 
10255 7
79950 7118 18367 28899 15484 11139 87359 
2263 4
17017 12878 69540 64206 
10799 7
13781 7265 4077 27855 12679 76335 40636 
4752 6
97731 31237 13614 39208 1049 57839 
2270 7
43496 70816 2537 86362 63973 28904 65087 
3433 6
19746 70279 58213 48192 44176 30187 
4702 6
6381 56659 45579 76948 73555 81861 
7575 7
18882 58218 17222 47340 61289 46691 31982 
8297 7
5077 4611 11975 9812 2645 45457 34025 
2714 7
50043 22096 64124 27556 36068 32273 29068 
186 7
24952 1423 82623 32828 25552 91112 33088 
3777 6
64409 19712 46703 15549 47438 92517 
10885 9
41945 50226 3422 26596 86155 65340 92775 42868 58470 
809 7
7028 72545 9445 7543 11104 98029 79040 
8437 6
7324 72235 8136 19429 98897 78212 
1303 5
18935 41653 62536 72288 6562 
3075 6
48000 67182 1217 21562 43335 86518 
11294 8
43432 32931 67981 3604 64706 28122 13235 16155 
3237 7
40972 35553 38058 78124 63595 77755 77973 
595 6
56188 23836 86868 90141 7368 88149 
7139 6
99081 7630 40322 22115 5925 4214 
5652 7
10486 10816 20072 78830 22099 11654 96614 
5535 5
6147 25954 55268 67911 50569 
10927 8
3393 52480 46549 47656 21822 71727 6514 58730 
1235 6
2087 34086 63857 5680 51506 93470 
3581 6
92309 67184 60510 70855 46282 15949 
11271 7
68647 13640 19570 4942 40571 59003 261 
982 6
11395 23032 55049 7328 14148 66376 
10895 7
53122 32914 23940 12318 70104 49174 75621 
3821 6
8267 21782 53663 29021 47185 29890 
3541 7
24982 96599 91441 63043 65919 39164 90935 
4044 7
94524 32876 61801 31335 39212 28157 79079 
386 5
60970 61650 98195 28642 57092 
6333 5
54762 50201 27259 16755 23904 
1880 6
83103 95502 58281 36582 20462 48962 
240 5
92386 10758 40347 75841 61396 
100 8
16753 77035 89196 65122 85053 16470 28381 85836 
2213 5
54843 28588 20740 1898 28040 
7111 5
13162 15499 34251 87711 97310 
5109 6
20711 17502 67604 34324 80263 86718 
7318 6
59798 81053 61283 93584 75907 59784 
6470 6
38345 77206 54812 35212 7051 93697 
8037 6
22006 11 62080 77246 74645 61690 
10780 6
61949 44160 98435 38209 33695 29603 
5291 8
69548 21137 36287 47625 82813 55706 36626 82426 
10425 8
43632 52657 52727 88201 51721 82680 33163 98862 
3440 8
31419 25367 72224 1238 61487 54523 90498 95540 
6334 4
71803 7741 64168 62341 
3801 7
36138 18196 7352 11955 84955 20076 41406 
2656 7
80044 88231 58482 70232 90871 21045 60763 
6279 6
17495 98084 94472 47499 7687 51661 
22 6
51659 60918 78146 61278 98050 22732 
10054 8
46607 5357 36113 77215 51724 16903 82087 3513 
3480 7
32827 36199 30835 28622 40066 48732 56700 
9776 7
81745 85714 69416 22833 59725 8934 42632 
11152 6
21410 31164 76685 63709 25851 71336 
11233 8
62835 28491 13932 24877 4638 81670 4180 62039 
9498 5
86839 13218 15193 26308 9257 
1289 6
31728 56447 73118 84168 4002 89297 
9148 6
52925 86356 26526 26307 60016 69574 
