15
3118 42
66993 68088 68125 74003 68874 69155 61688 56807 56664 90344 89527 97585 97180 95038 94988 96361 80999 75759 75339 84528 81327 83320 16961 15918 14801 24204 24140 20679 5216 990 1289 10316 11582 7507 38161 39703 45201 43925 25807 25853 32646 33874 
170 33
65916 63396 64276 73064 71927 70559 53981 92660 89295 96103 86529 81653 84017 17728 14795 23981 5692 4920 1342 4 2475 1640 1686 10787 7298 41149 40978 47144 48468 49036 25827 27257 35233 
523 24
65083 64184 64581 68765 54612 50878 50718 92801 89469 78143 76849 85056 83084 16959 16950 14379 4927 583 11662 11632 49835 45197 29212 26908 
893 15
54831 55060 59880 93825 75995 84661 82849 21118 5808 5627 7736 42062 41238 44591 36962 
145 13
65415 69855 52154 59063 93744 77343 76869 17194 45539 25868 37081 35891 33322 
1138 13
96896 18030 17779 17884 5796 11265 6834 7849 45134 45425 30874 35741 33970 
490 5
87130 18321 5866 12275 26092 
1563 3
60228 17535 3673 
1570 2
24694 33713 
2300 5
88959 463 47911 49299 36308 
1530 2
73077 32749 
577 2
97005 8200 
1318 1
85879 
3043 1
37608 
1038 1
6374 
