153
5259 1
35854 
4450 3
866 17185 43420 
4961 2
69894 29639 
5356 6
47110 64315 15345 10824 21491 24676 
446 1
73231 
5313 2
40564 8444 
4703 2
76468 71294 
637 3
7959 9048 54469 
5180 2
81060 81576 
2125 2
11809 56375 
164 1
53703 
2339 4
84726 30424 43376 1358 
927 2
85606 50406 
1542 1
41587 
619 1
81663 
3376 1
63886 
2530 2
44499 40546 
2543 2
60797 75704 
3505 1
75574 
701 1
38947 
799 1
63707 
2747 1
21926 
1111 1
85492 
3601 3
5083 42925 49373 
3772 1
44439 
3303 2
2526 3162 
5086 1
35987 
2584 1
69019 
728 3
42223 71662 53034 
2920 1
31325 
349 1
16393 
1930 3
20690 43251 63684 
3783 2
17076 74623 
3087 3
44361 76011 53847 
4362 2
82334 64913 
2943 1
30954 
1492 1
17819 
4248 2
77214 7337 
3718 1
41726 
4200 2
50597 80062 
812 2
8902 25137 
204 1
31436 
2483 1
84654 
426 1
72993 
1462 1
75078 
3610 3
16784 84064 41215 
5328 1
51998 
1864 1
85584 
4667 1
35683 
4432 3
56396 79436 84828 
4477 1
11040 
816 5
20662 71568 15172 74449 68487 
3999 1
48548 
5128 1
13744 
4051 1
48744 
1204 2
52721 18205 
4998 1
59730 
949 3
18669 12149 47285 
2782 1
36506 
4603 1
18250 
3017 1
35970 
4098 2
63983 66818 
4565 1
70477 
4261 2
40306 19824 
4119 1
53244 
4235 2
52315 15365 
2430 2
45101 14605 
2207 2
16786 31342 
3797 4
21257 15768 73332 17335 
4734 2
45870 70715 
303 1
75161 
1894 1
12224 
3403 1
29311 
38 3
16507 13886 27579 
904 3
5945 83176 58172 
2728 1
47314 
4926 1
43606 
16 2
16624 40310 
1779 1
7631 
3479 1
58533 
571 3
63044 53779 17040 
1919 2
57295 37450 
1569 1
60582 
3561 2
20151 1698 
382 4
65608 27701 67126 28915 
4104 3
68960 64622 71513 
2851 1
61445 
63 2
66848 737 
5027 2
54 74838 
4113 2
81447 45453 
5178 1
62069 
1296 2
38176 77197 
1332 1
13595 
5022 1
8951 
3609 1
68561 
4317 1
17785 
3540 2
67481 80633 
5047 1
28457 
1678 1
55295 
4466 5
51335 69830 75189 45425 46692 
5321 4
40048 21781 18155 40269 
733 3
34706 81852 48953 
3049 2
77281 47202 
4437 1
47531 
5304 3
80786 27187 77831 
4846 2
52077 63851 
5032 1
31845 
4059 1
54157 
5214 2
66623 47592 
438 1
17194 
188 1
39669 
5406 1
32010 
4090 2
75147 12602 
5333 3
745 8253 20650 
348 4
3408 55825 57273 64208 
4819 6
34605 27884 80687 78170 80384 32140 
5075 2
45523 7072 
3192 1
36468 
3169 1
9799 
4956 1
60175 
5239 2
65567 58265 
4273 1
80835 
1265 1
47906 
4434 1
77646 
1601 1
13047 
2158 1
54562 
3732 1
81067 
4996 1
11898 
5280 1
14923 
4791 2
71360 71880 
4661 1
27776 
3806 2
58026 53636 
5122 2
20793 45700 
3095 4
51454 86430 5560 17146 
1097 4
44379 63875 65176 38906 
3847 2
80647 50990 
4957 4
78965 36691 40240 37950 
4507 4
70894 77172 79543 50550 
362 1
58432 
3759 2
2928 62953 
4470 1
82780 
4174 1
41976 
3788 1
86703 
5058 1
74620 
36 3
82699 52247 11 
462 1
34581 
5050 3
39479 6007 13905 
3142 3
11102 24898 45951 
5416 2
77310 1879 
4861 1
9908 
4707 1
69728 
4220 2
38387 39844 
4893 1
31696 
