14
4306 15
21026 99603 35580 6266 20108 63318 64428 36885 27202 39579 42881 1530 4556 21792 95024 
25 14
13549 95929 49845 1079 84950 41275 81408 20769 26502 17612 30822 19880 52311 9382 
223 14
10882 30190 75270 18450 48429 38850 5312 92866 33358 5995 61444 93798 26005 95763 
1950 15
46521 45991 68859 99328 8618 38878 15918 3439 82976 73786 55838 29183 83746 58876 86296 
469 14
29756 68309 1014 93633 93074 64487 93878 84052 34361 73760 41358 79949 16179 14379 
3138 15
90328 72569 81293 8878 85612 89321 33620 9340 24016 20026 37225 88573 92260 34330 51056 
4619 16
62281 55852 33157 19362 79582 16618 79025 50807 3236 31513 71872 49052 41476 73692 41660 45654 
3639 16
83126 99024 52185 60895 87598 2012 24257 17142 10864 14364 47189 21933 60872 912 79186 53911 
1399 14
56251 34641 83503 66261 20760 78398 70971 24005 62974 73122 6340 67991 16787 86383 
1154 14
46799 15057 32594 92108 67298 15228 29398 9084 18351 52785 88872 19137 67082 67201 
336 14
50879 36191 84755 31695 92699 14634 58573 44266 18042 75836 99817 49120 83287 1831 
4026 16
31991 14333 75156 36983 52671 84133 61960 44919 85313 78673 16421 66393 9551 57263 27395 52197 
4424 16
59141 1788 7756 1036 69581 16200 56610 39625 22932 7499 56586 5655 8203 87665 93824 51102 
450 15
54513 45162 30890 20315 39373 30939 74603 46437 31527 18202 33494 61792 83806 69898 80201 
