116
2055 33
9407 3974 14092 17256 13914 2822 13789 8879 7167 12820 12272 6701 14215 16554 12322 10349 17041 14411 17381 5604 15324 2227 16940 7678 146 764 2801 5232 14752 14713 10280 13887 18023 
606 33
8464 8409 4844 14946 2044 7205 6030 11077 7613 8704 4854 1292 15406 11659 10868 9927 3425 477 14398 2074 11116 4542 2497 10474 10190 4346 11302 2888 7605 11837 11390 4481 7758 
5997 34
1795 9822 13687 12798 18792 688 9006 14985 8078 15478 5642 4527 17012 10083 16423 3066 18549 17685 11757 2532 3715 18442 15844 9563 7086 6710 10896 3458 7972 14467 4606 2690 9163 18485 
5731 34
7766 1802 5598 13326 12338 12494 14729 13923 9526 10885 16533 4880 18742 13207 13094 7504 9835 3517 13065 8484 4341 10844 16511 15653 13928 14085 4644 1683 15211 15496 12988 17052 1949 4017 
6792 34
6814 16355 9340 9117 2660 15137 533 14776 14941 256 10505 10841 14193 8302 2418 11827 18011 11275 2155 934 953 5784 2045 14152 12372 17116 871 13395 12041 7757 888 4919 7743 5377 
5996 34
1320 672 18667 14536 11949 2694 5877 14134 18326 660 2787 14391 12654 1412 17262 6893 8736 3326 7246 8658 8453 915 15492 4807 12152 8496 16146 11407 6463 13036 15880 13035 13314 14927 
2963 33
18410 2813 4049 6231 5942 6596 12371 4552 7441 16096 6777 7046 15972 18329 1275 17863 9627 198 15387 16273 6202 17303 5420 13720 15608 8097 13746 5300 18634 15192 14854 17528 15221 
494 34
7558 16487 17642 3172 2415 18744 298 15080 17410 12842 18735 17365 1966 15684 13877 6966 10724 1558 15803 6867 4048 12308 18812 1156 15578 5459 12294 5695 17168 814 11321 11614 10240 2550 
1384 33
1755 8250 7026 10104 5981 4980 13434 18656 11026 17641 5952 16637 6408 8860 5437 18777 3746 8113 13344 14194 7289 12869 16630 15229 18599 16794 463 5429 2463 877 6639 6609 8526 
3960 34
6160 818 12802 2037 9577 7490 12141 679 5882 1021 104 12378 6673 18093 10005 6366 2305 13500 2503 18468 5124 4616 15528 9068 243 8855 8000 11866 17483 4036 8084 17117 16454 8834 
4116 33
4408 2128 18583 11126 3705 6570 17933 6077 6808 3855 3954 12360 13461 3451 15293 6513 13978 6542 127 15226 3764 13748 3777 11464 2479 8710 11060 15319 5908 6649 500 12306 3501 
5281 34
9516 4437 4061 6356 12019 4888 3186 10480 15500 3639 4615 5392 12177 3360 9018 10740 7908 3579 5030 12301 12245 15064 12324 15724 2057 10406 5373 10109 2066 11867 5523 3470 14412 5973 
2044 33
6871 1317 1163 12127 8960 4409 3241 18776 16806 8722 9909 17363 6990 9436 2782 5182 11400 2307 9462 2110 4832 9 12268 2771 6460 14641 6446 3184 22 9731 15053 3128 13001 
3025 33
6698 6405 806 11911 18502 10415 18475 6119 3872 14476 16088 6466 17140 2757 3821 18693 6744 11826 9825 656 12992 16087 9943 17194 484 8885 4338 12998 5968 5853 18449 15835 17112 
136 33
9625 13317 762 12368 12122 14265 4403 12131 5407 15815 10147 7371 7129 3538 3996 18182 11742 11489 2087 6866 15960 6963 7428 18733 258 6468 15209 11743 3806 571 3978 14557 1985 
1904 33
6138 6274 5489 14619 15099 13510 11040 6351 12564 6262 2112 3664 8546 12466 16226 17805 3494 7419 870 10206 8433 3403 18060 14314 12151 7932 5439 17905 7989 11879 15633 8109 1825 
2039 33
6338 6329 14774 13960 14030 4869 303 7978 453 13738 792 18217 144 13049 17001 8576 14100 14955 10574 4667 17679 340 6087 13097 14521 5699 6566 4120 13424 12817 14139 12165 17023 
4442 33
8323 16534 15902 3243 2439 5950 11996 2646 1344 2496 9994 2246 13360 11620 15509 10285 15405 15288 5975 5806 9754 10570 17055 8061 9029 11584 13293 2725 18224 7676 9837 1113 6298 
1355 33
5234 15340 16030 1017 1450 3153 16284 2041 14673 15334 5340 10605 2168 7623 12776 6633 12916 15621 11609 13339 1413 7083 5011 17816 4748 15626 4320 456 5004 12357 18332 13549 17770 
6393 34
4092 4677 2625 14554 13958 15483 10962 3312 3880 16863 7321 12803 17332 3409 16079 304 13251 12118 10577 12573 15580 11154 6204 10130 11333 6355 7240 2652 11277 4417 898 2536 11636 1016 
4478 33
16474 206 12719 1068 4131 3277 13993 11350 11494 15936 614 3870 1282 6830 11814 18805 11078 16184 9636 8524 17715 16840 10196 10004 7741 7576 9134 752 13529 15919 451 6168 7746 
5366 34
7588 4157 13219 14935 10843 11057 10934 1581 11272 8482 9978 18734 9616 14397 2478 13583 4872 17652 2293 10142 6842 12512 11987 6161 14738 15709 4207 11338 421 16612 5033 7961 16833 4757 
69 33
9320 14916 16336 4954 8210 492 9533 14121 2287 17508 1117 6646 10579 16711 16395 3019 13224 4087 14049 3411 6289 11147 2460 8713 14945 7628 13515 16329 8893 18101 11413 10683 9411 
727 33
6230 10645 17050 18262 9983 2562 4435 16954 15034 4366 7574 8894 12787 16642 7422 18703 8421 447 13319 7116 1265 15629 17586 9453 9050 10940 16919 10428 2107 8277 16735 4383 1761 
1073 33
5728 12253 991 3649 9599 4665 17899 739 12197 7500 6636 14796 4066 11155 8796 17070 14996 2645 9324 7679 14187 5870 12846 6450 14028 14022 1409 2102 9654 18016 3454 18536 18083 
7235 34
17891 299 10859 5005 15482 4156 14491 12083 641 18096 4910 685 15670 12126 8825 12305 14221 3122 10543 1319 15800 11825 12981 2549 15721 111 14272 1625 9562 6484 229 12828 11491 8020 
6074 34
7929 7911 7898 9091 17085 5225 10379 3644 4799 16848 2608 3908 4958 18767 6517 11226 1803 10823 1144 13343 7054 1876 10813 7747 12065 4603 15484 5203 10815 12182 17165 1786 11865 10021 
1153 33
1607 4180 5423 15156 17954 9557 62 13080 15710 3680 3438 4133 15206 14817 13144 13246 15833 5188 7902 2065 13230 10679 6374 9777 12353 13260 3017 11656 14135 18612 7095 15204 15442 
6057 34
573 1056 2518 10177 10569 9213 8254 11496 18347 2853 9650 14861 964 1310 3080 251 9092 1092 1984 3415 14226 5452 13854 7682 6332 12169 15179 3092 4708 18 17940 2050 18417 2507 
6701 34
17306 4468 6666 5390 13834 10870 12682 5512 16860 4421 10876 289 7689 16665 7960 9713 56 9804 7230 10817 15618 12144 8620 16044 17221 13528 18796 3097 8819 4422 3921 13593 14274 5646 
4664 33
1760 2837 13962 12632 10306 14452 2187 17450 17315 5386 4458 8732 1194 519 8126 9295 9962 9677 1401 1918 10085 17370 10637 6270 239 13292 7637 12533 1482 6654 13288 12404 13953 
1101 33
1924 16667 17076 14857 18495 17785 11667 4691 15350 16970 3989 5831 6975 13546 6687 13507 18076 2860 10737 10583 5313 2727 12832 13430 4728 5515 14672 10477 8151 1175 11138 15568 8017 
1435 33
8688 6048 6585 5068 10741 14290 11000 13102 15243 919 3932 10356 14957 11192 4625 11628 4345 2636 6567 6612 5378 1642 3624 3681 9404 7635 16978 17334 7963 14273 4767 5528 5053 
8691 34
6804 15532 6226 12686 630 10611 10638 17970 2462 1970 17552 8565 4622 5873 9610 17488 11251 18395 3058 9769 7634 9571 8141 16693 13786 16292 14406 15989 8959 14129 17678 14276 6254 12900 
1504 33
7119 3957 2454 10903 10716 1087 8715 6384 16407 8430 5737 3025 4195 13931 10947 9010 12785 16152 13019 6086 17191 15574 12261 14680 18603 7447 6742 14346 2893 15084 10363 11874 7236 
6595 34
17881 2209 11546 14551 12765 979 2559 10151 14891 12857 13675 537 17985 17731 6260 6429 15351 2896 7427 15413 10985 4624 1714 6307 14380 16777 5554 11918 12789 5529 5499 8971 7990 13458 
5917 34
15850 5889 5223 11206 13217 4727 14822 4165 18653 18122 7903 14415 16356 9172 18121 11087 10249 10425 6195 403 4427 12661 3993 16272 1863 17875 3350 3861 9199 10368 18236 6743 10031 4201 
3080 33
17040 11764 13759 3176 17672 14604 1054 11664 1231 6452 16428 6245 4968 7983 13442 14500 7662 2071 10492 11928 7309 18784 5114 8046 4825 13300 8382 8295 3378 2947 8739 5425 4232 
5123 34
16119 15642 9428 4597 17038 2216 6103 2904 18803 14249 8551 17159 639 7496 3783 6641 7878 12038 14195 14613 10165 9143 6788 6126 3414 285 13971 438 11114 11686 311 3459 2519 517 
1776 33
16403 4809 4056 2241 6224 6303 5137 18302 8974 6381 7553 15778 15109 9396 11174 6378 625 11209 10646 2595 7155 11423 10668 7773 4349 16211 7142 8792 4044 14956 1338 12887 16348 
5075 33
7257 18297 17585 12391 12457 18319 5778 12106 8751 16456 191 15998 1974 14872 1445 7877 11905 621 972 2315 1378 11553 11151 11465 4592 18837 6197 3619 11997 17419 7478 17912 11820 
96 33
1497 9595 3126 5644 10526 3942 13351 14374 11130 18639 17957 5683 18439 8153 4795 15254 13103 271 6700 153 2083 15682 18689 6900 994 1617 4115 15555 8216 2093 14720 17366 6889 
1760 33
8432 8345 282 444 514 18838 10044 17536 17530 18111 13212 8859 8182 11495 11990 15453 17223 10571 637 16658 633 17141 1548 12193 15830 14006 14800 14051 18469 4940 1376 15182 12890 
6618 34
9187 2346 10793 14754 6813 30 8922 9552 13694 2436 11254 14390 842 955 13701 8166 2874 1883 9698 9546 16027 11698 14014 379 18721 17225 8506 3879 15307 14184 17995 4011 9906 17123 
4077 34
7178 3674 11652 10475 13364 14368 13719 10025 1968 16569 11351 4293 4425 4079 11279 9140 12668 4699 17251 18019 849 4785 15371 14409 2267 4909 9523 721 2864 9053 12984 6729 16550 10602 
209 33
9575 1545 9427 4480 2444 11621 9923 11662 13037 13312 3737 10178 564 6551 3854 9733 7483 4185 15237 14237 11823 8160 502 1804 14980 366 1191 12950 13674 3487 9862 12020 11877 
2244 33
16207 13516 12830 5018 10295 9081 15067 16282 4704 14624 619 3032 17577 8611 17883 17922 18078 18325 14407 4303 3740 969 757 3099 12012 753 3088 16588 7618 3111 3281 8049 17344 
4809 34
9494 9914 17374 11767 15250 13955 10915 10923 15264 4483 7431 6577 12431 13192 6746 9683 7881 15108 1687 11993 13592 10866 16068 10677 12722 8670 6554 16436 9846 8063 14847 7326 1102 3744 
6402 34
7068 4331 17996 15246 15852 7217 18529 788 10259 10252 11835 15723 9459 2898 3863 9490 15266 15806 9640 11680 14271 2048 16275 3933 18370 9585 9999 8488 17956 16426 12482 13277 2158 6228 
4826 33
8504 7466 4790 2879 17198 12513 15017 18664 553 14644 17514 3484 1572 17091 3797 16727 10063 10986 5742 11250 12905 16198 6238 2943 14387 18087 914 17489 11890 4845 7686 2802 16577 
4869 33
8313 9449 3142 6159 4898 15470 14705 15692 12217 16561 1868 8222 155 2733 17397 3393 15054 13595 11834 13079 5239 14020 12825 8627 12917 16020 11593 17811 6836 9001 18541 15488 18572 
5287 34
16616 11580 16107 1692 2908 13982 9905 17554 8963 12663 2618 12999 13665 12251 15041 18190 11929 16945 6072 8991 6427 4852 6433 2026 12562 14223 11127 7194 9378 12911 9892 16062 15165 3742 
3459 33
6793 4389 17238 5031 14016 12223 335 4478 14474 13078 4669 13423 7622 10754 1332 12880 1728 4494 1285 15139 778 17853 3849 17282 11253 8055 15734 9619 13168 5722 1730 15158 8425 
1665 33
8828 5353 13445 7534 17079 9572 9886 11868 13803 11297 9105 11972 866 10014 16204 11832 15672 5972 13849 12032 9307 7638 16555 10977 4186 8124 12761 2716 1129 8997 10600 6827 18061 
7014 34
4660 17832 11663 15183 14145 13740 7131 3927 4236 11075 9090 1701 11983 3554 12603 9740 341 10244 1789 10949 2621 12538 16464 420 989 11887 6115 12418 18740 15970 13427 15802 16076 8952 
2989 33
5104 5168 6281 15234 15097 98 527 16803 18222 6603 9171 12683 6241 10161 12022 7198 2552 2219 8485 10966 11718 485 825 16989 16306 8233 887 13184 15615 16323 15493 5996 9227 
1833 33
3504 10690 14334 4711 4413 13677 16597 4181 4446 5922 11015 3204 1505 3135 12275 11354 5048 7098 15173 4709 15583 5271 627 10622 13512 12103 12304 13504 15042 10714 14335 738 2003 
102 33
6763 3686 12168 17113 8940 15968 16708 3660 17494 10523 381 6360 8006 7312 2213 5599 16811 14026 11862 15676 18260 6319 8530 17101 3671 18807 2588 11592 9363 12953 14804 12853 12278 
5141 34
12678 17115 6069 4411 16759 12029 3741 9652 9292 2500 9289 18146 4312 17989 11486 3130 18351 15536 3577 3837 1604 18802 461 9305 10530 2840 10747 12674 12640 6497 17465 7082 17142 1504 
1729 33
7317 13425 11194 843 13770 7123 14460 15135 8263 18833 17022 6981 9497 8776 8609 7954 4171 18794 1454 11747 5685 15136 1684 17427 18155 2504 12569 835 18758 7406 11263 13548 1351 
5975 34
6776 17549 6132 956 11289 924 8349 7627 17707 14067 14766 7955 6489 5374 2076 2883 13985 14343 9861 14277 17432 16962 9941 967 18257 13496 16546 12790 8282 3016 17655 5705 11191 3866 
4224 33
8278 9290 2348 10438 13702 187 11799 10353 9763 17696 13839 16795 18524 11386 8195 927 3992 7193 9359 7784 5990 1965 17458 13976 5596 4191 4994 12036 15338 17291 8474 5324 9988 
1537 33
10016 14060 17603 18486 13399 4698 10514 11531 14327 11704 13845 18031 7281 46 349 9247 2101 9272 14501 2934 7241 6441 3685 16196 11470 18652 13822 4253 9913 4200 17839 2091 9347 
5353 34
8708 17446 4594 101 3298 13248 2343 11851 1090 14834 275 11403 8500 12317 12991 4158 7918 6857 13582 176 9661 5229 11945 1039 837 13966 9183 2684 11849 15560 17089 1329 3907 18433 
1493 33
3576 14598 10889 7700 7669 9977 13167 32 13899 6982 6211 1382 16217 10431 150 16420 5152 17835 7906 6516 13010 4260 760 15051 18272 13390 15667 901 1744 16990 13952 2407 17460 
6741 34
16542 15975 9361 9178 16938 5179 15440 14889 9643 10256 9512 16032 1942 14779 8773 14984 17060 13441 119 13778 5495 16974 14733 14532 16090 6890 5110 8803 17591 18293 13495 11222 6864 16297 
2973 33
16617 16470 17417 5075 5198 15025 8128 10158 13046 3189 8374 16494 10712 11854 15731 7838 7279 3125 7940 15066 613 11203 12042 10504 7783 419 7945 3376 15281 8031 8909 16303 3657 
4025 33
16750 18795 5914 16881 6151 14526 10387 7670 7925 10367 6768 12171 11808 16125 2881 3182 16351 13825 17830 10578 5558 7402 17570 5041 14791 1785 12061 3084 4881 7523 17424 9274 14325 
5673 34
4900 11604 92 130 17602 5402 6255 14874 14304 17114 17414 853 7505 16816 17784 13664 12908 17214 9559 15543 10830 12762 6210 14256 12218 11634 664 8371 18455 556 17822 201 9401 17230 
1951 33
16296 8759 5910 18661 3990 14666 14630 3037 1919 5329 3817 16690 17946 16458 2605 4369 18256 691 16607 8463 236 11965 8761 13598 2918 1637 9281 9952 1001 10644 6747 4104 9801 
6777 34
9062 18070 5359 294 54 10344 9796 6264 3943 2823 13628 12877 4863 17180 9390 2899 6258 16896 7709 3902 15012 1523 17167 17480 532 10026 4543 13402 5751 5331 15623 5995 6711 15787 
1692 33
2731 595 11042 14481 5618 1818 846 16939 6142 11113 2762 11493 1808 7721 8242 11443 576 8638 17408 17316 2924 9933 12241 11007 11812 5399 7909 9947 13340 2640 2941 1964 5317 
3520 33
8268 9564 3919 5895 18116 817 524 16313 14410 9375 2229 16595 3692 3162 18360 18658 10297 9473 10839 8650 3430 13501 14907 1083 4051 6392 2774 16221 4839 8881 3131 5610 123 
1779 33
1834 16104 13106 385 1140 14464 4103 457 4768 15384 3811 11856 7958 3769 15548 11730 11210 1433 17260 8788 18675 16108 5085 11843 1434 16386 8369 15557 12733 3844 1151 9293 18443 
1783 33
9630 4577 17751 13460 18094 5621 15857 13925 3380 16517 10207 10341 17848 3556 6918 16859 11195 610 7916 1207 635 9583 17126 7645 17215 10043 12164 4170 8980 14356 2410 13214 12737 
87 33
2670 16918 16676 11629 1723 4792 10494 3042 1024 13553 13913 9738 6558 203 7260 18299 13211 16952 2610 10721 4420 15797 5893 7368 7548 16509 6850 968 12388 2906 16099 13723 8122 
2346 33
4257 4487 6465 5165 5752 11492 11318 10924 5486 5491 15456 13851 10832 10630 18421 14427 8977 12980 4020 16603 6508 2132 7849 3387 5581 7756 647 2600 18268 6721 2437 9205 10948 
3920 33
5838 5927 18615 2635 18666 1994 17702 2894 11373 12142 1613 6930 11214 15837 5189 2369 16715 11243 18161 3389 7356 9470 15753 10777 16081 4738 4842 5326 6716 1619 15541 11051 17502 
2626 33
7387 8916 3365 12758 6169 5049 12170 11165 16239 9589 8540 12140 522 16451 2380 10099 2182 17143 3920 11889 16744 9712 2092 8933 10852 16669 18226 2281 15954 4742 8982 16538 17205 
3052 33
8520 6936 17680 3545 18100 5564 116 4356 2620 2282 2135 5251 18040 14447 11535 177 10857 16537 8100 14897 10359 1347 12053 6428 3679 15127 16471 13489 10184 8232 7486 7384 5984 
6623 34
9165 5094 13472 652 10603 11537 2081 18406 9860 2895 14815 6041 7002 3810 5275 7107 14809 5813 1851 4497 14111 2752 14328 8234 9112 11738 8033 16053 555 4321 10502 4921 16628 10213 
3726 33
9622 17796 408 5224 11781 6599 12672 12436 17497 6131 10808 4309 3364 11265 8367 4917 10764 1135 10794 588 11559 12658 6812 13127 4778 6326 15256 812 8626 844 1386 18271 12805 
2529 34
3547 18017 103 9181 9417 4751 11587 9415 168 5694 15197 784 14966 8309 12097 11072 939 9312 12468 16374 1073 6122 13155 8169 14608 3349 11481 18636 12934 17368 14207 9446 8523 7022 
369 33
9633 9758 17335 6184 11044 18434 4402 12280 6737 14405 6488 13544 6455 8228 13042 10097 17490 17861 1781 14763 12321 2739 3597 7012 15344 2392 8786 13005 7125 8461 5012 7063 17734 
6445 34
9703 10205 4829 14183 15466 4351 16999 5126 16462 17394 17135 10305 7944 7684 12871 15049 5337 11770 11701 7394 17632 6569 15050 15433 3235 8646 9598 17548 8516 18504 10324 3559 16138 13638 
2984 33
7763 7423 8822 2290 6669 622 15434 11968 16699 12921 634 15267 7378 9527 17133 10743 14718 8780 286 4086 16969 11476 4434 12976 4978 8227 7604 13379 6728 9157 16984 8211 2008 
6178 34
10074 12839 9832 16647 3188 5689 2490 10160 1855 14109 6372 5897 3336 15987 13193 3124 7572 9495 7265 4848 3102 10455 1652 15323 14167 4800 5443 14685 16503 12574 18426 4052 15330 13465 
4978 33
16435 9412 3780 16877 10856 14838 392 252 2394 1823 7550 14033 4202 3750 15110 10665 12596 10179 14870 14788 12865 7575 12646 9452 18241 9660 195 2224 9356 9891 16763 15169 16253 
5005 34
2554 17973 5468 18783 1945 16854 6070 14867 12635 14977 7137 16956 12219 7164 15505 4766 6027 9360 14182 17538 15227 17377 3834 3098 7315 5868 18247 6078 5020 13766 8554 2059 978 1556 
3471 33
8047 3988 5079 13383 708 13615 12215 15909 18174 11439 17620 7795 8279 4646 3617 9708 2634 14043 8528 7556 12444 13109 3513 17317 15285 14962 13368 5953 18484 10681 11177 14997 2384 
2479 33
16519 7624 18378 8587 4777 3447 13029 14046 16461 13564 9013 14375 12855 1639 16995 10236 8604 9536 6006 8839 14626 17788 8876 16141 13874 8699 4377 15162 16526 4406 12586 2509 11202 
243 33
12657 15400 9080 4358 7530 5498 138 15429 16377 3433 10103 4609 8706 14507 10636 16633 16893 9812 10787 375 17523 4471 10298 14393 6124 2488 16593 8637 5926 18242 12607 16318 16817 
4754 33
1805 8906 3611 2575 11472 18559 10692 9002 11893 16869 17892 493 14098 12929 3726 8525 6727 8197 17630 5977 3424 4726 7621 3174 16819 6297 13992 9120 2718 7190 16589 9520 18770 
1165 33
4304 4436 11323 13761 3191 1059 15916 2742 1798 11052 18290 1784 1690 15913 2357 5680 18609 15145 12237 2300 5917 2414 17157 6154 18465 4855 17063 5364 4286 5527 3353 8400 18007 
2795 34
9749 15730 1448 6573 15401 10946 14597 10953 3894 14545 18301 18681 6324 4348 14534 8426 5616 12011 7021 18227 12447 2593 6786 10643 4429 11908 8630 13776 5829 10176 7596 10092 10829 14455 
5642 34
8955 17323 3550 5102 1272 12867 4668 12422 12077 11789 15814 4153 2127 11032 12320 929 3165 11023 521 8262 14012 2601 16900 15712 5755 10115 13941 5739 16024 7804 9957 14869 7005 16164 
6450 34
1867 6490 11183 13490 14357 15325 10471 12522 2465 11942 958 10230 14403 7118 17666 16947 829 7247 18685 4522 1514 16248 16092 6250 5625 135 15855 10596 9220 11415 9701 9151 961 5819 
4202 33
3696 13560 18570 10418 6937 13408 11523 5934 10552 2709 10989 3864 15020 17718 12930 6235 5284 11557 13681 13238 1365 9230 3439 4596 599 12298 7692 11442 10926 6619 12314 6293 15870 
7188 34
8387 3063 5619 13233 13743 1462 834 7976 13864 13682 7128 655 4939 11487 4076 6961 2004 8377 15454 17700 16069 4337 41 4112 10499 7263 5770 10935 1116 2970 8911 1678 12556 14147 
6139 34
8026 15694 16001 11740 12753 14908 14914 7364 13918 1779 3213 17604 16043 13696 12563 11322 6411 67 17868 1390 13070 16050 1544 10902 17547 16482 12159 1325 15567 17615 4531 15534 8569 9858 
7470 34
13838 18206 12288 16606 2036 12471 18444 10261 18334 11641 2469 52 5629 12575 17855 5008 10251 13735 10961 14231 1470 18778 15129 13265 13878 9225 8364 10656 16340 3219 7043 6840 6330 3883 
8512 34
10263 9939 3709 14517 13134 12866 18348 10955 1641 17302 12228 4161 9827 1957 13151 16576 7498 9971 18056 17792 18149 2580 7472 10937 3301 13762 15223 1444 9042 12120 14103 4339 17735 7551 
2340 34
13195 14123 14019 8610 8900 3743 17356 6485 13105 2144 3770 11683 10972 6772 12407 8145 16147 7304 12390 12629 10119 10040 10503 16434 6764 6299 9226 7367 4797 12793 2622 15966 3240 6663 
522 33
9492 16281 8185 2078 12961 15355 12313 7319 5532 13485 9034 16021 5761 17319 1817 2753 4672 15465 15639 6176 8939 5509 1490 11332 15645 2251 13781 2114 6145 15228 5490 7615 7803 
586 33
1982 9894 18706 584 5998 18130 11830 8555 9017 17546 5682 13139 869 6757 15659 1071 13810 11611 7042 5608 253 15785 3434 3651 2421 5267 2177 16101 14826 1286 18841 6443 1424 
1517 33
9313 9173 3223 11753 15370 11602 17492 14520 1010 882 34 1926 16769 10088 4043 13842 2200 7733 6811 10564 9606 8538 17119 14250 15524 13606 11362 2672 12109 4509 4979 11502 11901 
4228 33
16268 7494 17348 17152 174 9722 14137 18508 11223 6150 2217 1997 17014 17493 10351 12399 5194 5181 14254 7937 7229 1307 12755 16166 4535 10627 9785 13270 3427 1168 2574 9354 16920 
6439 35
16174 6876 9834 9551 15582 17336 5661 14462 12258 11995 3500 11490 6591 6697 3656 15631 10287 7261 9242 18712 14925 6407 18275 14824 17721 8531 1459 4111 1431 479 17305 11520 15217 8395 2387 
8231 34
8140 9474 11591 4140 12442 10436 16781 14180 2085 13244 17470 8543 8513 13328 11053 13605 10407 2501 14305 3342 14251 2139 2260 9718 7025 2079 15737 18610 12490 3474 15674 16988 384 13100 
2911 34
5299 11098 15868 25 16430 9775 9445 17749 8366 13879 7006 12560 18245 15224 5779 12074 12018 15728 10998 9634 14102 15999 2147 6789 1758 5067 9855 33 14862 15424 18047 14730 16341 6784 
4191 33
7203 4159 4118 10707 10172 16017 2664 13295 12423 9665 5006 13623 17924 18515 17250 11058 9203 9807 12795 10127 10594 8561 5717 12651 1599 16490 4840 2655 15056 13287 13197 9392 10340 
5700 34
18279 3698 12037 13350 8804 3665 2775 7121 12922 5394 3962 11959 16028 1133 13654 3952 3539 17160 175 16927 14144 13503 14731 5645 4192 2140 11961 18686 17199 7508 12782 10908 3133 6770 
3048 33
5176 5549 3600 2062 13095 14993 6083 13084 1986 10729 793 13157 13294 959 4937 12506 6000 3549 2019 946 17171 1119 1015 7469 18494 1000 4981 12104 15992 4398 9046 2061 10895 
4513 34
7047 9715 9077 389 13945 13831 6476 16333 58 13617 4167 2996 4730 17697 3507 2367 14497 8403 5115 12874 328 12621 18425 14755 14529 5678 1196 552 6480 1764 1568 11325 12156 10604 
3799 34
1829 1188 17569 14919 14296 7522 2175 2830 8696 14178 13912 1611 10123 14840 12503 6060 9115 761 5626 8972 9357 11733 4684 14490 16269 16265 13603 12864 12666 15824 12130 8948 12539 15592 
6385 34
16231 11207 16194 593 18627 4663 12861 7930 4482 10300 14960 11212 3101 5330 3885 9267 736 9467 16285 3491 9655 227 16186 14868 3205 9476 14658 8410 5270 7789 12708 9868 15926 5369 
