183
4435 5
78176 24019 39799 13336 98014 
4404 7
69743 79844 1037 29738 2886 28446 38011 
179 3
81294 80417 72676 
3582 4
32158 26002 87693 52879 
435 3
58368 87505 66105 
5016 4
52240 62770 45012 8855 
5829 4
35882 32363 84067 79818 
4564 3
40914 70839 38763 
1031 2
54006 10135 
3669 5
2111 72649 47307 12565 81109 
4514 3
80672 37895 19448 
3716 5
33697 67582 79500 90975 56692 
4680 3
44485 71741 76912 
548 3
97161 65026 57140 
2924 5
35931 64651 12793 26069 61748 
6030 5
4237 21254 43527 68084 49746 
2196 4
93515 75618 93446 98443 
5687 8
23317 77542 21155 43528 54482 4546 17677 46837 
4921 4
15653 94544 68782 9544 
3924 5
44530 97892 27539 96483 74198 
1303 7
94993 19206 60273 88308 3668 13055 92197 
3235 5
63102 17181 84646 55629 38714 
6858 5
26181 61545 4414 21801 88028 
4640 2
36012 991 
5895 5
49943 65513 81634 80845 23713 
2815 4
92116 88500 46809 99298 
1240 5
83179 84213 91395 30232 85450 
1500 3
92249 80792 51735 
325 8
69927 90627 48375 91918 92740 99322 9368 92709 
5882 5
94258 93313 30931 2551 60529 
6803 6
40082 9086 76525 99086 38384 72300 
2435 8
93717 12614 86367 74733 42469 16847 9906 27131 
1915 6
78045 77332 29848 68047 94854 86218 
4645 4
17829 89840 66226 32266 
1683 3
72183 70707 79161 
611 10
9719 60385 99080 31359 41372 72344 65996 15363 97237 7445 
2964 8
50187 89997 41408 1197 35052 31354 42896 70064 
2695 6
11027 95518 6265 5705 47737 29159 
4925 4
98426 71265 8076 36913 
1963 5
84549 4167 30486 70210 18545 
2608 5
84062 73513 45237 72533 54894 
1013 5
69625 89669 49670 41625 81864 
3059 3
24926 58799 53060 
777 2
55183 75695 
1317 5
63654 4202 19793 26390 62943 
6285 4
30669 82860 93519 11794 
5138 3
82745 60372 61815 
6637 2
57944 62950 
4923 5
47798 42657 81316 91788 38232 
5099 4
67567 60073 79363 17343 
1101 4
4152 67056 56700 65814 
6795 5
13698 43251 93826 38894 38020 
6776 4
54964 362 62796 67356 
4349 2
65003 31358 
297 3
52135 33605 29269 
993 3
39710 65712 16468 
1927 2
71383 11040 
1687 5
47653 73899 54577 15267 51982 
743 4
93730 83092 65111 27290 
5476 6
39038 88444 44236 94346 94086 75008 
5068 3
65151 44675 47449 
1290 4
81213 81430 87528 36751 
1233 4
54768 12493 16014 59445 
125 3
56649 66977 89456 
6741 5
6863 73584 22030 18359 75332 
1035 3
13617 9524 23313 
6355 7
61976 33150 77925 63083 53765 19329 35027 
4340 3
63393 42055 46628 
2804 5
5335 64967 36600 97698 4133 
4887 8
26191 22950 34142 53216 16990 7977 30313 40559 
3908 3
77090 78770 32368 
2865 5
28946 66454 29809 92838 53546 
1680 3
97921 96949 15950 
4115 3
48627 57513 40184 
2032 4
15075 41568 61902 71259 
5275 3
24097 62451 55362 
3942 7
25322 41882 68840 80916 36565 54612 47206 
6385 7
38782 67494 43930 51855 13128 13815 61299 
3329 8
63414 29460 75940 7095 46712 76797 62287 75623 
1402 2
86562 1398 
4132 5
5601 31296 83235 36293 64664 
6611 7
71550 49098 13405 81670 15307 19447 57414 
1795 8
59110 12040 52623 36653 96477 95717 61233 45150 
1170 6
35248 83056 11599 94664 24710 27607 
5426 7
86932 10267 34152 97321 57896 85417 58603 
589 2
76444 68819 
4631 2
64414 41337 
5453 6
19351 90448 58775 48845 54764 19582 
6580 5
5558 62715 6454 921 78504 
956 5
73561 98153 28324 77906 81787 
741 3
48556 74884 91734 
933 5
19717 33874 91493 57784 20110 
3283 4
24572 5498 82247 54781 
3822 5
90125 95143 39748 38321 41285 
5674 7
88666 83750 70816 70096 43880 39364 58838 
2955 2
60238 58651 
7048 3
31724 89062 35425 
6986 4
74188 82594 4697 91545 
3759 3
57021 77889 87317 
3885 2
25897 98127 
3416 4
54020 82813 63307 27939 
485 3
31222 77446 90694 
1389 2
50018 26607 
1779 6
26509 30091 56660 37413 16838 52165 
3202 3
15251 86026 93712 
4839 10
56938 70833 78522 71347 33790 4571 42736 61565 51637 33004 
2264 3
74541 28353 4622 
5150 2
64835 39894 
129 4
11803 9060 17651 51812 
139 6
64934 13326 34675 57228 82827 52192 
4846 7
7987 78874 34198 66132 54057 51929 19914 
4018 4
6052 33238 74638 40140 
22 4
32097 54469 2785 6268 
620 2
38095 62293 
279 4
45398 80116 51705 32053 
4819 2
89473 53127 
1161 2
69694 76606 
1871 2
81181 41754 
1435 2
76589 92898 
6998 3
55876 15430 65582 
5806 5
73607 82965 93881 8585 85160 
4621 4
49023 29660 13461 79567 
5087 3
68041 77535 20745 
2022 2
59448 57185 
4395 6
70269 93381 82657 51517 16844 52646 
4102 7
60322 4957 19319 11931 40479 74588 50148 
5166 6
11400 30857 78983 93164 56438 16033 
3749 8
16133 63960 72962 67890 85001 51968 9271 69246 
1512 5
96466 47451 54596 99904 93038 
1622 9
68870 22991 43641 70637 10155 61231 96862 96570 30326 
6018 4
33524 61186 45934 61030 
2035 2
65132 21941 
2261 2
83063 39658 
3573 4
45040 65069 27371 89833 
5036 6
74380 97154 63240 34640 48717 77744 
2975 4
27031 13008 57294 33241 
375 3
39193 85524 13954 
439 3
90084 74598 17060 
2725 2
17010 52177 
3996 2
70767 41422 
2775 5
57560 74645 24524 82774 51515 
5294 3
14025 33001 24647 
5317 3
8160 36458 11854 
2925 5
15457 6500 67209 7265 90613 
5394 2
50520 31340 
1971 3
94623 10654 11891 
6053 9
29195 86532 77325 69104 96765 36701 16527 76642 89888 
6315 8
2581 54717 93722 22040 95835 79617 97001 54712 
4945 4
23461 83158 77922 1312 
1723 2
75498 56634 
4566 3
53072 88648 28537 
2560 3
2084 39444 1642 
4865 3
82853 26414 26922 
1994 4
78552 57263 60148 60183 
6800 4
33267 98097 20071 64339 
2750 2
45060 37609 
1260 6
78150 23465 35067 88535 70845 51628 
614 2
65219 9841 
2268 6
86653 73250 77946 72733 57477 52062 
6156 8
66764 37224 3602 45510 43974 70987 94654 15455 
165 3
601 63598 51828 
5133 8
89838 53233 33832 67295 15327 48254 84276 14477 
335 3
20543 15399 48849 
1262 4
69720 94723 70747 1260 
5069 4
18108 60399 191 53661 
2381 7
88493 6688 35066 79155 78062 4990 80661 
1658 2
49534 33235 
1015 3
35393 59819 19536 
484 8
67496 46442 11166 86934 31312 46135 35189 96969 
5289 4
2277 17549 34021 85241 
4675 2
33434 10387 
5999 5
33972 27639 66957 98945 59602 
362 3
99666 55416 92119 
1261 3
1466 19238 56447 
4828 5
37553 78779 64031 27853 29532 
5011 4
12875 37073 24232 97864 
4136 6
76623 97123 68285 53258 78489 72629 
4084 8
11197 55543 41008 11473 13014 86537 853 30550 
5218 7
23290 78500 97761 52283 71786 83197 42603 
2807 5
47061 66118 87930 72010 83190 
2642 6
69034 74652 63790 7444 43902 1559 
6219 3
77583 68705 65752 
7000 5
38815 54833 59841 82993 88125 
