205
3628 5
53073 44572 58570 31742 1636 
6296 5
60297 72739 49044 9990 74368 
587 4
32187 99605 22473 23209 
2999 5
72992 61800 65859 40373 63775 
2742 4
8919 36139 17719 30837 
3603 5
67350 22741 13860 26647 70713 
4754 5
9678 17211 49219 18050 11339 
2751 4
74967 96201 18270 19204 
2273 4
89133 96038 40421 54737 
1691 4
778 12275 20892 3510 
1455 4
29153 93418 19673 55921 
6937 5
33572 1168 12257 35911 70495 
1584 4
57477 31507 11007 76444 
2014 4
36580 36680 72829 7465 
4859 5
50065 89155 88318 18438 18543 
2768 4
81358 49483 25295 94305 
3851 5
29071 93177 92113 95766 74040 
5764 5
96427 2465 44318 32834 23016 
4323 5
65467 68248 59373 81293 46639 
6392 5
59187 72495 2387 84100 49490 
6782 5
52506 81094 22914 55753 56970 
1111 4
60331 60511 16297 61445 
3589 5
13081 39376 54890 52525 82074 
4128 5
27636 16709 60958 69630 50914 
1331 4
38985 31988 4772 42305 
2569 4
39001 29898 11162 89479 
818 4
62972 14607 70112 93818 
2050 4
31781 57446 70035 13177 
2489 4
27415 20783 62987 3372 
5378 5
86596 59036 14567 60758 13431 
2066 4
20617 89114 92929 31387 
5662 5
46996 44334 54705 55363 29584 
2208 4
65712 78501 8748 88742 
6808 5
81936 28511 93364 16870 39161 
1956 4
37162 53632 17921 26840 
2886 4
43108 34120 81634 24953 
6139 5
86187 65676 5934 88324 36281 
3317 5
61670 46039 11012 25383 68372 
3577 5
66128 73077 36057 30942 19683 
3670 5
52597 38892 64833 50227 55357 
4510 5
75663 97144 37836 40036 45791 
42 4
12198 79809 9367 92154 
4272 5
98783 34257 32229 19807 13163 
2092 4
13673 66469 54316 53553 
5822 5
36761 22856 17120 18924 15457 
4681 5
12552 33538 48741 48080 41915 
3269 5
2610 37858 36762 28610 62779 
3197 5
35236 92446 15434 74125 87316 
6018 5
97030 32109 14482 5741 76375 
150 4
82587 94036 31093 38425 
3259 5
89195 99544 35729 30445 62129 
2257 4
23882 45732 79022 9177 
4570 5
80515 61627 95276 33664 14039 
4232 5
54149 48637 28637 15687 84790 
5823 5
70875 78398 71333 36255 56310 
1018 4
32693 84840 17617 29213 
3921 5
79205 83378 88773 91354 53264 
3728 5
56376 45465 26314 17697 79445 
238 4
84955 81292 27860 69660 
5757 5
98127 62331 14209 64191 21111 
6831 5
56199 97255 81683 47040 93650 
3500 5
24351 15723 56438 8035 73699 
770 4
29527 85486 49283 7134 
6260 5
912 69157 32352 77676 20105 
6606 5
98265 78186 81033 67836 37345 
6873 5
11011 47405 84106 99210 52886 
5631 5
80005 53643 63914 45014 66953 
171 4
28179 58785 91720 17071 
6799 5
88610 28186 52290 95903 32397 
5341 5
48413 42781 63015 7510 12403 
6640 5
79125 20542 7130 7540 9616 
1265 4
98373 78351 78592 29660 
3671 5
9538 72208 32600 50815 78771 
317 4
11881 72035 97958 56610 
2176 4
57364 45106 47567 73160 
6687 5
97484 21597 19162 95595 93782 
4330 5
78865 66548 63668 23288 57671 
338 4
99621 59597 81456 67256 
3265 5
7297 57775 14523 73263 36519 
6571 5
11475 57930 15501 95831 85232 
4121 5
20665 10773 2914 20421 81350 
7391 5
77536 82072 62920 47561 18293 
283 4
56145 29167 55928 51358 
4699 5
75260 51308 98929 6248 59152 
327 4
28315 20779 26970 39742 
5235 5
82565 68587 1761 44672 77624 
760 4
17480 55074 39049 29597 
5297 5
10523 37068 62355 8270 13756 
498 4
90893 88713 68589 50340 
236 4
79762 67892 93496 25273 
2749 4
10102 81874 59366 65905 
3243 5
76276 76809 5995 91749 99140 
1997 4
32033 26571 9393 2085 
724 4
34449 82559 69676 56782 
6494 5
8767 69214 81238 56266 13584 
3574 5
17491 44050 42827 67387 6461 
2231 4
89566 65589 64860 52220 
6570 5
41512 73528 53803 71353 85357 
917 4
23376 62884 68964 84516 
3783 5
10235 68526 23848 94185 95171 
5939 5
23108 97374 98851 39053 24054 
109 4
41607 99257 32648 91351 
2230 4
25683 90283 75811 5958 
5142 5
2284 21943 50165 88299 21270 
5157 5
49464 69907 37115 73373 12595 
1054 4
70858 92532 36037 55 
5937 5
4118 20868 69733 72595 52868 
5873 5
76787 95381 36119 33446 37428 
3297 5
20489 81126 25789 76859 64467 
3414 5
62089 4328 55488 18659 57751 
3223 5
29707 51413 18368 30701 99023 
6474 5
37681 10844 18515 18070 43926 
5916 5
64654 45272 31717 38929 34828 
2059 4
86489 65060 4559 86789 
5633 5
2686 45287 12328 39217 97467 
6301 5
15945 7602 63471 30854 60285 
1025 4
38553 61803 15836 6073 
6350 5
10665 8108 50132 37704 80509 
4850 5
57267 74526 31907 13135 42250 
2682 4
38188 2009 25435 9165 
3680 5
14066 2958 30187 86732 28180 
2149 4
30723 32085 71311 47182 
5725 5
47991 45173 63711 7365 63229 
2784 4
45644 2759 89515 46793 
6053 5
70548 4533 58004 73330 36200 
5702 5
83897 76323 52510 20451 46282 
4828 5
81020 25909 9436 76097 99128 
3677 5
23068 13472 94296 53860 43055 
1030 4
14768 50518 94618 87017 
6487 5
19999 93097 38527 46603 49708 
5776 5
16418 68515 89211 43536 22850 
779 4
65122 17469 81571 18436 
1044 4
77041 19027 82832 53878 
1168 4
27732 51820 29725 26925 
3731 5
29768 18746 23934 23013 19500 
4112 5
41614 40883 15783 79467 10469 
5875 5
70363 77956 58405 63848 91733 
5613 5
97768 53032 93531 77629 28643 
916 4
32338 17655 87139 60384 
5039 5
51846 26022 32523 94679 10500 
1996 4
11990 64766 80287 77546 
5221 5
92246 13154 60553 65214 84918 
76 4
97536 20828 14431 28858 
5747 5
24004 647 94931 15629 1467 
5313 5
23531 91422 79233 77773 77854 
4490 5
10249 1569 42267 77889 20873 
981 4
69551 5395 29376 76115 
5850 5
8715 61574 34932 66795 59846 
3483 5
45753 35397 25129 70559 63449 
3951 5
6268 33593 54863 80652 9431 
2746 4
21585 24695 2177 54554 
4927 5
64123 51832 59616 58290 16932 
3453 5
83143 64665 56693 44805 63288 
2969 4
99216 69187 96495 79923 
1676 4
68533 90263 41979 4273 
1650 4
91904 73866 89901 67641 
4349 5
89855 78633 37830 51107 79671 
4692 5
29114 9315 84030 47025 67203 
3857 5
71659 73236 7939 30017 3718 
4437 5
70183 80978 19992 78569 12294 
4572 5
49546 18731 20163 46043 31807 
490 4
79907 99757 8190 67118 
2907 4
56185 89350 22140 28154 
3173 5
68597 36573 36790 96813 80495 
287 4
55887 19884 24827 86146 
2098 4
89724 58710 85956 43435 
6442 5
24333 17628 66459 18015 70501 
4434 5
25592 56175 93715 18797 52142 
5262 5
31855 56769 84375 15866 49233 
5815 5
8930 62619 80711 9969 51626 
2963 4
87510 6832 79645 58435 
3210 5
84093 56360 25286 78738 74776 
1141 4
89044 20812 21485 18047 
4872 5
20135 90495 71112 95262 89330 
5554 5
37723 34223 51767 95761 2464 
1312 4
1207 87013 69419 14886 
6154 5
77759 42777 50328 16604 24845 
4849 5
28143 24190 1513 96474 31198 
106 4
38943 62154 85336 33373 
3843 5
19553 25867 12792 65295 23840 
6947 5
96198 43216 60932 58188 22957 
6800 5
70680 47202 847 8545 20726 
1231 4
89941 77105 81187 9337 
4776 5
61534 70592 42669 20325 93694 
963 4
62189 53882 41152 74309 
4466 5
10533 88865 53579 49666 54773 
3484 5
48987 90431 11912 69398 56554 
3660 5
19682 42361 71505 12468 68709 
2661 4
46383 93815 62360 49590 
4734 5
33249 38073 90273 70861 65083 
1296 4
97414 58723 18019 70808 
4383 5
3951 95401 49854 52109 18054 
286 4
32407 33369 77246 519 
40 4
56097 85931 63900 44955 
6446 5
85130 3362 29370 37064 316 
3401 5
27244 52353 64249 79679 54484 
6777 5
11008 48952 72928 87905 13426 
5910 5
88854 30352 28040 57512 83550 
6663 5
66735 98143 46981 50728 5766 
445 4
69434 62021 90780 20425 
6741 5
12088 64008 83743 81522 24049 
449 4
70272 7354 86655 17796 
2817 4
34392 11513 91327 29466 
512 4
73075 82726 64382 40205 
2718 4
60641 44205 39269 30997 
