94
428 7
2241 45590 69082 42211 45457 70885 3106 
3019 8
89273 13532 69856 55046 53078 3319 42889 75971 
328 8
95837 28568 24862 37443 9109 86075 3021 5711 
487 6
22050 33076 58719 77046 25604 18083 
665 5
91669 8534 31946 20102 20274 
2141 8
1847 51700 79222 712 29272 15627 47032 50748 
942 12
38722 14769 28855 7845 94824 52040 40814 85307 40382 18237 16032 70690 
451 4
21027 65340 23795 71633 
1232 7
40109 71433 42816 64517 88063 15176 78347 
734 11
19405 95585 42163 83321 8585 62703 13828 35104 91953 77967 79340 
412 7
399 8081 32516 80529 41366 99160 22583 
1554 6
62344 39438 89186 59043 82343 42719 
2951 11
35194 87765 65319 5433 2231 77020 54645 23148 2286 40826 95631 
1633 6
98269 29430 27346 77012 27757 89300 
1601 9
49729 63629 532 17827 61849 85578 90827 84586 96000 
2385 6
20216 59238 27791 42562 84883 29452 
1362 11
71822 41204 64178 78944 72893 87719 2097 98334 31616 26838 29142 
624 5
97864 65970 56778 10020 86553 
3170 9
89540 44358 83993 10147 75047 23799 44537 94455 67853 
868 6
39172 22812 2291 56358 64201 33640 
2004 7
34198 6366 99829 67451 38893 89442 62175 
1535 6
22440 99944 43616 28847 97764 39722 
1761 6
77069 57710 54242 76792 10155 35353 
2352 8
73364 77382 77437 44495 36260 83143 11869 51975 
1944 9
80692 18209 98766 41109 4390 62018 21885 85188 36615 
1752 8
1363 58658 15322 28486 55791 18298 30196 9397 
1639 9
96547 75954 47440 10209 31742 69901 67101 64781 57864 
2526 12
98864 36207 63323 38230 59523 9926 24138 49668 47368 44651 31915 7883 
1103 9
94007 97547 17899 902 48305 59725 15542 32240 36655 
2302 8
2811 26177 88564 69817 7110 28482 35595 22309 
862 11
6274 17469 97245 9545 6139 97327 81461 44960 5346 64351 17838 
2294 6
84278 47120 75801 42472 9940 23104 
2457 8
90921 18126 3007 1670 27923 16744 52772 5804 
2030 8
63890 48242 88441 11935 91969 78151 97997 64872 
2444 6
17115 67233 17984 10836 77188 29963 
2107 7
43376 82883 86839 49281 50464 10966 63442 
705 8
68162 57706 38268 35966 97963 45650 70567 49813 
530 6
32771 57322 85407 86637 98745 2323 
193 8
94482 19055 78381 7424 8332 93284 91421 56602 
584 5
5425 2470 95609 90077 70849 
848 5
29193 12779 48744 74305 63332 
2610 9
45611 64926 13204 29497 97503 36740 34480 4030 50978 
2616 6
20516 8199 80788 3361 66979 58391 
2056 10
45176 48746 43718 55433 4154 37624 55080 41088 89633 22157 
177 12
5248 31176 42767 99471 45685 47492 17654 7903 72193 22467 23918 87814 
1221 5
70526 14192 66609 15934 13470 
2947 8
24728 66623 41672 14845 16096 18939 52613 23719 
3046 12
55088 26730 9968 1884 41422 52838 43797 72116 45238 44816 50134 28591 
2840 11
66648 60511 2975 20466 71531 19082 68940 52684 81293 89552 29283 
1265 7
12069 63757 8827 59562 52890 19895 63593 
2407 8
38931 21693 61450 58951 542 89533 69865 60145 
1980 10
82489 18499 36117 70383 67947 39114 13964 16663 45395 73816 
3291 6
3966 71620 76247 90121 92787 26016 
1906 6
8193 57901 40336 46344 14612 99643 
797 7
47450 61496 81757 22012 38876 74234 73251 
889 9
39653 56009 29435 80967 41 10686 50379 79991 41923 
1312 7
81033 96560 41836 51572 56412 98961 83168 
2250 8
61744 42954 49047 55747 84521 999 74985 10474 
3035 7
43615 1825 95380 10126 61013 1332 8495 
1066 9
25022 73493 56150 73533 47184 28613 77754 42151 9534 
1878 15
97923 43192 75929 31454 46417 67881 1649 69179 82790 59754 96695 91527 82334 76944 40804 
3263 12
80099 14692 56955 53472 24410 20338 74081 33401 22882 10257 87282 76073 
1110 6
17287 73698 66917 59015 58655 7768 
2372 7
34252 93971 70367 15358 90711 52680 1890 
1132 7
63142 62898 6311 63871 60119 20206 19328 
2283 9
47058 60187 26469 94871 20543 80318 83328 62393 10935 
72 8
64148 83692 94749 26214 47123 19216 41371 44335 
3231 7
27367 84149 90449 72521 45541 55843 62653 
2443 6
41049 27442 1303 91012 54312 88968 
479 7
58166 28544 66845 83709 7404 57451 69437 
554 6
32732 47937 88475 89262 31327 73476 
677 7
40973 72684 33218 17776 38005 98675 44770 
220 5
90435 10714 83621 84320 82746 
744 5
66165 98801 10780 43331 56250 
2190 9
34408 58687 68898 99523 76598 66902 53340 44842 50021 
2226 9
68173 52690 98289 49407 82810 48600 91351 83931 21424 
967 8
13169 76899 63979 20548 67081 90761 81420 93669 
2140 8
29835 39603 83427 90212 78622 8780 57428 71150 
196 6
1732 80319 21267 30426 78185 12231 
224 6
21851 92943 54523 20726 23916 71368 
2162 8
7980 39588 80149 85204 98159 19921 55543 60183 
144 4
41535 74767 40652 16548 
2069 8
10409 4682 44969 82877 13736 55264 15667 75366 
680 11
45104 38574 62065 62004 20387 8461 2977 63531 23363 49665 40806 
2222 8
25076 86992 9611 11805 27943 60386 32167 66996 
784 10
67295 62907 86092 10890 82216 20281 44319 93038 32950 33553 
2000 12
95917 41066 79170 81301 63828 60420 25204 52725 94832 44425 48655 419 
2511 11
32975 68740 91436 14924 732 48478 8132 90011 66853 84638 92831 
2472 5
74165 14005 35486 50252 31088 
855 5
59756 30322 50483 2103 14858 
1454 10
43699 41806 88886 36847 38684 84738 66970 52761 66383 20169 
2365 9
53617 4184 36570 80307 59175 42435 38068 76942 84821 
278 6
73187 93529 29031 46393 4581 53418 
618 7
33748 18054 10631 74822 61766 53337 21391 
