188
65 2
9727 20049 
3058 3
19104 56152 68760 
505 1
24175 
258 3
30674 1235 65224 
1408 1
37146 
1345 1
85879 
3206 2
61052 14975 
4955 3
13750 96365 80593 
5079 2
13424 12690 
2375 2
9764 33702 
5822 1
64207 
1894 1
8597 
687 1
60312 
4132 1
82850 
518 3
14803 14906 93542 
3703 2
28492 50294 
40 5
51986 12611 44041 73170 43044 
4534 1
83702 
2170 1
14733 
2464 1
91975 
1887 3
54014 3566 91553 
2049 1
91365 
3196 2
19096 41011 
5909 3
95531 49266 10564 
5253 4
22562 20043 93123 22056 
111 1
32788 
4864 5
43681 85645 91078 16141 96102 
3062 4
23669 89706 82564 63339 
4593 2
96315 11736 
4321 9
78818 55764 59314 78880 35339 19354 12602 6090 17879 
5238 2
84072 9391 
5258 2
10770 20265 
1248 4
90875 42851 27015 98626 
390 2
23891 80861 
2900 2
8489 85683 
4789 2
60177 25846 
4336 1
1493 
3531 5
53706 57856 31497 81766 85354 
5235 1
52339 
3920 2
92411 91779 
5769 7
58935 78717 61998 73951 26288 77756 93297 
4770 7
11431 46401 95748 33509 94403 94601 12953 
3365 2
31253 74846 
4979 5
20544 31426 94076 1985 98350 
2406 3
99002 44930 64012 
4918 1
54764 
3578 1
78249 
4149 1
76617 
2213 1
32502 
3507 5
8916 87432 3773 38868 19212 
862 2
92832 42171 
3238 2
11316 94492 
4681 4
94676 52915 48609 69536 
5424 5
72241 20877 18552 25514 43031 
4636 4
85377 95121 49816 6073 
5564 1
13713 
1866 1
24996 
4205 2
23375 4018 
3022 1
77133 
1994 1
9986 
4035 2
58128 31804 
3435 3
38020 98545 64190 
654 3
50134 63225 73822 
4914 5
75884 90791 35300 47512 45601 
4745 1
34078 
1340 1
715 
2450 1
46537 
2187 3
23446 47786 14571 
3629 2
51014 78139 
3 1
59434 
4490 1
23854 
4401 2
5061 7039 
3584 1
18937 
2491 1
52052 
1698 2
48218 83799 
1424 2
34897 71093 
2366 2
59441 73332 
2137 2
5910 80836 
4318 1
45027 
2507 1
41107 
3979 2
77964 47386 
1003 1
23988 
4655 3
82591 45155 42918 
4197 3
44476 31707 70646 
3492 5
79566 54770 19967 79670 50037 
3252 2
4774 72510 
1926 4
83652 32496 63762 19441 
1046 1
3674 
1268 3
318 36956 87776 
177 1
29105 
158 2
86423 67182 
1407 3
29920 68975 55707 
5622 1
84676 
1371 1
32510 
567 1
65742 
3749 2
37066 88570 
2624 1
26823 
4427 2
20339 2498 
4631 1
58670 
1148 1
59121 
5693 8
84311 59346 35944 1401 77204 16404 82379 26981 
3427 2
89772 91334 
1872 2
46972 80826 
813 3
96607 8095 52564 
2037 1
47985 
818 2
36681 20125 
5701 1
82057 
1530 3
78224 49725 23940 
3390 1
72593 
3869 3
46670 34499 83682 
3487 6
18700 35980 23027 91958 35677 43339 
1251 3
68740 96437 69446 
790 2
25372 15121 
5051 3
33133 56303 42676 
3459 4
54544 43869 93747 6446 
2744 2
66030 49870 
3645 4
41736 19886 29971 47097 
2637 3
86170 39861 91223 
5014 2
31791 99249 
1082 1
15205 
1632 3
87504 87043 85237 
4821 1
39987 
2508 2
76198 23630 
5581 5
75323 80421 82534 60534 86000 
3737 1
22699 
1862 1
86565 
2471 2
62562 97865 
3423 1
14878 
5783 1
20926 
3148 1
37800 
4267 2
50168 46244 
3272 7
13577 84827 71223 11211 96355 96176 3505 
3362 3
56773 30432 18259 
3267 2
13329 97443 
5343 4
28488 75995 94082 5496 
5570 1
37327 
2073 3
92424 84263 88230 
2767 2
46558 76665 
2006 1
63717 
3615 4
10466 91812 25829 83089 
1469 2
71402 15740 
2613 1
17331 
3559 5
27839 84657 40157 71300 77858 
3092 3
43904 87144 43276 
4208 1
78473 
2252 2
67618 99191 
5832 3
20810 34728 2760 
2039 1
37116 
4376 3
50731 84805 45744 
256 1
68666 
501 3
7963 97826 70865 
552 7
96491 54094 71049 98920 46687 19156 31015 
4792 3
60866 94871 96313 
706 1
63027 
2005 4
27256 99447 78744 57632 
3212 1
90071 
1040 1
23836 
3223 1
40542 
4488 4
28456 68064 972 51984 
169 2
81519 82704 
4783 4
21170 97004 10616 91814 
1489 2
67487 27627 
4775 3
51195 99482 56936 
218 4
84322 88268 85019 37635 
5777 1
92080 
1474 4
51251 67094 86972 95297 
5742 1
15954 
1401 4
25410 95546 616 76947 
5286 5
49612 97243 99215 54349 87615 
700 3
13855 49547 42172 
4587 1
32541 
3044 2
74547 8223 
1529 2
49956 8356 
3398 2
15967 18044 
5860 3
95899 7000 58666 
3574 2
14090 4398 
5947 6
70557 20045 59844 71520 19263 15132 
5555 8
77011 59900 77105 48009 49879 19241 26257 52524 
816 4
22282 42875 87605 46103 
3625 4
60439 46795 38781 37947 
5527 10
84418 43621 76509 10286 29010 73925 33303 41267 58780 14429 
825 3
16265 90620 81038 
5395 4
32149 81438 83140 54071 
5013 3
18880 84411 79870 
12 4
93284 96063 16216 18456 
463 1
68255 
4560 3
40764 662 72662 
3780 5
27524 17940 5670 75029 24668 
