304
2551 5
8114 4237 23373 5463 11169 
439 5
17274 12042 6691 25270 2366 
1248 5
17103 7610 11095 8082 3620 
3372 6
17569 23137 23550 2863 6077 22504 
3588 6
5696 19561 10687 3999 10181 8671 
1629 5
15253 18121 16248 17284 14341 
898 5
12070 17506 11992 14006 9905 
1303 5
14130 23292 2507 21730 24301 
1478 5
13590 23788 23002 9508 713 
125 5
12764 22254 16924 13557 10329 
3012 5
6528 5162 17758 14487 7208 
751 5
6479 459 15261 5865 15979 
2837 5
5602 20304 14171 3519 5874 
3780 6
4129 24957 6398 164 23814 24432 
3898 6
2526 14455 15896 20241 15078 15637 
3601 6
13795 24407 4432 10525 6053 20041 
467 5
14064 13015 25733 7230 17641 
3989 6
3968 25560 16803 5496 22409 24118 
4042 6
8676 13693 22878 21434 7380 22322 
2934 5
12846 5076 16860 10227 14349 
4013 6
11060 12210 3531 12966 12099 22236 
2480 5
19676 5381 21364 18034 20877 
266 5
16565 18741 13589 21601 16087 
410 5
3702 20096 5721 1232 9646 
1871 5
5941 8965 19530 380 24771 
1579 5
12200 5675 21470 602 2290 
151 5
11937 5952 15036 14555 18586 
3412 6
24349 6387 585 7615 15466 12729 
2696 5
20956 17770 7046 25749 17525 
1639 5
13569 25519 9396 15335 14694 
1421 5
1199 1202 21525 4523 7792 
650 5
7211 11147 2221 1005 3917 
1291 5
21657 807 17476 23171 24598 
1680 5
14757 9868 21340 5576 4521 
1797 5
20471 1715 3493 5383 3019 
2809 5
11601 22851 1482 20484 3030 
2116 5
24125 19259 19032 19000 19279 
2291 5
12017 2172 12241 20090 3047 
1435 5
13101 6920 4187 21842 1660 
282 5
5990 23956 22714 24641 6033 
3621 6
9733 14662 18169 16388 3302 7991 
1395 5
12990 4472 20416 11146 16879 
1779 5
24455 25165 2330 13886 18185 
1398 5
18975 12954 198 24462 25832 
1540 5
17877 23691 24773 21161 11975 
2683 5
19383 24565 7113 21693 8755 
4118 6
2245 23208 24343 9908 23192 17613 
2438 5
14416 12835 10417 25609 9709 
1845 5
10247 18614 407 18835 2144 
2361 5
17115 13026 11773 3450 24892 
1033 5
24832 6880 7496 24550 4159 
3269 5
25134 1374 22556 16347 11748 
2760 5
19627 17514 2252 5289 23782 
574 5
25298 10429 18591 16503 12537 
502 5
5000 24929 15234 16170 4083 
1451 5
4372 17449 5870 2515 9302 
2378 5
9313 3631 3746 22891 22700 
153 5
8372 2146 8169 22990 3388 
3136 5
20629 19135 12036 7286 10061 
623 5
22902 24452 792 16891 6042 
846 5
16481 19415 19170 15587 4673 
3094 5
15271 993 11273 23571 12486 
792 5
4588 5435 11995 14761 7988 
1617 5
9179 21542 14995 12687 20524 
1179 5
17369 13972 7937 13689 15389 
1549 5
3331 23658 2469 7319 25140 
297 5
12152 13910 17601 4312 15790 
1981 5
8422 6856 2630 16903 10794 
300 5
25716 12045 15499 15656 13711 
2633 5
6422 20257 17711 13408 18932 
835 5
5657 2068 18330 8677 9670 
2965 5
13141 5004 8786 16362 437 
3117 5
9177 16032 24322 10303 311 
1013 5
6058 22639 20980 21519 4618 
1514 5
6949 11364 15177 19566 2142 
1512 5
9239 11242 12308 18957 1044 
3375 6
22164 3943 20063 10517 23351 10806 
3286 5
11264 18858 1817 11809 1997 
646 5
13455 13088 18234 11473 5940 
2453 5
25102 22829 12087 19098 18826 
2117 5
21401 15343 20965 20489 2883 
3814 6
14593 14811 2160 421 10659 22241 
2731 5
17717 2649 10529 5060 9556 
3865 6
5342 14560 22426 21961 6709 17384 
2385 5
23706 66 19974 4256 20126 
3668 6
3603 11290 595 23743 614 12026 
2247 5
5673 6941 18824 579 7596 
1926 5
23132 12136 17022 22713 13893 
2046 5
2239 23774 21138 5856 18344 
219 5
6929 15121 7789 13242 14400 
3048 5
19271 4896 13604 19525 5161 
3020 5
17097 24022 16049 24146 5778 
2027 5
19430 8251 6969 6039 12092 
1959 5
1362 13409 16092 5159 5320 
662 5
3596 23637 13166 16433 4330 
3556 6
25025 23863 25085 8870 12058 8477 
2231 5
21134 15930 20655 16377 196 
3934 6
515 12451 24693 19241 3317 7512 
3528 6
25384 1057 5568 17570 15028 22640 
1187 5
14973 14642 1780 4026 19775 
721 5
2025 22454 7932 16461 24357 
2715 5
7880 830 1316 14466 25005 
2205 5
10477 1621 21940 17166 12208 
3075 5
13970 183 7245 3695 15410 
3480 6
7078 23075 19680 21212 20431 5357 
2593 5
10834 9483 20567 16080 5099 
3023 5
1483 2331 6384 24890 22316 
2697 5
22221 6555 18922 14453 16418 
2173 5
7734 17884 17397 8520 13172 
4180 6
21538 9622 14680 15950 21039 16409 
3468 6
14591 17118 12898 10112 24222 23785 
8940 6
19508 21075 17967 5400 8328 25367 
951 5
21328 428 13377 18686 21862 
315 5
15756 17805 12184 14656 18706 
437 5
5566 19321 23238 678 21376 
529 5
6965 18447 25645 15040 17259 
2623 5
19791 17508 20024 10011 9774 
2786 5
18429 16910 15949 24562 10749 
1938 5
22146 17327 10553 21429 18716 
1988 5
11546 8375 18426 22978 14496 
959 5
3243 13167 20860 23303 7989 
2358 5
20789 1627 6606 4101 11482 
3019 5
22314 17093 12881 24005 23700 
2455 5
22381 25539 2030 17731 18248 
806 5
1544 10660 11459 1029 25745 
28 5
16317 5814 17112 20599 19172 
2439 5
4073 3238 18277 15079 3904 
1207 5
17997 19376 1800 16495 17246 
1251 5
22625 1519 12849 7876 1606 
3022 5
18153 14768 812 12461 9948 
2160 5
21 15926 19733 8715 25138 
1913 5
22998 25179 7470 275 3266 
4079 6
23203 23984 1209 25630 15734 16444 
1590 5
6728 16950 24615 17270 18857 
2202 5
23529 21020 8144 16432 10586 
225 5
18582 15677 9288 3056 25060 
4033 6
9751 13971 5703 21881 11897 10214 
2577 5
24423 9680 2503 6106 5931 
1657 5
18014 111 19872 5429 11352 
3035 5
5819 13003 22684 1265 995 
1867 5
6668 1768 10924 1778 7808 
4029 6
863 23272 8509 23721 1031 21158 
3842 6
21902 2342 8793 25234 24573 8262 
3135 5
22973 14423 14246 22546 7913 
534 5
20750 23098 6536 8893 16276 
3254 5
8236 25246 2577 18532 18497 
2953 5
12281 18843 13153 3109 7684 
2867 5
12909 25674 17081 7508 4453 
672 5
2827 24758 20175 12230 9753 
1280 5
7556 21733 7515 14303 12397 
1765 5
2585 24538 19800 9416 16953 
2213 5
15218 18250 2997 7386 1495 
2998 5
18681 3406 4767 2011 14221 
2659 5
3727 5275 17318 14084 9497 
3693 6
7165 9799 25762 180 12411 5467 
3476 6
14509 5425 2456 22726 4559 842 
1642 5
8464 3562 10766 17744 9681 
2073 5
21273 19436 11467 2903 22833 
2172 5
1886 9041 13501 15558 21464 
3788 6
13583 11003 15984 736 109 25470 
109 5
22134 16699 22876 11497 19180 
275 5
13405 7994 8455 15543 25722 
2273 5
22932 2077 17400 22177 24759 
2089 5
10217 8605 13430 3548 15377 
3530 6
1240 6477 22480 23905 9059 23066 
3712 6
7830 4301 7327 5102 8224 24245 
2405 5
14533 12663 24321 12806 206 
3112 5
5890 8543 19312 10637 1204 
1101 5
4196 16647 3770 5626 9158 
207 5
8781 22763 25601 23109 4136 
1488 5
15308 3028 13175 24531 23727 
2909 5
10008 19841 24499 208 271 
860 5
24035 8373 17808 13282 378 
803 5
6779 8939 2494 13250 13871 
1968 5
10013 6110 16882 5595 16150 
2327 5
19368 9838 14801 20710 19037 
188 5
7540 7037 23381 12838 19234 
1362 5
11437 23167 16990 5938 5541 
1731 5
267 15406 1378 9876 24139 
250 5
19523 9425 11009 9683 6811 
1346 5
5347 13842 23630 14095 7755 
23 5
7801 8695 24635 14488 15811 
3613 6
8651 10238 21091 6608 6817 24111 
7887 6
6543 2472 9915 13550 20556 19957 
2386 5
18596 22841 18506 18057 12910 
336 5
14483 9881 20741 18731 10821 
841 5
4387 4962 17490 9608 215 
2419 5
9410 5448 15164 7483 23915 
396 5
15565 11902 7195 5479 19146 
561 5
23060 2180 2879 15996 23465 
2617 5
8016 24596 15114 10371 3518 
2820 5
10620 1643 11096 1501 19454 
1119 5
2483 18101 18005 12033 12233 
2427 5
18554 1657 6276 7384 15942 
2987 5
16765 25004 2796 2374 14251 
408 5
21809 7891 6298 23723 10884 
3882 6
4872 9694 22506 21841 6751 21822 
774 5
1530 8026 2962 14639 5910 
2571 5
23748 16027 16850 10335 21866 
3497 6
25744 15182 10003 15169 4536 9253 
2585 5
4935 21198 18675 403 2581 
60 5
6836 9816 5396 18 9696 
1876 5
1834 8007 19828 13209 4275 
1131 5
24358 14731 18979 7866 908 
1464 5
19548 23654 25735 5316 1114 
3114 5
12203 673 12157 16908 4361 
1902 5
2264 1579 10527 5897 10611 
110 5
11022 11700 4993 5440 5532 
2224 5
23627 9073 8772 25231 1976 
139 5
13133 18414 1605 24487 12155 
2333 5
3836 4133 6681 5998 7943 
3101 5
19829 22756 22089 14088 2991 
3525 6
17230 23463 24927 4611 6149 20375 
1918 5
7498 7924 8667 3705 11195 
3152 5
7686 3105 8059 10096 23949 
1879 5
19346 10953 15686 8492 3425 
1685 5
13731 7577 15794 23584 7612 
3908 6
982 12032 20273 24400 7613 24315 
6590 6
23633 23486 25462 25660 5832 13707 
4125 6
23253 2947 18725 4344 22634 6934 
1008 5
6188 6391 12116 682 3752 
3577 6
7952 11261 17803 15409 3595 15133 
706 5
9021 10556 4047 25738 5548 
206 5
3442 8792 13202 14 20026 
1833 5
19785 15286 7632 2187 24009 
4980 6
1373 13269 24647 159 25734 18334 
1257 5
20600 1980 9401 106 4144 
3321 5
25434 1794 21385 22609 5648 
2541 5
19754 15493 22826 12102 17310 
1444 5
858 16421 22029 6430 6211 
3872 6
19536 15778 15017 6115 5901 21028 
2084 5
9496 16268 10376 18476 22342 
3396 6
4932 13900 11039 25104 15525 17325 
2935 5
15013 25552 25710 248 13560 
3982 6
1589 489 10236 7659 12044 12524 
7174 6
16900 9989 25042 6067 6320 14494 
1605 5
674 1413 4783 4643 23917 
359 5
5740 13534 8230 8984 4850 
562 5
3923 5759 21248 8980 3875 
1250 5
21684 8162 8286 17168 15041 
6035 6
14470 5208 4861 8932 798 9103 
221 5
14244 12390 1689 19532 22683 
3647 6
23690 18049 6202 12293 14245 1585 
3466 6
24214 20857 23707 7844 8028 21972 
2822 5
2629 11474 8294 483 16947 
1564 5
18245 11508 13512 12246 16949 
3833 6
5707 5713 15475 21545 20095 5745 
2338 5
3084 20445 4127 6347 12290 
1012 5
2379 5708 24314 24885 17134 
1212 5
4321 3956 19490 20882 1111 
2929 5
25535 14673 15951 11877 6010 
2383 5
21851 2168 18217 18484 24827 
3210 5
9534 1071 22659 25142 2921 
149 5
10414 8579 16349 8770 6633 
3288 5
18078 16054 11005 10308 15317 
7092 6
6068 18715 22873 7003 7400 23665 
3365 6
18735 8303 2147 24144 17906 12182 
3056 5
8621 23215 3046 21200 22646 
666 5
1024 17241 11743 18599 12056 
2446 5
8051 3351 9222 19307 5519 
1141 5
21754 18393 16055 8882 22394 
1745 5
6765 12624 18961 6592 1723 
1161 5
4905 17745 5035 7552 18874 
1775 5
4744 20833 7172 24964 17645 
3420 6
18400 6741 7831 14059 10551 2591 
737 5
9397 22694 16640 6329 21493 
2719 5
16330 10132 13235 6427 18796 
1224 5
24730 16328 18974 25084 3340 
2833 5
18108 18223 7317 755 18332 
2354 5
8743 14855 8414 22205 23980 
2747 5
20058 2475 25166 15553 23467 
2151 5
12248 9188 24639 24591 4633 
657 5
21918 23663 12441 2090 15449 
3892 6
17812 24930 1814 8700 16770 5203 
855 5
23490 5249 6645 7656 13047 
2199 5
2128 22961 13479 6985 16935 
2004 5
1130 11721 10906 8702 12172 
2884 5
21484 15273 17124 11035 20296 
2251 5
20361 15851 1017 16396 14169 
37 5
10613 554 24074 23526 17854 
1972 5
1664 6169 972 3256 3342 
3574 6
2824 18647 4738 3529 21354 16044 
3090 5
17990 18742 6462 22852 4040 
2678 5
22203 18410 6325 2983 8467 
4035 6
16543 7295 6712 20111 21335 8583 
2021 5
24796 1653 10756 19041 7272 
738 5
16922 10180 4031 9992 14599 
4139 6
13291 2018 11589 12654 11144 18651 
5429 6
5262 3468 24539 1608 13117 1607 
2225 5
22564 7033 6574 24107 1456 
741 5
4009 167 14028 16120 7958 
875 5
17956 24785 23304 12294 18855 
412 5
3633 21044 3224 20947 18093 
779 5
18670 8220 10662 12870 1960 
2468 5
4084 6472 5637 16275 25485 
8847 6
173 1635 985 15205 8134 1663 
3195 5
18428 18724 16942 14162 24331 
1295 5
9518 20549 15173 4941 9197 
2078 5
836 19233 12378 4814 17191 
814 5
188 15330 14144 25766 10923 
1442 5
21595 23169 7537 19817 19192 
2420 5
13170 9183 13704 25839 18870 
997 5
17462 23527 13110 18621 20337 
1529 5
9732 7404 8158 5538 10028 
