185
5790 10
52319 26814 91478 75195 73708 46764 97712 21546 28968 98455 
277 3
68153 685 54349 
3856 6
29213 30057 5023 17086 23490 11985 
5540 6
20732 48583 85477 93891 80265 26910 
4946 4
71698 33995 79978 4431 
2298 5
66958 60214 11953 11577 21649 
6129 4
13261 8426 86495 90505 
383 5
7093 77981 57414 94370 61586 
4667 4
30474 48222 50005 23812 
5170 3
63044 65269 2358 
4190 5
31842 29601 83407 38654 96802 
428 4
78869 24095 42895 80363 
699 4
82073 89833 40414 57156 
3666 4
64234 15212 97311 66562 
3479 3
42113 75567 29215 
7062 4
21641 38893 54306 46722 
1947 5
40320 58602 75694 71054 97628 
610 6
30435 76211 75316 12824 64749 95435 
2 3
54501 48133 45347 
6565 4
22008 61546 76940 46001 
3751 7
36242 50141 56618 71066 38621 70533 14956 
4046 3
92639 45552 91564 
4974 4
23039 70236 29337 37897 
6800 6
69277 18231 93255 63910 94499 33954 
6168 4
4800 13390 28656 65046 
4832 5
20285 490 56879 34835 15963 
8344 9
14809 22864 37457 39500 91413 35607 45183 23984 72805 
1557 4
73365 85930 35528 59891 
8282 4
13030 52086 85371 30292 
1455 6
4056 20437 68813 98205 44783 15612 
2661 3
25804 4300 2952 
3121 5
89559 8628 41471 39478 43466 
7371 3
63301 66979 63274 
8983 4
54646 39139 3087 63268 
2143 4
98253 6325 57273 12025 
2555 3
93704 6102 14546 
4127 4
86040 34619 94438 89764 
7264 6
9679 29339 32684 78876 41920 56271 
617 2
47176 19132 
6464 4
9623 14650 18687 72352 
3220 3
71310 70011 77644 
674 3
5447 75500 33534 
3177 7
14158 72960 9675 32009 82210 83191 91241 
5454 6
98500 94557 19065 56859 36463 6514 
1881 3
56303 56142 34471 
564 2
51343 91123 
688 4
14276 50810 60809 67692 
4989 4
88306 78590 15158 60886 
6877 4
2704 6868 636 8499 
9389 4
12404 29870 69775 17483 
7395 4
1370 76861 33883 30079 
7199 4
14490 65225 13792 26364 
3873 4
36899 91647 8746 53409 
543 2
11259 18264 
7937 4
65228 91533 84826 54453 
8982 5
31379 49377 6186 38329 90078 
4290 7
31205 76956 47478 65253 61287 7690 70944 
7920 5
55844 31932 15575 60188 74715 
3975 6
50280 85885 99555 81434 35997 76162 
859 7
7 25007 75185 47264 81113 39904 23820 
341 3
75467 18626 42046 
6489 3
14005 20664 93678 
3208 5
44896 51984 86454 67851 66521 
9178 4
520 31314 72635 67742 
4683 3
99036 95926 93705 
641 3
40587 87254 88283 
8333 5
26183 27981 38692 58359 79848 
6884 4
40212 88050 2723 23300 
3152 4
28691 65576 56057 32706 
563 5
7260 99838 18996 3623 58108 
4971 3
6062 84183 39546 
6325 5
87573 57486 13207 78454 30836 
8552 6
87678 99799 57961 23631 48387 25619 
5402 6
12880 33716 80441 8991 39296 59387 
3718 8
89115 9327 44741 80072 61805 45276 96029 99521 
3924 5
19302 73627 43299 57317 82305 
1691 6
32677 75376 77277 99979 32452 58147 
2574 3
41157 8282 9998 
2658 6
27686 48575 50010 32072 8952 66988 
2361 4
71400 86092 6084 32262 
186 2
54404 87229 
5644 8
96953 31016 30514 57669 68343 62433 72269 33371 
1506 3
25103 63308 34550 
8338 5
90312 36286 87386 93365 17435 
2454 4
45022 63821 2852 80443 
3336 5
8502 60045 64175 93827 49040 
792 7
2968 56492 65297 40042 65684 81546 78544 
3961 3
88483 26449 38585 
5976 4
70137 48078 94264 76734 
2876 5
15570 71435 25144 30376 22800 
4890 5
9803 32298 65093 29438 25189 
1756 5
59012 56962 7519 87853 65156 
2125 3
7837 43472 38617 
9088 4
70508 35837 35341 63651 
1400 4
97881 43205 81109 82578 
9046 5
60310 85782 87160 82377 74778 
3943 5
23663 17832 86825 81598 52914 
4772 6
28420 24337 63829 77062 52139 87825 
6351 5
56680 89982 48161 1777 63588 
3676 6
23443 44854 60700 10641 46929 75537 
8577 4
69793 8733 9001 3865 
1407 5
49316 74285 44116 16995 42651 
6787 4
49988 75416 10988 24251 
7274 6
9565 84697 60173 33875 44271 49350 
4717 4
26906 10547 88067 41790 
1555 4
14071 30037 48118 41936 
7277 4
87274 39208 82508 70571 
5097 4
1533 75062 26867 13133 
7367 7
38179 67022 73285 40555 989 92981 73397 
3028 6
11191 42997 72095 75646 64940 75972 
8765 4
62346 15753 46705 87103 
5273 4
29674 93865 66441 57518 
5079 3
78860 85294 98630 
7875 4
22242 43686 63529 83909 
497 3
81720 13140 9739 
703 2
11281 55179 
668 4
52445 92209 34167 48098 
182 2
25753 65747 
4935 3
15861 407 63289 
7375 6
10921 69886 77712 34521 68641 61875 
6657 3
55849 50600 63138 
446 4
65001 20911 6479 6531 
547 2
22175 97663 
470 3
19119 93983 87198 
2377 3
71148 46987 27911 
8686 4
34825 4775 64290 44662 
8711 9
40262 81874 91017 94970 27425 77804 363 24060 87285 
2050 4
4179 30915 47511 3236 
8969 4
11115 504 93222 98964 
645 3
52561 39693 267 
711 5
34400 14007 33676 71293 92534 
5569 4
31096 39873 9752 85661 
9348 3
5240 41565 98530 
7727 5
9434 9122 34863 15901 18053 
663 3
36804 98952 10696 
4043 4
35398 46452 30744 66644 
4766 10
72196 9754 49734 97263 78406 85078 92781 22470 34027 26596 
3272 3
80923 5875 50637 
9265 4
13963 78252 98906 3428 
1301 5
42260 71563 64867 98872 75982 
2866 3
7750 24188 36545 
1255 3
34414 73546 68449 
400 4
69421 58749 36683 74635 
568 3
76834 12685 74535 
8852 8
48549 96388 45404 97549 69994 5397 93843 49560 
4430 5
66503 12334 80879 67699 5500 
5952 4
17010 57922 93276 52898 
1308 8
33851 17835 92332 57800 96700 655 55007 37087 
520 3
47141 22707 34503 
4610 3
90735 36194 10290 
9365 4
95658 88763 46961 49068 
9152 6
26802 48288 39757 24162 15233 67031 
360 4
80180 22215 53440 81837 
2522 3
51482 88785 48683 
8363 9
63709 41088 42227 95084 98179 87978 86286 56180 1562 
6226 5
65097 50894 41990 76539 47661 
8129 5
74299 85678 88601 24543 16914 
4266 4
52221 25531 8381 2575 
1257 6
63586 15277 94795 77860 8281 30055 
6517 4
5448 54038 74463 34687 
1624 6
22018 55228 62721 44366 85303 5379 
5330 8
46177 30796 76589 25059 41518 52963 47437 74666 
2946 6
31897 33477 9914 8239 47166 50193 
8068 4
72913 11145 50105 69731 
1203 3
96893 82316 74949 
2561 6
96276 46327 84899 37239 88820 78646 
1538 5
66732 59328 99588 56366 24947 
6140 4
47811 56090 55067 53637 
5919 2
48505 85865 
595 6
4943 27832 22709 59821 31032 80384 
5915 3
44578 50094 51797 
5158 4
59970 27088 27589 53319 
6865 4
13316 65271 39104 45623 
7153 5
89676 1748 68092 80789 63944 
581 2
48317 20112 
252 3
4139 71815 40198 
9376 4
42723 67839 24281 86751 
7642 4
36788 42183 19607 18016 
4698 4
31487 13982 82958 14920 
6722 5
67082 17005 31371 28786 66343 
1600 7
99999 99991 92518 98173 23033 14794 6851 
226 2
81738 20535 
177 4
373 73824 23011 70280 
8061 7
15331 78731 94597 95974 18365 14565 63461 
584 3
41184 96671 68369 
