278
4135 2
41188 20636 
641 1
10097 
5873 2
51866 21357 
1468 1
93380 
2125 2
64505 23460 
5329 1
57374 
7420 2
32360 35277 
7064 1
97569 
724 1
26834 
5445 1
21335 
3180 2
29713 25389 
4725 2
7106 1203 
447 3
31281 88171 49541 
4570 2
41403 85096 
6093 1
87313 
3155 1
36029 
279 1
89211 
4495 2
14740 57218 
1054 2
42295 7350 
7657 2
49697 10404 
4705 1
33942 
2528 1
42972 
5869 2
59402 55638 
6208 2
78416 73999 
316 1
35887 
2480 1
52706 
2389 1
35667 
2780 1
96212 
4523 2
99815 11382 
3400 2
21570 68074 
4722 1
46688 
661 1
96343 
2548 1
26718 
1349 1
67895 
3279 1
23734 
4848 1
91531 
1108 1
97980 
4923 1
32593 
1136 1
16618 
4597 1
56854 
4580 2
63719 93123 
1602 1
15070 
605 2
22741 74495 
4445 1
64415 
560 1
73025 
2894 2
90405 14533 
6521 1
59791 
5599 2
93996 1921 
7217 1
7826 
850 1
4420 
1180 2
17405 95315 
6608 2
69796 49244 
212 2
36060 57995 
3366 1
753 
5683 2
33520 50789 
1966 1
98191 
2217 1
25469 
325 1
88302 
5958 1
66229 
3919 2
48626 74017 
5350 2
20928 90509 
5714 2
11825 29819 
6662 1
11852 
5581 2
69472 2194 
3471 1
70003 
5703 2
2259 46429 
3371 2
90608 88186 
8172 4
12311 82509 12186 14370 
7265 1
2247 
2178 2
17005 29753 
6656 3
65626 26805 9254 
2413 1
43079 
1399 1
43728 
6641 3
61285 94757 18076 
7352 2
12471 44824 
2366 2
24529 21955 
7472 2
62552 21562 
791 1
37762 
906 2
71638 78004 
6346 2
86609 27859 
5690 1
53028 
1006 1
29623 
5128 3
8386 90254 59618 
3356 1
45955 
2523 2
75965 47176 
5308 1
80975 
5260 2
23861 31951 
6455 2
36493 60797 
6669 1
23174 
7124 2
66756 7134 
802 2
81290 17254 
48 2
95339 34557 
5582 2
48064 83377 
7 1
71663 
1595 1
92015 
2939 1
17734 
197 1
14020 
5701 2
8975 89107 
6425 2
86435 18116 
1943 1
64754 
1128 1
29892 
5988 3
87627 30235 75340 
3668 1
29696 
207 1
44402 
4637 1
29006 
2503 1
70532 
339 1
6522 
155 1
81614 
3415 2
71185 19579 
1891 1
98143 
1933 1
94898 
3825 2
70671 1188 
319 1
20594 
2099 2
85157 53703 
7405 3
43612 59641 61840 
3683 1
72289 
5627 2
25692 66252 
2556 1
45742 
587 1
16905 
5240 2
41329 84059 
832 2
67523 29934 
5462 2
98652 33634 
3012 1
96152 
2032 1
12605 
901 1
1135 
6570 1
77085 
1644 1
19269 
4745 1
5305 
4798 1
28518 
1630 1
97059 
6559 2
52006 79687 
4630 2
4581 51897 
5857 1
83175 
6212 1
89537 
2846 1
78683 
993 1
18139 
5571 1
5924 
1899 2
28481 42575 
4683 1
28312 
205 1
45678 
7619 1
30798 
2607 1
52584 
1872 2
82105 94440 
3250 3
57041 80645 27546 
337 1
3915 
7050 2
24556 69470 
7160 2
19317 87840 
2401 2
10853 8090 
2922 2
36532 23053 
6057 2
53044 52287 
632 1
12064 
6536 1
14576 
92 1
82268 
640 2
62364 82160 
6787 1
41197 
4373 2
71870 21688 
5489 2
41609 68563 
1938 2
65044 5868 
4676 1
47566 
6733 2
5326 19243 
4437 1
66753 
1293 1
28050 
7596 1
56006 
5768 2
17444 15707 
4604 2
41630 36044 
5815 2
29984 18601 
5458 2
91846 51467 
5985 2
84734 67400 
1831 2
13295 5450 
6802 2
10512 20355 
7089 2
68776 55835 
3918 1
47223 
702 2
28264 58213 
4687 1
8229 
6088 3
65782 14372 14579 
2263 2
19850 27185 
3503 2
10968 96963 
6285 2
66363 18075 
1004 1
42138 
7101 1
53704 
7729 3
23578 6715 62041 
5099 2
38189 46494 
7151 1
32313 
2832 2
14772 70905 
5442 2
66757 48440 
6522 2
44060 45981 
6864 1
7037 
2858 2
67349 61079 
5696 2
55064 47623 
7416 2
39541 74744 
4205 1
7214 
4275 2
77589 13163 
4928 2
50325 7763 
1566 2
5600 49101 
904 1
41347 
2901 1
14006 
594 1
43655 
2726 2
59232 10974 
7580 1
8855 
3098 2
90878 80174 
4562 2
61284 42198 
588 2
54566 80017 
3491 2
55232 87815 
2949 2
93616 64916 
4022 1
80572 
231 1
97312 
5789 1
88141 
3566 1
75516 
3303 1
21236 
56 1
41092 
7604 2
25495 87137 
3519 1
80226 
6573 1
23984 
6583 2
4326 95243 
7676 3
85148 59848 42172 
5451 1
80109 
6431 2
22804 68847 
5735 2
61974 8295 
6644 2
22644 34671 
1451 1
17197 
2028 1
98735 
7527 2
84043 10459 
1101 2
89772 77474 
5249 2
25396 17497 
2392 1
10355 
6033 2
23900 22787 
5753 2
61758 93903 
170 1
64788 
1708 1
47752 
3120 1
17167 
1575 1
49158 
3666 1
66912 
399 2
71398 46362 
2720 1
71328 
351 1
47949 
3109 2
91233 82307 
3305 1
14425 
1017 2
45562 81147 
1381 1
2694 
7818 3
52974 64248 92138 
419 2
6155 98836 
5833 2
14677 61903 
7003 2
73073 88430 
5555 2
18572 91626 
5518 2
74827 9566 
3071 1
4380 
857 1
69778 
5563 1
12126 
1064 3
74783 35393 64909 
936 1
78620 
1358 1
63595 
1813 1
51550 
1222 1
44147 
412 2
96510 8278 
7600 2
11317 70340 
213 2
26073 45543 
6726 1
39631 
7056 2
98934 5044 
6309 3
53677 43226 35337 
4890 1
79559 
3639 2
71568 45502 
2296 2
61324 74591 
2531 1
61425 
1051 1
18893 
6469 2
21049 73184 
3478 3
15233 83022 72940 
2123 1
55859 
1883 1
27344 
372 1
69741 
3720 1
70860 
5824 2
90228 90090 
6277 2
40299 56700 
2611 1
89726 
1422 1
47205 
6500 2
51076 50089 
1506 1
24721 
1288 1
85727 
210 2
7950 33902 
