249
587 1
54782 
697 1
41805 
583 1
94916 
3570 1
1122 
1513 1
23199 
1122 1
13368 
1091 1
53537 
1085 1
81574 
933 1
24169 
998 1
6413 
902 1
22914 
874 2
13113 63106 
2158 1
37752 
5938 2
56648 87685 
5155 2
52787 91465 
6841 1
31403 
5130 2
55716 45007 
1315 1
70546 
445 2
14302 55911 
4723 1
24840 
1426 1
88396 
909 1
52196 
6194 1
36465 
1984 1
8798 
6333 2
21319 78460 
5282 1
19225 
3969 2
10741 17774 
1721 1
44767 
3942 2
8042 15485 
5811 3
92542 93265 16006 
4255 1
91004 
2311 1
4684 
1068 1
72720 
1285 1
33777 
1194 1
59595 
1747 1
48448 
1475 2
53436 9176 
1305 1
38396 
1198 1
72603 
1474 1
39735 
1270 1
51074 
1097 1
14855 
4369 2
26182 19990 
5765 1
82248 
356 1
79196 
668 1
10575 
71 1
60303 
4270 1
26549 
4142 1
24249 
3276 1
80067 
1284 1
6617 
117 1
38834 
906 1
25611 
1066 1
84861 
2351 1
25149 
1390 1
15507 
655 1
87942 
1302 1
26707 
6203 2
15566 41349 
78 1
9969 
3860 1
67914 
245 1
86177 
5534 1
39847 
2035 1
71929 
1421 1
32491 
3019 2
33385 12848 
4777 1
59422 
6128 1
15235 
2527 1
4826 
4536 1
65302 
1241 2
93483 62086 
5172 3
33681 18872 50472 
5912 1
35405 
1070 1
62232 
2059 1
16753 
1263 1
378 
1278 1
46191 
3165 2
49046 73496 
3444 1
55703 
3189 1
19514 
5741 1
82319 
2180 2
3590 29331 
954 1
36740 
517 1
83217 
350 1
74680 
427 1
26379 
59 1
52634 
1756 1
22431 
6623 2
21702 48496 
5319 2
18891 18057 
788 1
54747 
813 1
79697 
200 1
31128 
438 1
91304 
5287 1
12679 
631 1
90657 
220 1
27256 
4821 2
80858 39641 
436 1
72388 
1780 1
80085 
5302 1
61247 
4163 1
49222 
947 1
24808 
6312 2
18336 50898 
4463 1
152 
1309 1
34947 
6473 2
31680 18635 
3071 1
38104 
1120 1
4834 
3354 1
76924 
252 1
68006 
375 1
1447 
1380 1
52960 
6784 1
73485 
899 1
75215 
6345 2
29035 82522 
6303 1
86977 
6734 2
28773 77327 
6656 3
21154 33998 39859 
1306 2
50856 46667 
1388 1
82977 
2080 2
12047 76614 
530 1
67706 
5068 1
67275 
691 1
9650 
898 1
9542 
2883 2
89259 42515 
6571 2
45787 26336 
672 1
44672 
6787 2
21570 12820 
109 1
89433 
1118 1
60216 
147 1
57980 
698 1
35584 
6536 1
48694 
1110 1
35523 
3672 1
28805 
4933 1
63139 
1221 1
22334 
4689 1
82639 
5377 1
9870 
3239 1
52238 
5085 1
49659 
1166 1
69876 
416 1
77156 
5904 2
65780 75602 
557 1
32954 
1207 1
68456 
341 2
76870 38484 
4040 1
42562 
5060 1
86424 
525 1
38988 
1824 1
60780 
1528 2
25432 94940 
1057 1
78173 
1301 1
80471 
618 1
74585 
2200 1
70809 
1204 1
26435 
3825 1
58391 
4441 2
451 16884 
6272 2
34939 38667 
4912 1
74302 
1200 2
45507 48123 
556 1
55100 
6711 2
42500 70491 
377 1
64232 
2301 2
83900 35915 
764 1
54424 
4089 2
70714 77221 
6315 2
53169 23328 
2564 1
41895 
718 1
91429 
2704 2
28084 11198 
3826 1
63648 
435 1
35559 
1371 1
93390 
289 1
45344 
5466 2
78426 41247 
850 1
51046 
1149 1
297 
3815 2
5582 65761 
5505 2
15211 57692 
924 1
23175 
208 1
4207 
6555 1
74797 
4824 2
68031 95141 
6463 1
46444 
1317 1
65155 
863 1
54490 
1495 1
80027 
1885 2
45739 5068 
6217 2
47465 13964 
234 1
88638 
1087 1
28835 
294 1
12570 
1409 1
39521 
1434 1
83786 
3334 1
72611 
371 1
83969 
1197 1
55260 
393 1
65251 
5769 2
25785 43828 
3304 1
2517 
5469 2
8776 1139 
1425 1
14297 
880 1
43754 
970 1
78576 
578 1
74665 
279 1
29464 
1370 1
65798 
1905 1
77261 
4985 1
9716 
5426 1
34492 
1411 1
8297 
4971 1
69308 
5385 3
87108 8453 14323 
3210 1
19611 
534 1
8372 
1379 1
68053 
5004 2
89637 94315 
4923 2
3886 51068 
1328 1
24862 
6402 1
64926 
1242 1
49366 
6742 1
93458 
1296 1
8658 
4676 1
12431 
1232 1
41416 
4520 2
18189 62608 
677 1
93962 
622 1
32175 
2952 1
22647 
223 1
49981 
839 1
22761 
3313 1
34208 
4993 1
4804 
1293 1
93331 
4854 1
60723 
5448 1
94985 
1052 1
83351 
5324 1
74626 
6460 2
67392 31281 
1361 1
24618 
1298 1
23125 
472 1
15248 
6108 2
58366 44291 
5133 2
59620 55209 
979 1
39131 
