138
4040 3
89887 42914 91098 
1765 3
49577 39349 65448 
1656 3
31676 50491 54848 
2376 3
58339 93711 95760 
2401 3
54615 39597 34836 
230 2
43042 90703 
2788 2
47899 95973 
2082 3
3659 85707 71310 
2129 2
91001 65980 
4310 3
64401 75312 53772 
4394 3
63094 99593 44363 
1994 2
76749 88376 
5568 4
82426 38710 27380 74619 
2726 3
51534 4929 20093 
4943 3
63337 75562 13657 
686 2
99732 97360 
75 2
2502 42340 
1389 3
79710 13948 91034 
4347 4
42684 67621 34705 12037 
2955 3
59008 66740 35093 
5388 4
73284 57541 31347 31490 
5242 3
15862 7504 49072 
4390 3
49162 94566 88547 
3638 3
17834 6123 24465 
2371 2
8898 68602 
1237 2
90198 58793 
64 1
52375 
3116 2
71721 72819 
1755 2
9418 49856 
2536 3
67467 32929 90776 
1006 1
26629 
5488 3
73191 33508 68768 
3770 3
48959 99786 14613 
1093 3
97632 52987 85702 
2402 3
73247 78492 77019 
1020 3
48568 45231 47036 
4316 2
42466 47438 
97 2
72974 56684 
1357 2
46811 30922 
3312 3
88213 17906 73493 
4454 4
82049 92792 97027 82082 
635 4
55236 86928 42173 58991 
778 3
19792 68471 47101 
3481 2
24711 54318 
3348 2
26549 58945 
1105 2
15465 27275 
4030 2
41887 87137 
2213 2
71413 52779 
2529 3
3645 49387 37000 
1524 2
3342 47761 
1220 3
64356 140 70292 
253 2
94636 29557 
1342 2
26546 82148 
5309 5
74136 28526 10729 10687 65638 
1973 2
11878 50393 
574 3
80622 79095 97750 
5748 2
85774 93275 
839 2
67836 8584 
4320 4
32446 99605 58244 37773 
1988 2
36795 11417 
233 1
27177 
3926 3
10496 75281 34921 
1643 2
94235 44846 
2900 3
91653 89726 92556 
4070 3
94426 32227 41904 
2019 2
36957 33097 
3647 3
69935 85719 39199 
642 2
56523 16673 
1693 3
74706 23100 61424 
758 3
44415 52984 40693 
2313 2
12318 49975 
1380 2
71604 56667 
3695 4
45982 82987 55247 3412 
2223 2
51557 69527 
4724 3
85595 72386 3614 
4354 3
98884 18298 99481 
1274 1
94034 
1429 3
54430 16100 89431 
2276 2
26492 4702 
4843 5
57669 28660 95890 90524 49742 
4119 3
29235 2529 6427 
2238 2
78163 36682 
3239 4
20058 5954 73350 76308 
842 2
12971 42642 
1046 2
77170 91831 
1802 2
6006 3693 
4956 3
20150 76878 24909 
3730 3
23307 10129 89327 
1262 2
23002 46883 
343 2
20782 55276 
2815 3
18241 72299 75749 
3861 3
80200 26009 1355 
3227 2
11657 56024 
4731 4
36034 78272 18615 64299 
1145 3
35869 45420 70738 
3492 3
33898 57539 67958 
4301 3
75996 36363 76296 
2245 3
15481 99180 12543 
1608 1
83147 
4486 3
41468 72985 86334 
2351 2
75177 1908 
30 2
86910 95628 
552 2
37307 94029 
3472 4
67449 51168 78254 32068 
3293 3
45897 82897 26429 
2290 3
90248 46019 25712 
4583 3
649 73568 6304 
1329 2
49084 70449 
258 3
38137 28631 60799 
1892 2
38876 41565 
4587 3
1241 56710 26169 
843 3
96214 14440 66558 
5671 5
42037 24188 40510 20076 10524 
4710 3
59334 57128 77871 
2162 2
26780 85615 
4768 3
42389 4970 51698 
116 2
11521 92680 
3347 4
77847 1619 36773 79261 
2551 4
75032 9625 79268 64069 
4553 3
84248 61078 32925 
2723 3
38719 32168 673 
3453 3
60201 57738 59460 
2824 3
72563 37045 31847 
3053 2
31464 53817 
2036 3
62876 99447 20647 
2155 2
87790 94076 
4901 3
20383 63179 11059 
1887 2
69916 66884 
3805 2
11462 2973 
3325 3
20514 77373 96741 
360 1
47423 
1374 3
27087 33401 72642 
2952 2
61084 46271 
831 2
26283 11423 
3771 3
36224 19193 89309 
3696 3
15984 53102 5250 
3028 3
87007 72368 36919 
5067 1
60808 
