134
4447 4
43162 75535 57810 19287 
4436 2
82226 25822 
812 1
31549 
1175 1
60878 
419 2
96117 65380 
200 2
40956 28900 
683 2
4667 49854 
1036 1
26883 
1822 1
76238 
3790 3
2001 62828 77957 
4641 1
37686 
4085 2
55348 14553 
3047 2
80110 12272 
1623 2
96342 1351 
515 1
124 
1295 2
28573 7474 
2947 3
46342 75707 36220 
297 1
24770 
308 2
6811 41471 
3113 2
27651 71834 
3645 4
85993 92305 35962 28703 
4593 4
65855 22962 16588 11599 
2861 1
64439 
4019 3
98224 72948 96846 
3745 1
96434 
3578 1
41226 
4512 3
77409 94286 85432 
525 1
96852 
3409 3
12202 27662 88192 
977 4
80767 40519 33796 14359 
189 1
84428 
2115 1
85176 
3731 1
61589 
2880 1
38182 
1687 1
8178 
2621 1
55293 
1860 3
92914 19524 83558 
2005 1
65757 
2093 1
24024 
3774 1
45622 
4157 1
441 
1863 2
66501 93062 
2422 2
49108 66497 
83 1
40668 
4007 1
68864 
3932 1
47242 
4189 5
33537 81281 78797 40143 93750 
2050 1
54790 
947 1
27343 
2381 1
51881 
3669 2
78301 53002 
370 1
31396 
3550 1
16304 
2620 1
9751 
3279 1
86228 
1241 1
74534 
3896 2
48652 74519 
4262 2
35765 80131 
3847 2
16058 32331 
4612 1
66632 
4043 2
74058 12467 
1361 1
97344 
2677 2
15805 88047 
4646 5
22407 80595 98630 39312 62934 
1488 1
94099 
2586 1
71142 
1632 1
50453 
3236 2
59160 91022 
4328 1
20173 
2762 2
50898 44158 
248 2
3697 28106 
3594 2
81144 34136 
1661 2
86407 63621 
3129 1
45171 
3862 1
17115 
3539 3
21969 74495 26382 
4490 2
35142 98625 
216 1
39947 
4353 4
70939 1601 9936 41675 
3472 1
97923 
4600 2
25592 75007 
3165 3
75177 14628 95127 
1021 2
44673 3473 
3806 2
80364 56119 
3808 3
38102 91961 19268 
970 3
21598 85720 59710 
3427 3
73640 91136 87996 
4060 2
59832 49634 
1480 2
73401 86034 
3461 2
3205 35336 
1273 1
25255 
2558 4
67529 37139 24839 60201 
2126 3
58239 83220 36247 
2154 1
48408 
1170 4
5295 73099 44315 10742 
3153 1
515 
4251 2
44602 11014 
398 1
75969 
3523 1
6917 
4174 3
16798 16390 87778 
2818 2
44850 4147 
3206 1
14263 
2825 1
8585 
4577 6
31601 88005 79109 85466 36195 48511 
2227 2
91525 63516 
4571 3
14540 81583 25253 
4637 2
21480 52523 
2652 1
27854 
4198 2
66172 17314 
1507 1
86702 
2939 2
46946 72682 
4058 1
1826 
3672 2
35233 56318 
311 1
62200 
1873 1
49514 
2850 4
43412 108 59532 44765 
4086 1
29054 
739 1
78836 
612 4
82760 54434 93525 34101 
3999 4
26080 60218 89983 54319 
4271 1
33785 
4455 2
3932 72798 
1537 1
14940 
1092 4
80967 46330 63946 18371 
941 2
94020 97189 
3981 1
43401 
2122 1
96225 
3370 1
65183 
2826 1
62020 
1151 1
83778 
3057 2
66189 15371 
3244 1
17754 
1301 1
99324 
1705 1
63456 
