265
102 2
51554 42030 
538 2
30806 72041 
116 1
22019 
299 1
34500 
403 3
88200 98684 61155 
892 1
1437 
427 3
99809 37110 46512 
193 1
49275 
250 1
11350 
1038 1
98727 
838 2
25875 37721 
1087 3
6551 67712 8934 
694 1
26143 
327 1
30351 
966 3
27906 22906 31535 
462 3
83292 82084 96267 
675 1
51620 
878 5
35503 67084 76235 2125 50805 
912 2
37126 12250 
369 3
33508 19735 49507 
320 2
17221 22124 
815 1
77643 
764 2
99353 46816 
35 2
12701 9265 
197 1
60650 
625 2
65208 90519 
1107 1
26684 
623 3
45229 71192 39366 
798 5
99331 50688 31240 47525 86008 
825 4
99508 12433 5569 93724 
413 1
40160 
979 2
12578 64214 
938 2
78749 51379 
1026 2
2221 47922 
724 6
20901 47586 46183 23969 42916 71066 
388 3
54444 41231 92401 
953 3
29469 66100 10941 
1029 1
50925 
222 1
60756 
870 5
46130 86213 95548 37903 26395 
19 1
71015 
326 1
43983 
33 1
39071 
424 5
21732 70925 14583 28555 41137 
107 2
8197 73701 
884 3
39733 3397 39636 
1096 2
70024 32377 
650 3
54408 54554 5137 
452 1
74085 
901 3
6 3021 13182 
985 1
82513 
526 3
50863 45149 69981 
485 2
69614 13275 
341 1
1174 
414 7
41123 79378 50627 93885 5654 10347 80484 
253 2
66658 12092 
582 2
29401 80925 
22 11
42121 89892 58392 70919 53967 85547 78996 55279 47194 2746 38603 
1039 1
85485 
314 9
69547 44300 96272 92479 56562 61933 18380 98560 47723 
1044 1
21109 
820 1
40218 
217 1
88648 
875 2
82799 21927 
225 5
75534 14167 49901 90870 31074 
909 2
26431 34683 
370 2
23152 51027 
651 5
70138 24324 22880 73043 43615 
1057 3
20094 68597 37265 
1023 1
40209 
41 2
52589 25460 
541 3
42829 52143 1282 
918 4
61486 70210 24339 47046 
932 3
43273 96374 72990 
27 1
46624 
622 1
71733 
556 3
3062 30432 77790 
94 4
77947 17743 49903 65671 
1098 1
86680 
963 2
26243 37980 
1067 1
19699 
291 2
81774 91257 
1097 2
54212 84099 
307 3
99322 11097 4826 
539 1
98453 
179 1
36646 
896 4
58221 80863 24384 79986 
769 5
55340 41555 25905 52902 1236 
1100 1
82422 
140 3
3622 74039 88441 
1031 2
40646 23258 
921 5
17567 44710 51908 92797 19170 
1108 2
25428 48507 
626 1
7594 
168 1
59462 
289 2
96230 74365 
367 2
47900 68962 
812 5
78069 14354 52393 89020 44879 
876 1
50618 
1055 1
15065 
106 3
44825 4163 75718 
111 2
14315 78293 
817 1
7350 
135 1
59700 
292 1
33312 
324 11
77211 93729 86543 7566 1264 40376 44336 12482 18904 96350 25309 
290 4
37495 73828 94871 30745 
358 4
60312 52688 96346 16863 
545 5
78956 66750 37767 8725 15379 
618 1
74574 
50 1
72841 
687 1
68718 
296 2
34761 4764 
1046 3
45176 77302 34345 
773 3
93226 9227 97785 
428 1
43463 
1093 1
69142 
1080 2
38003 16010 
567 1
20869 
927 1
79268 
407 4
32245 85002 78428 54389 
350 4
10984 91113 72046 49153 
639 2
242 50201 
115 2
16194 64383 
1063 1
84548 
894 1
55918 
605 5
34353 13530 62533 40773 40489 
11 2
38525 83101 
1083 5
58263 6326 95330 80895 38133 
178 1
13411 
899 1
33019 
714 1
42306 
654 2
13856 49300 
162 1
93486 
807 1
53314 
898 2
55607 75118 
170 1
16492 
819 2
1667 41592 
524 1
12038 
617 12
22176 31038 62632 19425 95467 72048 84913 44221 61344 77426 49382 97682 
972 5
87611 27664 59944 37913 63420 
597 1
24721 
399 1
58080 
255 5
97781 46769 59169 50445 28089 
856 2
64644 88507 
466 1
85982 
964 1
64515 
169 4
7439 56923 38232 77478 
483 1
44191 
136 1
23849 
328 1
12396 
1086 4
70519 74239 38599 49892 
542 1
32216 
578 1
91237 
922 1
78138 
337 5
71959 79497 90389 86796 74099 
1042 1
23226 
683 1
57199 
880 3
89722 37385 43934 
647 6
10846 47730 15764 41838 40537 28057 
1053 2
73304 4431 
208 2
26262 52279 
455 1
71452 
727 1
6268 
200 2
85372 82004 
934 8
1686 1892 51826 35177 10618 11799 87162 47817 
349 2
1931 3768 
995 4
67616 76140 61684 85377 
499 1
88461 
410 2
44189 54646 
967 2
55851 99683 
23 1
83513 
235 1
1955 
20 1
11303 
108 5
99380 27920 90036 66273 3483 
831 1
13583 
671 3
30390 71013 86043 
907 3
89317 19566 14123 
310 2
82263 12939 
786 1
29044 
702 1
85125 
738 1
50310 
263 4
12948 21444 60696 31402 
976 1
82272 
1091 1
49748 
940 5
87903 97602 4638 64180 4837 
606 3
87320 75153 23266 
823 4
13289 46969 33564 2063 
978 4
97820 37028 99218 36040 
177 4
95138 47330 13209 11386 
280 4
34034 84977 27072 98036 
733 6
63174 53892 23414 6864 99434 90009 
31 3
78117 19201 56639 
408 2
15246 18029 
741 4
3668 24138 17109 53936 
293 4
48366 67718 40214 19813 
1010 4
12172 31527 15225 83562 
572 4
41212 69039 82032 1102 
946 3
69530 78943 22142 
300 1
12877 
655 1
94285 
883 5
42010 92310 7607 11332 36112 
877 1
92352 
540 1
41674 
1001 1
35643 
83 1
57737 
604 1
58901 
79 2
83042 30819 
1048 1
12488 
931 5
45377 6027 84276 88351 27085 
1062 6
29546 54195 30120 44068 30048 65096 
1078 1
30545 
844 1
409 
824 1
63820 
760 2
71382 44630 
342 4
42151 91202 44111 34029 
1106 1
56694 
1090 1
34736 
959 2
82833 6535 
1110 1
48941 
1074 1
47009 
21 1
94519 
436 2
45995 18349 
998 7
63501 5403 64296 89224 80401 66037 89738 
664 1
50699 
864 1
38420 
666 3
74396 95676 42250 
363 4
43826 47767 46568 92172 
999 1
69742 
525 1
8562 
758 2
58213 41771 
453 3
61917 47509 14245 
610 1
98698 
1109 3
16612 30698 21900 
672 3
58617 84771 47119 
1105 1
72656 
216 4
81702 89567 44521 55331 
955 6
60183 2403 99752 13677 35565 64623 
279 3
55899 10882 23395 
872 7
39005 28104 35638 965 26248 70466 49332 
63 4
19545 65260 97488 20260 
377 2
67263 53848 
1089 1
81616 
757 1
13474 
34 8
40150 80077 81378 74366 20128 75988 42649 41296 
190 3
99891 58640 42116 
766 3
66068 20903 16008 
565 1
12531 
834 1
77831 
1092 1
56530 
599 13
96420 8959 14569 43680 80549 69138 53067 55962 96828 91803 92953 18825 20186 
1085 3
34711 32741 42002 
75 1
84602 
74 1
42080 
989 4
44997 59146 79599 91772 
903 1
53636 
827 1
27232 
206 1
5913 
779 1
88352 
611 1
47080 
196 4
7140 46662 97116 11060 
98 6
89245 51645 34814 17042 71221 56317 
1077 5
57355 75916 14818 86316 66515 
508 3
22324 48852 5478 
368 3
80153 77987 62661 
