179
6884 1
67992 
6220 2
16769 52347 
6162 1
10822 
6122 2
44438 58506 
7522 1
3095 
7610 2
54520 72566 
3407 1
73795 
1534 1
12093 
1764 1
51067 
8220 2
40969 19932 
6253 2
11012 3836 
2212 1
30402 
5485 2
3912 34594 
10852 2
40783 38892 
5777 1
45284 
4053 1
25481 
3901 1
30390 
6619 1
48436 
2863 1
72042 
2073 1
51643 
647 1
65905 
440 1
1695 
2586 1
38046 
2860 2
40688 35699 
11597 3
56592 39480 58513 
5127 2
41247 37220 
2014 1
33439 
5987 1
45880 
1908 1
4581 
7634 2
22395 73077 
3859 1
10660 
1213 1
72675 
7688 1
65306 
3915 1
18476 
8452 2
26636 725 
7974 2
58451 57408 
4800 1
38944 
2174 1
32595 
7924 1
26538 
11379 1
42170 
1214 1
1917 
3945 1
58840 
1455 1
24786 
4933 2
61045 17344 
2832 1
26248 
6135 2
51948 38670 
719 1
60097 
11795 2
58224 4107 
7722 1
71598 
2841 1
9940 
3827 1
26651 
2121 1
16159 
10004 1
24436 
5299 1
10599 
807 1
32068 
6485 1
73822 
12162 1
65580 
5193 1
64581 
5849 1
48880 
1070 1
24499 
4859 1
59448 
4928 1
49686 
7189 1
9383 
4761 2
62236 41012 
296 1
19907 
2619 1
59876 
5723 1
35392 
6830 2
33783 57023 
5232 1
10117 
1061 1
54317 
35 2
32388 53191 
627 2
46189 38725 
6232 1
7066 
6952 1
13842 
3703 1
49347 
3702 1
37181 
950 1
45697 
5630 1
13338 
8132 2
59650 23334 
4395 2
67826 58280 
3980 1
52675 
762 1
18990 
6141 1
34119 
7115 2
38568 24906 
2731 2
15458 43008 
1060 1
59451 
7331 2
37860 7280 
7879 1
60824 
3454 1
32166 
4110 1
6743 
6885 1
17984 
1418 1
38690 
3246 1
63312 
5778 1
13189 
1560 1
70078 
4269 2
7983 57190 
12211 2
8550 71064 
11983 1
56129 
3288 2
63963 64729 
11013 3
39846 14662 23246 
1232 2
10668 71020 
881 2
59228 15119 
11166 2
59031 72265 
4262 1
33095 
7312 2
4570 49804 
4845 1
14486 
574 1
2202 
6448 1
13982 
6260 2
75740 30712 
358 2
67582 62548 
554 1
17011 
5300 1
22221 
3472 1
57836 
9978 3
13491 3060 3834 
7725 1
68081 
2495 1
66558 
5880 2
21335 8095 
4927 2
53119 44835 
11648 2
75482 14639 
2952 1
5223 
963 1
76345 
6630 1
20775 
5568 1
66901 
1872 1
67542 
7321 1
63904 
7449 1
46098 
6038 1
72317 
5275 2
5370 3056 
7326 2
67239 63344 
7936 1
24024 
1966 2
30949 62957 
7818 2
14182 44765 
8732 2
53963 28534 
5479 1
20692 
1295 1
58199 
7466 2
5504 5146 
527 1
23855 
504 1
136 
2210 2
77125 15744 
1758 2
40884 48547 
3200 1
51191 
2011 1
47724 
3819 1
683 
6274 1
77009 
6796 1
71737 
5053 1
14149 
7925 1
74155 
1479 2
20512 28140 
2391 1
17208 
5538 1
48930 
1137 1
14299 
1468 1
53995 
1434 1
60086 
4598 1
16485 
5490 1
45326 
6800 1
2731 
2891 1
44494 
5616 1
44370 
7428 2
17906 20995 
3050 1
31073 
93 2
75933 11242 
11284 2
46636 8462 
7414 1
47968 
4183 2
26315 13968 
1532 1
10418 
690 1
73815 
9877 2
70204 10036 
6114 1
31006 
4858 2
35562 27081 
2574 1
67021 
484 1
31231 
7243 2
75850 61233 
2790 1
39430 
3317 1
62227 
2985 1
24648 
6676 1
33296 
6574 1
75062 
6316 1
74583 
5296 1
73848 
