277
1273 1
57425 
1303 2
56568 58644 
2929 4
39900 59514 333 28418 
1037 1
44529 
5411 2
62549 43816 
4235 3
94283 58402 24286 
5084 1
886 
3418 1
51994 
6634 4
9352 16669 9447 60911 
4791 2
42166 69475 
4637 4
86485 64 33004 24308 
2218 2
89508 50663 
3546 1
64828 
5038 2
32751 38268 
5093 3
12157 86256 35375 
1726 2
40529 94636 
5491 2
78348 48442 
3051 2
15489 7966 
6353 2
94779 67515 
6672 3
87573 73833 99470 
2343 3
50589 75262 91699 
5700 2
11197 35291 
423 2
38030 48059 
3472 1
53960 
4635 3
36782 4347 49119 
3804 1
43727 
6059 2
18148 40794 
2294 2
29592 77632 
3237 1
93565 
1230 1
69854 
777 2
39741 85436 
2866 5
35922 32844 11305 60765 81873 
4933 4
42732 56572 15084 91740 
5094 3
32884 37209 9055 
434 2
5277 92830 
6430 4
24625 19981 30044 43183 
6168 2
93377 19635 
485 1
94295 
1590 3
85222 157 72445 
4216 2
36476 69929 
5449 1
30568 
6448 1
86591 
4424 1
92925 
688 1
89454 
5682 5
23505 70182 79969 42171 26022 
503 1
94168 
536 4
91125 22039 25084 1714 
3902 5
98032 16425 48392 67855 61335 
545 3
95193 35379 92254 
5853 1
77881 
5825 2
66190 40824 
970 1
90300 
6192 1
66734 
3893 1
36913 
5840 4
33204 6470 99285 8511 
4167 2
13061 48619 
6389 2
17233 64751 
996 2
497 41917 
5693 4
80161 71373 49916 11213 
6077 6
10716 10624 41485 88478 78533 83073 
595 5
34144 88039 51656 869 98190 
2741 1
63860 
5634 2
89452 21919 
4320 3
50299 19033 81884 
6517 4
40642 29406 22961 77873 
3785 2
40274 1258 
5976 3
5546 65151 92350 
1307 2
19041 46751 
3987 1
10842 
4299 1
34860 
6114 5
47032 73214 24362 12722 1249 
1396 1
62039 
177 2
41703 87213 
6395 1
2525 
4979 1
63892 
2052 10
40995 40249 21605 33185 90684 90697 25244 80683 725 20438 
4067 7
65008 34139 3748 57963 73481 4635 41909 
30 4
68334 60821 14420 98482 
6071 2
52385 93396 
6301 2
7455 40538 
3857 6
33638 95807 30616 78519 1106 96042 
2784 2
32785 17572 
2303 2
71561 54905 
1541 3
1615 958 33241 
4357 5
48334 97728 7658 98916 99738 
1391 1
40355 
5784 5
15313 99094 65693 92244 92339 
1446 2
26264 32936 
4854 3
96627 80704 16367 
6795 4
34316 78594 11013 17681 
3573 1
49852 
4335 1
7789 
1265 2
18773 6481 
2912 1
83181 
1046 2
83194 50206 
5943 6
36752 69071 67341 96748 32694 95428 
3425 2
4639 85528 
6573 3
65327 41820 91195 
6147 5
36042 46655 98024 42620 60534 
6480 2
35368 79020 
1571 3
38958 88577 72801 
1674 3
223 68405 63360 
4455 5
79891 35493 44765 36368 57715 
4481 2
8853 92107 
5372 1
85065 
1381 2
59943 97774 
1070 4
13806 46211 26182 96780 
3939 2
35701 16274 
5602 1
95578 
3072 1
20630 
5035 2
86975 21359 
6293 3
7786 85952 54196 
4622 2
74787 36708 
832 3
46827 82889 89975 
3630 2
46902 15925 
5138 5
34384 9661 30467 44927 86916 
4160 2
51745 19690 
2193 3
43216 95798 6696 
3881 1
96593 
2139 1
28584 
1474 2
97825 72381 
5096 4
16468 14808 2508 49082 
3143 1
68258 
420 1
67331 
4501 3
38938 1451 70450 
166 1
98046 
1050 2
21006 65325 
6407 3
78810 18577 75106 
5339 1
76387 
2653 3
63060 150 38562 
2459 1
69074 
6383 1
80770 
5910 3
21572 11088 60562 
6442 5
33333 54875 49634 18985 38628 
5837 1
1004 
1518 5
411 61439 39146 18736 44731 
5672 1
7099 
4449 1
39327 
5603 3
97358 522 2861 
2949 8
20016 57371 32874 89743 39113 24565 3614 28368 
3084 3
47111 10064 81469 
5393 3
19609 26456 45253 
921 5
52963 1363 81003 96433 19410 
6356 3
19737 61121 70006 
4227 1
12436 
1930 2
43364 40763 
2714 1
9856 
4324 2
53473 63515 
3155 1
37283 
6689 6
98257 92467 93819 79733 28424 22347 
4180 2
49097 22828 
4982 2
90607 10566 
3596 1
16561 
5512 2
56036 86874 
4515 2
7397 86930 
1259 1
31753 
5040 5
4078 46774 12226 21676 44941 
6061 3
13522 87063 48417 
3538 2
47351 53890 
2072 4
27254 4860 77520 1127 
3672 5
30034 97435 52534 86393 95508 
4446 1
66732 
6069 3
36573 86580 66758 
6220 8
98449 83685 42754 52397 50262 89812 50562 38110 
4751 3
83176 65701 8336 
848 3
89715 8675 33243 
164 4
31549 98200 66601 38434 
4282 3
26955 12269 53399 
2767 5
47450 29631 2120 87358 47354 
4890 1
93635 
6027 6
69973 72102 11546 95076 10053 18107 
5637 5
89427 84515 26507 69612 43846 
3951 2
76899 94626 
4594 4
75330 43838 17265 19315 
867 2
29314 61354 
2274 4
48 31604 76525 69450 
6641 2
38974 15549 
6076 2
25536 7218 
5360 1
91815 
1044 2
70171 45071 
5183 2
52124 32995 
5164 5
82931 85920 66103 2475 39978 
2068 1
57931 
6566 1
75490 
1799 2
24079 26123 
5764 3
46895 5109 59488 
3 2
4699 76695 
5514 2
19794 60318 
5469 3
91927 94252 78140 
416 1
54437 
5745 4
22258 43070 41334 60876 
730 5
3796 9543 39404 73258 66278 
1065 1
19349 
4830 4
64591 12323 39698 12460 
1878 3
97244 17283 18074 
2859 4
8626 82437 66919 60879 
5463 3
63063 98185 80139 
2930 3
63040 80281 93394 
5444 3
39459 43851 45959 
336 2
98181 24194 
5944 2
48312 62226 
3173 2
56332 21805 
6662 2
70625 92705 
1830 1
57606 
5162 1
76313 
148 2
53544 75656 
5537 2
29457 33593 
2188 1
47256 
1471 5
48232 919 7687 34965 49510 
4706 3
5496 15294 72787 
5264 4
19238 68309 29547 71976 
5447 1
77301 
767 2
89503 64901 
3000 6
83179 27780 3981 81634 97367 79606 
355 1
28858 
6426 9
99520 9946 17439 83853 31574 34314 55383 98681 87712 
4971 6
63104 81891 41076 75400 75541 25444 
3467 5
65427 60195 81971 48617 72658 
3827 3
9877 41146 76595 
4997 2
68292 77716 
555 3
12633 75345 97409 
3956 4
27982 75165 17413 41915 
3863 3
47433 77265 12860 
727 1
14845 
2428 4
70478 83817 56211 76245 
4993 1
42921 
1327 4
81723 28941 14963 1282 
4571 1
33124 
5163 1
3122 
2800 5
4495 12919 35362 16020 92027 
4746 1
75854 
147 2
70152 45619 
6705 4
64202 46242 19335 92216 
425 1
78129 
691 3
90827 79794 24949 
1719 1
1396 
4349 1
93728 
3347 1
43716 
4164 4
53572 97268 51345 67645 
1544 5
71425 42763 93126 77414 24354 
4483 1
69761 
4258 2
20923 18524 
184 1
89358 
1660 1
18331 
2499 2
92408 5597 
443 3
63494 16494 7674 
3166 1
4933 
2023 2
99623 82771 
1977 1
7278 
1017 1
80955 
1811 1
33014 
2488 4
41290 24772 22443 52873 
4508 1
2359 
2482 3
53936 66715 18876 
4389 1
67170 
5727 2
77491 23471 
3076 2
88499 21598 
5062 1
47001 
358 3
2801 45190 38413 
6091 5
57105 91846 72418 64956 39795 
1055 1
57457 
4870 1
94947 
3686 1
64457 
4229 3
15954 85418 85023 
2175 2
318 80431 
5310 1
69433 
5438 5
64199 26434 60600 59467 68111 
1343 1
82988 
539 1
95520 
6551 2
50404 66477 
1124 1
34531 
2821 1
17601 
4488 3
68681 30936 96768 
472 1
81126 
798 2
94235 81681 
4147 1
47662 
54 1
27790 
