145
1085 2
66606 51303 
3578 2
26341 41207 
2813 3
44176 46710 15149 
4514 3
47568 20104 63106 
3351 2
40866 33854 
6081 3
71185 10360 33685 
3654 2
72609 18445 
5504 2
81426 12763 
6423 3
22188 24896 10476 
6637 3
34824 30390 1919 
6502 3
34834 84489 46067 
4844 3
61172 63493 7325 
1977 3
21109 33203 49126 
5990 3
77726 76923 35818 
11343 3
13969 12654 4824 
1255 2
1932 76675 
4819 2
71427 28543 
126 2
64224 44956 
13902 3
24019 75652 79678 
1978 3
28592 35997 59473 
4042 3
31589 303 58657 
8919 4
66129 33275 63065 72709 
10576 3
83582 53361 52285 
1033 2
74944 14881 
13151 4
11092 73239 54969 15112 
10481 3
74543 78999 18748 
1430 2
77550 48397 
4135 2
46460 41478 
11710 3
41312 61287 37467 
10935 3
52831 44905 6176 
6505 3
5094 28914 20364 
11558 4
81005 1271 78898 53993 
5018 4
70181 30194 34483 71861 
1737 2
24756 78272 
13079 3
63667 35549 72407 
1875 3
2192 16896 6714 
7512 3
83549 39427 65715 
7202 3
47259 79378 32710 
4177 3
60831 82301 16391 
3973 3
71988 28129 54158 
2727 3
11734 21311 60754 
1247 2
8402 57446 
3143 3
54607 59869 54833 
8174 2
7541 82046 
4060 4
81635 16815 79012 13496 
426 3
5740 83347 77216 
1635 2
32048 24949 
13595 3
16082 34218 68399 
6402 3
26898 30953 6880 
12709 3
73858 33658 80396 
7460 3
79843 68341 6143 
3684 3
52771 3114 37517 
6348 3
1728 56248 6145 
4775 2
41716 3132 
9163 4
18889 78945 71306 29159 
1624 3
7787 39081 39184 
3884 2
24254 47269 
8816 3
48039 6099 58390 
2442 3
58685 46621 47322 
665 4
81486 34193 24664 77203 
3398 2
43454 56909 
11973 4
83345 4376 52517 31152 
9327 3
3589 62487 29035 
7306 3
70523 81102 48419 
14870 4
47416 26825 39942 9233 
2270 2
62766 43637 
5136 3
71310 6867 8587 
7023 3
15429 52133 66150 
2588 3
51752 1184 19871 
14884 5
9078 28538 76762 209 58959 
3743 3
43286 73203 80404 
4089 3
19481 10200 79772 
13503 2
8523 47887 
9674 4
26600 46999 71943 21462 
6527 4
1996 1699 7710 16762 
4126 3
57011 25843 10349 
730 2
72795 43282 
1464 2
48084 53107 
11454 3
8259 82576 48881 
4677 2
79673 28605 
12428 4
11868 15605 44804 66043 
12995 3
12147 68463 41982 
11462 4
31035 81317 33332 10415 
1840 2
81687 42388 
4574 3
37784 42637 83710 
14048 4
13002 85148 5288 60977 
576 2
1905 25933 
5707 2
26803 57209 
13320 3
77687 67282 49370 
4218 2
73513 41633 
10998 3
76053 68566 38899 
4866 2
48773 46624 
6063 3
5286 8812 75965 
6087 3
14669 16601 16258 
2320 2
47229 70337 
10883 3
68353 57156 39662 
8830 4
35100 21994 73801 53111 
9 2
16345 77650 
5235 4
55545 84012 42274 77344 
14296 3
52525 32061 45115 
5119 2
49724 60173 
12908 3
72258 42914 52011 
12104 3
67573 51839 59690 
655 2
62821 57837 
4705 3
52486 35554 14531 
11602 3
46855 25746 43760 
4358 4
70420 28177 21510 77400 
3132 2
76934 35065 
6376 2
12132 11067 
2082 2
70303 40298 
14882 4
10968 5705 76615 83696 
11741 4
7735 67745 61766 81114 
13746 4
42287 8449 31416 52927 
5101 3
21675 13775 19063 
4527 4
58595 68820 37731 34203 
179 3
75014 45652 65620 
2140 3
75542 23298 53727 
1015 2
79612 60447 
9542 3
33280 69961 52089 
2617 2
74990 17064 
1125 2
14443 65327 
13061 3
41695 30046 34404 
5086 2
46891 68950 
2626 2
3009 85076 
4477 3
69394 32378 12966 
5695 2
56873 14143 
1043 3
70024 66284 74762 
12921 3
17162 47074 78555 
2712 2
27744 48542 
14660 4
69691 29144 38115 25051 
1038 2
906 30931 
5302 3
3833 31075 39021 
1862 2
14156 61130 
10267 4
34273 58603 15643 7487 
1941 2
39909 10889 
363 2
8796 75487 
2949 3
18295 65499 11579 
3775 2
23375 63409 
2937 2
33030 3330 
3996 2
48945 6218 
13259 4
82743 72377 84529 48987 
3517 3
12152 55045 11990 
4163 3
44749 22677 34743 
12749 3
58163 58819 43411 
5769 3
22145 83898 84593 
