98
3579 5
33842 53246 34175 84211 89610 
947 5
11407 18632 8482 86642 55138 
8347 6
66109 47088 6935 33616 49261 33133 
8318 5
345 55595 69450 3229 51172 
1975 5
89528 12437 71758 89309 31510 
11959 6
65540 21283 42327 46137 53835 34585 
2416 6
5091 7851 50869 13579 63588 69827 
2068 5
14507 62843 55528 58226 43547 
5000 6
84974 39853 17905 33288 36244 37871 
3322 5
58607 80256 64567 73342 53235 
969 6
2781 43262 45139 63551 75455 96040 
10455 5
28057 12323 31129 29753 27122 
1780 5
69342 20833 26587 49106 37948 
10573 6
78601 17247 5362 17720 55056 56712 
14802 6
58322 24637 27348 9867 80453 92532 
1894 5
4047 58115 91697 54497 64188 
2043 6
81913 60583 32139 94370 33536 31676 
3958 5
37634 25466 65093 33277 55003 
13894 5
16802 74781 66770 6366 36512 
9573 6
21921 60934 39975 94817 77258 28707 
9644 4
84385 76169 12728 37445 
1484 5
82387 52040 59317 12955 54542 
9056 5
76353 39593 47639 79744 76478 
14246 6
14981 68908 44744 19703 11826 63458 
644 4
69352 8825 16743 27402 
15057 6
37955 59485 23483 45795 54956 87931 
13907 6
69786 80289 41030 4614 95182 10757 
1892 4
36440 22281 8624 7585 
4249 5
67477 74875 6512 43294 89670 
14031 6
78990 89816 94998 25649 94013 5240 
15410 6
53418 42092 77391 78199 31787 78277 
4312 5
87189 76839 79049 79545 47169 
7544 5
59721 93711 91574 23145 84019 
9448 5
49787 81186 5934 29044 7930 
1562 6
96030 32903 32583 46038 16391 29485 
3511 5
8085 15746 19804 27004 70131 
2828 5
78936 22499 35471 96065 27028 
12852 6
96094 3542 63052 23622 50420 69487 
1763 5
8241 32737 16053 9443 50320 
8583 8
51155 55986 30026 11122 53651 2113 367 12291 
3362 5
46451 18344 87018 4906 74530 
5425 5
73557 58077 7641 5858 10817 
3114 6
53354 93222 62801 46260 79691 6667 
27 5
24633 92526 69698 45530 37693 
4916 5
23031 7172 48964 27139 5545 
971 5
40519 86667 63377 5490 41798 
3466 5
711 74286 79333 61404 64662 
10773 6
57165 80554 69808 2277 79255 67619 
1539 6
30050 70187 28710 68063 69357 87444 
4077 6
73946 71386 16431 76764 56232 87726 
7289 5
10981 11004 25122 16608 3349 
11587 6
91657 45723 19218 29666 24987 4667 
6580 6
76352 4827 69621 34370 48797 23637 
12208 6
44652 25947 73191 66744 38059 34681 
7333 5
72894 14536 20986 66276 74115 
2272 5
65708 31897 71153 63264 35918 
4331 5
9339 31330 53744 93460 25089 
1144 4
60095 53404 24107 56647 
7210 4
92029 35585 90015 60690 
3104 5
66557 90888 57516 3760 81796 
15187 5
75035 43505 47616 50356 69444 
12126 6
11657 47640 81512 17608 40388 84937 
8628 6
25795 74227 25860 72299 46901 7606 
14319 5
6904 16776 73628 770 2153 
928 5
59591 76940 6130 34240 86434 
15203 6
49909 60964 38282 71272 24403 13737 
6955 5
74652 29976 57437 24166 3447 
660 4
76555 24381 57234 77246 
4993 6
70640 36797 74625 41795 6817 73452 
15143 5
40089 72103 25678 26485 60323 
4722 5
34349 71159 13150 86357 7491 
8004 6
12750 5297 50238 58399 5403 22823 
219 4
29383 78680 92335 21649 
4216 5
31716 77879 59188 8526 1561 
3030 6
8059 6068 81646 61958 70351 57417 
14097 6
72143 15112 60850 70952 31403 92984 
76 4
35250 90614 23193 45414 
2451 5
84665 50321 3774 45367 26245 
2962 6
12954 32141 7282 48553 19993 7683 
243 5
67050 15382 54595 51717 30332 
3939 6
16741 19394 80285 55593 41359 46383 
670 5
18179 62111 16465 1600 2138 
2290 6
75327 79816 42532 20411 86171 68645 
126 5
17788 90026 45404 40483 53469 
2235 4
39966 20699 75430 41250 
457 5
73101 22200 27597 59184 12771 
11066 6
26107 50810 17313 94519 63519 51813 
13260 5
16064 66131 5251 12386 25867 
4364 5
57085 5349 31595 49172 22245 
3627 6
29031 92117 19986 46136 76487 88935 
12348 5
73813 82178 15056 65969 12313 
8728 6
78205 21511 81597 20886 5502 2666 
2685 5
19597 85047 81067 82124 16011 
4293 6
5222 89417 15607 13290 71352 66580 
8553 5
60018 19816 59423 5283 6267 
315 5
92842 672 38104 23108 30983 
1599 4
71236 42146 61773 17138 
5092 6
88063 22180 64049 29568 23036 59312 
