233
4050 1
91367 
3691 4
3663 8324 74666 68022 
3121 1
35953 
1591 1
31274 
1790 2
29407 26276 
504 6
3614 1306 92588 40984 69472 5108 
2027 1
93400 
4120 3
85671 84633 57639 
1605 1
66035 
92 3
86949 65875 74349 
4455 6
87214 20362 99065 16306 5486 25203 
3611 3
20435 55873 46020 
1496 1
64844 
2274 3
71294 82056 61649 
3246 2
79811 48685 
236 2
24176 23802 
2866 4
8855 97146 27489 27871 
4110 1
74930 
3416 8
52426 64508 20588 14669 96810 93982 19337 78597 
3067 2
53710 75747 
3650 3
79852 80677 20344 
4427 5
61413 49521 63734 94680 83944 
493 3
71026 21024 43512 
3185 5
13782 4959 87985 44697 38439 
395 3
92376 62332 59123 
2762 3
79132 138 15715 
2096 6
15455 55262 56716 69925 10696 72693 
4606 1
11841 
2479 1
53752 
2819 4
90990 39357 18692 48394 
3588 2
5815 231 
3999 5
46962 31698 28155 91413 66757 
3403 3
39177 16745 58498 
1919 2
64558 24246 
2475 3
20904 32115 16345 
3253 1
38320 
2115 3
41470 37266 85416 
4013 5
37783 25068 75894 67247 72625 
2260 1
84132 
3032 3
15288 48793 3802 
4447 4
65828 19852 70194 94994 
1641 2
14399 64445 
4270 2
35952 55133 
3609 4
97717 13220 13645 39710 
3552 2
94102 41398 
1915 2
47098 53533 
4674 7
36982 13389 89158 57208 27283 40677 29643 
4062 2
28958 56360 
1991 3
26743 35860 25828 
2715 5
82854 22729 72777 67766 22066 
3986 1
98212 
3813 2
27098 35717 
3092 3
24061 18084 28914 
4228 6
16060 71518 8991 91826 39027 23519 
464 1
18471 
3912 8
80862 14467 63061 83167 50506 92768 90739 68783 
813 5
36239 6807 25643 20419 36960 
2191 1
84504 
2177 6
64625 89279 61318 11022 97317 12440 
3357 3
26992 82438 67042 
4770 6
27423 64486 52001 45672 85939 18539 
1832 8
49907 88630 51445 22312 26094 31290 16837 12609 
1645 1
10731 
608 2
89300 59549 
3636 1
54756 
1555 2
2207 47306 
4714 1
91392 
1469 1
22950 
141 1
47232 
1302 4
71188 2756 15298 82824 
3941 2
59815 11915 
489 1
14657 
4104 1
34431 
2823 2
74981 10357 
4149 4
37171 49661 67696 17450 
388 1
49665 
3405 9
49155 29225 76840 813 99150 91886 70581 73387 95484 
639 1
68412 
491 4
30165 27664 48351 9690 
656 10
72571 31333 46385 26813 33380 10463 5095 1841 21579 91474 
62 2
38588 74390 
437 7
65796 98438 27207 43971 29583 27508 33572 
1283 2
26267 7748 
273 2
87904 72360 
2988 2
40464 87834 
201 3
3026 68507 90249 
823 6
61975 80528 99832 89844 94809 81335 
713 1
42224 
1656 1
41282 
2061 1
35329 
546 4
54910 33605 52271 10959 
2387 1
37356 
652 1
8070 
438 1
35544 
4540 7
73236 24236 44239 20368 95505 20961 70294 
3955 6
69676 25282 72166 26249 9096 13817 
1361 2
78566 51852 
3729 5
52277 44011 10854 82821 32907 
2947 2
53264 39874 
459 3
69919 84122 94391 
842 3
91301 83337 28185 
666 2
19383 82948 
1321 3
60098 9405 78169 
2188 2
73659 74582 
1807 1
74515 
2881 1
70726 
1773 7
35634 36308 86612 29710 42115 46052 16196 
1777 1
34964 
1274 1
3284 
4393 3
73095 28884 74733 
2792 2
39697 30716 
1931 5
90838 24714 94746 28414 64961 
2911 1
59872 
2448 1
29550 
1515 4
53865 41318 39440 45713 
1824 1
39660 
499 3
6194 13915 95660 
2100 3
39885 34253 62522 
1685 7
3118 49228 2631 27057 43830 93624 32689 
1279 1
43744 
402 2
27270 57767 
3824 4
95881 12544 34683 73885 
3945 5
16621 5275 86062 57916 71482 
1857 1
59762 
2667 1
35462 
4378 4
7552 36623 49937 48058 
2450 3
62280 16603 87576 
2941 4
73318 45454 40480 54620 
4126 4
42759 21159 45425 69686 
4653 3
98748 43529 99332 
1070 6
67399 31987 53663 9117 9656 27194 
1112 1
62227 
2863 1
46865 
2095 4
10827 89236 16624 34232 
2746 3
46777 71331 60390 
2502 6
56476 19421 50503 28250 66700 5589 
875 1
67039 
3859 11
31500 91004 24585 17349 22754 74418 70929 12687 3952 91471 29862 
1271 1
83455 
3825 2
57543 77822 
797 5
10467 38274 8064 76262 66147 
3634 3
51807 11295 29146 
2088 1
45336 
2037 1
49696 
674 1
31488 
324 1
21137 
1370 4
15791 11176 32189 72436 
4464 4
79258 88042 17444 42248 
613 2
73734 54028 
783 4
58770 38031 89033 91639 
3987 4
93011 31113 72965 76260 
4099 1
13004 
4406 8
85944 81475 39237 82184 91638 60212 20698 20409 
3320 2
30474 87709 
441 2
64481 94702 
3384 4
53298 58580 72233 86512 
836 1
6626 
4106 6
50151 42595 9702 23943 12183 96127 
3106 3
54418 1487 57483 
2288 4
55071 41009 22148 62617 
2197 8
32683 57438 29358 95717 99226 24759 65776 11412 
1419 1
83039 
4287 3
56852 67889 93388 
2237 3
3521 70277 71604 
2028 6
8316 41772 29271 55256 48023 65668 
3854 2
86160 57320 
2773 2
25083 72206 
1118 3
54802 86498 61469 
1860 1
65979 
730 2
56830 84844 
966 4
2953 60625 34834 86849 
4710 3
58250 20491 46010 
186 5
11542 26154 17093 51866 46247 
2757 5
45249 29427 50956 19668 99465 
3137 7
26734 81786 44156 40546 25236 29497 72354 
3296 1
11011 
950 3
82744 56064 20005 
3623 5
28439 24273 90789 68171 95988 
1638 1
45373 
4073 3
55311 63140 20515 
2390 3
24150 85058 50543 
4415 3
96792 43985 86931 
1019 6
53456 90616 15514 50080 93727 75437 
4239 1
85925 
2964 3
93295 84252 19489 
1183 11
83764 68386 17789 37731 51373 43465 46885 36302 11423 26047 4887 
2693 7
69748 4827 18278 28852 63864 58434 27151 
1720 1
13264 
3228 1
26969 
2609 4
30574 20593 82931 8185 
3303 2
57313 69505 
3832 2
62219 84388 
3932 11
60397 32865 3838 4510 95006 54965 17029 31458 24132 53427 49337 
1554 1
2813 
4222 2
72146 60406 
3606 2
76946 52670 
3342 2
15007 23449 
373 3
90713 29321 96531 
1823 1
76027 
3366 2
99707 25532 
1411 2
50316 52932 
996 2
43043 81772 
4656 3
38550 79780 51268 
3517 1
90110 
4255 6
66323 13513 58111 24367 40576 42483 
3562 6
21902 83843 77128 60513 66253 40616 
3861 2
58243 84599 
30 2
70621 50425 
587 1
6238 
3073 1
81948 
3083 3
30158 54684 5224 
526 8
48631 20220 80165 66565 83600 84427 20833 25056 
1941 5
57695 51534 95443 57491 75699 
3746 1
37841 
4364 7
71885 10264 31865 20900 49081 83874 24968 
4727 7
9552 20276 14471 70740 39418 47827 40727 
1193 1
59951 
2231 2
72467 54017 
2153 2
29322 48723 
3525 1
70184 
2353 3
48700 38758 3981 
3803 1
71256 
3984 2
18073 14915 
2476 6
64058 34600 82996 39039 49911 50800 
1992 2
58148 74579 
4543 6
14487 95935 77456 8569 76070 57440 
2512 1
10500 
3696 2
85081 11361 
4299 1
83778 
4704 3
75517 25745 31081 
2976 1
62297 
793 2
92858 26569 
1562 3
61074 19690 97469 
