253
1463 2
7601 35473 
19920 1
35208 
2413 1
52217 
5183 1
60520 
1726 1
39570 
11785 2
87288 26714 
24909 2
69516 57439 
24948 3
59175 51730 93402 
17140 2
51467 22677 
15894 3
81242 87526 17805 
23137 1
13944 
3898 2
30854 18600 
2885 2
90998 79364 
2325 1
68627 
1205 2
4074 40130 
9557 2
1525 46192 
1717 1
37819 
17487 2
94544 17249 
15182 2
87210 35057 
9879 2
91061 15159 
10277 3
40207 45015 44625 
23237 3
81669 37002 87392 
16761 2
38795 81118 
2557 1
47150 
15365 4
84252 18373 67944 69672 
13786 3
91430 94308 53898 
9489 2
50378 57169 
1008 1
10728 
20958 3
81889 4344 28382 
16032 3
17557 75877 64592 
14152 3
36602 36 36102 
25223 3
55316 34438 64826 
21160 2
1643 58876 
9623 2
72414 42876 
6918 2
54451 2874 
6370 2
94203 71717 
12759 2
92328 78314 
10272 1
81200 
19037 2
1656 51175 
23764 2
45577 75263 
18344 3
4778 10670 8173 
4206 2
39820 70173 
4946 1
3772 
6385 1
41535 
10002 3
92737 92906 307 
11233 2
72764 25857 
21399 3
65236 77871 67151 
2772 2
73121 11062 
23184 3
8958 80797 15304 
8237 2
26487 61610 
22425 2
61115 69490 
1595 1
11872 
3710 2
74762 76882 
19596 4
57711 23131 86071 57378 
17034 2
70280 59554 
20831 2
89356 27317 
2048 1
20306 
18555 2
91007 90118 
1833 1
35315 
1261 1
22902 
12300 2
26766 89778 
15086 1
26974 
7971 2
53805 89612 
14903 2
68147 60337 
18183 1
79970 
1379 2
35573 85613 
14340 2
22089 52525 
6493 2
59694 4721 
11979 2
82267 47443 
20255 2
60400 9434 
505 2
11612 54465 
848 1
22864 
4233 1
46815 
1822 2
64895 63422 
884 2
59155 17915 
24417 4
26806 18386 65809 11712 
670 1
26644 
1065 2
68442 17470 
686 1
26400 
2795 2
1950 19854 
3230 2
16513 4573 
21390 2
56196 41926 
5189 1
10284 
4098 2
56188 59586 
1809 2
73552 17849 
791 1
43420 
9968 2
6150 5893 
1459 2
40366 23790 
3530 1
13735 
24507 1
46397 
6812 2
27512 86791 
1307 2
28831 62942 
3649 2
3797 51003 
4589 1
13554 
17031 2
71678 83879 
3971 1
40040 
20335 2
49720 40901 
4747 2
56380 68718 
11170 2
13945 71311 
7018 1
10425 
2515 2
80331 37292 
3210 2
60589 49214 
6380 2
40948 90806 
14544 1
37805 
24210 3
28338 83104 64013 
17968 3
88415 28123 50398 
9597 3
62270 81352 23146 
2918 1
52776 
3459 2
70292 83847 
13408 1
53359 
20522 2
15768 12771 
1933 2
71310 42417 
22769 2
74230 40651 
1573 2
46344 12435 
7851 2
56649 59339 
8131 5
34627 32770 60142 61085 19344 
6297 2
42897 19579 
2612 1
41771 
7581 2
13780 43412 
19158 2
43425 22281 
6439 2
85957 6508 
18732 2
52246 77988 
12548 3
35978 28153 92646 
20855 2
63690 92894 
6203 2
191 55017 
3899 2
42121 69741 
24691 3
91076 92815 15189 
4102 2
82391 68228 
8038 2
57127 73201 
6301 1
29416 
12893 3
93443 37397 37462 
6134 2
14218 27600 
685 1
2671 
1375 1
88043 
2371 1
63662 
24357 3
91710 52814 6052 
8661 2
76138 94629 
24126 3
77041 84908 79376 
1710 1
53056 
12292 2
79831 33849 
24600 2
48192 27125 
5469 1
75013 
21456 2
20611 52017 
4190 1
38188 
22122 2
41002 14792 
4820 1
79154 
3762 1
48246 
1843 1
11902 
16268 2
42152 23303 
4451 1
7214 
8483 3
42173 12485 39225 
4921 2
84569 18301 
2104 1
35283 
18689 1
36308 
12541 2
21561 64178 
3826 2
92119 59197 
1210 1
8328 
1069 2
18364 62800 
15336 2
67893 87523 
18654 3
6823 82920 34374 
23282 2
30193 27853 
14291 2
34081 37386 
19651 2
4224 63401 
16769 3
2753 81099 13257 
17515 1
79371 
9799 3
82847 26925 77490 
3344 1
42120 
21445 1
79494 
4511 2
35771 57600 
20544 2
10167 87630 
10703 2
33664 58349 
5983 1
22574 
115 2
48342 53076 
1156 2
51774 81174 
4403 2
69448 21522 
9063 2
14960 11196 
5240 1
13591 
4278 2
36877 65306 
22306 1
58218 
7258 3
35127 55018 19805 
11874 3
88955 62508 57612 
1490 1
12850 
2938 1
94004 
333 1
29491 
919 2
20665 80207 
4111 1
71726 
7469 2
90036 12180 
18965 2
37766 54125 
17243 5
6457 88187 52193 42025 22563 
25387 3
34758 34056 81474 
3236 1
44844 
1669 2
39757 61882 
1693 1
27149 
6831 2
74902 5342 
3629 2
32555 9935 
10357 2
49929 82282 
12679 3
52452 22111 40150 
5501 2
31478 13329 
17987 2
59964 10511 
20521 3
76151 29142 12478 
4110 1
54546 
917 1
74369 
22602 4
85947 33058 16453 14454 
16474 1
38996 
1516 2
22119 17147 
8401 2
14566 53658 
5608 2
76976 33304 
1886 3
72142 15474 25745 
4231 1
74159 
1485 1
10700 
1870 1
61571 
3338 1
57613 
4903 1
61505 
18143 2
22824 61243 
19528 2
65188 70709 
2924 1
35331 
223 1
60823 
4394 2
6590 44756 
566 2
19186 59896 
21904 2
67888 50162 
11074 2
12907 43350 
16335 2
33009 46385 
1420 1
71560 
8306 2
68243 65890 
10127 2
63865 69868 
8221 3
15749 51609 35983 
1523 2
992 54684 
24231 3
9164 16291 28884 
16697 1
93990 
17076 3
57022 18119 69191 
109 1
68738 
17967 2
92571 71291 
904 1
65947 
1196 1
91696 
9120 4
18036 63335 6143 49108 
7772 1
6515 
9870 1
70757 
125 1
41922 
5871 1
53274 
6127 2
12343 75801 
3077 1
73063 
11572 2
94661 19042 
17403 2
12268 64320 
21073 2
91509 24498 
5769 1
2249 
20821 2
34546 76252 
2471 2
56799 60539 
415 1
77634 
14697 2
79644 26315 
7515 2
20518 25434 
9459 1
33786 
5219 1
89651 
7118 2
3499 3749 
