219
3426 4
56174 82880 24413 95858 
6708 4
9752 84374 17436 67138 
3842 3
80860 85337 7970 
6095 5
46560 26640 96538 56899 77588 
2309 2
36145 85739 
5216 2
29278 74171 
6676 3
8266 71499 30356 
858 5
35216 13090 80766 34266 36040 
5425 1
61572 
6978 4
40259 52497 49313 4860 
5192 2
97673 80779 
2782 2
21450 69178 
3922 2
53320 25900 
4660 1
87956 
2111 2
75391 90678 
2990 6
18016 37412 82949 45407 33280 59863 
7124 2
26290 47230 
2330 4
36342 28418 71055 78418 
154 2
21865 44069 
978 2
4463 60632 
8144 2
31025 52089 
3263 2
9186 7726 
3804 2
25942 21282 
3909 3
88593 81439 33643 
2507 1
10267 
2626 1
12881 
7245 4
7494 402 19027 72403 
5567 4
44787 3837 31337 10045 
5043 1
12071 
4334 2
97454 44092 
5459 1
44713 
4305 2
24322 4436 
8522 4
73930 30870 40439 47208 
6036 2
31119 17842 
4718 5
73199 78373 58504 77399 15770 
8316 2
45588 77620 
2678 1
8430 
4306 3
15356 26858 60711 
577 2
64463 53880 
6493 5
8127 15165 35234 3948 42109 
1746 1
69663 
5412 2
4586 36850 
7376 2
99113 13260 
5319 5
55170 65615 47977 82683 50794 
2307 1
95699 
2096 1
2245 
2358 3
90551 460 49949 
8018 1
71183 
1425 1
64481 
6915 1
69355 
2132 1
65999 
1657 1
38934 
1532 2
94158 40071 
6274 3
31877 78504 3865 
7618 2
67251 353 
4666 2
72155 39754 
1862 1
19735 
5230 1
91949 
5410 1
39911 
3444 3
33617 6291 76535 
3270 1
560 
6716 1
20444 
2957 3
76968 19655 25107 
2774 2
24916 99218 
2249 1
21343 
4302 2
29801 28554 
1982 2
99031 26448 
7707 2
26734 38068 
4792 2
64861 88493 
4765 4
82259 360 17469 37880 
3473 1
67346 
1539 2
8312 29055 
5079 2
46172 90324 
579 1
30098 
1922 1
22984 
3170 1
30191 
4434 5
72877 56651 86528 67339 97691 
4610 2
63595 20981 
2921 1
5165 
2510 1
15013 
7904 2
39067 40982 
5413 2
85047 51168 
6445 5
11312 85822 70509 6315 74230 
1182 4
90153 4652 20036 32627 
2182 2
64210 8370 
48 1
65713 
7120 3
39050 79195 19382 
3856 2
9060 40864 
3598 1
3477 
863 2
90500 63875 
1626 2
35014 48552 
4880 4
33353 33269 96140 24195 
4400 2
4106 71367 
4469 4
60229 283 97220 58580 
4298 2
76970 63883 
2683 1
77435 
5967 3
9801 13049 71944 
3117 4
81080 65687 8589 22585 
3529 1
86504 
207 1
78882 
142 2
29955 98061 
4693 2
63381 94911 
6889 4
34179 15497 84128 85138 
7333 4
13219 96158 76337 4382 
5750 2
76213 30641 
7108 5
66056 66225 58690 88308 84748 
531 3
11283 53739 57605 
601 4
67034 13047 76100 44117 
1888 3
82154 1291 67806 
7907 2
75105 21729 
6614 4
43850 40475 31049 67658 
3995 2
95632 88352 
7735 2
41829 66325 
3211 1
52713 
7855 4
58094 8690 44036 34047 
5182 1
24187 
7652 1
47662 
4408 3
96690 54256 65134 
8381 1
56719 
4056 1
29779 
5898 2
79612 41457 
3847 1
21273 
3575 5
6644 88537 69465 72459 12465 
3082 3
85037 65173 50887 
1740 5
68684 78566 11239 18232 520 
389 2
11982 2679 
6252 1
60472 
5100 6
33719 29417 59181 13673 83734 27943 
7423 1
91117 
5083 1
15352 
2670 1
61469 
4242 5
96797 87824 61989 63984 57888 
6418 1
9994 
5713 1
37361 
7056 1
26911 
4931 1
44596 
6718 4
45656 30547 80343 56270 
8005 4
60896 52046 44477 87119 
336 1
68007 
826 2
77228 92886 
5807 3
16851 7615 68599 
1162 1
50327 
3364 2
57775 76352 
1570 2
9546 42445 
5654 2
80274 37827 
7692 5
53250 5998 7048 15559 92029 
1774 10
97568 50663 13473 86156 532 91987 72199 1826 89637 12405 
7689 2
84228 34391 
8142 4
53430 7332 56194 93643 
8588 2
64618 45349 
6521 1
69326 
2830 2
2468 98844 
1433 1
38171 
6625 3
71155 32877 10338 
5550 2
6697 53355 
3600 3
91455 74286 47894 
972 1
98606 
18 1
17038 
3097 2
26895 13434 
8565 5
70110 17181 83526 17367 4522 
2609 1
93275 
4271 8
76921 63311 75263 45456 67043 47669 54075 99521 
6436 3
22964 36604 47785 
341 1
82107 
5625 1
44883 
4688 1
19707 
3131 1
47697 
6318 3
41809 7240 27516 
4722 2
17012 26240 
5853 1
5152 
1085 1
51926 
4984 1
8061 
4051 1
3520 
7039 2
43118 49910 
6136 4
8424 73493 81131 48465 
3565 4
84833 62747 13421 33268 
4620 3
24345 1009 85543 
282 2
61933 11095 
1753 2
95258 35281 
1411 5
58797 14719 11981 89382 93676 
5104 1
59523 
707 2
38075 23684 
6430 1
52957 
1102 1
40772 
7448 4
82978 61117 59308 2134 
7017 3
95937 42106 36529 
5949 2
51736 13525 
782 2
65020 79712 
5482 2
65204 97035 
5067 1
87262 
920 1
79244 
1772 1
64033 
4583 3
84822 23472 51866 
6026 4
67250 76926 88310 83765 
587 3
91109 1561 44228 
4879 3
70372 86975 83152 
1842 2
67628 54954 
7766 5
78306 56930 37666 75899 84854 
4416 1
11376 
2042 1
38970 
2942 2
77997 22067 
4727 3
3054 25466 97790 
2716 5
1150 42503 58619 10374 74620 
2813 1
41576 
263 2
20492 80589 
2761 3
42248 14299 81266 
258 3
13680 96470 97316 
6843 3
63048 44986 70562 
5419 4
94702 49603 19865 60355 
4923 1
97929 
3138 1
45235 
1706 2
99579 54209 
5113 1
62190 
8563 3
83124 53929 67377 
4250 3
40800 68119 2081 
3506 7
30363 68979 30271 90583 13781 13037 18227 
2993 2
80519 56121 
5791 5
95229 98175 44557 69747 26122 
8287 2
83502 39898 
