613
1442 1
53850 
21791 2
18467 93128 
25322 1
89758 
5898 1
26557 
25035 1
77282 
17587 2
19023 40640 
1825 1
79080 
26972 3
81590 56904 4353 
12257 2
49476 87548 
1955 1
7229 
17924 1
30043 
20120 3
12467 88949 15962 
12480 1
73155 
12821 3
80452 32398 82773 
12819 2
11704 28226 
13399 2
6109 84979 
8230 1
12165 
9575 1
42424 
23103 1
36867 
893 1
93749 
5885 1
23217 
17174 1
45984 
9411 1
57625 
7009 1
39759 
8304 1
76311 
6741 1
70959 
13301 1
22330 
1734 2
25571 41983 
25926 2
32354 11639 
8645 2
42113 42531 
24459 1
25910 
20734 1
72780 
3925 1
25684 
23022 2
66186 16140 
5632 1
1400 
4661 2
66057 46496 
16901 1
85153 
6036 2
12736 84577 
26180 1
15846 
24911 2
53316 71190 
26108 2
42739 91069 
5524 1
84393 
6727 2
48373 65797 
13545 1
39697 
17081 1
68995 
24394 2
41740 18091 
19048 2
83776 76180 
23688 2
84437 9713 
8338 1
21242 
5665 1
10206 
12822 1
89841 
2359 2
73474 55543 
6650 1
82966 
11464 3
87747 53509 71989 
17160 2
25136 96552 
1090 1
94896 
16560 2
61737 36992 
12202 2
82970 70483 
24259 2
31663 57209 
11735 1
49591 
6592 2
62604 86280 
11386 1
22490 
9300 1
8513 
23469 2
22672 9942 
21539 4
32577 89055 3610 86030 
15735 1
78808 
29275 1
22079 
2742 1
18352 
18883 2
71906 21053 
8472 1
86466 
13922 2
76177 46578 
22898 1
45433 
28195 1
30482 
25340 2
72791 39602 
28843 2
65240 77825 
18564 1
66736 
2590 1
42816 
9668 2
82387 76479 
8710 1
64683 
1151 1
37189 
27144 3
51553 25868 20703 
16569 1
32397 
5826 1
38974 
23682 1
49877 
14503 2
71288 16152 
13670 3
21005 62370 6798 
22950 2
6974 81160 
23708 2
56343 17820 
27476 2
40663 8169 
18004 2
84119 4760 
14551 1
29185 
4608 1
87144 
9313 1
36305 
4232 2
77960 24263 
28513 2
21491 45468 
9220 1
44162 
2852 1
69301 
21929 2
65094 85405 
27568 1
90049 
13546 2
68371 9681 
10847 1
68342 
14417 1
53716 
845 2
93235 63320 
23486 2
3419 92778 
21308 1
72486 
6401 2
25669 22278 
27224 2
35777 62359 
9535 2
68866 41340 
13497 2
89667 19942 
2431 1
54599 
11496 3
42821 14974 79146 
26685 2
21970 44790 
20141 2
16109 73578 
28444 2
41751 90958 
6576 1
58710 
23244 1
18026 
1488 1
67701 
11421 1
58286 
27413 3
68540 53730 84466 
23163 2
86566 82426 
11003 2
5798 44433 
23060 2
51236 48280 
7519 2
95887 16988 
17927 1
92440 
23551 1
36640 
14512 2
5388 13105 
20499 1
86974 
18033 1
40439 
24597 2
51873 34578 
22252 3
46128 65613 27638 
28072 1
47834 
6242 1
18869 
19897 1
35677 
3434 1
32648 
15580 1
77666 
448 1
85816 
4009 1
62977 
27312 2
19443 77593 
13674 2
32662 5741 
19511 1
23152 
2872 1
6932 
5397 1
20509 
19546 2
41453 3480 
25787 1
81242 
23798 1
55544 
23047 3
59294 45223 88784 
18927 2
49832 32429 
469 1
29341 
19049 1
63061 
24747 1
2416 
14235 1
11623 
3458 1
29714 
27198 1
76649 
16107 2
72379 89727 
18005 1
92121 
5643 1
61661 
5223 2
80823 74789 
8699 1
52265 
7024 2
10773 41524 
15855 1
34404 
2540 2
11183 20031 
24329 2
20844 53315 
9009 1
66727 
20216 1
19117 
18561 1
92860 
12405 2
92908 95358 
6625 1
94060 
19822 1
25262 
753 1
25624 
8131 2
15171 1016 
16480 1
59210 
2261 1
36175 
27778 2
48224 50042 
1136 1
68769 
11297 2
25187 94793 
13423 2
95177 15861 
10091 1
25334 
6719 1
71737 
10441 1
64650 
4850 1
68240 
2291 1
94957 
14289 2
84819 84544 
26195 2
43062 47404 
18542 1
91685 
9315 1
46136 
20121 1
1415 
29220 2
85611 44749 
29267 3
76956 93319 35448 
6869 1
65795 
3911 1
6729 
16092 1
27019 
16987 2
16257 2963 
29053 2
68643 29471 
11776 1
69459 
10974 1
72200 
9443 1
49002 
1159 1
18797 
7247 1
7367 
20709 1
69383 
20890 2
25938 10274 
19729 1
79159 
4297 1
47101 
21807 1
16838 
18112 2
75426 7944 
20152 1
8034 
25116 2
70422 95267 
21966 2
86099 76275 
9391 1
29818 
10059 1
89518 
26581 2
35470 81034 
7129 2
27146 5867 
10708 1
68103 
18569 2
78376 55891 
25547 1
1639 
28378 3
49391 51715 19684 
19638 1
37602 
16691 1
95583 
28059 1
64534 
10513 1
5241 
6437 1
75164 
18504 2
22477 12531 
10903 1
69074 
2396 1
57688 
21142 1
62000 
6528 1
80220 
28816 2
54583 70704 
29274 2
8385 69825 
9027 2
828 62905 
26340 2
29454 57587 
3931 1
35797 
10732 1
65852 
11200 1
51344 
21793 2
88166 71620 
14935 3
46889 72610 82655 
6641 2
263 29105 
11891 1
85735 
16841 2
52531 5750 
18617 1
55933 
11400 2
82448 53672 
14391 1
42028 
10070 2
28231 12203 
23165 2
3641 19739 
19486 1
24904 
20536 2
46820 65887 
20652 1
33071 
4659 1
15145 
28457 2
68379 6586 
7127 1
47247 
11327 1
18638 
8811 1
37054 
16548 2
24390 92428 
26384 4
60815 65202 89764 30789 
28589 2
64607 39689 
7042 1
90493 
3376 1
16966 
18972 1
57511 
6671 1
22566 
18613 1
77797 
8008 1
34703 
2207 1
64633 
27053 2
28716 61256 
16310 2
53284 54895 
19348 2
47242 11117 
3660 1
68466 
9890 2
26090 62134 
530 1
2177 
19004 2
6777 94224 
24753 2
18899 4658 
25570 2
78123 45458 
369 1
93871 
26318 1
74905 
21233 1
43175 
22429 2
12059 20586 
20893 2
19460 59120 
5672 2
10414 43342 
21949 1
78100 
15971 1
95793 
9363 1
83031 
14965 1
72166 
18932 1
43052 
7649 1
12807 
9928 1
5962 
25614 2
16104 57631 
16761 1
75001 
5571 1
29063 
17828 1
65352 
16274 3
19646 13154 79719 
27369 2
44720 48843 
27731 1
12040 
22466 1
48022 
2368 1
52954 
6764 1
47975 
28249 3
68974 31792 73205 
11502 1
39132 
1653 1
40844 
28265 1
77446 
12448 1
90387 
24305 1
73313 
17695 1
51019 
13265 1
80534 
3318 1
78551 
1935 1
16360 
27401 2
42404 64216 
7016 1
19194 
20922 1
87951 
10888 2
32692 56750 
20367 2
57478 13255 
10995 1
53345 
9532 1
3011 
2976 1
91901 
25845 2
85566 14048 
11520 1
21405 
14984 2
1071 69096 
26618 2
78754 24065 
7319 2
58607 92384 
15539 1
7967 
10032 1
74733 
6229 1
78068 
8579 2
89197 51327 
16517 2
3251 70989 
26605 3
69959 4673 71071 
7584 2
46185 39273 
27049 2
42950 66451 
5587 1
89053 
23306 1
37011 
6180 1
11019 
14427 2
64393 55254 
22199 1
33365 
26331 1
85144 
9030 1
17707 
18581 2
61241 81285 
2096 1
48185 
14535 2
93076 42572 
7276 2
52789 40869 
27793 1
73550 
4743 1
81832 
26460 2
71154 10340 
15801 1
65651 
26444 2
16875 58243 
22144 1
59336 
27359 2
68121 8689 
8152 1
23629 
16870 1
58608 
12460 1
48081 
17184 1
93290 
10346 1
29766 
22501 1
21343 
5914 1
40592 
27895 3
40659 79977 43951 
16208 1
9232 
20450 3
81552 67789 81057 
20815 2
48995 52299 
3980 1
86666 
6530 2
52584 56430 
19859 2
27616 33717 
22774 1
56425 
21890 1
94109 
22537 2
64471 57144 
27613 2
46223 14622 
13182 3
41305 77018 56097 
12276 2
70118 35439 
1300 1
70175 
13477 1
29348 
27355 3
75757 61768 94996 
20935 2
41881 52043 
23586 2
60890 16440 
25301 1
37299 
25135 2
20476 21078 
6982 1
9341 
19931 1
35377 
6080 2
58486 36884 
22368 2
24323 11734 
25382 1
84030 
15881 1
28388 
28209 2
32100 53033 
8673 1
83456 
9347 2
51520 88064 
6679 1
76142 
16409 3
23827 53780 71502 
9863 1
9708 
25127 2
15283 41672 
28787 1
53068 
11929 1
4984 
26356 3
72463 69597 28260 
11808 2
88708 13157 
1980 2
96603 63452 
1392 1
90419 
16177 1
34680 
23277 1
49890 
12087 1
12587 
14464 1
43862 
25843 1
42012 
29000 1
62186 
8508 1
83352 
5018 1
32319 
15396 1
77378 
28407 2
90295 34419 
16782 1
34546 
15925 1
34094 
1815 1
24090 
9070 1
42686 
4045 1
77576 
16740 2
38334 91265 
18179 1
81031 
257 3
13703 54862 83475 
10143 2
11233 83060 
7901 1
11944 
24613 2
13515 28344 
10040 1
32642 
540 3
89245 24370 60423 
721 1
52277 
9518 3
62091 64923 11416 
3621 1
11281 
6797 1
47915 
2812 2
60903 63318 
21878 1
81223 
6216 1
54707 
23263 1
42957 
9338 1
79572 
13548 2
68558 52694 
6104 1
57414 
19738 2
45335 39359 
18036 2
94908 3149 
23548 1
81980 
16715 1
88864 
27530 2
12327 3072 
483 1
64029 
28634 1
30738 
10314 2
73374 53560 
23282 2
7781 37901 
11380 1
15071 
18379 1
67426 
2106 1
41616 
23297 3
91906 70115 26164 
28395 4
57786 29378 78283 37289 
1999 3
61793 59190 53990 
413 1
95285 
17720 2
78121 84560 
14581 2
11136 20633 
19507 2
33569 65982 
14006 2
94250 37277 
27033 3
27378 4398 44234 
8808 1
31546 
23036 2
91196 15229 
21180 2
66991 90658 
15009 1
13140 
1774 1
35441 
26427 1
49659 
16826 1
48327 
25426 1
67995 
27102 2
2179 87460 
6778 1
87149 
5215 1
55606 
5237 1
2838 
24398 1
23407 
6099 1
67708 
28360 2
31441 25873 
25887 3
86641 49579 30538 
13779 2
25378 86304 
12855 1
3537 
28437 1
24245 
16869 2
89454 10190 
27338 1
52751 
29186 3
58970 95214 60389 
28446 1
54010 
28691 1
57231 
29173 1
85665 
3964 2
20006 17256 
18131 1
73507 
4901 1
89027 
23598 1
82396 
18893 1
17250 
24940 3
41064 9672 63883 
9534 1
63042 
22585 1
21918 
20136 3
41528 17961 18421 
28038 1
80880 
8101 1
70980 
24494 2
90885 68649 
26757 2
3844 53469 
13951 2
88249 84850 
2346 1
50198 
16817 2
27870 38720 
24395 1
80871 
8129 1
17803 
23190 3
9746 16310 49407 
16717 2
24639 16668 
26755 3
44414 7759 18561 
8907 2
95203 77880 
20711 2
78524 15548 
4057 1
84924 
13999 1
65644 
1427 2
47830 28241 
11361 1
49956 
28814 2
2827 44646 
18324 1
94521 
13503 2
54275 4567 
17023 1
65228 
15287 2
13272 37483 
22123 2
7393 10150 
7870 1
45627 
12694 1
33121 
27267 2
95759 86396 
19139 2
18248 77679 
18286 3
59239 31393 84866 
15324 1
10901 
6128 1
42998 
25871 2
5584 78841 
12403 1
43732 
20211 1
35744 
12378 2
51703 82041 
14639 1
20278 
14807 2
58158 90380 
2993 1
85900 
6430 1
80798 
20257 2
58862 17076 
5462 2
63741 642 
24269 2
56536 19320 
4285 1
70193 
19577 1
5329 
9775 1
30533 
5594 2
77411 77400 
11331 1
74372 
26101 1
27639 
18200 1
46632 
22706 2
38546 73735 
22880 2
94387 17972 
7602 1
52900 
25331 2
63909 16141 
743 1
6567 
9087 2
18401 27983 
12974 1
56244 
23349 2
41002 53804 
7427 2
62627 3484 
8786 1
39468 
26541 1
32532 
3807 1
65909 
26328 2
39497 59314 
19247 1
54958 
4306 1
78791 
28154 2
89784 39172 
24893 1
42008 
20543 1
78708 
19013 2
18696 48904 
8606 1
21794 
15060 2
62252 25419 
21789 1
42100 
439 1
19093 
29177 1
76032 
26272 2
29467 13452 
27575 1
3793 
10036 1
74586 
14760 2
11784 65660 
920 1
15193 
782 1
96260 
28981 1
19582 
7062 1
65 
10552 1
46928 
14502 2
56099 92847 
8962 1
54261 
6239 1
47003 
8234 1
54739 
23574 2
43415 86322 
4489 1
11917 
24181 2
54658 39545 
1489 1
90456 
27084 1
48050 
16504 2
49765 44752 
23999 2
45630 36824 
24265 1
57741 
10071 2
12706 87357 
10222 1
32227 
28463 2
58429 57828 
799 1
9825 
10440 1
80600 
7084 2
4142 95561 
21333 1
66960 
24873 1
88612 
16209 1
48560 
6963 1
30820 
1186 1
22146 
27577 2
37635 90506 
4868 1
94382 
19052 1
56444 
23615 2
83924 58037 
15532 1
32070 
17522 1
5035 
11755 1
62163 
29256 1
78771 
7163 1
28604 
14033 2
33727 45744 
11277 1
43504 
14777 2
26077 86838 
17044 1
87839 
4530 1
8637 
10228 2
15752 89511 
3043 1
17338 
21011 1
93918 
3356 1
45443 
16026 1
83261 
22726 1
45819 
17892 1
75384 
27913 2
1192 71838 
8462 1
35536 
17 1
34981 
8500 1
63147 
15296 2
58775 12454 
5301 1
54366 
15771 1
42431 
3565 2
8734 9060 
1382 1
93011 
9889 1
919 
25518 1
50815 
