266
3879 10
49094 69966 59027 59113 975 1824 8771 32919 36426 23532 
1544 10
52195 58071 57201 61826 63111 62999 66564 67911 12152 20736 
22874 9
49941 70775 18302 2300 2218 8433 29974 34926 25930 
2101 10
42373 40830 61656 58551 16656 4104 1189 1904 31059 20313 
21952 9
46445 44826 74703 74518 15160 16501 985 36659 35747 
17429 8
49386 71850 77200 74032 61257 65986 33456 32993 
13448 8
53659 40375 68469 14451 11140 14802 37861 35972 
3834 10
40285 68589 75574 61490 66086 15802 7422 22533 20420 26113 
8018 9
41607 71838 75567 73649 63582 13670 15897 480 6997 
26013 7
58031 47122 61078 66042 11493 18444 6115 
7063 9
42132 42825 71219 76310 653 33095 34450 21276 24416 
644 10
53253 49408 50042 55321 42191 47989 71040 64295 14485 2765 
18879 9
48982 50710 54265 46338 61008 68024 17176 18774 21277 
5286 9
56821 58013 71067 72766 63589 17266 18560 36610 24208 
7044 10
52730 55241 68261 61571 62823 58518 14945 2475 22537 19925 
7193 8
44592 43824 68621 65796 15418 29240 36599 37900 
22185 7
43948 71233 13162 13437 14740 472 27961 
7599 8
41517 39163 71866 73140 67044 14635 16159 34440 
3582 5
56589 42190 40324 3350 29767 
10652 8
50509 53863 70465 77276 77009 3714 34689 36361 
6413 10
57675 77799 63743 11608 1743 5443 33515 22627 20501 25111 
349 8
53154 47313 46514 70780 75330 13248 370 38608 
712 7
51116 44176 9872 32905 31107 23562 20826 
3439 7
44583 12322 13762 9678 32013 37614 35910 
253 8
53669 43212 71478 16753 3961 4901 30112 34294 
15011 5
44841 71330 10071 2001 32015 
9680 6
51952 54374 42528 17287 15141 914 
11334 6
76106 9852 33502 29726 38434 21721 
15903 8
76038 73261 59373 9397 4900 31761 35888 19580 
24125 4
70344 3582 6572 36023 
8178 7
50978 57876 47085 64297 9203 6120 21661 
8631 8
54914 45023 69221 75143 17533 4035 9323 31832 
18252 6
57512 77377 63529 10726 9119 6748 
11990 4
73760 61422 30373 27472 
18631 6
68476 74005 1144 8407 29906 38173 
3616 8
49582 12945 12069 4845 9208 22611 25750 25767 
27313 5
1219 7063 30809 21310 29056 
1348 6
48978 12246 15099 7193 29653 34898 
6576 7
42069 46627 58910 66210 33435 29209 34853 
1667 4
17131 35931 21469 20762 
3715 6
55126 72199 2263 4892 32550 31529 
3267 4
65451 13649 13886 37785 
9873 6
51001 17490 16856 3852 9391 22299 
13992 5
68721 68338 70265 19141 15180 
16320 6
71305 74160 16249 6181 6631 30801 
13309 4
69911 77494 77639 15666 
26673 8
54010 39310 40173 62251 35031 35561 24121 28280 
7501 7
51845 57136 58088 54725 54940 9774 26743 
4747 4
56165 8403 9414 30919 
3926 7
51562 42529 67132 64360 33384 22816 27332 
6717 4
74173 34506 22278 25203 
5787 7
50046 54557 12839 16891 1918 9252 6573 
2899 7
54938 72396 58815 66234 10326 1401 27473 
21118 4
75439 10860 36879 35659 
19985 4
61640 60999 17721 3865 
24243 6
50166 75648 18956 2098 1884 21854 
21324 5
57395 54214 4064 1844 7278 
17778 6
51718 69321 62476 4138 21165 25355 
18331 5
30618 23079 20387 25645 26107 
8811 7
67649 10206 16916 2546 36933 21891 21051 
18093 2
76100 7900 
3024 5
70270 66246 67180 17541 30713 
9723 4
57556 55903 12419 31331 
6689 4
68146 2471 94 33795 
18459 4
59761 10228 4464 32063 
22304 3
60906 14022 18112 
14160 4
40716 69779 74629 30890 
4383 8
52231 51673 41301 74006 13168 14007 29927 20577 
422 4
41472 1590 8504 9125 
25106 6
66532 65377 15753 1495 24288 21771 
9912 7
51170 42989 45683 70534 5608 37514 23466 
22399 6
11000 16340 8564 5176 31341 37440 
14426 4
44547 11414 30556 34656 
582 7
50533 50110 58277 41615 67893 677 26563 
861 3
58307 69644 6235 
1426 4
45067 12966 4236 20651 
4825 7
49044 70796 76628 74080 19008 32476 37631 
4863 1
27610 
12123 3
72847 10753 22850 
2559 5
50975 60676 14371 318 1479 
11015 5
50640 11585 4381 5182 36909 
6423 3
73201 14086 16500 
26109 1
11386 
5651 5
56464 71965 17697 29525 27306 
9883 6
41911 47995 44830 14839 8584 22504 
24569 5
47165 74895 67322 1302 31725 
2728 5
40140 64619 12681 16605 22976 
6198 6
44904 73652 60338 10116 11681 27256 
22398 4
59997 65006 18048 21817 
1312 5
76228 8307 33128 20378 27190 
21138 2
51576 15645 
1352 2
60702 38867 
2324 3
50513 51073 3979 
14953 2
59308 33179 
966 2
50543 46148 
12813 2
43826 5693 
8004 2
15522 33396 
15491 3
15245 2449 4710 
13379 5
50430 76369 73647 6807 25287 
22828 4
56764 68793 34562 22384 
2303 7
49248 45407 72139 64528 4410 6886 26779 
15422 3
52190 71060 18235 
10667 1
69726 
9316 1
63170 
4006 3
47108 5139 21125 
7178 6
56968 69855 74513 61825 37153 38023 
21187 3
74958 2212 32404 
8333 2
39217 75317 
4890 2
50558 4889 
13273 2
69295 37324 
8310 3
66766 18346 31088 
19420 1
70497 
26924 1
42232 
4437 1
55004 
8880 5
75958 62123 64161 24011 24134 
9449 5
41832 73441 12280 10166 33466 
3408 7
50031 47459 77175 58670 10745 17568 38220 
15910 3
2724 37651 23867 
5748 3
2383 22079 19663 
2996 3
59583 22305 20424 
10668 3
55481 42379 62703 
3205 5
49823 73612 7624 6819 23084 
5460 2
43630 35238 
22620 2
50095 64106 
23916 3
52980 31289 35393 
15109 3
66640 37595 20825 
6249 1
31939 
7119 3
59656 67934 25698 
25977 1
37370 
8278 2
47318 77006 
25499 2
49096 55575 
10171 2
67205 26109 
2718 3
54285 44621 65668 
4901 1
2036 
8173 2
18459 22949 
24563 2
74862 4773 
4723 4
41930 48451 66748 33710 
8938 1
8053 
2481 2
8971 20655 
2778 3
50090 64018 29808 
22997 2
54846 34774 
8846 5
43736 68775 77621 67585 27100 
561 3
11021 2585 7965 
2537 2
68521 21751 
5257 3
44468 58573 31970 
19774 3
46986 3667 9219 
7475 2
76428 8823 
600 3
47280 3209 35616 
263 3
51727 53360 6679 
16810 3
51506 11147 15505 
27191 1
13449 
22619 1
21011 
8183 1
32388 
2838 2
56925 34706 
4500 1
55917 
11629 3
56412 68849 25310 
19487 1
41298 
27281 3
50003 63390 14672 
22463 2
37887 35578 
7918 1
43509 
26010 2
1521 35387 
14243 1
46013 
11843 4
50236 50229 73680 8190 
25874 2
72400 66236 
18918 2
2023 29857 
1961 1
38088 
6372 2
19026 25770 
15516 2
4417 33661 
18644 1
43037 
17246 2
15455 33172 
8419 2
7449 20239 
3142 2
7776 7160 
9196 3
73805 75096 38710 
4867 2
72281 61572 
1743 1
31323 
2977 1
22868 
19430 3
43825 68099 37748 
24009 2
15330 26055 
2259 1
2904 
25677 2
41928 66059 
11775 2
53362 20807 
19852 1
55031 
14764 2
73737 37379 
6891 1
17895 
9013 1
72863 
8465 1
26280 
1830 2
58190 59185 
25771 1
30286 
10197 1
21079 
4395 1
76230 
2805 1
62182 
2504 2
9960 8439 
8320 1
49302 
13922 1
4073 
2651 1
73477 
6613 4
67284 2468 4420 5654 
7977 2
58816 31945 
3478 1
8866 
4876 2
503 5871 
24561 1
17415 
6276 1
74982 
8623 1
54252 
26162 1
47564 
509 2
70679 64070 
21153 2
40486 7046 
4389 3
16726 20404 26598 
4488 1
19894 
5087 2
13745 1199 
23197 1
50616 
4870 1
33908 
13464 1
53252 
2348 3
48388 18856 7803 
26894 1
16513 
8425 1
66152 
7079 2
70648 33658 
3538 1
32111 
10133 1
6428 
3694 1
62887 
6224 1
3215 
26787 2
15964 31309 
13404 2
46870 27975 
11548 1
17134 
11169 1
10009 
19820 2
69908 19954 
2116 1
321 
8781 1
55151 
11980 1
24658 
2585 1
43641 
17632 1
33702 
16204 1
32167 
6158 1
41041 
8444 1
50155 
18922 2
49855 8241 
2450 1
44774 
9514 1
75936 
17937 1
31745 
10584 1
35838 
14908 1
49348 
11273 1
30873 
7533 2
52659 74446 
6296 1
59786 
25672 1
12339 
19844 1
14100 
23864 2
68604 11732 
5797 1
47624 
1835 1
5996 
7466 1
43534 
9159 1
57416 
24573 1
15050 
8838 2
69429 7730 
12733 2
74158 1723 
14192 1
35552 
16495 1
67061 
4983 1
24377 
21660 1
45510 
6994 1
75416 
14903 2
11962 29611 
11328 1
40901 
6082 1
70467 
12494 1
52254 
24888 1
54669 
9201 1
12270 
8826 1
49912 
20591 1
70390 
5159 1
65401 
3887 1
62097 
