34
881 52
54633 54963 54425 51652 11280 20725 33669 67609 79687 25988 31964 83645 38985 81694 54109 31418 13438 5753 19735 72550 58722 18470 50902 24206 71910 79123 11844 46511 71853 60321 34165 5243 47932 44779 27182 68370 4684 50254 15477 14228 54310 33255 18526 69387 4614 3358 78487 7932 15014 44249 29223 2587 
2759 52
71681 73919 37667 6886 73546 31019 27872 19507 75800 61885 71165 76645 53259 63189 71498 62670 33985 14683 9669 64953 19095 33711 44275 7336 40939 72572 35286 28207 51543 76557 22780 60050 84101 49550 23532 80653 22440 57813 76131 12667 12532 681 19317 14263 29783 1835 10704 26375 82909 51250 4743 41644 
1323 52
26958 65463 21739 68002 60999 70813 65148 48630 82960 58594 76480 34477 3562 5635 63488 29190 44540 62067 76364 29031 35111 61055 71404 38991 4892 31907 72752 13040 33620 11487 36549 22313 10311 32832 28704 74737 16595 667 43498 79262 50604 25907 80142 36506 32968 11573 61995 59040 18819 377 19387 70154 
668 52
26578 9313 27165 69130 9246 65493 56469 62557 40143 50133 17104 26564 20088 20303 62289 74585 21831 62657 57468 36211 12518 69633 81581 15398 33219 60328 77645 50996 56869 68824 18764 77178 14897 79504 3397 12472 46423 43722 19756 75161 74531 39670 78946 25454 33697 21242 36186 37475 21256 38958 20648 9268 
368 52
64024 18469 4167 42646 15013 47434 79889 30036 6509 36308 55853 73468 82243 83455 22039 30829 25877 23917 650 35392 2212 42424 38653 67985 18313 74538 37764 45883 22156 52526 70055 14234 44609 2570 61820 18023 37076 64287 76133 37698 46658 12990 57699 14299 59507 32009 77970 31011 43889 46005 80148 82778 
1084 52
30294 31480 35077 75839 26985 46694 481 74775 56470 30759 16053 28864 82871 60044 15115 18145 24889 36857 14425 83230 12112 8152 84015 70603 41359 76439 51347 52528 25307 54581 32302 56213 893 30140 12254 51806 30883 13730 24492 30032 35906 55984 65738 66023 82946 19566 2137 21077 17259 62567 32631 64872 
1320 52
64873 1239 63552 45773 81420 52430 26295 82982 47478 57952 19130 67721 61185 36048 44889 47908 74438 10761 44177 1109 42336 81404 50080 67435 83908 63984 19180 83084 588 9663 74873 12528 75321 35663 61529 5531 81507 73599 58832 52010 24631 17543 49941 2480 48875 71716 83340 73286 60569 23018 23926 65886 
462 52
82546 49823 66569 73008 70414 68978 38102 48593 53768 12298 12724 31595 981 4385 24008 16475 22468 28237 19930 27543 48322 12471 47094 49614 36088 46478 26454 63106 75720 64961 34821 7435 2432 43852 9180 43576 64102 9009 30914 52435 38409 24364 73640 15403 45051 40442 26172 59008 10361 47222 10090 37293 
21 52
22100 4656 27687 8301 50138 48873 28549 102 74424 15803 9954 81119 1075 428 48144 53043 7079 80279 1922 25720 30325 56146 48122 17532 35764 11910 2422 16010 2 54338 58580 51162 24641 60861 2798 47258 46777 63359 1054 13425 1479 83930 5604 60042 43101 44740 60706 49660 23685 82290 78340 18817 
1526 52
82926 47322 21213 22670 13625 69578 12678 83157 49606 29900 26398 55565 52253 12410 40379 18460 76252 6960 36092 35614 51947 78893 61174 48682 72172 75378 74503 35924 25586 21730 49927 70322 17114 83652 58926 61248 16391 68545 23021 74543 76011 66553 28219 82441 53775 25363 22123 33646 40267 3548 43280 13762 
663 52
20224 56485 6709 21052 32913 39866 23478 25867 37712 61846 57396 31134 76512 61858 28876 43986 18436 81883 82817 10993 42248 19893 10199 75650 9550 48379 65715 66364 21715 69806 76524 50854 10980 60143 36132 31160 24779 12221 17894 51769 32588 36326 67198 30225 48861 71251 37986 41378 61568 5145 697 46289 
1790 52
59749 23661 8419 32360 47302 77741 29623 34202 61983 66395 38555 80417 47358 64139 73597 40331 42232 14122 49460 47303 83412 12617 13014 12439 19155 44853 40150 15790 32514 32704 31231 31438 30431 63618 49650 8717 84259 50693 47449 72445 14054 19132 69760 58422 64797 67185 71693 74310 37842 80427 23144 24390 
745 52
7517 48353 13721 39733 36095 2541 2400 20850 20240 81106 51742 21840 34555 27765 49815 24880 49443 17748 71291 64487 73802 79929 56362 44276 32584 9821 81226 40702 76826 39614 57439 53101 18816 38155 2160 80550 1145 69349 77343 15501 68146 25064 3919 12857 13521 64411 57118 69284 76272 24063 60356 61233 
1133 52
25020 32214 75399 53995 7959 25126 32503 53703 74948 27348 54628 41387 8740 2579 42785 39405 42601 29210 38400 80890 64635 3856 65565 32383 82797 437 78923 24636 60850 19556 4274 15674 79633 30312 29890 15626 47256 43237 77003 9848 23298 82806 16255 55873 42450 39897 32642 8302 40986 72189 67034 28358 
1520 52
77421 70092 47297 22239 5293 77863 13412 6540 82833 15016 68606 43780 20718 43238 48867 50887 60156 35122 40677 11820 35727 24385 48087 10966 31362 2369 47206 28926 26308 24546 50856 79222 8680 44468 46879 47157 41826 66642 11025 30640 58988 14595 60709 53563 80810 1286 1697 16920 50709 32639 68659 7101 
2992 52
37019 72266 70893 46302 45937 74418 76299 27517 6055 60623 26866 76119 33336 53767 61478 47892 74101 57089 33047 53041 13732 61131 22773 41023 46492 67848 31804 72995 20534 7444 44811 40760 76093 53964 30104 7883 47420 32969 48085 68463 27985 34881 13687 50476 48173 68765 57946 65177 71803 62053 30940 21309 
369 52
18487 48315 39417 57711 48066 39842 74993 11678 80855 62658 5318 19102 31403 63055 27979 44080 39910 62169 60084 64470 37580 61231 52144 28914 76096 41075 49412 20831 46238 75111 3448 57760 51261 50508 17970 24443 32296 47327 42339 1671 42870 62417 41648 13117 73022 33865 55879 25323 35483 69059 71975 20819 
1141 52
6111 78410 46786 18613 77899 26997 49019 47407 52293 33211 58084 32763 48359 40569 64207 64289 5760 14155 25730 21880 16139 38220 35279 27571 12835 51026 16235 45992 11795 55697 26751 45311 14766 43562 83310 58870 61145 69374 67141 35203 24926 23289 80411 12327 82193 40710 40294 80627 17534 40740 28945 40656 
165 52
65514 82872 70010 61079 52756 67871 80163 55505 15228 3605 79519 13024 71768 14951 18661 47763 17421 79731 65059 53217 52918 56551 7729 60871 70027 13971 77985 76089 7065 12946 3767 80073 17788 38964 64198 22630 16886 42722 5407 12539 17902 39017 19005 34894 46907 57808 10396 28990 5577 39512 5911 33841 
813 52
62973 63104 70613 79692 18304 44325 9101 6871 9499 26143 14106 22805 44867 78457 28953 50425 5503 61161 15759 535 78129 36849 594 16739 77706 83675 30604 56153 21149 18664 49349 39003 21276 51361 44349 69040 13962 22484 58658 31166 33566 69482 76808 52054 71662 67538 30737 60811 74229 62301 79060 56356 
1392 52
29959 68383 1956 49141 37395 59876 32712 75938 71096 40972 32375 46040 28922 69790 20586 27447 59505 21671 34865 36818 65421 66016 41422 31830 72033 53477 15914 39503 77638 16001 42798 74203 6437 64475 53608 80622 515 65503 59396 82718 4023 33524 64081 84235 83507 11793 71747 84294 11632 40646 62603 78973 
2866 52
45053 64732 24801 25089 30360 8401 7781 51991 46037 65960 37116 72369 80676 1821 59147 2195 15622 65368 14835 67177 10860 66830 20750 35083 28573 35424 55160 69138 23127 63262 4768 50343 4626 83740 38593 71507 61741 66931 14296 65403 75591 67174 39660 67111 13708 52186 27987 65592 80405 58744 46611 60486 
2870 52
58715 34360 5715 45312 71424 46994 37759 22050 64984 8573 15248 28126 77877 58301 33244 46303 69836 64709 75791 36392 48910 41403 5515 6662 18360 30014 42804 38588 8664 83739 17268 75655 74847 63913 51990 32367 10138 14369 16614 45619 28095 30453 53205 1450 60956 83223 53348 73150 59104 73663 18378 38021 
1519 52
43281 23535 53647 36628 81649 24755 10180 69743 60167 81351 64008 51859 62084 15320 36452 29127 14527 52389 21859 222 72107 81021 71263 55085 7081 32594 74654 16600 24059 10194 68515 17896 46518 7186 28195 79760 48079 447 65994 78629 61062 45989 31597 75218 12583 77677 83513 19 74673 32217 12344 11440 
904 52
12559 39535 42546 42887 59372 20961 28723 29797 18065 5360 75009 60643 54329 37417 79048 9056 78282 77814 54095 3086 2802 5771 9104 8699 24449 60077 79860 61008 16013 3636 4097 30226 64838 44170 36686 62426 83522 1252 16725 61415 46722 29108 70786 14357 17637 6114 37833 13111 59986 70246 64247 69924 
1603 52
2256 38255 9381 539 31883 59476 42201 63238 60954 12516 32473 64080 73371 4901 64856 5539 62431 37410 65714 13823 41335 14503 1644 43198 44657 62898 84114 42757 72636 77561 2064 35751 59938 65486 64662 54920 58893 50484 45478 41329 59495 16012 7955 64188 78773 24425 24500 72595 63555 53420 36471 59998 
529 52
57166 20957 24428 64880 28874 28529 55580 63500 26299 32723 55413 26292 57339 72516 50507 70585 61237 69392 63373 11961 27895 25719 799 32459 34398 18562 42591 21883 31999 4000 49667 7747 82464 7050 68326 2532 5906 15869 60833 54269 80779 2016 37212 78585 48142 54997 54050 47209 13656 33510 11496 63148 
1318 52
63034 14510 45073 15051 30439 19850 19686 41983 43765 48104 79653 1642 74031 68893 26196 63570 49125 30349 81609 67200 43675 47855 27248 58724 2524 14125 32325 6877 50317 22088 14698 18351 60523 23492 59603 629 29323 2741 32149 80586 58864 35989 57 67674 77227 61127 70781 2168 58607 80022 78013 72351 
1818 52
78699 38808 14869 35653 53950 76679 56603 25147 1712 9055 50969 1740 35068 76491 4503 36665 40057 44704 62363 35145 52139 65998 76103 68089 12332 23498 3224 82585 36219 80919 68201 77241 3317 81842 70905 424 8022 68402 19324 54312 33685 51017 49130 37428 71984 24599 75783 47465 48327 39485 3850 61296 
238 52
26392 51422 56437 61270 69333 76892 61558 75317 52073 18675 72391 58154 65481 58716 11561 47114 22651 21746 29659 24986 8482 53206 48539 26796 5565 37089 48184 25078 1675 76623 81024 10990 46193 28677 41540 50333 24301 53676 1493 79539 40993 78440 11835 13294 33831 44187 39065 10951 60460 57465 31253 12522 
895 52
81907 58261 46886 68886 62649 15613 75943 75471 32769 34117 28160 54336 49675 74129 57207 24869 62503 32845 38368 72607 52494 73674 50578 61986 68746 33567 51920 80970 73110 39835 74753 11710 56559 9191 52164 48291 77374 35167 40717 69676 82623 34374 62235 61505 13640 37317 24473 82403 67117 21751 72018 34233 
3028 52
61653 30811 5930 46553 10252 67215 53978 83119 68638 31305 26658 16141 27369 66958 80106 20679 1714 664 40883 38095 53128 54191 55005 66955 36356 71129 18980 52696 71369 44118 44277 74264 60 27442 2261 3006 70439 75033 952 61539 80415 30147 52838 32311 31122 17575 3757 73716 80297 44904 61857 42682 
1097 52
44902 74211 37114 18473 33778 54797 81283 30159 59061 48836 74480 43190 73534 67332 65841 29898 5732 20405 32118 4650 31996 5885 23159 71160 3996 83587 22861 25046 19836 54139 41490 66024 60812 75025 33409 24013 4566 82154 83471 54510 27429 60827 73745 61110 59150 43939 35371 26432 16747 9707 13056 44382 
3521 52
55311 32483 34519 26192 34819 36028 63448 54885 73811 72782 39100 4511 70948 48059 74484 67048 29149 42394 67439 78596 67630 36119 26004 64325 54943 52246 10600 55046 72739 62776 22806 11232 59054 50197 63115 3288 65897 26471 9929 74179 72314 11712 7312 10573 44065 10736 1437 22015 32061 62125 19942 49817 
