23
5896 10
18219 31988 6149 19725 13764 48823 39282 43817 52962 35176 
2792 10
29095 11659 41854 39122 36337 14270 13137 52463 15179 29120 
1722 9
33212 1408 8262 20876 20612 35620 42985 27146 25981 
715 9
19446 16546 2820 12512 32434 33583 46201 18858 55572 
5229 11
52693 51945 15916 47194 17588 822 42713 25538 29946 45699 29035 
4526 10
17967 39445 29764 12234 52407 25738 11724 24398 7427 1023 
3875 8
37721 43457 33621 40395 7457 20145 41510 19174 
2266 9
39588 8389 55114 1337 35215 8570 49579 5691 55087 
3273 9
42031 26223 55044 43936 24812 52680 32250 3252 55716 
1137 10
11106 4139 36320 12371 25172 35727 4200 11862 14810 21723 
1926 11
24196 21739 55378 47871 9148 50855 31742 6468 5040 21445 20377 
42 8
38865 46205 49623 31120 48962 17261 56931 22595 
699 11
4582 18727 6623 32205 49097 173 37205 26622 43134 36311 2557 
3203 8
19879 29403 16580 21659 25940 20679 33675 40322 
1902 12
47404 49686 12997 41331 41480 54546 44312 18979 55023 33053 18333 45785 
2431 9
19375 3304 2249 21660 5753 49981 44317 3250 56563 
3720 8
56327 20825 47490 52560 55477 24989 16277 41656 
471 9
31509 1123 39897 21384 3793 44461 53850 29336 42658 
240 8
42159 14300 249 19882 22276 32113 30111 41860 
3184 9
9753 26832 27242 52183 49156 18007 10150 13493 45001 
6257 11
14841 38760 30139 30126 13855 47205 20047 14807 27832 6645 47530 
3109 8
49997 14819 41865 50950 43476 16229 30387 51382 
3876 12
41839 6535 26576 34365 23885 55411 40774 48543 7977 43763 7351 22210 
