181
1558 1
34877 
2637 1
33958 
3512 1
55943 
960 1
43015 
2223 1
23544 
1583 1
44225 
4962 1
2200 
2782 2
5033 32749 
251 1
61192 
2229 3
21195 25250 30684 
739 1
28415 
4518 1
22337 
1987 1
27849 
1870 1
21167 
6207 2
9826 36167 
305 1
20480 
1776 2
6099 5245 
6607 2
58863 59658 
144 1
45575 
1858 2
33473 2297 
3417 2
14297 6140 
3303 1
2660 
5993 2
28605 59468 
3442 1
11656 
3252 2
37407 13178 
5376 3
55873 25849 31515 
6133 2
41952 30924 
136 1
12119 
2755 1
36345 
2811 2
25915 2880 
677 1
37378 
373 1
26296 
3942 1
15593 
6643 2
22109 42081 
2875 1
21933 
4407 1
1080 
6148 3
45090 25124 3631 
3021 1
9729 
1955 2
36625 23463 
1977 1
44655 
101 1
57906 
3098 1
38489 
841 2
41723 20844 
1980 2
55823 583 
1263 1
52080 
4114 1
42561 
5773 3
44206 42620 43242 
3312 1
19222 
6576 3
43992 48741 23581 
669 1
33918 
5492 1
10967 
4417 1
41733 
5056 2
23443 60596 
849 1
1859 
988 2
3212 53312 
1869 1
49102 
4060 1
46954 
3045 1
12995 
3892 1
30386 
4959 2
279 49170 
1061 2
37132 30128 
989 1
3462 
1479 1
15510 
6116 2
58486 7917 
4695 2
1075 36177 
45 1
45368 
1514 1
25979 
5830 2
5692 48519 
5601 2
60289 49577 
3835 3
55480 29336 37269 
477 2
59242 13265 
4956 1
33194 
23 1
16523 
1952 1
14339 
5275 2
53056 1309 
745 2
10781 13965 
2772 2
2957 2071 
6118 2
22336 4822 
915 1
59075 
6400 3
47143 22010 31039 
1661 2
45260 21210 
4206 1
5928 
5636 2
21850 51463 
865 1
15091 
2599 2
7532 60752 
2163 3
3814 29988 49387 
5730 2
51700 46643 
2293 1
1318 
2085 1
60340 
774 1
44553 
5126 1
49832 
4624 1
45514 
5943 2
6191 39597 
1976 2
13570 7431 
3601 1
51568 
2790 1
55654 
52 1
22987 
4807 2
13937 3518 
1081 1
56324 
6013 1
29013 
5823 2
36144 28692 
6154 2
36399 3178 
1195 1
19464 
2873 2
3481 30159 
4298 1
36737 
829 1
32689 
6169 1
53708 
5289 1
11071 
4621 1
49123 
1451 2
35935 202 
6545 2
9296 53802 
1837 3
25531 37284 57256 
4685 1
22544 
1102 1
39715 
1264 1
15755 
1767 1
43803 
2428 2
50375 40855 
6427 2
55017 36887 
2317 1
12169 
462 1
30317 
2314 2
50696 27523 
4369 1
1379 
4476 3
5426 16391 42867 
5290 1
25938 
2728 2
37409 40271 
4533 1
2739 
4033 2
45578 33976 
578 1
41316 
5743 3
21436 36541 32478 
1139 2
38242 18142 
5994 2
41954 17300 
4243 2
25067 33831 
2762 1
20583 
132 1
57272 
4747 2
54750 58491 
716 1
14243 
2860 1
19067 
3699 1
14955 
1619 1
39219 
4180 1
23127 
1959 3
22117 41096 60858 
5187 1
60102 
2763 2
52285 32450 
691 1
35669 
944 1
26082 
1523 2
6883 10990 
5393 2
37140 52141 
5475 1
54945 
2994 1
55772 
4254 1
29440 
832 1
61106 
5708 1
17138 
4167 2
3498 21496 
6203 1
6016 
3563 1
27421 
1335 1
44459 
2376 1
12809 
260 1
42450 
4159 1
52802 
4600 1
38880 
2150 1
37663 
4872 2
27978 44741 
3328 2
28375 42041 
1908 2
35768 5813 
5161 2
51924 30168 
5171 1
36989 
5061 2
55389 57231 
3364 2
26674 28283 
1398 1
53591 
1722 1
36779 
4034 1
51414 
2543 1
4737 
3530 1
46411 
4302 2
47269 44930 
1067 1
4050 
1123 2
20704 6533 
6016 1
13142 
5479 2
29284 48481 
4306 3
38519 50776 15875 
2902 1
28031 
1579 1
20527 
