105
3780 7
6646 27621 25415 90958 49961 10020 90900 
1425 5
27286 50829 81852 47411 25787 
454 5
78036 31338 33993 28167 67480 
5233 5
51934 52428 422 18394 22866 
11462 4
40152 35484 7171 76884 
4294 7
23388 76101 4553 30619 41650 746 70577 
3196 5
28158 88379 65928 10649 24199 
8881 6
62688 76888 85440 37429 85090 4442 
119 5
14320 62559 4171 51061 5543 
2962 5
95828 96856 7194 93166 33343 
943 6
7131 93897 67138 33073 32116 32764 
6280 6
47024 36341 78904 53073 16629 24371 
8089 8
76208 73023 70398 87442 36350 89255 10218 63131 
718 4
52857 17731 82244 87998 
938 5
104 71572 93655 64270 38779 
425 4
73572 22905 41968 19558 
389 5
53626 2386 11074 36327 86603 
2990 5
48127 64724 64251 95291 86828 
4077 4
50062 57733 28719 81938 
10811 4
59860 21730 73153 23711 
11482 7
62748 62626 69728 7225 25491 30658 21307 
1312 5
13577 7560 42268 63087 86616 
13078 7
77308 56056 5247 62793 78710 29662 36287 
5948 6
80406 7189 70048 11636 51988 60744 
1673 5
24054 87925 65886 18777 2327 
577 5
93722 93127 71591 82159 79199 
367 5
52080 46374 11051 75438 14782 
5019 5
96144 19118 22407 16868 74006 
550 5
70307 91965 48941 94063 53523 
10350 5
20168 53194 53583 88109 65143 
8347 5
86360 59281 95063 83975 93962 
1072 5
60573 21949 66232 38712 41189 
468 5
13360 40591 722 74431 78689 
11079 6
8752 89175 95311 27210 94471 35887 
11244 7
75114 80073 76703 62646 17151 27414 8773 
10348 5
59342 44798 44894 84446 79340 
1353 5
70826 87662 23373 48874 14848 
656 4
89450 12924 3563 47120 
7886 5
45032 27731 94135 39359 40930 
10807 5
96513 89465 74423 27606 93059 
908 5
57548 75209 10239 16951 96736 
13012 6
94836 79097 82641 31079 71486 80528 
893 5
69636 10608 6346 30333 72957 
680 5
24450 20075 73646 76075 63239 
9007 5
128 10321 15952 58538 73809 
6266 5
37869 69100 82360 91624 26687 
10782 6
71083 66515 51434 63429 71879 43803 
303 4
78250 44191 79893 13605 
947 5
86599 33401 72237 61092 24751 
5722 6
25901 73845 93785 23901 95108 9284 
9532 6
27785 79004 61847 4949 59246 77456 
5594 6
12145 16173 42672 61741 49719 30478 
1208 5
36588 19451 71773 57980 24492 
1273 5
52092 59024 33770 69772 41807 
1200 5
48908 93895 88193 33137 68653 
2651 5
59022 3235 89012 37664 64032 
12661 6
16801 77873 42622 15131 54390 22562 
9755 6
26796 11446 93392 41307 12511 17372 
10174 4
47256 64067 37576 87775 
10521 7
84436 34969 5309 6602 24336 75781 35181 
569 5
87006 44289 45011 25877 38650 
540 6
53132 46632 73613 72086 36630 44671 
937 5
82674 31946 45379 40119 1496 
2564 4
28329 74981 87483 12188 
368 4
9884 27932 30160 22991 
11213 8
91933 76105 38427 25681 34748 92998 56509 39650 
11208 6
60660 95038 7542 23896 1410 39574 
12377 6
7197 65136 17137 48255 15533 13929 
645 5
32647 13048 58961 78209 39531 
3764 6
11351 6213 8566 31305 40609 51586 
12246 5
21855 18492 62132 12797 37540 
990 5
75918 58478 52221 20759 32009 
5108 6
30649 22028 89303 22222 65797 80850 
958 5
69095 73116 2717 58174 75622 
5599 6
49147 47188 49875 83706 34652 64667 
3205 5
88375 75410 70607 42374 44480 
85 5
25829 20782 57310 85054 12561 
5787 5
79209 32233 78480 54674 87361 
10558 6
45598 11803 6375 18041 77649 5745 
660 4
2219 12169 30963 6916 
3270 6
96668 60993 41207 39346 29054 8578 
9255 5
42413 61628 26531 92080 59972 
12736 6
19370 35008 16261 67204 50389 75672 
1614 5
12215 82449 35353 74799 65970 
10506 5
52533 78846 4195 7962 66902 
6125 5
9837 42426 43010 57419 93442 
6854 6
79201 23083 69857 13124 31786 35209 
2393 6
73391 76956 48407 45650 85211 24302 
616 5
31087 17746 50183 11560 93781 
4221 4
4676 53685 21067 71561 
140 5
27170 92475 68703 59636 66205 
6054 5
42313 96639 69707 28190 12920 
1018 5
36016 62556 4491 87345 55324 
11715 5
64668 82713 37492 17959 66166 
86 5
94995 45104 9160 65048 37728 
538 5
42666 70899 29634 89488 45295 
1509 5
71365 85347 90131 32251 69732 
4743 6
68782 48937 81291 19289 70803 6466 
1029 5
12464 57069 42107 72730 68500 
6493 5
81819 26686 67074 37600 47962 
2796 5
96663 32543 80957 37730 11004 
9920 7
8920 35474 61441 28600 63875 45312 34359 
608 6
75234 51149 2661 64886 46908 43890 
11344 6
72696 8929 86053 9673 34577 87319 
6811 6
23925 61087 60858 94405 6263 57529 
