141
2754 4
8204 76512 91307 2085 
683 3
59440 60088 77987 
8542 5
64520 30818 78436 48909 41447 
21199 5
33606 47289 34922 51275 77820 
16971 5
60813 42737 8721 82336 49617 
20828 6
31635 69157 2209 65292 28679 58666 
15605 5
59262 84635 45249 89647 67704 
16069 4
26503 10597 42463 90640 
7177 5
44333 46065 45660 5193 62506 
6631 4
30577 82968 61684 86837 
9653 4
70739 90297 34112 61526 
1435 4
92658 32284 47755 33548 
11638 5
73802 46468 76982 42468 51898 
8159 5
20477 41375 9784 28587 69483 
7840 7
5575 62775 65074 27217 47718 41524 23535 
11247 6
90064 77156 74243 80497 19019 20800 
14121 4
54247 55819 15335 19288 
11691 5
89235 21752 27380 93135 55279 
4556 3
38486 49742 89810 
1089 3
19500 76379 26709 
664 4
35388 61876 59246 14818 
13291 5
84888 46368 57122 36456 69515 
6560 5
82428 67460 6288 61547 26825 
2465 4
4095 33725 40274 50202 
8602 4
57789 36803 85488 57084 
6780 7
87187 51827 50954 70184 31676 7968 58965 
2352 4
4397 81802 55603 77807 
13201 5
89342 91967 76987 21621 86239 
18829 5
91073 25072 88663 79144 75391 
2826 4
76565 74642 58062 33848 
7275 5
65402 26558 24030 12788 28291 
4555 7
73612 20556 5297 9594 10396 25176 737 
6253 4
24109 68263 75944 7819 
14588 5
2596 71026 80068 20802 61778 
7411 5
46078 72617 79552 83600 56049 
16371 3
38937 9224 66899 
3138 6
33620 7432 24594 23234 20884 75162 
19709 6
90413 37462 44498 80765 4805 80419 
1698 4
34664 8568 86000 77805 
16517 6
53716 1927 47307 12538 14687 46623 
4872 5
43151 9342 10923 34150 25564 
17488 5
84477 44303 6081 39253 62934 
21416 5
17493 14832 75304 11720 53098 
17354 6
51609 85805 59122 21347 46265 73951 
315 5
45339 78467 87047 83788 73117 
6899 4
20066 78978 9470 26670 
21291 4
74191 70629 11473 21060 
775 5
25872 31059 9906 33485 31332 
6832 5
23133 16885 17774 43361 50029 
5982 5
76697 61449 68858 85873 74745 
6239 5
84675 13890 87987 74841 74540 
1823 4
29685 16162 44446 63683 
2097 5
4043 46027 32728 91762 30469 
12602 5
92133 37380 78578 15591 77583 
4020 5
43465 48520 61167 64889 62224 
16929 5
14615 35851 19008 71451 68918 
7836 5
29510 80894 73297 720 59962 
3861 5
13658 43131 24048 8833 47577 
4569 5
9825 91663 89260 90804 72670 
682 4
4125 78372 93396 66186 
10795 5
32040 32348 34027 5847 65953 
6489 4
18161 14948 12924 52429 
8131 5
81933 43932 74662 89393 5866 
650 4
37445 81234 34990 39181 
11921 5
49495 17336 34882 92126 40439 
1679 4
43582 16168 60699 52357 
13947 4
72294 86362 71040 82152 
3128 4
52342 77171 51081 69948 
9120 4
1312 58385 12675 91693 
6275 4
69990 69779 40657 20645 
4415 5
18577 80989 16080 41964 30272 
1345 4
86412 33333 21462 36296 
377 5
14923 40092 31368 69574 74596 
13504 5
78547 39460 72383 27290 92687 
1726 4
20707 70587 53467 12438 
1768 4
71657 34132 9013 66977 
7924 5
56310 91481 37575 53314 76585 
17008 5
70138 92865 70978 11292 37194 
15611 4
72342 15421 17465 62736 
2992 5
39646 1274 29831 49062 43624 
9471 5
66214 38898 40633 6315 20422 
6605 5
18671 12342 62352 81540 4769 
13934 5
19588 72810 22262 81423 89041 
5902 3
76896 46483 82654 
3440 5
562 62944 25034 45686 71210 
5319 5
70515 18548 82757 59759 79067 
17574 6
25922 51065 1765 47868 14408 17743 
8999 5
84959 59696 83013 31703 43985 
9329 5
19661 33873 76244 13297 10645 
3461 4
28321 79927 81239 50685 
4096 6
91715 44051 62191 88689 22281 11685 
14149 4
56665 5225 49088 10749 
8211 5
50944 87688 81513 16750 2281 
18263 4
21345 53930 73315 46735 
1829 4
36537 48197 74032 57750 
5369 5
63519 88994 53550 79599 9876 
7694 5
77548 49493 49184 83851 90428 
2957 4
54775 55303 62292 47738 
7004 4
71954 33656 36976 29771 
5491 4
15617 85539 87771 28589 
6479 4
26541 15767 8480 41935 
2798 6
12030 70939 20317 24554 68171 29006 
16096 4
53946 38189 33593 86966 
3057 5
62102 23624 60228 15627 71868 
19043 5
11931 22519 8502 92859 11166 
8173 5
1692 82886 11715 71524 52281 
2516 4
25609 91257 37642 27159 
3158 5
25199 57842 45252 72352 35239 
178 4
36547 9280 75327 40468 
844 4
27375 92459 50143 7688 
6987 4
76925 65863 52583 38839 
11017 5
37641 47636 70233 48614 16178 
10184 4
29757 7697 67246 28985 
433 5
8295 44358 65298 78084 52933 
741 4
70575 49957 87797 5491 
360 4
14482 77762 53886 31400 
2115 5
6833 75725 22855 24799 76440 
6701 4
28790 26703 4153 60282 
7149 5
29731 38886 41076 53180 23638 
5645 5
85596 72846 54619 70777 78096 
6425 5
27106 21013 74568 24823 14831 
10511 5
57918 26950 21664 52147 38072 
35 5
92109 75600 12111 2355 89644 
5446 4
38883 5393 91385 12690 
4852 4
63050 36626 93060 47523 
6395 4
68691 50272 29338 9781 
3099 5
17486 46341 60671 7002 58187 
7393 4
17818 24145 83512 6916 
2870 4
4018 28566 19114 91548 
1280 5
57676 53509 24203 49435 87204 
5129 4
65978 3410 3200 39745 
4610 4
41585 6867 6076 78970 
6942 4
48838 2606 51793 88930 
10765 4
62019 13809 43335 92218 
1202 4
44386 72837 66672 8525 
8396 4
65525 48347 47668 67678 
4108 4
45141 8121 78265 29719 
11515 5
3334 33918 39144 84631 4725 
1610 4
50779 43000 7192 83476 
2750 5
63612 6660 41027 46577 30984 
5024 4
87570 76074 36984 90464 
