208
1377 3
77796 25599 42289 
511 5
25704 84663 60112 71721 12510 
761 7
29956 87891 83740 2393 47323 66117 40175 
1200 3
69041 22815 72810 
532 1
17697 
600 2
39305 8449 
200 5
110 81323 113 70364 5582 
391 4
39038 10464 96564 50071 
1190 5
59520 27022 58726 1320 68529 
57 3
94 15821 75034 
1266 1
73970 
785 2
50087 20978 
1274 2
56766 16917 
236 2
31168 1194 
1259 4
33030 39718 87132 47552 
68 1
46431 
1323 2
50464 83456 
1241 3
72154 97851 89608 
20 2
6707 15883 
649 3
92260 40638 35263 
856 2
7579 58914 
819 2
83999 91722 
503 3
88764 16897 93353 
626 5
50564 78278 95934 66794 99420 
238 1
30080 
806 2
66957 9420 
968 4
47399 28697 12936 34414 
313 5
50413 70307 45215 75037 30953 
545 3
99695 61834 92348 
836 5
74468 9946 37946 58520 86166 
593 1
59667 
934 6
6454 31203 44384 87232 34681 91948 
1157 4
42011 6148 35684 51263 
195 1
53656 
592 2
52404 45726 
1265 5
89687 56031 47235 7573 50709 
802 2
4079 48641 
448 5
8134 30650 2996 87282 43934 
1165 2
29551 46865 
440 3
66485 82186 92471 
326 2
47562 5838 
953 2
39224 65046 
55 1
83910 
280 1
64391 
482 9
56151 31365 77127 70692 23928 55181 10396 70609 29375 
698 2
9251 55081 
371 3
4220 9309 20104 
505 8
15071 11905 10942 85093 14791 294 24956 15058 
533 1
21472 
1255 6
58292 64708 2510 46091 3973 33478 
585 3
40397 8566 8167 
187 4
50848 11035 91448 18656 
838 5
95909 11962 64229 13356 42814 
918 3
48527 72135 36425 
826 4
17253 18977 20737 60743 
1307 3
50854 8429 97109 
186 1
79826 
199 9
16746 37493 71294 38851 88434 73625 94509 7013 99650 
925 11
99432 98701 97202 73432 38576 94302 19154 91761 39380 68198 90512 
598 4
25707 63057 44687 17053 
356 1
71779 
916 2
5968 87095 
628 5
53 54187 69639 25136 58886 
142 2
71050 38768 
862 3
57529 87562 56116 
283 3
44069 1877 52068 
208 2
57814 81709 
179 1
24164 
521 3
73488 82072 28024 
395 3
75985 45321 11740 
709 3
13285 94095 76333 
1088 3
15973 5551 6690 
957 1
54608 
304 2
62115 62432 
921 3
19573 87866 50691 
964 2
496 82715 
1238 4
70033 96730 34502 39310 
857 4
21425 39308 42884 10691 
1036 7
71001 54146 61565 82175 87806 4038 23653 
1044 2
94377 32249 
19 8
19552 75328 74307 67871 48241 34256 11135 30806 
1210 2
16228 19834 
1056 6
51117 66305 79670 2022 93678 22439 
673 1
71209 
691 2
59661 19121 
833 2
416 77692 
564 2
38130 75687 
348 1
79440 
1049 3
3076 7497 66391 
909 3
74653 50546 10212 
986 4
98933 66946 5780 92836 
1325 3
39393 69508 63890 
1235 3
5980 62810 29600 
597 2
20680 42059 
237 2
15461 26399 
963 6
28253 81779 94745 67679 51286 30666 
1248 3
6558 97258 87656 
312 2
59529 58102 
970 7
3878 94884 87102 1152 16217 6409 78257 
65 1
29745 
810 3
42483 93677 70455 
583 3
29316 10497 20018 
107 2
66338 17361 
1042 3
47756 20632 86471 
406 2
78425 24385 
1059 4
82831 9133 1579 66105 
1328 10
36978 68946 98698 87145 18991 46478 58331 90065 89719 30345 
244 1
19682 
606 1
34575 
1302 8
71658 64589 12232 25000 45585 45754 93023 86778 
904 5
43755 45262 10952 47906 38511 
428 5
44635 78407 910 64311 71838 
370 2
58145 78154 
996 3
54843 51954 10339 
1308 1
43006 
1094 2
48230 32044 
70 1
32418 
463 2
70146 45035 
1287 1
93983 
403 3
88340 47852 90243 
1251 3
22391 70766 75015 
157 3
1544 42146 60552 
1192 2
27525 81993 
834 11
31876 62408 86463 79920 22277 15165 82526 55952 43611 46494 71153 
860 2
3692 43701 
1209 2
60454 67423 
1030 5
39156 24282 549 75673 47021 
350 2
37639 242 
783 1
48221 
725 5
6905 38189 11226 99433 42728 
1053 6
90323 30119 61598 54127 54864 80696 
524 6
95512 17687 56533 21193 9628 33833 
703 1
60983 
88 3
51050 19231 367 
884 1
76517 
154 1
22905 
632 2
65847 34886 
828 1
53583 
1339 6
41877 14458 96609 2150 74888 73337 
294 2
27778 36551 
1368 4
57359 88424 24352 42696 
138 2
8918 21353 
48 1
57274 
554 3
22743 13349 35354 
717 5
34788 43466 84012 16438 74768 
546 4
66336 41008 5800 68983 
653 1
92683 
248 3
90310 48325 89506 
13 2
49845 36134 
151 2
28964 8409 
1331 6
31057 70740 82686 62940 11448 84107 
1344 6
55304 81475 31753 67832 42822 67692 
805 3
35619 40319 69976 
781 1
19049 
1069 7
54992 1054 3784 81096 5442 60219 60027 
754 3
19296 69257 8012 
364 1
3216 
680 2
71245 53973 
1397 5
18831 560 77390 66942 57404 
634 2
18849 68723 
1095 4
53330 54000 58541 37044 
681 2
92851 1876 
980 4
92691 79844 53389 32568 
803 2
74728 42595 
41 3
33908 53190 73196 
800 3
98858 62999 6008 
279 3
65191 87861 52681 
871 6
6613 35008 68471 69387 11250 51919 
843 1
56429 
773 1
76468 
66 1
56945 
889 5
62202 3984 97917 18340 7549 
1011 3
27883 42412 43932 
772 4
7484 48700 4263 86416 
172 2
28769 79820 
385 7
97809 95402 87402 54278 50088 99788 6799 
608 2
66328 97832 
520 2
30265 41574 
219 4
55501 17101 80701 53775 
98 3
57328 37125 35027 
981 10
37908 51100 92987 87713 67391 53697 16845 26843 80254 15600 
1380 3
15653 37016 96991 
1300 1
78697 
96 2
56732 14964 
437 4
24904 14735 63442 16677 
79 3
65784 40809 54639 
78 8
40537 83842 83950 73355 61799 73770 74481 68096 
848 1
52326 
774 4
96294 21574 91323 33736 
881 2
69848 94861 
175 2
55626 53137 
333 1
83068 
821 6
48465 97776 21714 25543 10668 96429 
171 2
95283 89131 
15 2
13369 39091 
1081 4
98735 78900 25835 69497 
409 4
71185 3462 6260 72849 
1327 4
26819 14800 4256 36070 
771 3
51084 43914 68828 
1318 1
18507 
865 2
29685 86128 
434 2
94510 27531 
735 3
67443 5753 9332 
149 3
12831 25759 27203 
1003 11
50720 33031 3057 21780 15091 18440 32104 21927 6377 26126 21678 
657 7
11376 42873 5939 77185 92936 23662 89161 
739 3
23407 53779 29862 
615 3
30556 98549 56399 
