109
2807 4
31041 45898 6204 94752 
2071 1
80547 
4285 2
78291 80518 
7021 3
10475 57760 59448 
4528 2
67474 35529 
4168 1
48485 
4053 1
29824 
5286 4
79277 18017 38516 39118 
3082 3
22408 27242 63434 
637 2
17075 64242 
4411 2
25581 36270 
3853 5
20295 83397 36727 53755 86024 
488 2
11697 52559 
1125 2
64940 20607 
337 1
72952 
5213 7
80434 29987 74122 84948 79935 33505 35814 
5118 2
59957 93970 
1795 1
65703 
2241 2
3211 57698 
3904 1
73676 
4076 1
34775 
5082 1
70170 
2982 1
77577 
4206 3
65118 74044 88391 
5523 1
33627 
5705 3
60083 19820 92246 
4150 2
7216 79147 
3857 1
747 
1357 1
86890 
7173 1
45519 
5953 1
97090 
4373 2
54576 25210 
989 3
14981 52036 51264 
4506 3
29802 70332 18293 
2180 2
28297 56786 
4596 2
74284 33389 
3640 2
67495 30294 
4691 2
10742 10489 
2882 1
71844 
4975 3
95051 11018 97846 
1148 2
78204 98013 
6225 3
17912 45118 34536 
1232 2
65541 38581 
3325 1
79962 
5591 1
62857 
5569 2
38442 87508 
4781 4
75663 78486 87672 59044 
2082 1
9612 
1978 1
64774 
2949 1
87916 
3973 3
79901 21672 91364 
5683 4
83484 78363 9457 98486 
2911 1
36074 
6536 2
64266 5086 
5464 1
26318 
4387 3
290 21081 68923 
897 1
59923 
1175 1
93822 
3613 1
68004 
3899 4
74131 71553 61002 28173 
4495 1
332 
6028 3
37066 41969 16010 
4794 2
52509 1283 
3091 2
81159 87221 
5526 2
47214 24582 
5332 5
80777 6103 85990 77979 8064 
276 3
17732 73570 56247 
3142 4
83168 74513 72105 45446 
4974 1
14803 
6345 1
75103 
3095 2
45340 59931 
6455 1
70741 
1329 1
20551 
2974 1
94124 
4606 1
53914 
5345 4
85311 11244 57692 58933 
5731 5
69551 82016 61715 85806 73962 
7245 4
11506 80174 42273 42975 
4817 2
25158 19683 
833 1
22423 
1422 1
66047 
4430 1
69894 
6437 4
95665 15869 68211 31698 
2621 1
190 
6376 2
96988 69188 
6341 3
78929 64028 69577 
6519 3
48828 77339 9433 
4734 1
66909 
5416 3
84519 32157 72627 
7212 2
48334 89286 
3500 1
34503 
5670 1
60789 
517 3
3889 74788 13440 
3809 4
53778 46441 62072 38458 
315 1
93528 
7200 2
67729 52790 
3515 1
77713 
593 3
55817 84242 33442 
2500 2
36897 93531 
2420 1
82336 
3259 1
12174 
5217 2
81252 82464 
6848 4
86712 29427 25747 86342 
5547 5
52101 41765 27341 36071 48363 
3705 3
31736 70156 5727 
3582 2
88350 59728 
3849 3
64250 99346 96512 
6611 3
68343 31488 74487 
2356 3
86211 74671 68066 
