164
1856 1
52572 
1566 2
80221 27611 
2708 3
54853 78232 60974 
2952 4
44142 43711 62011 71829 
2349 1
28814 
843 1
60008 
739 2
1486 46762 
3742 6
64458 21443 64072 34202 23467 40539 
2181 2
6974 17229 
2602 2
43047 4364 
3153 1
41067 
2910 2
19086 44089 
37 1
43912 
1739 1
47475 
2302 1
67895 
622 1
41179 
3840 3
41719 68452 17584 
888 1
70545 
1542 2
42372 7456 
1878 2
6464 56591 
2039 1
34776 
32 2
52447 42235 
355 1
1686 
1381 1
14121 
2044 2
53807 21084 
1716 1
71978 
2978 2
73713 21631 
1805 2
15114 13849 
3035 1
59407 
2068 1
13366 
1550 1
4551 
3444 3
58039 186 13879 
2659 2
17850 22799 
2986 3
56577 12499 35412 
1422 1
77179 
2357 1
10163 
3348 3
11472 42397 19756 
2128 1
54106 
1224 3
72876 6300 11215 
2779 1
35654 
1601 1
9141 
1072 1
3108 
1931 1
34330 
1322 1
28663 
2599 1
14829 
1284 1
53731 
2104 2
35550 43230 
2185 2
53642 70268 
3015 1
52150 
606 2
62648 43518 
751 1
11629 
114 1
35102 
3094 2
902 56870 
2417 2
2674 73715 
2120 1
38538 
1744 3
69207 80702 27167 
631 2
28379 40844 
2390 1
35293 
797 3
23736 33878 17998 
995 1
21355 
2664 3
48353 65898 76270 
3000 3
23680 24209 39387 
2117 1
56212 
134 2
15873 27376 
2956 2
18396 31420 
1277 2
31805 73276 
389 4
77082 16869 25894 62504 
197 1
49645 
2863 1
39453 
2592 2
16737 10349 
2116 1
62372 
140 1
15221 
1316 2
8354 26435 
2505 1
81382 
1637 1
53027 
1657 3
5616 7078 27795 
3096 1
2326 
551 1
75799 
2811 2
19416 38311 
1047 1
35130 
106 1
56500 
1666 1
20666 
1437 3
74320 73933 494 
2210 2
33603 78664 
2791 4
68091 6253 66915 26040 
714 1
34017 
845 1
22632 
535 1
60832 
1118 1
77591 
1822 2
42522 54310 
2765 1
7618 
3392 4
67012 38235 49400 23984 
3596 3
36688 57325 50815 
721 1
37993 
2288 3
62481 21166 78197 
122 1
29003 
304 2
59911 60911 
3133 2
9408 12167 
143 1
31566 
1749 2
14426 30756 
2468 3
34421 21156 28030 
3032 2
34963 26186 
957 1
1825 
3577 2
39020 27384 
3149 3
15209 44062 45966 
2990 2
27011 54126 
1010 4
44658 25181 13018 77188 
1922 2
66841 19336 
1572 3
34299 50018 62937 
2272 1
50489 
1227 3
9135 64552 21753 
2432 1
45977 
2914 2
67882 64327 
3970 2
80525 67737 
1785 3
41600 23594 43402 
883 1
39134 
2196 2
27212 29397 
232 1
72896 
3978 2
72768 46374 
2644 1
24140 
3731 3
32693 76550 77210 
1701 1
13974 
2828 1
18646 
2381 1
25532 
1907 3
68673 40086 24256 
3012 2
51243 76782 
335 3
18859 10640 76451 
1712 2
40323 42787 
3084 2
45967 52974 
1668 1
8329 
3002 3
16716 67890 18030 
1920 2
8393 54543 
2942 2
1510 28812 
1336 2
57727 899 
922 2
770 57206 
431 2
78130 62021 
2552 1
14734 
3432 3
17608 14628 60552 
1280 1
51288 
2337 1
2291 
519 2
67110 48111 
581 2
3887 48248 
2794 2
60126 14860 
2890 2
31590 26643 
3275 2
8186 51803 
1990 2
75884 47339 
2209 1
36883 
153 1
74413 
3180 1
76903 
3142 2
20382 57995 
67 1
9389 
3991 2
43162 8473 
1375 1
33585 
880 1
50667 
1278 1
81147 
217 1
36603 
1706 1
80415 
1132 1
5213 
1656 1
65613 
1684 1
69515 
2283 2
37363 68747 
604 1
47364 
1545 2
80838 80039 
33 2
1466 72684 
