230
7601 2
14864 43785 
1130 3
95050 81475 96608 
1335 3
70053 38651 81754 
2389 1
55253 
4430 1
40393 
983 1
61112 
2517 1
86209 
4071 5
18443 85999 48787 40809 68865 
6355 2
64552 13220 
7826 1
13637 
2179 1
94442 
6768 5
56305 13967 87290 21527 59049 
5543 1
38373 
3744 1
20256 
1580 1
72369 
6308 2
73040 81953 
2539 2
4081 13038 
6856 4
68618 82639 12223 80420 
5221 3
78507 13050 39683 
1649 2
21318 95426 
6210 1
3372 
285 1
63130 
262 2
18261 74817 
2759 1
97458 
742 3
95123 41107 74714 
5664 1
41768 
6588 1
42737 
6904 3
51387 22197 84564 
5515 4
34187 49676 95677 54391 
5769 2
11761 92517 
7022 4
62359 25283 48784 25414 
4942 2
99074 84942 
3975 1
80103 
4186 1
54400 
3858 4
13271 7642 33103 59463 
686 1
24764 
643 3
88808 11989 73614 
4292 2
97012 86403 
4683 5
7372 55246 35228 24949 94071 
6820 1
8800 
5883 4
15201 51276 77984 83809 
701 1
71864 
1188 5
28418 67146 59620 39708 39171 
2669 5
41936 81749 58832 84287 28029 
4168 1
31868 
5254 2
57108 14732 
6327 1
85589 
1060 1
77943 
6724 2
83805 78996 
183 1
33245 
23 2
6997 8380 
6204 3
47589 8592 25100 
5929 4
42048 19370 20602 24614 
4989 2
14349 79872 
4925 1
9738 
7672 1
46723 
7521 1
13011 
4407 1
55788 
7669 2
14197 4289 
6866 7
82097 88055 70617 96260 46467 31950 36303 
5240 4
82259 22118 84614 63815 
6623 1
43514 
2584 2
69099 83956 
7270 1
13649 
3977 1
34470 
5625 4
83706 58038 63287 39681 
4424 1
72610 
5977 2
3979 92764 
4546 2
76500 36285 
2781 2
52417 65717 
5463 2
89574 77952 
1979 3
60701 13080 84659 
2480 2
8291 27579 
5554 2
38487 47188 
850 1
98164 
7806 2
41897 49989 
1063 7
24159 97655 73636 71484 36410 75704 97055 
1351 4
80805 34640 26820 67930 
2472 6
52187 68891 34293 95430 59605 78351 
6380 3
63943 82406 46056 
6773 1
40773 
6717 1
46000 
6829 3
6254 96268 82610 
6201 1
90440 
4023 1
61973 
5102 2
59722 9104 
5874 3
86993 30122 14764 
4214 3
37191 78197 80633 
4014 1
20473 
4110 2
35333 82829 
6396 1
22687 
6232 1
77915 
7463 1
64871 
2540 2
7621 18583 
3331 3
46436 65364 91500 
2159 1
95048 
5894 3
71264 42828 61081 
4 2
57733 50063 
3523 1
79221 
2972 1
5298 
5357 1
52297 
4997 2
874 56449 
7296 3
1119 45085 66045 
5796 1
99721 
6972 1
76580 
3552 4
27926 96021 26865 56100 
7932 2
39981 3682 
3660 1
61142 
289 1
70667 
2810 4
49660 26761 10465 75417 
3517 3
84991 87216 79194 
6389 4
17090 56677 56962 29189 
6600 2
67584 38363 
3038 3
38314 26893 32089 
4585 1
27964 
3301 3
71073 42231 40635 
280 2
28889 34990 
7739 3
55170 21180 30555 
5320 1
30426 
227 2
32483 48115 
3494 2
32965 46734 
7904 5
14838 25916 88650 55021 36693 
1515 1
51392 
2281 1
52244 
713 2
34259 42387 
4229 4
12696 13308 3014 16535 
962 3
39601 73370 90174 
1214 1
45868 
909 1
9138 
154 5
17639 57022 84187 13136 35944 
3436 3
36147 94259 17497 
5906 2
68492 83362 
2732 2
16099 29416 
732 4
45013 36767 89587 16750 
824 1
59172 
2774 1
67482 
5226 2
79359 14874 
7362 1
7610 
1870 1
82314 
3252 3
10437 85650 23303 
7860 4
82346 37969 82026 26888 
7514 6
36337 81123 48914 73539 95299 31129 
7646 2
63383 29173 
7282 1
96807 
3663 2
78185 25412 
4554 2
71786 61123 
3236 1
72777 
196 6
62210 23031 44716 15636 64409 37938 
2693 6
43875 62054 50177 47045 39885 96025 
4306 2
82447 23322 
3470 1
409 
2875 1
95874 
3770 1
28842 
2819 3
59269 39456 93837 
3415 2
65255 88714 
6508 3
77093 99920 89073 
4461 1
800 
1854 1
23000 
6453 2
77920 99771 
3577 2
48641 81849 
2957 1
35679 
5507 5
87414 61634 86997 56163 6134 
1148 1
11950 
4452 5
84194 4617 14772 83092 18607 
378 4
37516 400 57199 55285 
2831 3
74673 48512 88285 
5216 1
97121 
4933 1
16915 
2383 1
57922 
7893 3
470 17558 77553 
5336 2
11166 59872 
6788 2
66909 46733 
4490 3
55766 94315 14921 
6152 1
47006 
246 2
36010 71298 
2927 5
17084 58976 71103 36617 41072 
524 3
28560 98880 68447 
6909 4
45785 4339 92325 26974 
1409 2
86122 86250 
2893 4
33362 94617 14754 63 
7000 1
27934 
3946 2
89998 13072 
5267 1
88689 
6946 1
12654 
3437 2
77873 52057 
3899 3
19859 97348 79902 
6023 1
57750 
1152 1
93913 
4775 2
63315 479 
421 4
75946 95591 55606 17512 
5465 2
43699 29750 
3721 2
68031 28763 
1356 1
82746 
1465 4
12590 84324 90190 22973 
309 3
915 37493 79017 
7142 3
34301 63995 63013 
3832 3
79652 71121 53651 
5528 1
11374 
3424 1
24144 
6642 7
52207 22434 94980 83385 90860 6027 58576 
4433 3
63572 66620 57843 
5038 3
56130 76411 35160 
5708 1
8758 
3571 1
73577 
2886 1
18882 
4048 1
76245 
4535 4
75115 90906 12653 19735 
5003 1
39035 
2509 2
24591 64558 
3536 2
43929 71328 
2501 1
17155 
4239 1
14185 
6215 3
86085 63051 65870 
5713 2
64968 92504 
6852 3
88642 29918 37910 
4300 1
37422 
1095 2
45410 96084 
7705 4
4851 29311 78791 63241 
2712 4
71933 14635 29454 63451 
7823 3
13120 29078 23082 
283 3
79417 23930 71685 
6713 2
93471 56898 
4638 3
72393 45820 61802 
6734 2
7395 18414 
1200 1
43248 
5072 2
87138 59756 
6595 4
69200 69827 38545 97471 
939 4
67913 88881 60655 85702 
2632 3
52168 25926 46241 
2725 1
78724 
