135
4085 2
71727 62747 
3056 2
38182 60352 
491 2
17206 75829 
6201 2
59070 13632 
1791 1
45680 
4246 4
35819 20848 15808 20111 
169 1
32982 
4079 1
73709 
6253 2
4097 50420 
6000 3
13664 33586 55173 
4119 1
30309 
1170 2
55475 55760 
262 2
40933 76599 
5289 1
70125 
2143 3
66233 13526 53000 
2951 2
40240 18699 
6264 3
78056 32462 68123 
4914 2
35027 29709 
5438 2
15792 41203 
2915 1
29216 
110 1
43049 
1947 1
55623 
5553 5
20555 46798 39504 68802 55893 
3225 2
42573 33054 
2796 1
62903 
2315 3
48575 13322 53542 
4328 5
45785 18570 45190 14406 13252 
5141 1
49945 
5700 1
27737 
2668 2
48143 19458 
2643 2
38382 72416 
3114 1
15995 
2753 1
21984 
468 3
17390 64647 47031 
6196 4
50290 41656 24894 35402 
4241 2
61859 55008 
5435 1
63946 
3128 1
5520 
3381 1
70025 
5863 1
75474 
5048 3
13694 32059 7842 
159 1
28088 
2394 2
39156 25562 
3058 2
40078 62402 
565 2
26397 37959 
5567 3
65953 40990 31029 
1273 2
67048 56114 
2515 1
36538 
5047 2
16006 76378 
3561 2
75667 1203 
6159 1
49913 
63 3
19382 27714 19530 
1262 3
77298 78892 43010 
4900 2
24433 6228 
3852 1
5460 
710 1
75702 
4676 1
28504 
3689 1
61931 
5156 2
65245 35779 
2738 4
60209 71325 36353 47576 
5918 2
20368 69816 
3076 3
36725 3311 75767 
2635 1
65935 
5568 4
28253 26167 32922 47438 
473 3
59109 46669 24421 
3968 3
58117 4044 78471 
141 1
35974 
5495 2
13782 5818 
4941 1
15744 
5077 1
24802 
2725 2
27829 41608 
1468 2
2124 66683 
2480 3
42841 71388 38841 
2329 2
31431 41367 
323 2
69561 54908 
290 1
27482 
5348 2
48209 15793 
3258 3
40087 77169 23028 
4342 3
5867 21982 69798 
4243 1
74742 
2294 1
60313 
1032 2
33703 49311 
1106 1
15678 
1044 2
74984 19359 
4795 1
61714 
5372 1
68704 
5850 3
1364 39900 77183 
1860 1
39106 
3021 2
3128 78292 
4760 1
70820 
1357 3
38701 15646 61082 
3448 2
71294 76339 
1966 1
41128 
4654 1
7782 
4110 1
10586 
3097 1
43252 
4152 2
40808 75376 
5272 1
24202 
610 1
22678 
1336 2
71972 55873 
2855 3
9383 35344 18430 
5332 2
70061 42067 
3558 4
69276 63260 68505 26923 
4716 4
51453 65387 28129 78919 
1028 1
949 
5978 1
27678 
3036 1
56697 
4778 2
11373 72193 
5352 1
1550 
3172 3
10443 69013 17545 
3388 1
74247 
5006 1
17616 
5119 1
65551 
3378 3
13687 49704 38105 
1867 1
9275 
1906 1
14820 
1444 1
64712 
3983 2
74372 57825 
781 2
45019 26753 
5990 2
36388 53652 
574 2
50020 18429 
3616 3
57461 29662 2976 
4697 2
23308 76660 
3165 1
71419 
3053 2
26917 78258 
5691 5
2818 2785 27436 54668 5237 
5561 1
68249 
5697 1
19155 
5588 5
6389 68433 25461 52982 15635 
2182 3
50117 56723 33351 
6144 2
33275 60709 
3349 3
63372 61820 16870 
5572 3
44732 48141 9678 
1265 2
23290 24444 
1312 4
28472 34326 30059 50439 
