249
4088 5
52749 43800 90511 35907 51996 
7001 4
77058 45252 79924 31452 
7464 6
84675 7742 53424 67872 9569 26896 
6638 2
54765 84360 
1816 2
52834 95054 
4220 6
80763 49325 46340 70114 31775 12022 
1208 3
30038 66805 1185 
7891 2
46327 84942 
6285 3
78778 81460 18418 
1535 2
14470 9889 
9454 4
53574 66934 29080 64789 
3161 2
10050 41565 
3685 1
87209 
429 1
63381 
5332 4
78764 30718 70712 66198 
1942 4
85423 15803 47555 44452 
3528 4
48217 29337 67310 58425 
9335 5
76540 99247 17294 62505 18307 
7010 4
71215 72071 14343 25328 
474 2
87008 27281 
7043 2
75242 91253 
5734 4
56405 9849 15192 50401 
3536 2
93323 24031 
1459 2
83439 17778 
4932 4
19795 2210 37897 88344 
8227 3
72785 40424 14254 
707 5
59234 3941 4606 12990 4504 
3068 5
72147 46911 88464 40867 69470 
4126 2
4439 77208 
3835 2
1456 67436 
2441 3
27504 91550 83432 
9359 3
17363 9139 41663 
2001 1
36150 
1923 2
3821 67323 
2187 5
42008 8502 19384 14847 71534 
6817 3
5871 84046 89961 
3635 3
2060 26210 96937 
6236 2
34533 36633 
5957 2
47173 646 
3827 3
42029 51225 19545 
8136 3
87142 80040 35520 
7249 2
69253 4453 
5392 1
96972 
7232 3
81498 66055 11382 
1479 2
19312 47717 
3187 5
5558 14727 36697 79353 67172 
5002 3
1323 98525 87562 
7783 2
85055 94609 
8382 3
50711 19082 89411 
7850 4
97829 24122 36801 95477 
2625 2
95559 89517 
5113 2
43171 32905 
5822 3
87870 5496 69582 
4980 5
97190 14023 8356 6692 64273 
8166 3
57905 20670 4155 
7795 7
54648 62487 50087 17613 96387 70839 86029 
6941 1
16595 
8179 2
76268 81472 
2362 4
64683 76766 40238 84053 
5066 4
67781 78367 51388 76251 
2830 3
54110 45010 39351 
1626 3
50746 81129 17100 
526 2
81970 37767 
1681 3
50856 81677 84411 
5046 3
27919 91802 46754 
5166 1
7142 
4589 3
53725 73632 774 
6846 3
82873 36946 22893 
1649 3
59962 11938 10694 
6187 3
20421 97122 15936 
183 4
5148 68493 27621 58485 
143 1
22378 
2337 3
75984 69702 94197 
804 2
69229 10122 
3450 4
99143 75578 99852 33028 
4733 1
42791 
7172 4
85693 414 19686 30896 
9601 3
26491 63863 63468 
539 2
32742 65591 
2642 5
98363 90572 18278 97762 13656 
8096 3
35124 56647 71026 
6811 5
24032 20920 96570 56558 91195 
5235 3
64690 89281 67275 
3679 3
41702 81149 24414 
8757 5
97375 49707 64148 43960 91887 
8951 11
14710 66922 88028 32067 12413 32301 65767 93639 60648 4713 92459 
9566 11
86351 1877 30635 80595 37924 95548 15829 15039 27267 99985 68607 
7943 6
27969 3905 9388 93166 13225 22161 
2538 1
87867 
7242 2
14426 28603 
3991 2
39065 5386 
6769 5
13243 10890 87526 49995 95349 
3851 3
50090 63255 89291 
3252 4
67387 37757 69809 34774 
3328 3
99695 63384 28326 
7871 1
93251 
9139 6
74574 45933 85790 36536 63206 2838 
960 2
78019 39917 
3266 1
31495 
6066 1
539 
4721 3
57344 14064 58953 
3076 4
93546 67454 80889 49586 
783 3
54344 26401 89016 
3498 4
57000 67822 40162 65537 
2993 2
69556 21086 
7715 3
51044 86525 93940 
8433 3
81025 12680 21607 
4300 5
41751 77024 83154 35675 53673 
6837 2
14806 53479 
6442 1
39926 
4132 3
35848 11582 41600 
8005 4
50704 69140 7643 15024 
768 1
25552 
3310 1
2220 
9367 2
33742 79965 
2947 3
42122 6188 70086 
3591 5
30831 93111 6337 27737 2623 
2406 2
58041 76105 
9767 3
39074 21074 94775 
563 4
53731 81191 99775 90956 
7507 2
66247 40627 
2461 1
73954 
9694 6
61466 85017 16034 97873 90239 66545 
8414 4
34047 68571 51028 76008 
19 4
99348 41905 75205 70154 
9186 6
64378 64397 15671 88380 4921 93198 
5542 2
8549 56999 
7661 6
34397 92598 40954 55744 89721 58821 
8823 2
55500 73666 
3659 2
196 42002 
3748 6
3457 41319 39269 2953 84049 67529 
243 2
2809 9811 
4994 1
20855 
6597 1
78219 
3148 3
19050 17454 72097 
8605 2
70469 54994 
5468 1
14645 
1750 5
97052 9694 11458 30471 70167 
9052 4
7374 39290 78949 7338 
3237 3
54720 89099 61446 
6631 5
23467 49005 86801 4082 46489 
427 5
16497 36460 48904 52436 64902 
4405 5
57708 83722 62664 48019 84358 
4970 2
41598 85992 
1470 2
80346 55799 
7474 5
5988 78709 3533 76360 11303 
8713 2
95425 10618 
2774 3
8236 53318 20336 
1936 3
40906 59894 60690 
1170 2
23097 67011 
8862 3
12114 717 78358 
1160 3
96242 91386 87690 
8545 3
4077 92449 96941 
672 2
14648 82403 
6472 5
9967 71045 10106 11634 26045 
8017 4
70991 30592 7650 46537 
5674 2
81582 22667 
812 5
73890 32594 8999 65423 17930 
4539 1
84014 
4345 5
90788 25601 55922 1232 99545 
2058 3
47486 89075 90760 
8439 6
79699 61893 69843 99698 17666 98461 
332 2
60471 31500 
6094 5
12352 11089 58245 66171 73437 
7761 4
98500 2254 93099 84459 
6586 3
75889 7199 19333 
4178 6
95895 52165 58584 16315 44613 31959 
7828 4
45262 46389 78059 15153 
1274 4
65003 55899 47456 35382 
6497 4
86082 24969 57688 32974 
1083 5
97628 95430 54261 3842 71162 
110 1
64587 
8533 7
93280 83723 33630 57204 66411 38687 50314 
8418 1
12096 
3755 4
89340 69580 74756 61636 
1982 3
66017 21583 41471 
6525 3
52222 9486 92703 
6291 3
35708 12054 10021 
8208 5
73444 69304 53128 20416 83430 
3060 2
11880 60626 
1139 4
25811 86773 13695 72119 
679 4
45187 95763 90221 25962 
9716 2
13811 13755 
1944 2
36302 37799 
2263 2
18839 91202 
4033 6
16333 26462 50326 19983 29343 19682 
7194 3
27240 45763 89507 
9190 3
96336 58830 74349 
6498 5
55337 51866 2260 68419 78859 
1256 3
1670 94364 1606 
5537 4
88074 60583 29863 3255 
437 3
3494 66731 13386 
9425 7
96223 52343 34804 21802 975 85014 56287 
3193 1
33238 
2671 5
91027 30240 41292 3836 49691 
1772 1
39878 
7775 3
16157 58575 7923 
7287 4
44664 17939 15852 11526 
4920 4
52498 74693 14212 87911 
8114 2
36569 63487 
8142 5
28077 22337 21757 17608 58679 
7468 4
94644 36896 31733 99916 
5121 4
25139 58101 9131 70720 
1213 1
19936 
245 2
34667 47102 
1948 3
58472 1948 63935 
697 2
15028 99098 
3680 3
1826 21330 89446 
1659 1
1427 
4747 5
72333 78461 22217 13405 80379 
9188 4
14787 25389 33619 26109 
2831 2
73565 16893 
6273 5
79317 71031 69289 72771 6870 
102 1
49945 
538 4
88824 62796 72965 51366 
449 3
68791 49989 32325 
3290 3
41588 30584 50952 
5433 5
91030 4351 13975 1951 16244 
5584 6
40944 98981 57164 47492 80482 23257 
6621 2
25859 78470 
8194 3
2450 20181 10613 
7627 4
10316 23060 37579 73197 
5966 2
63913 49250 
5575 2
76643 74417 
4400 3
43248 66027 22240 
4373 4
82394 67236 15602 66938 
7123 1
85587 
4633 3
51925 74205 39874 
895 2
63210 56337 
1993 1
34373 
373 3
16280 54464 27660 
3212 3
6667 45309 89567 
6078 3
18755 65276 25052 
8385 1
70503 
6842 2
1688 82871 
6814 4
11783 82187 62098 37735 
4308 2
81767 81793 
4141 1
72769 
6820 4
61779 59814 3538 96503 
2002 3
59083 77973 42719 
1729 2
77893 93905 
1559 2
83683 78045 
1859 2
50065 95602 
1425 2
84687 19052 
5351 4
27492 13969 38430 37128 
2745 3
76368 27780 59772 
1898 4
8569 96439 90494 44038 
4631 2
28809 95611 
9224 4
64210 79194 49633 32233 
