44
5484 13
61558 34370 16632 87379 55896 24687 12798 88488 20385 96534 99171 92419 88375 
2811 12
849 69951 65291 50131 1648 53149 82407 61978 86844 91492 99779 31741 
2987 15
54978 41303 42349 68733 71504 87822 68997 93486 51878 1590 17931 72219 81489 79428 40270 
1234 10
55540 67963 40037 26636 25153 41956 93759 15738 71561 10660 
5571 13
56262 72752 72998 5091 20098 48537 64945 46934 87093 95342 56706 3977 3057 
967 14
65374 24934 42243 59373 80691 78494 36410 44243 34691 2227 56197 73527 81602 42004 
1522 12
76409 99023 24821 3500 9399 56980 30493 43801 40247 4271 90683 81499 
2805 11
69290 54975 43958 79457 72601 37845 50770 39399 10178 41037 38747 
6187 13
5401 70233 38734 23003 14494 75845 11088 25082 24137 51605 89943 8967 93541 
4339 13
63853 62462 94082 41347 44845 70789 79094 85276 88597 77071 48983 69115 44697 
105 12
35286 6672 12922 63896 831 32234 73511 99165 54956 39250 41411 79038 
4187 12
83285 9834 24451 79227 40629 76175 83392 90629 87220 26260 17938 41684 
4448 11
87278 31972 97785 50511 98400 92989 52165 80330 43456 60269 99847 
2649 12
19293 44877 70306 64490 16976 22646 28038 32248 53250 76118 37727 68927 
4790 11
78616 31244 18581 96672 17731 19355 8946 85716 26629 73032 47218 
8126 12
1339 53625 5650 41883 79955 76636 48044 67260 96964 64580 50341 67012 
287 11
26096 72553 7222 24201 423 57646 41831 98999 77571 66219 67282 
5342 13
79296 34662 12627 50892 52737 32982 26264 76779 17878 15892 73781 9831 6340 
4121 13
87915 53829 93259 50860 72534 90134 87544 17326 76065 83241 43474 24811 32177 
3771 13
23204 34563 76716 39483 46195 19536 23670 92918 87651 28743 58451 29457 982 
1009 11
3585 87376 7648 87235 94995 81905 80070 33312 33843 54398 90765 
1452 10
67742 39097 58556 94145 59688 42858 81420 55122 61546 88158 
434 11
28638 33551 81793 77381 24248 30619 88870 57886 85825 60778 90334 
78 10
48022 77991 46971 87618 54216 11559 45242 24541 5848 20070 
7755 12
57731 31418 83565 53388 45441 34976 33499 51024 4067 32388 45796 43569 
7745 13
88657 48288 576 90355 3061 90000 7947 25008 38574 29424 37852 11874 19011 
4568 12
82259 6584 33493 45813 84720 11811 41959 36817 41192 65159 39911 57252 
6956 13
34398 20696 21250 91562 49352 42189 65526 68763 51040 91095 24506 61902 32933 
3935 13
24671 59462 75879 92101 34895 55481 41511 58408 63583 1690 76297 39286 4860 
8247 12
24076 20889 42630 76043 75716 91418 83309 4371 8522 42345 16679 55172 
2054 13
76610 60648 2602 7864 65609 74043 83570 48483 73159 81825 67444 71118 19278 
5550 12
5412 26543 66031 10343 88917 44254 98871 65855 3741 20641 15331 63628 
4726 12
54752 34135 12040 81603 21801 47837 52514 83142 93012 73861 36533 66444 
2600 12
12180 12318 97396 17563 40250 51405 95089 5375 15643 92259 1517 28876 
2580 12
58621 52557 70792 72611 97905 95671 72685 93871 13021 56784 61506 52333 
5801 14
51108 84255 27817 88058 93128 43194 88856 45333 47731 19571 4207 35154 49215 43392 
8334 12
66914 87547 56472 22967 53604 88282 4097 5348 94598 61184 31096 51358 
4637 13
8362 93538 31194 16182 60126 74480 44019 68246 69137 89164 73403 82698 67746 
5705 13
46951 8277 45655 34349 75484 71014 55588 2491 50114 30012 50053 45190 67250 
6578 12
31064 54062 32361 63450 55760 96878 69400 69632 95954 24116 76568 48456 
1079 12
72604 86992 28285 39509 23565 71709 58986 69560 20416 66839 32633 82551 
5110 12
13426 68320 21172 44404 64195 50859 12422 27174 68912 60847 60813 27796 
6820 12
79819 43634 55972 66405 84790 30614 92908 86884 95035 76767 17044 13419 
5684 11
83404 28666 28584 21880 1083 98306 47237 79158 63683 70946 2712 
