26
344 105
57116 97487 22112 86621 29426 38227 39445 45052 53407 85348 23293 28718 37109 70053 92318 2898 65803 73272 49203 28273 44100 31570 40016 4859 95880 17594 77014 77733 4104 99627 95725 78109 72704 24990 33010 18647 54418 38857 65870 63436 71956 79855 18003 91712 70561 39269 52003 51482 31177 64657 68572 26095 88489 20659 23085 26253 53219 62242 95919 29582 29407 8587 20131 36636 52713 74933 96024 69132 24107 3646 94054 37213 7063 96089 18868 65441 70308 75738 77981 79362 20687 13748 98314 63500 67284 26418 1293 32493 78599 12067 21730 18895 54578 37701 60763 64147 89137 22385 45228 94277 74929 29715 72676 85004 90348 
299 98
89841 39814 52234 29443 81301 7255 56178 72614 61568 96676 73561 5317 12756 82754 99044 59490 52289 74818 41479 15143 11009 66919 37159 22666 37411 23115 23444 90415 61762 9773 33682 22919 7199 52484 9671 30408 4129 59513 42628 21769 23054 90860 76822 81125 92703 44537 89064 88895 15076 99376 37345 89918 45491 45123 38844 61059 24978 62500 97998 24062 46462 60197 34153 4043 32523 37997 69445 47345 70147 60080 40434 90148 27927 35585 48248 40975 16396 50985 19677 74659 45465 12246 18839 48746 12213 3303 49322 35266 88633 94749 65969 58893 54742 96971 41896 7094 80130 95345 
19 93
6283 21650 89714 22620 9697 44992 11934 64765 58645 84969 83002 53266 43244 93221 51146 26756 23158 69759 69980 39003 53971 51501 75423 91764 30800 1231 31419 51749 10102 49185 71935 27890 74375 65919 41135 52965 6099 48322 15257 88370 77544 15716 33761 61454 41531 8505 18744 72779 88506 23185 84158 73262 16787 76788 11016 14671 11544 50654 74939 69762 28064 18106 87681 70377 21833 853 17098 49161 49304 17232 18160 45661 23899 24630 35164 34583 45504 22336 34290 38442 93058 57617 50329 94141 95464 97800 76498 50755 12320 17791 63334 63639 19862 
508 90
81623 10125 9261 24764 79614 54638 51793 17674 25382 75220 11232 47097 8853 45309 17336 28281 18013 96008 74173 97684 63056 71301 30437 55678 62613 53965 33951 64528 18871 8239 61920 79708 18098 58475 74311 22878 96491 14277 46444 31885 92814 51002 22745 2738 20357 73165 74756 96822 73087 13365 12084 58122 61048 14281 28363 73971 72595 29976 4162 22024 83435 49545 26887 66759 74696 58048 46001 36680 54938 99242 14134 44156 97633 93593 71487 27023 32727 45284 83028 82230 58688 3893 23297 51244 97039 25248 78376 80546 52186 60661 
728 87
1784 73117 85603 26798 25884 8796 12527 41056 27824 1977 65813 80041 56114 34380 96641 84994 79033 70768 29749 73066 36815 12563 77639 72688 50406 95108 75600 84449 60101 27594 3623 1162 70310 23192 17868 59874 6884 93226 82739 66047 30930 92350 41317 9 60926 95120 2651 56629 78416 11510 51538 17206 40698 37474 24979 80609 85309 95913 17856 79863 68575 86223 73493 55808 68062 17188 62214 49731 88255 95830 83048 64277 69954 14463 30072 35316 7559 81894 74517 35960 64722 14604 35787 25672 19607 47157 99227 
694 86
53787 51032 77978 45553 8345 49454 18984 70846 93 70239 44928 39116 9396 86167 19690 78936 32173 43397 38580 17722 35495 29472 78771 48782 53193 97321 36488 8652 16119 36840 78512 16743 30100 89058 84770 57906 86070 83883 45310 5618 74186 12568 21857 87499 27559 20425 94976 83202 29608 86870 39013 9406 28379 32499 8181 8033 72489 85828 49630 24745 50560 54988 63441 41361 32642 43209 51256 38328 13070 80191 38153 72731 52043 11074 61441 57810 2307 45931 17850 28331 71397 9365 6262 37603 35462 35444 
516 79
6968 27167 48642 70658 84897 57452 20765 69192 64670 16223 22003 7846 24653 76207 39396 84976 32729 71537 69312 21888 94525 22815 71853 2672 76579 29356 646 25506 76568 7298 85792 63886 65546 69184 35280 15188 13374 69523 82365 45911 63908 81969 68350 32966 41450 70807 88251 93663 17473 36092 10367 18416 86468 4760 82359 17243 16260 43669 87929 74304 1364 2252 90105 99476 47723 99884 80660 10958 18862 3384 91836 61810 49097 68755 62579 38040 31408 41805 19128 
267 74
65207 19172 14790 15645 79199 91359 52167 37277 2821 37608 78867 71669 19017 47684 22819 23255 44129 11839 21778 61635 85024 11537 76109 43291 54064 19643 44816 27583 10529 25437 47516 20718 38640 68414 37216 383 66652 25381 75353 31384 13177 14211 48013 5953 21571 68272 52250 70924 94951 86737 26747 31826 63382 82729 32832 77507 35561 84482 51861 79458 76894 45541 61374 95022 14254 46079 69876 87341 42369 44934 68307 73642 74342 65069 
690 74
21243 85610 18559 472 77438 56063 72639 12804 98357 12001 38728 89628 68799 28341 41743 84443 19568 3293 91288 90156 98427 24336 630 1988 12766 33298 26931 65300 52431 82077 64659 67050 63331 41463 671 16217 80905 92433 53083 19396 57375 13305 34746 50823 93588 94082 37073 61149 73535 2746 31908 66648 10619 32803 92812 67000 95858 73886 84174 14677 20152 71898 1127 10543 94524 36589 18919 24265 57840 30300 82371 1285 49927 33215 
387 67
64396 40393 74588 40107 41854 46622 69595 33611 45420 38310 13935 13382 2609 91527 98767 70989 36140 61561 2509 3374 78819 11745 7769 94259 99741 29501 59788 16928 59057 46502 6584 98655 23638 61324 24816 41204 16761 8840 43491 32468 43478 17201 16345 77549 55893 59550 89674 75341 18191 78682 60252 50524 61411 80156 33340 61126 16658 82981 74394 72852 55956 33289 7011 36608 10779 56052 59120 
125 63
38491 64645 13182 55143 51577 98782 4806 69528 52694 57604 27682 72802 97423 73439 27635 24425 23153 37214 60284 2629 62376 27902 31343 40365 65655 92552 50891 28168 63837 28517 51348 78539 59424 42474 51709 16096 66253 66508 62765 94995 12119 74038 28084 70186 17496 63219 819 74277 76963 41396 34819 58650 49027 27623 74759 73086 3347 21796 99609 48179 43997 88487 37188 
651 63
76193 530 3545 58584 10808 43373 60452 86929 38945 23738 55572 99774 8295 14595 19228 48796 69056 16349 32353 46499 18700 72814 21569 96248 32988 94084 26010 46921 56243 81699 94948 28898 78048 7381 49134 48241 46402 44526 30869 59291 86212 26440 12150 33465 33058 84972 50497 87668 98634 89659 92565 77325 77208 43577 64492 30269 19511 41287 87357 9753 82791 47529 7661 
584 54
10931 9618 82920 81095 27973 1535 24361 90818 28489 35637 80248 54295 10764 48305 98401 66855 12266 80027 34978 26793 48929 41466 48993 5329 97435 80768 90665 7581 48455 61871 5203 24228 21965 96372 27879 76112 26414 76995 20146 74099 31452 3158 22875 48837 24340 93061 42231 32081 44074 47641 17059 83979 50619 40954 
79 50
56125 3832 69022 146 81624 15190 81298 67572 55038 45439 12967 28053 43315 16409 92988 65733 42293 86074 67144 36045 32203 47137 46544 11412 22200 63525 19056 47817 70770 5763 65521 38670 96472 36521 37294 9624 9649 25136 71620 96681 39498 16385 32260 96680 36525 36249 30863 99645 44833 4021 
215 47
89139 24536 54615 9794 20366 6716 25575 14724 9174 62950 38308 63964 30896 69282 79845 18066 27514 32860 82940 90093 69427 86213 48544 70941 78879 33875 87417 81756 52620 78902 56154 61959 12733 97916 96376 62065 28586 55575 24940 43033 34826 23073 23686 6593 9196 57254 62008 
109 42
95757 70010 26147 25840 51711 77490 16522 31258 34567 49584 18306 20440 13167 91 98576 40918 92994 84725 2071 39521 26267 95021 61830 59204 13899 46889 76538 50821 18655 72352 84285 69640 71996 191 40441 92760 21032 23181 51801 94661 58595 18554 
329 40
58637 14776 57910 53691 73152 38641 96697 41756 27356 25689 77814 43419 87199 3917 47177 8972 22740 50643 80189 90264 91886 15419 57207 79852 87122 3681 58829 93079 97141 77562 52875 26417 45427 11078 74752 89016 57107 27430 26101 98012 
65 33
20499 45249 85436 12693 48547 35047 49043 73963 63606 47351 50796 199 12502 96271 7393 6755 55105 28280 11864 12861 60094 19681 24251 25426 98068 97597 27091 43734 21474 70854 67305 8798 4820 
190 30
80949 58390 69293 68543 33233 97614 36556 21521 87506 29094 43642 42532 92787 43765 36372 4223 95010 11051 25007 90196 83110 32270 44306 73174 89445 62011 93970 33059 62298 94486 
768 28
12210 98611 70897 18848 24238 52750 52547 22351 57288 56702 6233 81904 79683 81046 96975 60949 7922 25504 79770 6209 22344 7693 39800 23596 67113 85424 11310 90886 
643 23
33888 75610 73903 67114 35838 56552 56400 22338 58895 53834 81489 36160 82782 26470 53065 55149 66148 32763 54672 78688 51310 31815 1419 
540 18
50527 59943 60399 24422 60822 99419 18078 93542 38610 38143 34002 34760 86995 44378 5263 28146 56392 60867 
301 16
9833 95655 13595 69591 43217 772 60639 35456 94744 79331 96074 51772 85690 16165 2385 56680 
413 13
83401 46196 60977 55353 84386 57696 52891 29527 216 35655 22310 40008 86509 
29 7
72359 13962 47507 36038 28357 72176 17705 
388 1
19281 
