79
3123 1
38569 
1332 1
76824 
1679 1
2705 
4885 1
6409 
5168 3
99370 87311 28393 
6489 1
6286 
5657 4
16359 65961 67808 37328 
3683 6
9494 67310 97908 51358 84435 48332 
6339 2
53630 44109 
5124 2
31941 43730 
549 1
61953 
4172 2
63595 33400 
1227 3
12960 478 45537 
284 1
40951 
6682 3
93315 79955 49006 
1555 2
73368 85948 
1814 1
72885 
901 1
4259 
8814 4
28975 70404 84855 79823 
227 1
78545 
1908 4
87872 39053 32850 7689 
4829 1
34645 
2687 6
15340 74897 92491 40798 33769 30822 
1429 2
44920 13837 
7817 3
26028 75562 26543 
575 2
10466 87522 
1644 1
62862 
4900 1
1034 
3232 3
28675 76121 56551 
1882 2
64179 42405 
2467 2
7373 27293 
64 1
98046 
3837 1
75084 
3059 1
4708 
3281 2
95414 55703 
3411 3
33822 21053 63987 
867 1
73456 
3186 1
24051 
5663 2
28964 33671 
3292 1
37511 
1370 3
67267 28276 93140 
5775 3
75065 30686 55196 
8244 2
15245 7745 
3751 1
1598 
769 1
68198 
8792 3
52976 24729 3912 
4786 3
23080 48621 11023 
1880 1
12765 
1689 1
70084 
5332 2
39666 6643 
6049 2
79773 99435 
2403 3
42245 56829 7868 
5933 1
72853 
8430 4
28983 87573 86420 4074 
1243 1
51403 
3718 2
88024 75392 
1338 2
69556 75847 
2859 1
86549 
8329 3
78489 26951 13136 
5919 4
74167 89918 32557 29381 
4181 2
25124 9194 
4662 1
59104 
1914 2
29585 31521 
4825 2
79439 91913 
6102 2
70579 33355 
2809 2
25045 9968 
1768 2
65747 87725 
819 3
96954 8445 73092 
1845 3
57510 86196 18164 
1682 1
21173 
5880 2
60766 57834 
2575 5
47792 14134 89622 93154 77240 
3364 4
18899 55556 82426 60328 
2839 3
69814 72110 89073 
5738 1
30895 
2822 3
24357 56753 25568 
5519 3
80417 69322 57839 
271 2
65597 98741 
7415 2
45269 25771 
