233
6510 3
57735 38818 8166 
1322 1
37264 
5283 1
2332 
1895 1
39241 
2207 2
65505 93789 
313 2
59980 25372 
5810 4
86356 33021 89996 94592 
7701 4
53472 42805 86466 79652 
4356 2
33359 61279 
3303 2
2173 93608 
3339 2
38936 96923 
1013 3
19467 79310 5276 
6871 1
17364 
7087 1
60762 
7782 1
14969 
4913 7
34857 9754 86410 46992 94841 6342 72014 
5296 2
68142 21355 
884 1
12096 
3674 2
67024 41658 
5161 1
67753 
3434 2
80632 10568 
2875 1
69230 
665 2
86274 14720 
175 2
26993 8839 
3299 1
56468 
7734 1
27413 
2559 1
90269 
2738 1
14623 
4030 3
53659 87273 32393 
3049 6
20767 37377 95234 39267 75221 82588 
3195 1
39669 
3580 1
63575 
4648 1
77374 
6895 5
81561 40785 27221 42739 52222 
3158 4
51948 82741 4046 61918 
1565 4
51005 4055 30177 14084 
2822 1
66087 
3978 1
43820 
4588 1
60408 
3220 1
7945 
2825 6
8337 81548 51289 95644 25335 38746 
5986 5
23856 75654 62383 64092 20416 
3908 3
82128 28414 67251 
5226 9
28103 90188 24741 97028 73516 56284 83535 66793 23378 
6422 1
8266 
2770 1
40206 
1915 3
21172 48402 81614 
6425 1
60902 
8056 4
51410 33924 75245 77626 
3946 2
74690 1817 
5224 1
26136 
4674 2
76410 3868 
4343 3
28081 87930 44321 
7498 3
33986 49615 78761 
4225 1
69686 
2856 3
64900 8021 5326 
5807 2
47905 12327 
2314 4
15634 40140 93156 13614 
2514 1
9485 
6977 4
46226 38726 87352 93005 
4675 3
92423 48297 60796 
530 1
44618 
6833 5
61747 3169 75938 67474 15473 
2717 3
49098 34646 45870 
4753 2
82386 1154 
4378 1
81821 
8074 2
63364 3232 
1344 1
51483 
2071 3
54367 69140 78055 
614 1
13464 
5066 2
91391 95986 
4048 4
90234 632 54590 54976 
34 4
27580 65813 96367 51290 
5551 2
10801 14832 
7529 4
64959 78122 31941 53343 
4918 1
33897 
5094 1
16209 
7406 3
68435 84561 67133 
8339 1
83385 
3526 2
64708 76745 
4377 1
34191 
6897 5
56404 2980 7774 95263 97760 
5433 4
12558 73844 66554 52906 
3792 3
55129 29507 63956 
841 2
25614 54077 
2297 3
35604 31702 19030 
7703 1
45555 
6918 1
74432 
2093 3
18560 50989 78690 
1592 1
98674 
3366 3
54368 24654 1615 
1679 3
23588 15800 28995 
1877 2
72989 48060 
7189 2
13019 16455 
4040 1
38205 
1061 2
104 57699 
2657 1
85337 
5561 3
56760 97527 35930 
3202 3
80566 31361 89336 
2282 2
76370 93380 
1841 1
31203 
5243 1
7084 
853 8
55423 19795 78221 63071 83736 92082 13699 2541 
2321 3
6389 17328 14338 
637 1
87452 
3455 2
54830 51231 
4440 2
10461 96817 
1974 1
33487 
3888 3
93114 24191 91036 
3703 2
40831 15843 
2930 1
52649 
3917 3
5539 26293 91597 
7187 6
99536 21545 11773 71770 45151 2111 
1416 1
36043 
8038 2
48023 75226 
6194 2
20705 78217 
4925 2
44998 43568 
2988 2
44843 78822 
3060 1
88537 
6003 4
37759 61557 98714 15251 
7420 3
14878 95209 95835 
3741 1
10746 
4846 5
82146 19874 79087 51081 69334 
6555 3
81974 82173 69219 
259 2
58765 93468 
2642 3
82262 33946 74433 
6010 6
16011 68955 36113 56998 92525 23392 
174 1
22119 
4483 6
46768 85532 31621 99365 75936 80189 
1134 1
14627 
7718 1
88570 
1830 1
62526 
3370 2
93669 37472 
7748 2
79124 95911 
471 1
98597 
2570 4
92600 30332 2877 5881 
3519 2
49273 43143 
5746 1
68105 
4321 3
571 16159 12914 
3963 1
22613 
2022 1
343 
2078 1
7362 
7745 3
95971 72039 84260 
7053 3
2784 13235 44983 
7290 1
77790 
7305 5
56026 48019 83171 54592 35932 
1867 2
74640 57595 
7677 6
65707 74730 10353 75545 68420 37737 
7888 3
3977 79844 42702 
1283 3
18379 73558 33882 
698 1
53879 
6161 1
69671 
3833 2
16499 45653 
6769 4
73362 19864 81049 16114 
374 2
15526 99579 
6133 1
61313 
4993 1
70256 
1089 1
19276 
7170 1
16432 
5639 2
2353 49716 
4113 4
56675 40398 6948 57870 
1980 2
62600 59853 
4228 1
6761 
2643 1
82396 
7946 2
2748 63688 
2398 2
87565 20057 
3646 3
7139 41958 85074 
4803 4
75653 70568 738 68999 
4159 1
32429 
5470 3
70216 98371 83396 
1226 1
24352 
5828 1
49360 
7686 3
31877 43186 55974 
7830 5
75077 74548 50937 199 72780 
7852 1
2703 
4503 1
69097 
2168 1
4972 
8025 5
65117 56485 63547 52751 27335 
6746 3
69535 75052 71759 
5195 1
76615 
4106 1
64570 
1878 3
80379 31351 33893 
3562 1
73612 
4246 1
12828 
6101 1
4351 
1186 1
81461 
8304 4
78008 64930 59193 98318 
2626 5
2811 90079 82275 27824 52616 
3165 1
85474 
5436 9
80336 27274 369 62726 59675 14966 39020 4884 55201 
5963 1
51565 
4812 2
28022 55438 
7583 1
74627 
1464 1
56630 
6877 3
95610 9213 55735 
3486 3
261 82256 4664 
2094 2
73922 80024 
7479 3
56861 72678 68311 
3619 2
61048 22790 
3251 1
21365 
417 1
52647 
7174 2
44288 78183 
7822 1
16610 
2592 1
71593 
1458 2
40893 87317 
7833 1
40742 
7425 3
20909 72142 90947 
2923 1
64280 
3521 2
9445 70628 
2746 1
39519 
2114 2
95930 13414 
6589 12
30424 92736 48691 57914 87810 12695 29155 57925 26078 77686 85890 41792 
6832 1
83128 
2166 2
53367 24299 
2638 4
86863 75676 27995 34028 
5449 2
59557 32731 
4874 3
19174 42610 16695 
2468 2
37782 53205 
7402 2
35780 28482 
7423 2
57960 73709 
8003 2
71449 59239 
706 1
38511 
7316 1
93439 
4012 1
53487 
1359 2
9928 25520 
5710 4
60251 87196 39122 49940 
2948 1
4004 
6350 2
27246 49278 
7102 1
97093 
4164 3
44020 79940 60199 
4423 1
23556 
1661 2
15344 80018 
2604 1
5942 
