124
350 3
94107 91300 25492 
5158 3
14038 55638 20234 
1330 3
60659 2704 61605 
10574 2
37950 64514 
11278 3
46744 66317 81607 
5351 2
83503 85541 
1209 2
60836 506 
1270 2
32995 8389 
8065 3
21744 86970 24111 
3441 2
17007 67005 
5111 3
87972 45213 61570 
1337 2
18001 44631 
8464 3
99176 64692 11086 
340 3
10026 77896 65266 
10413 3
93357 85341 88390 
4162 2
55369 91191 
3650 2
80440 90044 
4092 3
34369 8075 719 
2296 2
99211 823 
7305 4
72381 48684 30778 95126 
11053 4
13463 85661 32695 45674 
1020 2
54902 15834 
3836 2
6835 60457 
9141 3
84822 296 57253 
3965 3
5138 83390 65570 
1871 2
92938 17310 
10698 3
95172 83704 10382 
5829 3
31308 57959 12062 
5392 2
16262 25959 
4347 3
66549 52076 58535 
9296 4
67613 22705 16383 57608 
3106 2
39967 58753 
250 4
70027 24285 71598 24206 
597 3
54661 2531 22072 
658 2
74409 92168 
104 3
5155 11520 37293 
2624 3
23417 96711 42421 
3855 3
84138 90216 52706 
5037 3
28868 79117 51624 
2227 2
86586 75867 
2173 2
74942 32464 
7712 3
84496 21627 28464 
9003 3
42089 72499 61588 
4839 3
58815 21628 26608 
2158 3
64378 25755 73869 
4343 4
32895 14160 99099 57571 
1148 2
74136 13065 
157 2
50026 54772 
7655 3
77465 61181 90563 
4256 2
9652 59536 
10758 3
98954 21111 19673 
3574 2
75114 17659 
1011 3
75572 36001 19063 
1349 3
77046 42225 76237 
4262 3
60417 88648 91557 
8186 3
33751 13374 98923 
1499 1
46760 
1926 2
50684 83197 
3237 2
56588 61529 
1507 2
61880 71943 
498 2
91653 83310 
5802 2
90664 29203 
4936 2
46560 96525 
140 2
85156 99999 
6021 3
68351 1590 68199 
1709 2
56330 66105 
783 2
26167 21076 
7882 3
58871 64416 34821 
4618 3
22041 36224 68841 
4923 3
84328 94571 65816 
10905 3
55177 47567 26795 
1562 3
69178 35986 33932 
1744 2
36793 18936 
3484 2
64455 28913 
5813 2
50696 48271 
2752 3
88455 52425 56182 
5389 3
20778 50353 42959 
1235 2
85817 84196 
1006 2
28580 96703 
2045 3
79777 63590 21203 
10979 4
79896 73293 52208 62665 
2629 4
79615 70643 8217 29232 
2648 3
44074 64501 75497 
76 2
17171 77241 
4499 2
85018 27873 
3764 3
97449 5007 57926 
5461 2
59392 19412 
1310 2
11189 64774 
10278 4
19385 78484 15248 59444 
600 1
9854 
573 3
17038 29226 59738 
10630 4
94774 60977 28903 75835 
7092 3
2629 84633 15410 
4659 4
98623 29487 71363 41634 
1780 2
86833 62674 
9722 3
26500 66388 10202 
8087 4
17884 93911 43238 40688 
1755 2
2174 33844 
10982 3
89512 7243 48525 
179 2
73975 37915 
326 2
90395 44327 
4915 2
91573 61677 
6226 3
54959 89452 20905 
8191 3
80540 2436 6736 
6292 3
5885 46036 21044 
4446 2
45197 61459 
5959 3
38261 60884 25553 
2268 2
12014 51826 
5631 2
71716 8656 
2898 2
58637 97100 
2632 3
78947 39667 22291 
8341 3
99712 70640 81151 
743 2
67593 70237 
3351 2
11631 80337 
1505 2
61502 57157 
3008 3
91121 85893 84173 
4405 4
7252 81895 17300 28725 
5432 3
39173 67806 53083 
1671 2
32604 88078 
756 2
60291 53050 
5757 3
10286 43695 63474 
369 2
69683 53353 
8660 4
81604 28715 44160 40008 
4873 2
96350 16177 
