134
261 6
76860 52694 53208 31498 28640 81533 
720 8
98539 7769 93128 65795 55291 33790 90609 8524 
204 9
406 62700 47700 84585 22757 59230 1196 21742 32193 
78 3
8435 19848 83233 
1053 11
34007 50199 36154 91469 14600 1207 58848 32110 79249 67440 13024 
1386 5
35104 50331 80429 11243 62872 
358 4
2113 51986 52811 76279 
519 8
36376 66881 18585 775 55647 61988 87272 34586 
527 5
48824 53370 10867 60948 88135 
1018 5
50490 5315 94665 50867 86138 
271 3
70129 6846 33583 
1206 11
63323 4758 74184 70376 19926 20299 78692 31301 62269 17668 12582 
256 7
55902 60996 76288 31170 92679 80736 44928 
1174 5
71141 93491 77389 47857 54587 
4 6
3694 7743 40370 57128 28055 22749 
919 5
47821 82606 37221 15239 98682 
580 5
1704 74118 66690 43096 12191 
928 7
84004 26396 99008 12137 30367 4033 78105 
959 5
43878 16701 84570 42337 75323 
331 7
5572 491 37285 84232 35314 699 823 
414 5
40933 58808 61969 27180 3157 
224 5
21628 53295 75704 98703 66430 
278 9
97584 24351 57043 10646 29667 53439 7755 96481 36104 
30 8
15835 6172 96689 51287 3149 50471 91966 62058 
219 3
40184 48338 59769 
155 8
88077 70096 64950 53462 37994 54584 50409 17446 
894 8
65996 15471 73113 30238 65389 82690 15791 9376 
110 4
63082 93033 10754 92599 
359 4
64758 65895 32899 26077 
332 8
50262 40975 58990 88274 35052 15616 48431 31375 
1278 11
55975 86215 29634 6117 93995 78051 49678 50016 16481 63941 67423 
603 6
61221 36565 91243 1477 96384 15603 
328 6
10334 58925 23920 60519 3228 52230 
512 4
67036 60239 22120 28755 
325 5
48006 92410 71284 91416 74780 
941 9
84557 43072 7613 35640 23504 18946 23735 21951 98568 
637 4
76705 91943 91343 68496 
508 4
19868 88558 22774 26138 
220 3
87352 52711 93599 
932 6
34857 61315 30603 49465 35948 32888 
494 9
88863 38446 21107 53882 71718 38091 75145 7526 10528 
836 5
18070 65331 91236 92999 25276 
435 6
42793 59196 92299 18736 44948 14313 
698 7
3812 85968 57278 13946 2470 29730 69653 
367 5
38986 81843 83193 33215 27551 
1221 10
39798 17544 17077 42279 33619 22680 50790 26874 87576 76462 
572 4
2013 62567 7220 84771 
896 9
26564 23377 50473 198 4798 87955 57821 98390 45799 
1155 10
99171 56051 7438 62351 20986 34708 46286 47926 80250 54759 
148 4
30931 92312 78860 46893 
1019 7
71966 71208 68243 44978 40874 16645 71802 
710 5
56805 74021 67469 90354 61817 
225 7
45795 27510 72152 48907 61188 56425 67006 
522 6
77419 63083 42332 12329 11324 79924 
510 7
17248 75167 90832 46025 9884 44197 89166 
743 7
80940 20278 80112 55539 74301 34063 68566 
22 8
49368 61195 37208 34099 10759 72300 33415 57194 
469 9
4866 39560 43512 19273 26196 16360 647 23910 25367 
682 5
6966 33604 70650 72158 69428 
56 10
84438 4032 52706 61599 86980 15978 6770 2107 87914 59219 
877 4
37729 66026 48347 88527 
599 6
95835 25654 89027 3830 93098 50754 
1347 5
39923 85000 91512 36506 8900 
492 5
39480 45217 351 74770 6826 
45 5
32645 46650 5420 60746 74756 
878 5
6603 67467 80083 98698 89423 
324 4
93368 92454 17026 25823 
690 5
71624 18596 50509 44405 18803 
285 6
40718 78566 51970 21866 58251 81753 
165 6
26849 70146 58760 87620 1066 41276 
333 5
74668 67107 11510 82195 85241 
792 8
79374 26792 65363 37302 26733 2733 65868 69454 
842 7
36576 36025 37581 24116 15332 73631 41942 
708 4
29854 88975 37487 31187 
1313 11
14262 38705 19181 57188 20568 93389 47216 20541 94274 86317 39205 
1176 4
73568 49172 58320 74881 
308 10
81863 90292 3724 33539 60819 82411 16844 95260 76088 19465 
477 5
72956 97255 42512 3045 40920 
564 6
35315 74023 82064 58082 8740 52036 
1338 8
65671 39169 66142 38394 14552 48771 35884 4005 
541 8
14244 82324 77613 39263 93429 74512 16861 34737 
742 13
18615 63864 83789 83156 78278 18665 61087 51727 70413 8587 28537 95826 73349 
133 5
18177 22104 43000 29958 28106 
491 7
80809 62720 51184 45746 30797 56920 31230 
1298 5
28349 78709 10175 36529 41997 
846 7
51448 63441 65136 93574 85913 71812 29060 
212 3
35807 83018 28160 
553 6
78989 74432 53931 42175 73665 26069 
170 5
14471 35605 81472 44748 91804 
230 6
12970 5873 48269 76985 51061 18962 
452 6
67430 32187 70128 72381 83203 40488 
1192 7
3630 99763 86073 82474 20528 79516 11750 
996 8
17847 31804 69448 49312 52754 84750 97193 55226 
671 8
36225 68401 12905 93885 88266 40923 41181 23054 
1329 10
14274 63312 46033 82491 70632 59275 29314 37516 77310 94994 
1141 6
69769 69817 53497 76890 26951 73967 
631 7
41326 72327 61980 4476 60410 41985 81948 
487 6
77543 28743 13331 47572 38730 70790 
1272 6
25499 74700 3239 35931 4960 15858 
1314 5
90853 28045 67828 16833 90392 
679 6
25787 57809 51242 31895 41363 78505 
653 5
53515 45596 2682 80385 7961 
288 9
71240 26837 68181 26451 58585 55449 56089 28578 46634 
1168 9
21073 40422 48056 11717 2438 83716 86912 16902 51346 
766 6
84107 37951 225 98923 99068 66976 
1363 5
63717 46345 52388 10259 80445 
24 3
68460 644 56676 
714 7
56939 81200 21196 73883 16994 28062 9945 
431 6
57059 19581 91179 23568 68325 60418 
753 6
96899 25259 5594 23510 96711 92761 
1144 8
80805 9263 58630 8462 88679 59617 77632 38476 
962 4
40146 87490 20487 64048 
191 6
12499 28766 60486 24286 8361 40056 
1076 11
78442 82937 29641 63984 3223 80528 27848 71001 69483 94603 60833 
471 9
44474 96448 2599 61346 31000 48281 55509 58129 53445 
123 5
66610 70006 96177 48677 39540 
1348 4
85626 2867 3932 16366 
831 4
99439 73983 15694 71415 
934 7
67685 49307 21006 71626 30414 26799 25656 
75 6
11599 50038 47094 62737 39241 93002 
652 7
26282 31850 10092 32327 99860 54614 82042 
28 4
45373 57207 97538 16431 
1083 5
53572 9268 27363 95155 47576 
799 9
36472 81925 373 21276 24205 44137 9302 80538 93760 
196 4
37534 81424 12723 79562 
1232 9
74825 30730 87676 53318 75485 56132 48597 93221 34893 
840 7
75458 49717 1166 95758 15324 19580 7998 
59 5
12056 76432 43178 769 94719 
724 7
70145 85558 88446 76130 8021 57871 42739 
1364 5
4311 23600 54899 53425 64057 
412 6
2546 63051 27340 78993 77551 82976 
1359 6
23360 50372 33086 64788 78736 13926 
73 5
43460 97787 27516 77018 57343 
222 4
79890 55931 17768 72447 
