226
1467 1
45158 
2973 2
62476 5292 
4006 4
71805 68916 26428 68337 
833 3
37824 96794 24432 
2756 1
79779 
2719 1
17216 
6478 6
83841 42198 21431 32038 42526 74145 
14 3
84379 49508 39003 
6347 1
60282 
707 3
9314 48844 10111 
982 2
45372 49951 
2408 3
86257 23683 69413 
6343 4
29102 14809 45042 87872 
6905 5
82930 36785 46693 42388 7292 
3311 1
41987 
4815 1
62281 
5097 1
32114 
6707 1
83427 
5717 1
28229 
5499 2
43334 67259 
4831 3
65813 47612 31984 
7438 4
66269 41017 27697 49683 
158 3
95737 87440 25607 
6475 3
84715 22951 46916 
6363 3
41436 83101 45830 
1883 6
23970 66002 30570 64421 63979 72550 
7407 4
83843 96503 68147 59530 
5497 2
93106 4751 
4192 1
22646 
6672 1
42474 
972 1
36845 
3250 2
96024 34248 
2124 1
6419 
4553 1
33144 
808 2
96184 71616 
5398 1
55832 
7100 3
34046 80706 36849 
4872 2
50802 67173 
402 3
87086 42158 5927 
5902 1
71440 
1022 2
5499 15226 
4834 2
92394 50457 
6435 4
17052 79394 35243 64462 
4300 1
17627 
6622 1
87629 
7411 6
26832 27494 50942 84750 86659 53980 
1625 7
68526 69622 57200 95550 59779 30972 20367 
6577 2
87370 37268 
3319 4
92828 73059 10882 99404 
7015 3
44506 87223 41402 
2920 1
43651 
3059 2
23559 14408 
3866 1
24711 
5305 2
94157 61428 
5289 2
12351 22712 
5588 1
54724 
7231 6
3250 2933 57097 91086 5367 29237 
7098 3
91482 38191 46758 
4888 3
23990 82982 16891 
264 1
72502 
638 2
23692 35925 
5461 3
80000 48091 1053 
56 1
95209 
1799 2
98935 12348 
1861 2
59880 49290 
7061 1
90397 
3990 5
72805 3800 53971 97140 72300 
3720 2
98868 4398 
6196 1
68115 
4511 1
28566 
1035 4
84510 4980 72670 78180 
974 3
24860 48136 89974 
2989 2
18190 82432 
1646 1
79410 
4668 2
90613 8351 
902 1
47966 
901 2
68088 56903 
3393 5
79357 31629 21590 49140 76723 
2800 3
56329 67726 31955 
6396 1
19279 
4787 1
54854 
494 1
93942 
6414 2
62074 87122 
7292 7
17668 21067 27658 95203 42560 77475 50321 
1081 2
95415 57136 
1268 5
59354 52000 81721 97484 29342 
6412 1
46253 
2207 1
89479 
3807 3
11060 56585 61831 
2417 5
43365 48472 74268 94606 49230 
3923 1
53091 
1643 3
21611 4026 29162 
962 3
55 11372 3752 
4066 3
5638 89761 19399 
5269 4
74533 67883 60844 23434 
6640 1
49288 
4671 4
17801 65440 13950 33571 
7200 2
78504 52535 
5730 1
77480 
3603 1
22678 
4220 2
13867 97147 
6238 5
4298 61348 15673 8969 54381 
5906 3
99451 49062 10735 
6122 2
24402 81852 
2571 5
14178 36525 34364 3223 71084 
5982 3
13391 44488 65884 
2909 1
82550 
680 1
23179 
4061 6
1980 60328 58824 26603 4017 95411 
7246 5
18795 3146 91195 4806 5190 
188 3
42631 9975 43738 
1892 4
86789 3523 96755 3737 
4406 6
44500 53932 57515 17108 57448 24028 
3676 1
72745 
5113 2
63940 93760 
3709 1
47713 
6409 1
46509 
1239 3
7761 88788 4164 
5626 3
87235 48936 73949 
4666 1
47193 
4365 1
71014 
5619 2
53218 94729 
2723 2
79302 88809 
2137 1
76589 
5694 1
66733 
2352 1
11414 
4042 1
64921 
6937 4
98880 97721 88731 65151 
847 5
20501 90554 85434 44242 70857 
7019 1
26467 
7157 1
45398 
6012 3
86816 89306 24750 
1535 2
41821 51854 
7198 2
25558 57472 
378 1
47257 
7425 2
78149 26099 
2385 3
35222 95911 16298 
5670 1
19960 
6404 1
72421 
4454 2
18113 44747 
1336 2
14728 69969 
6748 4
63944 38170 1143 57391 
4435 5
94019 74513 20286 28400 44979 
2484 2
84318 34865 
4513 4
92256 79561 23215 84660 
4703 1
93533 
3486 1
51895 
3404 2
43228 41432 
5159 2
804 86517 
3563 2
7586 84859 
842 3
18395 42333 40059 
5447 1
77725 
2740 3
20942 55110 38916 
5802 1
68233 
5943 2
88481 92995 
3779 1
2412 
5684 2
30477 38144 
6901 2
38366 65690 
3775 1
71623 
5607 1
21373 
628 4
60873 85289 65088 51553 
4266 2
91585 19286 
897 1
31906 
5620 1
52926 
1285 2
76501 9981 
5358 3
38594 24111 21813 
2092 1
27171 
6979 1
7770 
5975 1
53966 
5033 1
6889 
6492 2
49162 51725 
2369 4
22853 12473 93238 82979 
7006 1
27835 
2234 1
50636 
4118 3
25010 71028 67844 
923 1
29400 
2699 1
45301 
5548 2
27314 68663 
5977 1
89043 
7535 2
65318 9020 
6939 3
42570 17938 88418 
5758 2
66922 51721 
5086 1
28163 
5976 2
19877 71583 
5123 1
57556 
6508 1
23283 
5404 5
46140 67249 28221 63547 41366 
2149 3
29725 93375 7666 
882 2
17458 6570 
2230 1
92825 
6637 4
61698 79228 26550 52116 
583 2
26523 32752 
789 2
75561 42957 
1805 1
46112 
7245 1
43774 
6022 1
2101 
1388 3
86710 89120 52001 
1520 1
84389 
2891 3
83746 80569 18107 
5938 2
9072 16727 
1316 1
86790 
4897 1
94115 
6953 2
28142 93177 
1824 3
31196 69604 17229 
3584 4
19780 72179 30572 62925 
1332 2
41637 13269 
3363 3
31654 77329 35264 
3303 1
80175 
4598 6
66610 94909 98743 33236 67838 92963 
2247 2
47210 59249 
1522 5
96824 16572 23599 86633 84904 
329 3
24604 9083 13099 
3812 5
46934 11200 4720 58804 98383 
6542 1
83516 
1355 7
90891 49749 63260 3249 89073 26377 8214 
530 2
82573 45717 
3644 2
15075 42653 
587 1
26444 
271 3
87728 5222 86601 
3627 1
3075 
5162 4
69012 8995 67583 74144 
5314 1
33603 
7119 2
69537 60128 
5529 2
30328 34348 
1257 2
18550 98963 
3386 1
48464 
