236
3199 1
11143 
8239 1
60152 
7071 3
28815 34061 1785 
5821 1
33249 
8616 2
53362 52128 
4410 1
61232 
5641 1
44574 
3840 1
23750 
8763 1
25712 
6361 2
48032 25304 
2714 1
35111 
5364 2
127 55743 
5569 1
52625 
3637 1
53542 
5601 1
24068 
1189 1
24636 
717 1
46158 
2133 1
51589 
6133 1
33437 
3430 1
6929 
9014 1
44084 
932 1
52400 
9750 1
27537 
4955 1
52472 
5491 1
59983 
3037 1
18648 
5782 1
12346 
4898 2
6644 27759 
4928 1
32016 
5444 1
30924 
2136 1
60287 
3695 1
30629 
7686 2
55425 4626 
6168 2
52246 28612 
6207 1
49991 
696 1
17798 
9497 1
1607 
5093 1
34769 
632 1
1097 
8296 2
46552 40730 
5480 1
60729 
8639 2
57481 22669 
6701 1
28123 
118 1
38101 
5277 1
41979 
4618 1
23662 
5547 1
45371 
3564 1
26529 
456 1
14776 
4554 1
14072 
6001 2
38749 9740 
5573 1
60843 
4366 1
13223 
5380 1
56082 
5156 1
14343 
10010 2
61665 49789 
4959 1
25806 
9691 1
28534 
2011 1
8786 
2373 1
21419 
1901 2
6105 3734 
10032 1
46297 
5703 1
25028 
4794 1
20867 
1345 1
20350 
5765 2
54472 4063 
3982 1
3791 
5486 1
49464 
9681 2
50012 40188 
5271 1
3105 
2160 1
39103 
3906 1
27318 
6199 1
247 
1741 1
40240 
9818 1
32785 
3084 1
45498 
9084 1
554 
4926 1
59512 
4679 1
52298 
5174 1
53209 
1878 1
49112 
5634 1
9678 
5159 1
22663 
1045 1
54313 
900 1
12579 
2511 1
51913 
9767 2
60538 28828 
4840 1
18006 
9137 2
45416 58188 
2022 1
23416 
3875 2
59226 9484 
4689 1
27548 
9446 2
34479 53521 
271 1
33712 
2223 1
44367 
8128 1
10756 
5308 1
31944 
6150 1
17005 
7447 1
5505 
3804 2
26034 10621 
4807 1
51027 
5013 1
47102 
2049 1
24310 
3015 1
1017 
4802 1
24613 
3609 1
37077 
4501 1
35138 
9374 1
42662 
4900 2
22480 59269 
3656 1
45378 
3259 1
59017 
4527 1
40140 
670 1
45827 
7578 2
7789 60000 
7445 1
23855 
4183 1
48898 
6291 1
35649 
7734 2
13578 40652 
9174 1
25714 
4146 1
58660 
3111 2
17122 28996 
3172 1
46321 
3043 1
23817 
3152 1
38815 
1903 1
20828 
4552 1
57537 
5874 1
37960 
4530 1
53001 
4222 1
5588 
203 2
56817 32424 
4169 1
4192 
4829 1
4160 
5645 1
17873 
3668 1
59040 
7645 1
21150 
3546 1
42923 
7148 2
55887 9397 
198 2
58353 61390 
4268 1
40112 
1694 1
12964 
5733 1
41108 
5155 3
14919 39226 2676 
2331 1
49723 
8257 1
39502 
4518 1
53552 
4803 1
42094 
2562 1
27495 
9306 2
24953 32473 
3535 2
6483 7224 
4387 1
58448 
6136 1
36212 
1840 1
55351 
3682 1
25009 
8716 1
15790 
6458 1
17478 
2275 1
43173 
7584 2
27140 43946 
5980 1
12768 
8084 2
27629 42070 
5918 1
16214 
6089 1
61935 
4508 1
13363 
8766 1
4550 
406 1
125 
5961 1
32510 
2184 1
26159 
4688 1
15228 
3369 1
20873 
292 1
40591 
5958 1
32258 
2236 1
27605 
6179 1
54080 
7392 2
50010 12906 
665 1
22985 
3774 1
13679 
5422 1
38243 
58 1
42695 
1921 1
15145 
9981 2
50728 9459 
5764 1
20337 
2172 1
21973 
8819 1
45453 
2847 2
45260 33054 
3074 1
22711 
7019 2
17143 57349 
7466 1
20761 
5043 1
61603 
2210 1
55377 
6193 2
10577 52174 
1772 1
57210 
6081 1
55230 
6033 1
56585 
4934 1
41232 
3447 1
9050 
1942 1
49026 
4886 1
24397 
1006 1
27004 
4219 1
22470 
1243 1
42646 
3391 1
45631 
9463 2
12364 29668 
2864 1
30995 
5640 1
20452 
3889 1
58131 
1523 2
16698 31003 
8303 2
14260 17934 
6942 1
9276 
12 1
5577 
4843 1
28036 
7526 2
7376 18697 
5413 1
45087 
4690 1
55353 
3215 2
3749 36825 
4012 1
43389 
1090 1
28847 
938 1
29051 
6316 2
60240 17973 
4902 2
42370 9649 
4825 1
37560 
8912 3
41249 1738 34710 
5612 1
60931 
4459 1
30331 
825 1
36395 
2051 1
833 
1707 1
46651 
1667 1
37215 
3626 1
32773 
6774 2
42457 56476 
4545 1
34468 
9853 1
61241 
5103 1
2997 
1238 1
2382 
2551 2
55641 9605 
9858 3
62157 1907 11275 
7294 2
20611 55438 
2712 1
26496 
