48
4579 12
34255 27265 12277 93132 7502 57784 47404 99550 13055 55640 70162 68044 
745 13
23159 81486 23955 10652 40494 12340 55731 94114 78557 4796 31503 66008 66487 
1430 13
12562 89503 61237 98206 60860 5380 73275 91354 26112 35361 88929 28041 79817 
5142 13
73821 94496 16000 62926 78850 13122 26094 26030 62817 81558 88174 16088 37479 
6093 14
96259 77333 81000 6326 31456 22533 45893 53678 46504 18349 70360 28 93300 46586 
2145 14
94261 58796 75724 71969 52823 80403 10866 26564 95768 23614 70377 54779 10264 51317 
958 13
18296 48244 27886 14986 11626 34264 12645 6383 57526 84617 37964 69139 18567 
5095 13
56668 79518 34527 88162 21986 46189 7555 30622 33462 50868 97833 64469 6225 
1927 14
89462 73390 86293 4666 25420 87581 91447 85461 72887 80511 39537 55502 19931 3283 
3258 15
36122 23608 55458 72575 32745 32937 84082 4142 81286 93165 38781 95993 68078 53440 53289 
4011 13
13435 58498 42638 96084 14800 97127 53313 53691 93603 44428 18831 44801 71074 
957 12
2809 65694 77317 58543 69470 86056 70233 50013 48255 3289 78852 29509 
4791 16
45353 92944 97448 83493 52679 13583 44746 64043 7573 47283 98587 93254 46115 80755 67970 71636 
2989 13
54426 20814 78015 72744 93999 45412 13478 16263 44757 84338 54936 15859 96932 
4652 15
7492 77059 39970 69827 76873 1569 77197 84782 65892 98263 26727 46480 44016 71602 12871 
4056 13
25244 29450 99457 48367 89763 22510 57342 15355 74482 82443 49925 15198 63276 
2286 15
55423 41223 34581 92278 62518 50459 79300 99872 39649 85986 89450 22480 96108 17719 50115 
1192 12
70908 27103 5631 36109 67280 44839 67006 36456 65731 75735 51623 75334 
6252 14
14161 41436 71581 36519 18770 1691 81066 88750 30683 65486 70923 51292 99184 29801 
3475 15
35601 2370 49087 90734 49726 51175 98403 6984 55062 10981 61823 9213 66488 1733 84642 
6575 13
83337 99259 91088 95081 16831 81147 99803 55555 99581 46607 7125 30736 38592 
4040 13
65194 83936 13127 41529 94820 90972 7473 87205 6664 82673 22478 76848 76747 
2725 14
16845 25254 8963 80674 1513 24352 37762 53896 83526 77865 13873 2873 25187 5461 
1214 17
53686 92133 83884 18007 52478 32458 36639 20835 82194 59974 56994 67617 45217 79714 99851 87845 53232 
1535 13
86151 43227 27752 70856 10509 47841 96495 72863 27553 24355 3956 76421 23710 
1114 13
63402 48400 5083 86818 74088 55659 37002 39842 51427 58896 93335 63381 60734 
4766 13
39631 36450 45686 91330 12957 11074 57882 99019 65017 94219 48164 41682 8804 
3565 16
18631 94574 9537 16970 59295 1036 32128 6324 15092 88533 57498 24845 9458 3643 27804 68753 
5138 16
68115 92217 61338 59150 61085 97217 63208 3406 30281 18013 12543 93465 79188 46288 19738 98275 
6440 17
13498 13470 98824 89273 89629 84302 55841 68880 44773 32694 7822 52777 84425 65970 18878 86928 73480 
1125 13
91153 88207 32177 91898 80283 64438 40691 71727 20419 76164 11089 12659 26431 
163 13
73029 72956 82540 56861 61699 53912 17226 4825 19109 88054 87270 4232 32028 
3020 14
89737 15247 93773 21413 77912 70634 19994 85071 45790 16546 8158 14728 94378 77089 
3279 16
42143 62471 23584 83587 86891 91111 82372 42664 44153 4041 89931 53302 35165 82424 96828 14086 
406 13
11357 22300 24270 59296 32045 80466 41190 52640 6239 33664 65603 99056 56398 
33 12
21826 84816 75633 35811 95071 96609 17423 66723 54279 54569 39212 71804 
3175 13
77745 35494 83586 56760 67015 99578 25285 93858 957 91784 23233 59242 57953 
3389 15
37604 69779 98571 36308 94064 48973 38560 9001 49213 46909 97110 9867 51054 46503 22447 
1058 13
86654 95149 628 40280 87363 56855 91008 99026 71625 11699 37175 33141 37390 
933 13
38208 71882 25776 72112 53805 87461 86416 1260 10819 14279 28081 95588 98432 
1565 15
17003 48157 76087 59541 65253 10683 74507 22808 73382 87021 80822 38579 35062 25575 90757 
526 12
22353 58456 58982 23723 78405 50219 99927 13321 41133 43534 64205 11726 
1908 14
47335 649 19970 76985 20725 39041 65644 64571 61394 75251 89097 77781 52175 74854 
4572 14
85280 77695 80518 93966 19781 10974 52444 10488 97662 61126 34185 9588 22058 26594 
2090 13
41351 35700 70748 11400 5087 61528 80292 58036 74230 55901 3376 39752 64874 
6620 15
29772 75104 48540 41530 51497 41860 37603 90232 92250 81455 97805 9566 24945 10464 78683 
860 13
59794 15978 8071 75946 4466 54232 86100 11040 75933 86154 22210 2849 59336 
3416 17
71617 89988 25460 40843 30198 56379 75247 43623 7440 40611 7562 8994 94942 98329 6587 50312 47629 
