231
5001 5
84130 22620 50332 76009 30462 
382 2
35167 95695 
4932 3
3395 54556 30628 
2012 3
17054 95350 46668 
6495 4
9896 2129 64588 13334 
2730 6
49794 28899 9105 71517 80420 91441 
1646 2
77040 56111 
6705 3
8379 19543 34214 
4093 5
8135 65411 96665 96203 35852 
4155 6
88261 92008 98518 30013 7514 1311 
4783 4
78964 20059 56439 62704 
5069 5
217 83148 8077 64996 36790 
5778 5
68992 62901 32765 73916 70100 
3952 2
9872 83025 
761 3
14754 9208 77601 
1336 2
87015 9793 
2392 5
89144 3779 95984 47148 42423 
119 2
91765 52408 
6326 4
25004 19498 853 71637 
1882 2
20680 92691 
352 3
56748 75160 11854 
2074 5
892 66219 1868 51648 70084 
3051 4
14477 77405 89259 88729 
1930 5
42564 32422 34460 22721 87983 
1473 5
23028 21313 27376 21041 73839 
3783 5
91659 20646 88541 60252 27129 
1726 3
63993 27329 56421 
105 2
95206 66833 
3302 4
13814 6740 24081 59602 
1892 2
11941 12248 
6480 2
21047 906 
5229 5
52531 58843 20876 9557 42664 
2744 5
31391 44230 32299 36255 45270 
558 4
82072 11621 23495 61767 
2088 1
20629 
5674 3
64350 27568 44118 
1488 3
61201 50580 38843 
3406 3
33874 22485 1823 
2680 5
94727 5837 84675 30680 68338 
1 2
45162 99497 
4956 4
27619 4199 97223 57387 
1988 4
88376 34060 65106 4833 
323 3
23287 90883 10398 
83 1
80630 
3392 3
44311 66144 16798 
2842 3
71279 33181 98181 
4091 2
40636 63196 
1974 7
81001 15145 11992 21562 87778 35308 61875 
2316 5
20161 46533 65910 62973 93891 
3066 2
86636 62534 
1582 5
56860 70471 34689 43704 58571 
1379 4
64758 18403 64839 61502 
1535 7
98883 12823 12998 90812 67948 35238 44533 
4141 3
95216 54205 43781 
84 10
3441 40757 92157 74821 33560 54459 92018 14834 77533 86889 
145 4
23341 70926 11330 86385 
2798 5
28188 10429 6561 18181 12430 
1516 4
5965 33381 38741 28131 
4481 5
99133 56574 89635 69493 60149 
1391 1
90567 
2176 3
8610 87285 44110 
4811 2
88094 76872 
4598 6
9513 1995 66537 55690 56154 45164 
2717 2
40941 38231 
6537 6
63128 88011 58962 63987 80527 58049 
3608 4
89142 86492 21687 50860 
6142 5
25480 28550 44830 77876 78821 
5244 4
49545 88747 22978 28401 
5078 6
30800 20399 13174 75828 87308 39232 
3489 3
45515 14812 53859 
6629 5
4539 87104 32509 13535 98933 
3477 3
48004 34348 70998 
357 1
43774 
1140 5
38997 21418 95150 42802 87049 
6569 10
82653 62124 12081 17340 65653 38320 69005 47580 48137 41495 
6100 3
87947 15738 92057 
3676 2
1001 98007 
921 4
48178 2174 10215 20452 
5623 2
32759 62874 
1408 5
21461 94687 12701 79672 42845 
5636 4
93024 13059 28342 96839 
4555 5
3628 44466 81837 64912 48397 
1144 2
8669 5465 
579 4
92103 18362 88497 48805 
6044 2
23522 42772 
2533 3
25186 64357 36653 
1281 3
84572 54695 51500 
673 6
16602 34440 21197 2137 17058 88980 
305 2
41915 39466 
5788 3
92546 8196 51658 
4193 7
43515 16594 43834 21509 88811 81468 61440 
4946 3
64873 16784 22641 
2639 6
3838 30640 94123 98233 6151 6840 
242 3
10243 3242 98878 
3837 3
78202 64462 76750 
5717 4
81716 33707 2728 63864 
2538 2
27926 86511 
807 3
24197 87442 6669 
3653 3
89304 49311 47260 
4221 4
60482 70241 51123 47654 
2720 7
47803 2499 65424 26538 62269 39114 16829 
394 3
5011 54796 17875 
1431 7
34116 76455 83464 6094 65116 85020 86718 
5869 3
13127 37150 60386 
4395 5
47860 10275 13870 15460 31077 
389 2
90896 19672 
3912 7
95377 2496 3824 99640 84845 77863 91133 
3126 5
26101 70523 74838 29270 40207 
398 2
87352 70135 
4703 4
18866 48133 12750 70077 
4579 4
48580 76081 15998 20512 
353 10
95516 3219 51195 71488 45199 83819 39963 36681 21341 13487 
1016 3
7589 10118 14406 
178 2
73699 15753 
1777 4
60588 86744 30747 78062 
261 1
53256 
1235 3
84853 46832 23294 
632 3
5188 82351 85068 
3564 4
65398 42059 14875 84523 
228 1
12127 
1178 4
37739 26279 99610 68497 
3570 6
51771 67638 60766 92797 29758 18400 
1721 4
64899 33305 97583 20267 
2985 2
2397 7493 
4347 5
47903 18744 41285 82528 70723 
2572 4
71093 5898 80993 29257 
5677 6
52361 46669 85472 54439 56517 15801 
4792 5
76835 49713 55552 78585 97894 
3907 4
79704 9715 67408 12505 
4211 3
75026 81339 84595 
2757 3
53258 24297 78112 
2792 5
15565 18185 8047 27069 2110 
1701 3
72304 36694 15888 
5127 8
37158 9168 79970 16547 63666 52468 4722 44598 
360 7
9108 49064 26457 52434 27911 86296 76856 
2928 5
43869 78163 37024 92138 86581 
2809 4
58698 73629 25293 66557 
316 3
28937 30731 79028 
6696 9
10341 57929 82991 64140 52339 44715 71592 83230 49023 
1143 9
36269 40250 9594 23457 43832 61948 48406 26984 36483 
1568 3
54693 92373 93316 
3474 2
3290 59065 
4757 3
9160 88507 20405 
129 6
70098 60941 53628 88245 40686 85879 
6313 2
68627 80098 
399 2
73858 421 
2180 5
863 63092 58704 34242 85410 
5716 3
87306 66531 28100 
4948 4
4102 41089 54206 76114 
5008 3
81884 85291 52654 
3983 11
39163 53738 9451 77523 74501 35092 53090 95947 54955 69420 93360 
5410 3
39638 51656 14029 
5272 2
52378 90636 
5879 2
25854 75905 
6429 4
79860 22946 82984 44789 
2866 6
85637 16672 27892 82415 43348 75161 
94 1
17971 
5502 6
97162 39728 63596 13306 72922 78856 
190 1
73462 
2670 7
34379 51209 72579 63320 25331 63617 75807 
2430 5
32867 49973 18010 20149 14456 
12 5
63058 28689 28348 72420 7542 
1657 5
51628 47481 86663 23548 94874 
2737 8
20366 61813 78767 24163 21399 94128 99313 11005 
3342 2
84102 40927 
3330 4
78886 535 15673 18342 
4270 3
8066 9631 8173 
1287 5
94871 36486 49145 30571 40062 
5552 5
38637 39516 33774 22397 56763 
5437 5
87622 65011 20765 20157 27470 
3140 3
66886 13882 88326 
3568 4
28274 30862 98135 4585 
2448 5
80792 2731 42060 50947 670 
1614 3
33679 97640 88403 
116 3
71205 39034 77984 
3880 2
52583 23261 
2715 7
74981 99871 99234 19870 98610 52186 87486 
6108 3
37177 16294 11874 
307 2
94643 8753 
3612 4
53148 50546 59873 54207 
4185 3
89077 47926 5360 
1556 2
32076 23226 
2458 3
50006 78859 65895 
613 5
49756 75838 7983 61358 14963 
4508 8
8831 23265 59949 12014 3430 78068 97904 35973 
2836 3
43634 3151 30637 
6325 3
95069 29247 4911 
2721 5
87866 87572 83793 75996 59674 
3087 4
69652 81148 24459 73626 
6124 6
85128 84279 40036 58403 9558 53153 
226 1
7939 
4799 4
3381 26832 49862 52935 
6047 6
50902 68986 18422 25857 63580 66377 
695 3
30341 15305 24484 
6554 5
47773 32773 55157 85101 66969 
5290 4
40501 19976 26872 51327 
801 8
27205 94780 80250 41773 72897 41200 7064 48311 
2389 5
94864 75606 28925 47220 55233 
616 3
22448 4309 2011 
4824 5
25966 90676 52763 96083 14191 
2133 8
96873 74162 27026 88938 29034 81715 21212 61135 
6290 3
94796 48022 33878 
2674 7
71829 56313 12378 59701 38896 87184 34826 
5632 7
99562 99773 46237 83592 99891 71503 24452 
597 6
52706 71385 16359 60032 88038 65638 
4420 5
57301 33927 16955 39069 63837 
6534 2
44090 1790 
1929 6
62606 17185 98932 98462 19761 25349 
1615 2
87089 71325 
4088 5
14255 16136 31706 68621 76331 
3365 7
53958 41202 64507 46723 96106 17075 33116 
1024 4
5031 14048 29163 4493 
1512 2
49754 38995 
1855 2
40375 53131 
1809 2
8284 82129 
2038 6
40318 99888 58453 51050 31810 77487 
4378 7
46200 75438 50487 72528 62256 96580 4839 
513 6
64778 9046 10974 75954 82790 91515 
4057 8
4466 27285 16179 33536 82066 89043 85300 12664 
5917 3
8101 34506 85401 
299 1
58158 
4454 4
52638 1023 66822 10893 
3937 3
9729 79895 36168 
3116 3
98204 45909 91295 
5110 2
40803 96967 
4266 3
54943 48409 31500 
5491 6
60259 30246 29158 87391 69680 17453 
679 2
77951 10234 
2440 4
5 44985 90217 63583 
2232 6
47142 58052 66784 48095 394 36319 
6527 6
76283 85067 25128 8537 12977 86750 
