120
1397 9
45954 60145 188 64490 50271 20296 55864 38131 47944 
5742 6
91541 82931 8683 6803 24179 66249 
2790 8
73547 61976 69355 64702 62187 7832 50231 42570 
738 5
48927 5496 50719 24675 96771 
1350 5
85202 657 45337 31864 63660 
4894 6
17093 38821 93614 40069 81616 97640 
3804 8
65453 2743 65670 15464 41335 84323 4251 76486 
962 5
73916 96668 29331 37220 21379 
6054 10
10952 15976 16613 37728 52016 67641 36115 43230 5898 38736 
5547 7
97881 35982 23526 7383 80875 59185 59994 
336 5
16242 53457 24470 98725 93699 
2376 11
98840 3835 92444 7685 86696 15108 67419 36277 86327 68080 46972 
5577 8
2454 25265 60413 21756 97321 44547 91718 43754 
2754 7
38188 11626 92018 11226 39801 1379 44764 
5430 5
66105 48114 46181 60332 74846 
3942 10
78261 84609 96004 6860 5079 89659 61025 71757 48594 41640 
1636 6
41135 95607 46080 58010 12349 30066 
500 4
35677 69709 80003 1975 
4922 9
9563 58943 220 63560 94479 74055 87313 74904 38387 
3045 5
53240 27676 95610 9004 17886 
166 5
28561 45308 20703 20860 24454 
1774 6
84148 45044 97841 39300 2673 21974 
2483 6
69997 64982 27399 97723 20470 89573 
741 7
1053 49564 83511 4697 8965 87501 80614 
2338 5
33881 9512 11597 36939 45736 
4706 6
49760 51153 98018 58019 72544 46674 
4345 7
17389 42148 71438 53073 36183 87210 18067 
2262 6
31077 63268 15363 30714 46248 71508 
1640 6
59314 13266 62052 29808 37965 65900 
827 5
84742 46548 44595 29404 18231 
3686 8
73987 62665 57982 68346 14299 97891 14682 62117 
2256 7
55916 46781 35732 86346 79687 69851 32486 
4737 7
54577 28469 38876 64573 10476 48119 28380 
2623 6
77465 72356 10463 29102 5742 55234 
2318 6
26035 64575 66215 30041 46254 14965 
5268 8
89567 63892 87461 90090 40867 58151 85018 3038 
5878 10
88772 54466 92530 69308 25718 8291 22875 49363 25829 3217 
6268 7
15616 96900 49322 63847 87658 71836 94843 
50 5
62736 71446 48968 83935 21975 
5648 7
20790 44651 27411 99539 8782 22265 67714 
1191 6
57498 17776 24908 91297 42149 60412 
5930 8
16047 287 46981 2479 4117 13818 97243 48437 
21 5
38769 24934 15725 93815 58162 
5772 8
14406 62863 72719 34303 76644 73769 58483 31871 
1369 5
4224 23056 14714 10003 34850 
2800 7
26025 25717 13353 50852 97840 84274 61756 
1056 7
63749 63550 34540 18180 54862 40882 86852 
967 4
8707 70395 87140 99015 
539 8
94158 53179 18812 61608 28739 6440 38533 97844 
1500 6
18975 29806 81610 53902 76523 22915 
3647 13
59882 9283 25727 90025 14916 10053 85974 14305 20150 10759 87820 21966 44996 
4500 9
75789 50938 38155 40521 72013 25618 48743 23487 70206 
724 5
53840 17927 86768 98585 49263 
4812 9
35687 9405 50761 65947 67161 39071 85946 87012 93399 
7 6
76336 31028 2358 75702 17395 77028 
4892 8
62003 52691 27527 89729 54929 19298 8518 74919 
3915 8
96933 10923 7680 70817 79683 49392 982 51670 
795 6
64189 4436 34647 62969 16655 91543 
4878 6
21891 60399 17801 78670 18832 42802 
37 6
94849 22182 17862 50495 56737 68701 
3151 9
45261 59370 76934 11635 12255 95533 15926 90775 26909 
5695 8
6400 35805 9002 61390 46824 42601 84168 99758 
4649 6
45707 86743 80442 71099 75320 84110 
1779 9
44460 85090 79484 71187 57849 66155 72112 47739 79431 
5748 6
95783 75006 44925 13175 72671 31782 
4047 6
95473 22722 61490 30689 15378 17742 
3391 8
49208 1982 51124 20158 90104 53556 96398 33728 
3594 7
74229 58849 53065 25788 35344 41609 82164 
6086 10
75675 46420 75771 9091 32319 5460 90887 57713 61895 65721 
3113 5
51520 61622 19000 13515 56641 
672 8
89726 2874 21135 1266 21897 32268 47518 61857 
5973 8
61209 92074 87359 69317 92628 55428 53607 44145 
3270 6
20318 41412 21208 37336 52724 8610 
6247 9
71753 43980 81020 69541 13098 55028 70759 36298 52590 
844 5
84678 2937 35979 56240 81964 
713 5
29172 89782 73770 23408 34701 
2361 6
70324 44630 28808 22098 31140 42467 
3083 10
70434 70131 73068 14520 49900 98698 73743 95740 92713 69415 
2420 5
70290 14702 5787 8673 67220 
2673 6
56985 40200 24878 44492 19144 40124 
1552 4
23214 89609 2661 49523 
2421 8
71801 77975 38669 67223 2767 38062 33418 33634 
61 6
79043 85070 89176 190 59193 98292 
1339 6
76314 33337 62137 76736 35753 86379 
2550 6
83100 16307 61842 43150 63266 71078 
6051 7
21228 39228 52424 83841 86473 27942 23779 
970 5
16023 77831 94583 20436 59837 
4571 8
38438 98114 39454 9593 2460 10269 81825 14712 
6233 7
33951 44975 90711 4728 91687 89451 82453 
3860 8
98655 49117 73553 51182 67705 63867 79927 95340 
2328 5
36736 41515 32327 59560 76269 
1897 5
63893 5724 55579 58726 77892 
1259 6
64357 38067 26288 32102 59827 56666 
4370 5
99810 38957 46899 55964 30972 
4889 8
94601 60714 21546 37181 46766 79722 63123 6751 
6085 6
67737 76170 62004 66624 32990 26760 
5151 6
37992 16680 18107 55632 53299 88433 
3524 8
10484 86002 9638 73079 66063 40910 69788 73552 
3905 6
77095 18506 19687 5433 3175 16640 
4382 9
4126 93898 20848 23824 89975 74782 98085 52371 43133 
2591 6
71626 53100 50825 72711 12498 92456 
1257 5
9408 88504 68781 79354 22567 
1006 6
96884 24888 77697 30963 734 45652 
1055 6
83232 76799 5407 23132 88581 20044 
2207 5
38918 75551 87584 68627 75612 
3910 6
50541 89629 18176 68335 48776 34737 
5309 5
75902 49913 72346 90155 28645 
1964 6
1109 1255 61286 66703 59111 54821 
2887 6
66124 44198 28035 61746 21085 60848 
289 5
26595 76135 74245 88541 1407 
5098 8
72126 26261 70521 43665 32520 33064 38461 10944 
721 5
12550 13852 90277 76312 92562 
1776 6
96749 38962 31213 31584 47488 81516 
5508 7
74464 69850 75890 36742 33644 23651 16446 
559 6
84813 25795 36067 69076 27686 27514 
476 5
39029 73597 79501 23768 24829 
2539 6
3214 99755 46443 54438 84634 20482 
4116 6
12664 74847 2267 9061 76660 30720 
663 11
86235 98354 85240 41058 49884 63805 18512 79767 16582 7945 61508 
5789 8
57562 23043 77295 63960 53652 69685 19258 91175 
