325
139 25
62380 28745 61888 51597 45982 60094 243 84577 31156 84855 19671 15883 53352 17037 53500 52295 41483 22678 23892 88923 67732 75133 9414 79203 85541 
336 25
99100 41289 45422 99630 2360 54584 10636 95799 25747 23129 89058 40758 96210 91634 42015 19171 80191 17136 9489 9046 15550 4963 24240 4894 4290 
977 24
11513 57370 37884 2845 11710 11127 27479 82773 63333 5070 50206 26958 10464 76979 2504 63146 52150 81258 18174 23423 5791 97265 45645 53338 
1856 25
91312 90931 46763 33261 32509 35841 81546 43187 91132 81528 13426 9326 64306 66867 1593 96961 52117 88615 56088 87190 32923 91919 93486 30780 29362 
1887 24
34251 43992 73166 51755 82087 40044 66871 77004 20825 91186 24145 62164 30782 3558 68553 65689 42617 28795 40247 20111 29328 85770 54286 22743 
5139 25
15390 65901 45864 14444 44268 61158 29704 54109 21963 32921 98624 72179 10471 71969 44592 19125 99358 5117 45656 55294 408 84387 99215 97839 33154 
810 24
42031 79222 5461 48209 86308 60911 64357 23929 2992 60876 48957 52242 50190 7504 9339 3533 30010 10769 70790 90671 35186 10183 65603 60350 
1095 24
42200 84133 2044 52941 72377 56665 97666 95693 71266 79246 42480 34435 41340 14751 17731 51310 74589 88887 25498 74812 13633 90208 211 65852 
4818 25
86403 16393 71504 11062 69876 52287 15088 11916 82468 75391 44461 88611 98554 64641 6035 38632 23824 40883 61451 45381 10574 13638 5958 96425 40968 
1201 25
11444 67526 59390 92144 11432 27594 30547 31695 11617 76184 87855 76661 17003 3310 48006 55076 24579 38775 39746 57989 19402 76199 37003 76911 84573 
5025 25
52613 96250 25714 46536 29840 89984 7797 75490 44647 59177 97610 91394 30298 67358 37097 72699 56405 738 61674 31218 58517 38374 34905 64592 13090 
678 25
11109 3476 75561 22946 18482 60509 36911 53335 52511 1275 25679 42937 50008 62477 55291 87138 79976 82622 82711 20409 12878 31010 37312 92120 16105 
2342 25
58243 36955 97229 81755 68265 42530 26402 92608 64931 14592 84593 55765 19936 82059 73423 41463 51848 41534 30402 95277 17066 20625 44716 49457 86974 
2218 24
83187 2075 17645 25999 66079 78919 7708 69220 27638 88043 2497 66621 54399 11344 73045 80110 17730 20765 98155 84802 89298 12534 74980 77030 
717 24
92526 54073 58945 1446 90748 95735 84293 87792 70792 90350 13956 36710 19106 86621 31657 20226 29139 50445 81324 81824 99158 17336 68897 29898 
701 26
98453 77732 3002 70068 74648 99772 53206 80067 16700 33233 29644 9867 36190 82666 26505 74534 31385 83794 37861 31716 62254 56742 86173 30652 91991 49529 
116 25
37881 53345 31419 69610 50749 59132 86676 5703 37954 93933 89003 46693 17087 90855 94373 86604 98358 48818 4966 74597 70291 23115 95104 95989 70853 
339 24
40726 48779 44780 36952 47062 94539 56128 39420 98520 16886 73373 69432 74456 82298 52881 82690 3868 53686 88970 38123 32537 17530 34818 71684 
4951 25
42898 16080 391 19696 36779 83128 9353 72551 22919 88348 65416 17443 87521 98902 419 69224 68486 37801 14083 39162 71630 41819 23202 31938 36747 
5563 25
88830 32572 80174 37495 13016 25527 87213 43270 56795 56639 48477 48056 95126 94015 25782 35943 56567 50173 89023 15392 37463 92530 94557 92264 35371 
4917 25
95729 3026 84014 8211 15072 13907 4523 2942 88006 34021 36608 25703 28219 33632 83609 46663 67633 40996 9345 88081 38224 9267 95802 87243 66877 
329 26
10148 88493 10171 37414 33374 54644 405 77799 64873 33327 81599 49175 71706 82288 57683 41087 34661 80040 52697 42462 28094 10215 65827 79439 51858 313 
4966 25
19941 62437 27580 91155 16168 6627 84541 60257 50881 99814 20698 41000 11831 10378 12918 37740 37962 81572 36388 10600 30237 49313 11593 32016 23125 
3127 25
96409 96974 62689 42164 38099 49089 41105 5620 88159 34961 94215 16557 32655 89998 16162 29122 7612 32022 47118 19885 80499 91945 58076 40962 2029 
3644 25
82447 45210 7007 41597 98643 23967 11899 38561 31933 3603 58555 6021 71788 45608 94329 64300 91467 47894 61140 66951 36603 17423 77374 49131 27828 
1578 24
49685 84428 87334 39425 83558 96904 10278 21526 70217 67558 92033 49526 11027 64267 99243 49916 53750 24529 67142 57697 81408 96236 68393 69951 
4973 25
37056 10397 50787 30943 85436 78283 47818 24150 58797 783 66351 10409 16724 91784 54626 30270 45560 47661 12082 3230 79784 33111 86625 76222 98069 
2053 25
28487 55648 75084 61861 10159 66176 54679 91814 48595 11892 8735 81881 83090 75384 52606 50509 70091 23168 19656 21938 6665 65760 57988 84599 52651 
4493 25
79387 1780 66448 39914 72433 37563 67183 13467 48457 87266 85029 57454 44102 93991 58777 92278 60026 20796 61165 30730 15404 56747 98055 60982 12979 
4418 25
20603 5447 60136 85624 93692 69212 17440 34007 12585 21359 39978 62290 24419 20393 79080 20025 22140 7745 96813 14215 62423 80450 91539 56390 6584 
1911 24
31083 94821 4333 48622 5278 16924 83626 28862 55813 83159 51732 98307 137 2435 21177 30687 94122 45277 44598 28301 53639 75303 61162 44514 
273 24
43746 33553 93843 74104 32063 76082 67406 49153 12017 42793 16615 73825 81644 42133 88257 24894 42131 6825 57074 16603 64043 53413 39190 90888 
160 24
66343 35050 84867 54347 40613 63853 44757 29206 17 15833 41103 7377 50392 90581 91409 49048 83346 22540 60576 14559 48450 51017 32931 35081 
3515 25
82022 17421 43112 22152 62227 44183 37215 95743 59758 34700 63822 60193 90897 11332 94060 30618 93450 90641 17870 41606 57793 52579 1059 13538 24618 
3050 25
61890 24459 2045 40609 29081 30406 1470 56512 74393 78413 32592 79072 5760 8994 44844 74871 14507 85587 29274 83133 16608 35335 72402 66672 67457 
1532 24
94148 85455 12578 68424 92946 21185 19465 32342 21712 56452 39628 40051 14447 44582 19047 51585 51682 56475 265 54263 70709 276 38989 51240 
1558 25
51172 15394 85898 32891 11228 13918 47030 33914 10458 59649 14027 73642 42433 28126 9475 37486 84091 82776 97612 74455 40969 83032 78967 1775 12498 
5320 25
73768 20497 24673 45555 46566 40749 82201 14661 36032 43658 60974 94552 8921 96390 19272 19190 44448 62223 55027 15542 35365 99703 67115 1340 43695 
4165 25
49249 43586 90366 23711 23144 70481 39034 87518 57665 83918 3839 35971 18615 12517 2096 7810 37847 40499 40780 66076 32322 67228 64170 91719 22010 
4376 25
41610 85767 68270 8008 77162 73421 14065 93378 66800 50394 15855 5071 74952 46708 88222 66994 863 14506 33758 19842 11657 42638 83556 81912 68922 
4020 25
39906 35261 80807 9784 26015 47914 18564 63545 14720 57585 93871 33597 60746 73274 25857 95964 69558 38629 58513 32030 68224 12790 39842 79851 33287 
2174 24
36867 26295 32521 61326 25078 33525 32325 21013 10725 37181 53830 78171 3136 56718 36549 12621 49537 43440 32971 93913 76795 98395 11759 37866 
5565 25
27982 22222 77912 45827 64520 31342 81542 54848 16413 75494 34515 10414 68261 19105 76725 96381 67534 53783 74968 87743 27717 51565 49795 56040 93034 
4710 25
73290 35357 41722 28599 21768 98419 24126 78278 2822 27582 58132 74449 44630 15168 15120 82544 76249 22961 56758 25103 88487 51096 40207 41389 76242 
3660 25
31584 13520 98843 73250 75756 86706 35901 74131 36516 94666 3237 26200 32104 47150 11394 89119 74060 71668 60880 53195 18576 74378 34688 62813 84679 
964 24
17894 42194 49433 18044 59806 68073 46630 76636 22531 56978 94520 23266 75537 66099 47072 27946 6716 84915 89644 22128 60395 23801 10184 81735 
4324 25
89599 84185 53135 94759 52783 55657 61352 71976 75964 86242 5017 34014 60102 6032 86415 13153 67259 22483 4915 53956 73309 42492 51377 29681 22571 
151 25
31465 57324 76650 14009 87508 83139 68631 64605 58437 65453 47843 2363 17141 74645 78429 57077 72320 25258 39276 15767 68081 18670 92205 3111 98305 
5237 25
64522 29599 44047 4377 28393 88964 32587 68990 58593 96878 47232 58143 74315 5829 57768 53015 74237 55150 2185 74675 14272 60408 11192 83088 34484 
1005 24
81798 78770 75889 57416 67751 76135 26085 8366 77666 28431 96121 51195 88514 34727 8253 57247 53097 4415 46997 4740 24860 71542 11901 94062 
806 25
6791 53978 39795 63120 5078 81783 23135 82217 61263 15045 6301 89074 25489 80345 45044 12103 96556 2814 19234 14639 52569 77116 98152 9100 35859 
1120 25
88856 24776 24661 37774 37041 3386 67467 88700 11375 39005 50795 73192 82227 65363 15215 1642 83370 32630 78775 10936 90323 78264 29494 3500 23197 
3365 25
2909 58577 72683 14949 41506 65797 11999 14822 67151 38684 5631 83894 20998 5275 31392 47246 82854 60238 19178 3468 92131 56586 65155 13565 84571 
5034 25
85507 59116 37576 93975 38233 41026 51442 89204 48309 35980 38545 83793 49107 16788 75899 22026 42535 16664 23702 70131 45166 72403 33965 29735 40506 
4969 25
14659 82123 59933 14099 17477 90134 32645 76508 2889 30511 87557 97217 31387 53151 93707 93779 847 64108 9029 23695 12444 46702 90327 46942 76540 
3658 25
57259 40017 10495 51614 57156 57492 65110 10553 67014 58101 476 17393 94720 1766 60573 38932 44224 23114 6626 70256 73370 85499 47076 37032 92555 
3059 25
63442 99984 26810 82663 51272 13508 73025 66641 9630 12835 83943 97557 83324 26171 87589 66769 28546 94217 73995 79037 4994 24078 25132 99973 54671 
401 24
44553 63957 6401 16872 8581 43610 38105 30265 91100 7607 32241 73999 390 14049 38281 8192 80881 11728 64606 59284 39825 6255 46007 64220 
128 26
30638 6077 69045 62687 63838 32201 10354 9934 81268 64681 11533 19078 15367 85623 31665 98832 51110 29383 52005 99541 59406 84957 52330 64455 67319 50966 
5297 25
97525 39094 8871 98572 29723 14427 63566 57283 61286 91662 16732 6392 73758 88919 71992 1138 93759 16386 3775 7113 48417 985 13126 17021 64917 
1354 24
31060 31711 16867 51043 49384 17524 79381 96264 16560 66312 84379 65007 70540 96450 18792 48221 55501 75262 21676 73938 61556 68117 28063 41101 
913 24
69422 5940 29041 85245 57344 89959 92156 72844 87661 31289 76705 84406 8322 85447 18261 75844 28462 50000 31700 45372 99876 77507 1961 35496 
3547 25
51746 66846 72388 11525 33599 49894 12631 52 37864 7414 48059 46957 37564 30606 89966 42400 66919 65258 64154 19856 28102 63118 80670 24063 63190 
1001 24
56970 86541 20480 22208 6926 71492 58672 46896 67087 24333 10301 16394 60912 6776 42030 36916 69968 33107 11379 31338 95894 37094 95397 3054 
5405 25
37597 54575 18843 95561 93563 31526 3021 29545 14416 11756 22158 45701 63143 9458 10882 25414 2920 61814 81576 49811 99233 32434 13500 67856 76265 
3405 25
33992 47228 88411 44699 7326 94563 61218 59592 66305 72061 89616 757 41707 41642 4381 65376 16348 75658 49791 5824 31391 31968 16631 89682 23881 
3194 25
36348 86028 13692 25640 22874 21068 25849 12129 2411 60750 70875 60884 63138 26755 44078 82311 51549 40797 64136 66133 29573 76139 18340 82534 28584 
4519 25
76382 26514 41487 54051 67540 8610 60554 59432 35502 17210 27333 59233 94964 3069 79845 67166 13946 36990 75016 72864 21707 93266 13967 93641 35834 
1910 24
60986 85528 6548 73070 62778 5879 35601 28653 4792 36531 65307 61593 13933 84908 92006 63109 13504 88382 66655 59089 85031 98921 31659 60392 
306 24
59275 56110 43743 60757 29172 8835 32402 64217 23749 17985 22925 96355 34509 38112 32112 97605 18219 98096 70766 54695 55383 16720 61212 65617 
2321 24
91369 43091 66744 89315 98321 7088 89883 18902 2612 57813 91090 83050 61866 38498 26217 57951 62548 92411 7517 25265 88035 97090 81775 95287 
5497 25
56703 581 57853 50262 72156 18488 30555 85578 40253 4803 93778 7484 21240 84137 55887 65399 74049 91095 26946 70386 40923 82434 7491 99515 20342 
5247 25
47016 9739 39584 42436 9048 30690 17314 49556 13825 17529 1038 37146 16123 54167 24553 75194 22695 78492 40292 21292 61002 62534 88637 95094 41603 
398 25
40298 60616 70219 23482 26158 81479 99806 17072 60431 99372 60992 69828 25046 48016 13635 23735 45981 1911 89898 72606 12684 9058 43317 24028 69660 
133 25
41112 34865 99571 12194 64921 23506 22062 65216 54482 10812 33755 29865 87416 47089 12779 3155 63720 61181 56930 95962 67562 13331 50920 91740 68250 
4552 25
81589 75394 84860 4785 11859 84102 84041 84284 76944 2650 88299 33573 89604 16567 20146 53056 78115 67274 10708 13837 37234 5208 97097 80705 75792 
620 24
58701 10314 84919 71425 73600 70698 65459 11881 85317 22535 79904 6098 31226 53239 76384 38655 44403 11924 46715 54586 58197 66627 74238 87433 
98 24
78992 76337 36423 65302 1212 90665 41878 9527 57908 56510 55492 90702 49665 33377 4594 31778 97719 79759 44724 94390 45078 54349 29562 67006 
3769 25
42816 71289 18345 41064 53491 97830 72869 59937 29392 61759 62377 67786 46623 33069 46572 46018 41933 5801 67313 97074 31556 27070 41116 3247 12981 
3323 25
23106 92795 89261 32154 92543 28490 90041 47613 33139 30787 84503 67195 31766 77707 43633 28185 3874 11083 92094 46006 39695 94596 64263 64489 98436 
901 25
80102 22165 36063 478 43312 77508 158 73835 30920 10969 99386 46757 51157 79149 65954 36414 18733 15920 33999 56069 55790 42764 10999 7699 44555 
1509 24
3876 54536 37062 9470 66837 63636 99602 14525 94740 16508 55965 89693 2309 84788 3561 92683 80732 90953 87971 64577 75141 68212 25534 77093 
1251 25
65042 43184 12375 52914 22556 49304 92237 25384 34457 79790 2713 2675 55013 56543 41525 50292 48842 13264 23976 84668 26422 61195 79568 74656 22795 
5700 25
15448 95465 89375 53142 75609 86171 80219 3469 28211 66514 88157 71112 61149 74177 68676 69769 33962 55565 58837 78693 79450 22771 30934 80523 34260 
1062 24
32662 62960 63309 11145 59323 49112 32209 3612 98073 83614 70981 73583 27175 53818 99249 94294 39260 79048 97142 6365 4179 30064 25962 5339 
2940 25
154 80510 73908 64809 78889 99437 39112 88409 46574 53196 2392 46236 25786 67599 4747 90741 92670 4617 86101 6051 98198 85066 14827 80002 35410 
4443 25
12257 14585 58985 49818 18302 14173 37655 33132 23921 70988 33431 68730 77352 68749 14123 31642 48348 95826 653 85625 46045 50770 28792 67076 75219 
625 25
32057 86164 86219 98751 48448 66164 10659 55963 29125 48545 18974 87836 9693 50480 66979 45136 91045 6478 25738 24210 26206 72192 7209 46793 50362 
5307 25
79389 92330 89568 34214 66204 46903 78780 70111 35268 94224 80279 65887 41900 62762 4668 67971 72197 79924 67261 38395 88346 13880 71510 75747 87838 
1832 24
60316 72554 4030 79105 60581 24471 56053 66167 40498 49222 17010 54199 47024 35049 49125 7515 37783 83545 94144 11031 62007 89212 50960 58477 
3162 25
83247 97631 32264 25494 5083 84236 88808 8208 43025 35624 71993 39863 32026 65043 98578 36852 10019 51879 1440 52293 67899 21841 16837 25929 53288 
4280 25
3489 52921 58962 66047 63416 54885 38557 75364 90843 92057 47129 29288 47121 19211 98203 87962 3402 4306 61047 9569 47292 90212 1178 55056 21722 
546 24
36702 17375 8964 99287 26042 24713 72066 23109 538 24102 90616 41556 21961 15898 2090 27208 58696 34820 55716 63947 99775 74109 83566 99427 
1009 24
12889 66768 74598 34353 5843 66236 85051 39908 60625 29550 15582 45197 82032 71840 11920 24785 69298 75888 3072 81747 37750 4174 9710 17749 
5617 25
39125 65181 49196 11082 47406 50618 63912 47336 17387 68403 21414 34232 76084 44855 65126 71440 60415 85416 19628 21023 21229 72901 49164 82108 16930 
1823 24
55873 61142 8221 12480 67551 40125 35376 46197 33123 3624 88482 80024 16895 74790 86564 36074 75026 61412 80761 31411 39411 7537 19660 20017 
4248 25
95489 97271 30151 1829 49361 51548 7706 48612 45600 1663 61666 40136 15698 6252 57016 24818 70618 96994 53395 22950 41559 59389 85491 67091 92121 
126 24
83805 17332 78860 30366 9892 36714 13810 79228 57307 54510 42349 67317 26174 46518 40464 53868 13039 62389 22434 35138 8722 83283 15561 93098 
235 25
87615 5191 75244 14971 49251 66273 68178 56600 31225 17667 75882 48937 59038 88687 28031 81977 48292 9082 41469 12923 35832 14175 42116 59708 2825 
759 24
53714 72203 26982 30965 77062 45446 21204 818 68507 88387 62681 76098 1886 54572 71288 39859 88265 74714 63544 58195 76855 59631 35214 79426 
4274 25
21287 59131 2669 41427 63131 84733 26599 99929 33805 64570 73337 65300 71265 16716 81946 20571 74014 39687 91608 69075 76613 17064 22772 92888 48655 
1658 24
40077 33012 38958 5121 43268 37904 12867 59542 38027 63391 17412 75013 63815 99850 62352 31932 11729 49297 36477 84595 36781 18472 45601 79268 
4038 25
57920 5237 33075 12852 32828 68859 49490 79982 99831 23588 53128 87803 68168 82172 5582 11626 23189 86470 46631 42206 72563 32108 29408 10522 10735 
4229 25
83671 84625 55489 83598 15757 65397 16825 25053 95670 50697 57530 87567 46915 24350 97827 24041 54645 95095 13408 47895 89913 1479 18334 56264 19429 
3206 25
53147 54937 155 95636 22419 41706 57011 66264 73395 89920 74719 56228 55141 23544 75830 98907 7946 24160 38295 12634 99430 43968 61707 32240 40964 
5252 25
38628 3049 9921 52260 16066 5702 18271 28531 99295 40649 53061 29153 38689 38029 30565 66903 37079 74289 9274 12840 76106 56310 42390 15009 19336 
4853 25
35591 27035 95322 60851 8775 78688 490 83618 41696 4971 63195 4804 1248 43991 72688 34716 54511 74280 92193 97560 70527 16205 21894 14323 9759 
1852 25
77916 28945 63977 21505 48897 61052 74861 1657 72210 48000 32872 83422 67237 49466 69636 38786 83750 78489 48992 25807 64067 85615 45312 65892 54788 
3793 25
56534 35100 34685 53610 82276 26472 84265 64096 73782 410 12067 77336 67048 40098 72552 60817 1393 56280 50216 24793 72160 62302 32860 28509 8931 
708 25
38825 13878 94540 33549 42346 79986 26292 17560 85522 25157 35274 14384 38130 68430 87871 52604 46212 90693 70622 1019 89112 73894 17482 34933 42048 
288 25
88033 27107 13362 8649 71665 9486 60871 67948 44992 77182 81121 11807 28008 35625 56399 56329 95436 27688 65114 25457 30543 2477 85864 67916 66196 
53 25
44211 87747 97397 92869 13979 61200 53831 62578 61794 76964 74789 61048 1073 87107 19755 67683 43869 70695 47044 94399 9473 36611 26617 54733 86935 
4767 25
55081 56338 62574 49267 15293 1912 36383 53232 37788 64994 43102 56269 93344 83065 68023 17343 60737 78662 87131 11548 85387 2442 17238 64077 87265 
3943 25
40718 90601 7606 66543 64906 35338 87806 7092 9632 1871 70879 43824 85049 3658 41683 63586 48122 12690 18165 90431 94242 26305 2810 90324 88162 
412 24
42763 45273 14572 12798 20228 75117 78106 92503 71878 67098 75293 13740 90666 46077 81152 64204 61495 55389 16714 69514 6557 79642 93491 82309 
429 24
15574 22075 77949 35001 4648 12281 15817 66586 56798 32699 6571 50857 46331 31754 14826 40289 86018 63580 36459 88995 572 62683 45870 20466 
575 24
78899 25080 45510 69841 90533 47008 98681 61250 61525 94530 65805 88765 95928 51587 46276 52424 11963 7622 86279 91406 57265 47682 37671 90934 
337 24
65875 63218 78107 798 34898 94800 26953 56642 39848 97321 91142 10563 12549 50725 61161 64657 65172 79522 81102 76202 99650 31180 4555 61656 
5175 25
15831 49305 99826 62712 27886 5489 9106 90150 3668 65980 44301 65067 6877 98153 59474 98178 40572 31307 38513 91961 62347 68677 99657 28699 77390 
391 25
51102 54555 57431 59247 83673 12191 87551 29347 50228 69269 99950 62738 34185 3254 12727 55660 45313 4228 79942 95109 80557 92428 64559 37679 59800 
2275 25
54118 80862 72588 19398 82775 84134 59702 1807 12580 64354 58254 77006 59882 40471 47420 9955 55990 16663 94342 6088 42442 47383 21153 3133 4139 
203 25
47902 84500 57183 65366 70447 44095 95325 22150 77719 65037 80418 57608 27930 55071 71152 13364 87629 24791 36178 45498 22182 16758 98309 73659 44374 
468 24
38377 55054 49487 85177 44096 63842 96680 90528 77198 69597 274 34788 28232 11348 34801 18005 12740 39138 92948 33983 93965 38218 49103 52091 
1866 24
93820 1369 716 96486 90238 34272 27660 25989 16655 74242 42820 57118 6212 62183 12933 60470 42092 5370 79876 84062 31006 8418 27326 34524 
595 24
10537 45872 99065 29005 24602 53756 93881 98696 4684 33890 66715 83186 13867 34607 28785 63764 15114 7779 6707 30791 28442 40330 34929 50897 
4927 25
52947 29138 34995 39267 83347 39302 2169 76338 60299 64335 71491 27698 8494 86421 77564 66741 20618 88274 37113 82887 27324 5267 8235 76926 67721 
3733 25
31750 66336 82382 74051 99220 27095 29127 28518 40841 10919 88188 38778 825 46742 36185 78734 59062 22198 53533 69771 28990 501 45486 62106 80951 
2736 25
38532 36387 95403 82871 8665 59455 35964 39205 58971 24468 96892 35494 49995 3605 29531 23623 75930 19219 99455 16701 18106 53954 12398 50333 38627 
2947 25
46473 11007 42560 8307 98922 51619 49445 44750 68100 34134 24498 95679 57568 93532 67638 60559 44266 1086 73511 11941 48626 61540 36438 53027 55332 
4119 25
42706 52340 80003 88156 85643 98338 14520 63261 51258 46237 97926 39440 3075 7989 30293 29351 24546 53392 94372 12337 10930 7625 28964 65098 59074 
5103 25
65994 70740 38953 36511 79043 7750 92419 75880 95654 11478 97335 12921 33174 97410 19931 46563 1978 27186 84510 81221 40000 17285 65567 70871 36159 
552 25
87781 77521 343 91939 3309 77186 42953 55923 95725 79938 49616 3392 70999 52300 39943 88485 71616 79082 55252 6430 60784 66245 22594 32113 40874 
3410 25
49257 64056 23829 89087 18612 71139 49857 28549 92087 22220 54314 41177 51762 71369 40242 13940 63961 21304 7793 77063 19767 71122 92704 26974 74961 
3061 25
82088 55301 16242 7207 61675 17703 19522 84772 35614 88740 44994 35295 96863 28247 91626 37923 57515 90093 23725 76224 1053 56026 46038 52765 13341 
2346 25
75240 10502 90299 98434 13293 13312 50009 45677 12622 28239 28128 19887 64599 3678 9360 4449 99175 79747 17359 66168 15960 95440 4418 41311 51174 
5404 25
46661 18702 63573 49382 10243 54252 42365 53765 74447 38857 41486 448 64433 61744 65727 21308 85611 23841 61633 68034 38056 44479 67363 57478 39864 
1612 24
83072 41600 28534 99129 42019 27854 49084 89901 13354 23374 60268 56030 23281 93758 20484 92492 7067 45405 38302 89165 40472 15046 25389 71795 
1259 24
68151 76684 23216 93299 32749 29428 43106 25049 5137 39663 40491 63755 40926 87995 17709 66163 95556 2252 5728 34756 44009 96406 21573 83687 
1716 24
31619 36693 54844 86319 27558 89554 60466 11812 68368 48669 28604 47807 25522 92818 11126 94837 84403 34551 30604 48678 78830 95821 66266 37658 
1055 24
21650 84650 14750 33930 97173 46555 69150 56083 13612 62060 24084 29934 45169 13121 34608 93425 38185 28034 16815 88301 41419 38563 29771 31041 
4897 25
62758 67266 33842 66392 81936 16691 31314 49644 2051 48606 75459 65467 69326 2033 94110 82756 66022 28184 3573 26735 42172 97713 49870 32728 7546 
5668 25
96063 60706 26320 30347 66953 4323 79740 15186 58334 67608 28207 2523 59241 52322 85268 71154 42197 96604 19033 44197 28676 40355 55926 83446 63998 
3563 25
70806 79210 46812 79084 3553 52132 33181 81846 31554 33567 55167 63154 59003 28707 24316 47134 89189 45617 97945 18714 39108 39142 41873 70299 36082 
4954 25
10264 88816 78592 80873 88447 65440 60416 83510 2841 14599 59185 90870 90745 26429 43071 58300 55174 75509 45417 10187 9117 11633 12418 92731 88330 
4581 25
75995 69304 99718 12992 59313 76194 85613 35596 97099 29234 2261 76550 39375 96913 89140 83162 5485 61998 39417 97641 91378 63484 56501 70013 87956 
2589 25
39750 23864 61133 2534 31093 14634 82632 12239 30823 62417 67988 8612 4184 69839 89135 97062 55755 96036 94104 35851 82064 67669 35891 95395 66522 
67 25
3888 90003 25681 12434 15571 11305 53594 3365 8209 39031 27894 6610 44409 87853 1947 62055 52080 96321 29342 2703 32435 32707 49512 39340 2929 
4683 25
32536 96095 42035 2448 56270 11562 50951 63369 10849 21604 77704 38903 784 27671 29968 28554 31283 33643 91287 42635 50421 31178 92161 23525 47715 
3999 25
992 59820 79870 534 93473 21816 36273 51252 61268 54215 93998 91207 19978 78684 37621 59852 58165 15482 34323 37125 4170 73701 3777 27439 20034 
939 25
78224 87732 14095 30923 58266 97760 21843 17389 79572 40782 28322 53849 58163 67178 36386 64047 71877 51544 26906 62455 36331 94752 94153 76475 36548 
4391 25
8563 41225 54224 10485 38589 34907 94363 69320 76555 52306 40042 14972 80156 1407 12814 40992 61795 20472 12041 10072 70484 12144 95466 61632 327 
2076 24
70714 20760 48370 11660 55102 51404 99305 77141 95339 4405 43897 44184 86434 36456 42481 82753 72591 28170 21193 71193 49498 12594 75764 54352 
1202 24
37422 87218 56690 41916 86750 48514 69939 3460 42817 78683 70594 59296 18514 68336 90578 62991 84567 37019 29198 10944 83053 83433 82845 13596 
2088 24
47053 64968 55344 96254 35364 19665 93252 339 99606 95740 64277 21621 93021 68404 61243 47896 24577 10577 50235 77237 5968 76166 92114 44775 
295 24
52089 39268 39211 29105 85145 78977 86011 96420 56949 943 13696 21101 93426 30065 72682 90977 31803 51717 50240 70289 12141 22073 8638 42697 
763 24
55134 37294 54800 40587 73940 61601 6875 24052 79064 4106 33663 60635 89816 11277 93347 40707 90390 34320 10611 21578 26537 36208 25642 53693 
5780 25
27115 16935 4811 55019 8080 20030 17369 92433 44414 86915 75313 31565 30058 99288 32987 16511 74676 87288 93109 48771 36966 55192 45636 16349 3749 
1413 24
96522 43948 60700 78108 61595 69452 24306 7103 20868 95657 79120 55677 88014 6980 62220 10663 11480 71432 85133 54084 96149 29802 21521 93309 
4261 25
96363 35773 37617 76757 15187 85128 69 31989 50769 76039 32813 44275 68217 23505 5024 72479 27124 91260 89158 20483 34490 51366 272 36972 48436 
157 26
46308 78480 14460 19651 31280 80650 44903 36983 69827 63564 27457 75065 22056 26838 31163 77618 90455 84085 93070 58500 17593 51432 13939 78547 44346 13008 
5205 25
49750 45581 80706 72601 33657 1264 88909 3024 13379 29732 18898 49574 5848 87366 82160 42867 15130 31758 53694 28632 62141 6572 75938 13792 33266 
2329 25
29623 80884 62788 71769 49895 8522 19205 91995 39275 97495 2202 24840 25934 12700 99315 84451 92644 88026 15663 73941 88124 97138 76437 51438 39784 
3445 25
3508 54147 94727 17083 40463 80957 96305 62799 34184 23354 3795 59775 74988 9846 37365 82635 99635 38468 3083 15737 9666 58790 81329 56437 7451 
2602 25
28068 71596 55999 64138 6488 79206 25032 26274 26573 37246 16789 71595 37494 87333 34911 80376 59317 82104 57934 22589 37345 66083 92556 6543 88530 
5467 25
57595 65750 18244 29145 31222 91491 97105 6289 80084 41123 22565 87367 62346 94685 80228 94362 95055 47492 95674 20314 18223 22631 52963 48963 76313 
627 25
66677 95166 57745 69005 24599 7127 66027 38607 13560 52012 45726 32012 70514 37447 64016 92710 61741 13025 7231 25397 36454 14269 12900 91213 82555 
3459 25
18146 6427 48473 19973 94766 73629 19968 31564 34558 78729 97788 87267 68692 59439 20815 34743 81147 63257 36394 67044 67993 44748 80708 26561 48976 
1577 25
48938 91697 52517 16143 49348 32773 35468 34103 59198 32637 53499 43931 16624 87473 92684 88386 31061 27339 36298 25047 92562 32522 86801 96992 5618 
2141 24
55110 67023 4563 75176 75331 2136 3147 25216 12479 34113 81144 68949 62811 89962 79496 33062 74884 18643 20846 42779 54432 65491 54173 38479 
218 25
99668 42196 53715 69447 70893 60653 40907 27757 91169 56760 51952 67514 3731 50403 52676 11452 58381 46151 7932 79905 25432 20806 90401 87642 1835 
386 24
22797 66376 32703 18857 76704 32903 98353 18605 37178 39723 44145 49558 11096 56837 4871 39423 48403 88281 68443 8325 96702 71578 92483 67784 
2810 25
89337 7185 41153 23820 5428 15969 83272 46185 45034 527 88476 75617 35764 57110 31783 25694 35233 27499 45882 95627 5214 3846 58337 6961 24521 
1029 24
65203 71216 56508 63054 95041 5340 29346 24172 15385 31302 27610 8751 25791 54816 35545 40425 87345 59152 86188 67176 92988 46362 1183 748 
2828 25
46625 92430 18196 88674 3457 76321 79910 85548 2772 85269 16013 71636 1155 86112 63729 74666 41275 16963 37222 68544 92437 26166 43683 35298 70063 
5587 25
14092 66213 15591 88191 93516 19118 64362 18647 49789 98328 31268 63645 41839 39618 81119 51455 95741 73020 44141 29093 98272 6257 71520 67072 91396 
2895 25
4454 10775 5739 63357 5897 86280 30725 95563 82035 24301 66948 25709 19998 33591 34578 1431 71168 2305 14969 95431 94930 29787 4694 59410 57268 
4232 25
4384 54417 25778 20971 823 81541 3690 72343 14885 31250 69665 63556 80162 72060 64919 37038 43935 40829 74405 43871 14308 67109 80697 83097 30312 
5544 25
77525 45037 66588 52554 63327 33561 84683 25173 69581 82414 30686 3482 73699 77317 83747 85314 10018 62216 13282 64924 55331 67074 52866 55502 62520 
4666 25
46656 30069 51504 96410 35705 58110 38003 85719 64866 72725 52720 26603 30167 87327 44395 31966 81331 9028 87360 72078 43765 43053 45856 20397 52064 
4540 25
94688 95916 21734 39521 79723 39131 94599 74409 77450 88784 23416 64498 54804 34764 19127 21991 15416 84024 88508 18872 9855 58768 41288 11311 31453 
873 24
37028 71151 19103 61553 8587 3918 55682 11650 42989 26417 3381 55474 77467 92975 48094 89191 61202 934 931 62767 65182 98077 82578 22994 
445 25
76353 51599 74345 24545 18039 36970 80348 28650 66730 52899 18487 34894 49642 80668 41994 47667 61539 96402 228 78351 16914 7412 17470 22495 18606 
4488 25
62544 66157 71178 75182 28455 308 50705 78748 50116 96086 43196 85616 66177 4824 31251 19494 91618 13442 25486 97933 62515 16360 91962 24153 49866 
4639 25
89844 97185 13389 55720 96368 68314 55143 16062 64403 43576 16593 568 19222 41808 12106 4634 72674 69229 51860 5586 94985 58079 88193 78505 19668 
4522 25
92952 59434 99354 40237 26811 36997 72998 69192 15535 4977 64644 96914 84646 94006 49708 12116 73077 97781 72529 92866 23492 84470 6042 8489 67209 
5591 25
44805 62137 37424 79054 93071 15621 68760 30970 5846 16214 68311 2235 57677 89766 37383 49010 58463 31435 4173 12712 15627 46096 22625 73542 29427 
3484 25
64137 9492 12157 94878 58051 31634 34808 77333 35421 22416 53902 97168 96048 88218 93078 92050 33186 83020 63103 14036 36552 54633 61190 83251 25347 
1681 24
66423 48320 93625 24650 87124 57023 3821 52476 42924 61798 63215 39095 97135 85681 5815 29335 70281 82318 18186 13495 82271 43868 45045 89187 
2372 25
47641 21150 80556 4469 12719 69416 97290 60805 68462 36804 90445 62705 98525 38580 168 90171 57066 35906 60879 28884 67133 48805 3080 52292 20050 
173 25
40173 78330 98463 92002 75408 74319 4597 65077 73424 15304 4325 27691 78947 23272 8695 41197 67931 25572 20283 91012 19352 13094 72718 4409 47551 
2995 25
20275 22813 91718 80406 68708 24480 30709 28962 72900 87757 29643 16694 31284 36081 92067 84611 92302 6549 12930 34467 33530 53967 36177 9173 58289 
2324 24
97060 67284 19595 28897 46306 69632 9917 63383 25097 30250 27997 44720 99406 72986 15748 13170 6484 86199 78764 13340 48375 85179 34402 95727 
2403 25
15485 37286 5805 82994 26054 68304 44700 68156 61060 15339 44280 97758 84558 8205 80215 53984 67833 50135 63469 17635 61262 99640 42106 53004 25455 
5771 25
13038 81157 64704 20635 63124 49917 5250 28297 17217 35685 56134 73604 80632 72950 93770 65728 15786 99794 3044 18468 54350 69732 24871 49508 32682 
239 24
79385 25296 73467 88684 95290 49822 53463 67497 52679 63669 53586 90167 79719 84174 64905 21884 4823 28305 59894 10102 78001 8663 2634 82933 
632 25
63774 46341 2039 66418 29164 21356 88241 74843 99688 23014 88320 25944 35621 40185 61989 14288 4976 21847 92204 47972 83784 70532 74133 39168 13686 
2493 25
40941 48396 16156 95791 76864 11781 47828 72498 47105 20284 21267 65928 19891 48414 74658 1718 35681 47983 51360 8122 34155 65573 40752 52563 29183 
685 25
49023 9154 82078 20135 6157 31117 15838 57900 54207 61244 99585 72531 55686 26157 70461 95329 48453 25043 83320 76943 33218 32869 6416 21393 2109 
2526 25
74807 56163 28678 88189 76011 99856 29098 33780 54402 64319 27737 22606 922 13228 53875 74436 58951 11909 39242 59153 79014 37997 11433 51119 10452 
915 24
75866 74385 40300 43870 5367 93479 59601 88928 22044 86035 32077 82027 17430 81839 49693 30006 55587 12414 77001 10588 79205 13987 13246 50969 
1002 25
73279 60358 83666 72514 61163 550 57560 13083 27400 36885 22803 76720 79345 62456 24396 78071 60323 6141 78540 29781 78007 64727 37971 60606 35766 
3685 25
60568 64959 2981 4037 99904 13297 69978 82134 41266 75554 24070 4003 62565 3736 80586 53109 75628 93047 90974 25396 29493 68266 49984 71695 52950 
50 24
15170 20567 65494 11103 24004 86573 15338 9169 9089 62272 15931 54233 24400 49876 97407 84318 68642 57376 24658 43544 12646 95043 79818 78696 
639 25
4524 84141 65976 64674 90306 55652 46816 8442 41757 443 10654 12371 89304 30558 57447 75414 70559 29294 99742 18533 34692 60469 28737 6492 32056 
4287 25
31133 219 89655 83198 78477 83183 85680 47947 50026 81845 8727 79161 52700 74273 80774 49810 62884 96112 89576 24458 72801 88541 5785 16905 2831 
5622 25
29056 44828 15893 12130 79786 50987 57446 56392 15735 98556 85804 73158 24520 28418 89587 29004 30940 43728 87574 99063 17545 40250 88126 6755 7718 
3595 25
65655 33732 48634 31134 48586 3364 51872 69216 98777 67882 66023 78373 54394 76532 17514 68775 27557 64228 38200 44932 3656 94979 13113 74472 4564 
2066 24
54753 74906 8403 47442 75997 96933 57463 7147 15773 14705 63049 34962 7228 95881 16045 26583 48496 76206 40101 31822 86736 41876 38670 13965 
2159 24
49039 72130 17846 39940 53751 37746 3819 80063 92968 27604 38430 80529 75316 29468 20097 37340 52088 2812 42485 57778 1290 50674 44332 60447 
3218 25
26014 11175 68918 33329 61388 51761 38242 32491 94488 29007 41236 40854 75803 46506 88944 33854 42210 53642 33994 74260 52154 7590 94125 64210 54087 
3134 25
5901 91125 95426 87721 79952 24662 50038 53317 14369 19659 41526 18288 86571 90371 92010 33076 24405 38251 93976 3338 52229 83367 26866 56223 6749 
2797 25
70290 62427 60449 28640 51 9133 67900 56894 89086 31688 57874 66532 4655 61623 84940 51507 71660 50279 71863 26126 96713 14561 38208 50858 73207 
2192 25
37875 43817 50104 9961 99919 90814 32661 55093 92917 68325 72982 22681 4344 84229 16173 23699 95936 52085 35198 81431 6697 12848 13561 67099 14234 
1084 24
81559 39701 40619 37320 71734 81536 99669 35802 53 76988 94426 9182 49835 93886 89232 28343 84722 61667 94795 67600 28956 8470 85612 62191 
4419 25
33831 3517 96738 81650 80511 60955 68861 83264 22303 2498 80980 72391 22758 26646 22354 9349 18235 28304 67175 86385 48556 64666 18816 24043 48149 
1088 24
49794 9176 22346 86058 97148 58635 64728 6709 67248 94595 35505 23646 92004 30549 2481 89919 95804 25544 81837 46198 34731 34666 14852 67927 
63 24
65028 66442 48846 67130 99321 91486 94648 97447 24897 94548 44669 52486 59676 98827 24709 55844 28479 29743 82197 56373 97245 11696 142 82401 
1360 24
53848 43950 56844 49842 37957 78793 80886 5450 78281 33197 79044 71874 48590 53075 45811 93825 596 69406 90956 23500 75968 30454 93686 50492 
5644 25
67108 90661 92490 23809 80742 33972 41901 4847 1771 98233 94179 8181 65535 8758 48210 57903 72628 82427 34682 16255 51179 12029 72526 23613 47541 
2490 25
42921 94804 55482 77880 24786 81931 74627 51938 44065 88894 8515 14150 13493 38860 31863 89578 30544 46582 64478 88861 96944 25855 18393 67382 40227 
5804 25
30154 84943 19535 41599 73130 59580 54821 7260 8026 33043 54716 48983 31897 38402 40178 98107 68287 94199 83600 79640 16246 58275 13099 57030 40465 
198 24
80515 70929 27709 183 51859 25537 82693 88874 59222 92747 9379 12559 91435 7206 32410 57657 77470 41294 47787 35094 91861 20163 89084 41887 
2411 25
37692 36365 42009 35986 27880 11036 9003 76918 19672 12514 73670 17900 53748 36658 23496 46585 15452 58059 30356 52650 3385 29622 68184 1123 87437 
5126 25
74373 92162 33037 92424 14768 13843 96336 11472 32364 85773 74538 37319 30247 71378 16693 60969 93267 26430 36874 67398 24978 48340 81041 10247 11869 
81 26
81241 48948 93039 94750 82103 95873 75458 15882 71811 13509 20800 12447 72440 48929 1903 46283 30106 1937 73377 38578 49184 77514 607 94216 96554 55609 
1875 24
54113 17382 81734 22844 44413 52736 40073 32912 8820 84413 20118 8950 23983 8919 78987 84203 32490 28110 11809 62175 63996 3643 4583 20792 
3532 25
37722 69437 87590 80698 85173 14643 33316 3277 94206 45315 45105 69729 55177 20773 96939 33402 36204 7419 62999 72193 48838 29624 72662 96040 78536 
4152 25
74683 33592 62059 98252 88790 89200 40326 77017 13002 41304 87005 79826 8065 21579 72863 27196 55570 58739 88143 89910 93555 59117 47774 36400 33152 
3718 25
5944 82014 64667 36973 15443 18363 16708 41543 18687 68547 34697 96202 64688 42826 75347 15306 83824 83829 18611 78244 45759 38870 57592 90270 69149 
4371 25
72939 69324 36288 51106 88975 3716 28797 5522 81563 33721 18280 79708 51491 80898 5819 63877 13856 178 91212 87109 19821 5952 82345 21837 39542 
4169 25
15732 46734 16954 28081 88866 58404 37301 61176 12006 23054 75188 64923 51784 13896 9725 64934 252 15818 80933 96443 99037 62207 60178 25618 21608 
2796 25
88522 91999 14726 49903 14024 90615 11514 55375 95801 5992 81693 19615 25056 87362 9780 8423 34582 77211 67748 39326 87709 67327 48498 79811 96503 
1150 24
37313 91525 77992 61910 34397 48977 64527 56831 81445 73195 98846 38023 92259 14784 78926 79198 74821 34240 21141 25574 64358 96461 2721 48851 
2007 25
19960 75532 80315 42476 33976 87755 82897 95238 18392 11654 50917 31914 36859 58208 72142 22568 2467 26788 92603 95861 59531 59164 31162 82430 37993 
952 24
44891 94451 85943 96032 91749 12264 7707 49802 70264 25992 18228 33581 36462 86894 8986 99061 97709 94772 14072 32755 5859 93343 93219 4372 
554 24
91778 30426 19220 17613 82762 43182 68821 26917 81003 23172 34027 31987 44752 88359 60338 43054 93769 99680 47965 17519 47760 44169 14615 6233 
78 24
75971 62009 80718 77755 38396 20583 2034 11819 8644 8628 85777 47790 88569 82300 99439 87179 28311 20943 57794 83954 13263 60780 85900 35677 
557 24
30683 21187 87673 77587 95364 23968 94515 19957 26143 48351 81163 17705 61647 91630 25511 16855 93659 49307 5876 71523 11954 90584 41754 90948 
927 24
76740 65785 67204 63008 20009 53375 3715 2838 80094 46294 797 81050 8985 95988 90860 26709 52766 39132 6671 70677 56622 39614 29510 24269 
2864 25
47328 76417 68201 31656 67712 38068 28011 89024 35961 74221 14647 75476 85665 91231 85087 74492 97520 8523 45226 31364 52935 51477 88518 57388 31532 
706 24
55804 29672 86409 14804 4958 30283 20158 43599 8998 76090 27292 98610 45196 56807 92713 57599 32441 47982 34871 86592 47773 83669 30539 74582 
1337 25
9137 95857 89907 84849 72173 64012 83846 91879 60835 38514 59969 38673 74537 31701 81349 69490 51795 64682 44079 69620 64198 26674 1606 8363 6590 
4200 25
55595 22042 57038 82538 27176 51787 5020 47633 10343 98094 52362 59227 56125 85520 12188 87105 35426 85936 56335 51044 55460 4587 11695 65621 85698 
1530 25
21501 91352 65234 82798 78117 29108 14472 92740 76770 2830 14218 83937 93157 32365 76108 59831 93488 43177 50812 37970 69223 22085 51232 79055 24965 
1187 24
2998 16771 22674 88137 30896 50687 62555 41514 84488 44190 63746 18040 48714 52345 18692 14262 70541 40989 73599 59918 68744 66613 5696 76198 
4473 25
53788 73460 87916 5704 23759 90351 88567 64406 45548 76709 40072 91913 94078 17748 39462 9806 77730 17158 11376 31024 54046 67216 68625 56620 10226 
4466 25
99959 59139 57333 70924 83067 24907 87620 87785 81423 85707 3257 26743 61576 16026 4573 28466 67769 63244 7091 82158 54305 20910 22157 33005 78914 
1037 24
32439 5172 15402 31009 2515 18124 20252 7460 49427 17502 14348 96185 6391 34239 93786 57905 22328 32518 2239 4687 81227 26854 13050 42868 
479 24
50477 9853 70637 10828 72715 16709 30794 19863 7052 57598 34026 36554 15501 47141 2622 41078 7565 15519 35564 22170 22299 4674 56509 15729 
4435 25
47772 93733 35702 48334 94789 57119 67197 70216 33543 10446 99131 52687 42404 97127 11751 97504 50357 10146 20808 91099 21665 90250 80211 53829 68937 
4457 25
51729 76328 93041 53623 63748 15246 67995 87764 12562 3477 48722 18932 97512 76972 16785 85902 82264 61859 41898 3827 85727 49622 65789 41640 53406 
5491 25
80883 47933 54622 74798 7135 65184 70833 95844 89216 87279 40485 31168 74340 258 20054 60089 98738 25984 78867 61098 12395 90315 38441 5251 80984 
2691 25
78110 86253 72887 9040 6521 40600 30415 355 4767 94278 92863 83597 57739 63722 79806 2912 12288 90958 77300 92117 34889 4438 55920 95532 84964 
4173 25
88056 64201 52339 15903 20657 38443 60397 84398 61173 24603 47285 14120 68636 6154 74881 3601 82034 60834 75517 5853 27560 63985 89770 38320 80018 
1139 24
56306 44821 74258 52232 72918 8678 46956 73223 42541 6000 34336 98047 55634 75916 56548 41632 74025 83693 21565 80888 52320 56256 6520 88115 
2886 25
28437 23000 11232 85256 64699 30957 98965 49210 84249 36230 57065 15302 17800 9031 15689 32483 52833 29940 47720 25006 65421 27017 194 7452 26202 
4224 25
86010 12610 17666 92632 67826 39928 58954 28829 65012 4518 83528 55330 32014 66289 61397 98360 67256 16183 92226 14823 34576 98325 23079 21227 72455 
2285 25
4468 78508 46634 97494 95031 21797 17698 8557 89416 93272 8099 44896 70312 43847 7747 94606 13127 60782 75501 72619 62056 82938 4818 63675 32692 
5125 25
8124 94094 8856 6794 39955 49769 85287 15193 69058 60729 72248 79336 77400 59495 94621 11133 1936 22291 67615 87626 55145 88636 59805 57082 51088 
4433 25
55979 2521 73134 70040 2731 56800 12931 79963 67650 51920 23047 72307 166 23627 26259 96186 59124 44134 22250 24011 10435 51891 97032 35489 23530 
2219 25
9837 28051 16132 19580 73151 45117 97308 23648 47416 31240 39530 26462 81940 37850 27755 63940 88701 88998 71053 36140 38421 41492 62539 13 69618 
2937 25
53495 46433 81744 72081 68635 13476 84836 7628 29339 18218 97797 88745 24139 99519 13714 40495 18453 43034 67609 60614 11619 29242 18871 70592 15712 
57 24
50569 99157 74660 51910 4992 11785 49805 35940 92224 44858 80934 41013 10044 1058 62522 48004 58015 68021 12492 39806 24253 95879 98269 64151 
2220 24
48725 48277 81864 11404 26711 6738 63238 27730 8989 12262 52485 93359 8117 62489 59280 77334 43918 12299 15949 11528 2368 47827 14267 10513 
3669 25
19548 44606 17939 64611 2922 98809 91267 61725 67915 20874 8560 3810 9995 47242 19385 12963 79341 8447 89997 99987 8995 90174 66018 67936 23166 
1407 24
12692 81905 14696 74626 73751 42639 83983 19505 95381 43976 731 25430 84182 79230 39441 7238 36342 16043 23869 81740 57922 15348 88974 72311 
3186 25
8115 29069 33915 4437 1940 90106 65315 30266 97083 36671 5152 90914 42607 4501 17262 44457 30557 71801 90195 73127 3893 89029 76742 52943 85247 
4026 25
24706 79165 6849 96643 81534 14601 78059 37121 11825 70032 71358 91407 4202 90824 25428 34334 17455 91944 15986 44228 60065 70690 1482 720 69124 
5266 25
42538 16339 59173 16151 58758 64804 31186 83717 21113 16764 68421 23764 1980 38122 46922 70712 36924 99626 6591 62913 7480 98168 63608 69994 10227 
693 25
27771 31400 86366 67848 27721 9268 99353 75372 8803 9317 99677 86020 95690 96044 9982 99951 13829 63851 55788 59027 13463 47447 28600 43198 89802 
4482 25
87741 95663 16171 68214 86611 68491 88940 92475 44041 65505 55302 92467 41688 86211 83831 36629 33605 52216 68987 8720 39210 94044 17023 13728 14653 
4202 25
3101 54195 4230 91872 60560 63313 8098 8103 22041 6251 7587 63657 66914 56241 58705 57009 46487 78849 85224 25004 36547 35568 96734 10682 15619 
523 24
81303 59413 59121 40584 5664 72218 42529 68842 69889 94305 92637 1379 78499 28440 44474 37407 25008 68830 44533 61881 78855 25421 13804 66585 
3719 25
38533 35145 38965 33070 29533 345 87978 8953 68701 38868 1634 73017 41433 49985 17456 72335 96722 96672 18243 99493 58536 19717 93639 6987 73928 
4158 25
49646 40331 92303 99645 51078 60993 64856 2589 41806 40864 66678 107 31683 50464 93439 20084 3082 66192 65873 59956 95103 48129 57885 7074 37557 
1045 24
27962 71108 60275 20398 12763 46299 83215 77491 40612 74711 3710 49801 86519 74738 79750 37555 97016 56286 52925 39934 34957 24166 63344 7220 
5159 25
78565 32367 14976 10288 19620 10871 11269 99889 79498 7237 13711 49788 10421 78129 41232 51062 61045 98041 23331 37432 33162 49533 58224 6454 53326 
999 24
83366 63253 34940 8274 10565 44871 17220 39379 78369 97906 62564 45976 47124 20959 25471 50524 57754 81731 13886 97425 17494 55789 75195 91889 
4747 25
34031 79285 57241 9288 84508 52329 32812 74805 57632 46355 54409 20332 86816 69287 44643 49338 51970 42553 9459 95785 88160 35485 68233 3420 81127 
3623 25
93703 90193 71430 22941 93396 93666 9573 30684 69038 48269 43724 54579 65515 95933 49426 95372 38780 39672 15238 39604 30994 45670 15369 16245 87837 
734 24
65709 71417 86373 59426 62345 89364 63978 45386 97486 17760 84147 46089 67296 79762 54127 28712 43364 38348 37714 29085 45261 64423 57267 64126 
334 26
2311 17918 38070 21935 32471 50205 83772 70802 8293 16311 88724 37623 90176 25663 79404 14372 89527 41268 17998 17883 77578 32793 31867 60028 57188 36278 
4899 25
7509 75269 85762 39894 24243 30063 59789 94431 1028 66978 12244 25212 41958 59869 97791 13047 22211 96349 40362 35566 71225 84167 98935 19728 53410 
762 24
30881 2522 80982 73101 67227 32724 33044 20247 86842 34876 44714 5435 74108 7268 6596 47069 13558 83922 54019 35952 85112 57089 99899 39785 
3958 25
61748 29983 95162 18538 86350 12047 77344 43582 64367 71276 30806 98716 40817 57327 62732 46803 95549 5899 12321 2580 74899 76595 17570 63587 18194 
2818 25
52254 88669 96666 314 97620 67926 39606 17693 72266 90640 58614 51476 99052 31062 96151 51331 83493 40635 26558 70645 38026 91616 20980 86457 54462 
5006 25
1643 44564 828 26153 56560 85969 35845 70195 65415 39744 17250 23149 71431 28121 31316 27829 10133 18661 47349 16740 16037 58210 49785 63428 57846 
503 26
18232 92040 38572 50404 16703 40961 35362 37902 58646 9503 43538 10480 90576 9533 91828 42272 65015 44294 12701 72001 33924 66527 70262 68901 44482 84367 
1158 24
19348 53923 41393 44796 69258 32480 69977 51052 11794 65323 32125 71808 10916 51690 52917 64231 99634 60658 55040 13875 9233 22847 46714 70444 
1105 25
88414 87302 12985 40248 555 14945 78036 94691 92448 88496 65132 46796 698 69111 28257 22657 55059 5103 53667 887 25863 2762 85958 36846 38439 
5368 25
21589 94219 84340 92926 10781 16197 29721 94483 75006 29075 78262 71479 69865 43795 11423 61055 90470 73392 30255 29167 22286 18274 48074 36940 65091 
3924 25
94973 8226 6493 13650 8276 79486 92177 9238 76879 10057 22515 51571 48694 69684 92612 81233 94900 60013 96919 10245 26725 62360 95268 99693 84408 
80 24
98775 7375 59781 37927 75981 13492 5726 36269 23073 10292 87942 35607 22298 69917 12803 86133 28550 14906 57150 85271 69262 22953 47861 82657 
5154 25
44712 20711 56386 79955 35656 56808 58344 67495 33047 67802 86956 49465 96638 52562 46990 9916 93460 35395 95033 70521 80964 5418 12795 39341 40152 
2392 25
55233 98855 77812 96510 3832 94790 60777 96346 34778 18823 27897 68665 50862 50760 51018 57604 10039 9514 29777 42948 86708 40603 6920 98170 33971 
1426 25
12149 10788 6895 77848 2001 56566 83402 74266 30252 97500 11604 93059 83205 7672 50136 21765 32766 72020 68843 4312 7866 90998 99110 63863 80800 
4485 25
61721 14864 98950 2550 12824 32369 94001 7160 91200 95852 52238 75039 51907 26182 89879 5797 20933 5003 37889 78950 16584 82898 11923 44150 76354 
2484 25
11035 98132 40516 33603 3199 72693 36826 53855 60501 81804 10595 34071 80812 60092 46677 77252 6545 27987 63753 98813 10096 87206 36976 70463 22163 
788 25
77466 46005 54533 80726 27022 13162 37871 73579 41705 88207 9956 31464 25620 93067 24434 77359 20871 70145 75674 10306 11595 57785 76966 64257 31654 
1060 24
78940 48975 59651 95371 35523 67277 98736 60083 84060 1637 59223 18829 4759 43283 65297 59492 16513 34440 46224 26990 39652 57057 99940 82812 
5008 25
81729 58947 74366 11370 10249 70396 6472 58725 8824 21272 11692 15945 17807 51295 6066 75929 54933 81996 73028 23006 43627 92729 85433 15624 88652 
5515 25
73277 74566 47481 87110 88931 62018 75884 18295 80152 8768 92613 16003 54032 29630 60216 20742 61118 33577 25760 4099 73510 44411 87532 44144 12114 
2230 24
33927 47462 29874 95640 94166 25767 77325 69614 287 9986 37448 39498 13190 41251 23653 25671 97030 52513 81902 60 85783 19143 32531 37807 
4960 25
72446 65369 13899 58151 96603 88829 56181 49452 26649 51464 65528 97687 33231 43739 65304 13314 14911 25768 161 79896 42832 99300 12882 90762 73785 
4809 25
86477 79993 2330 89028 88180 20356 18760 70985 17408 91159 9673 47110 4605 85429 94626 89734 23067 80991 54734 97942 71171 23071 53655 52794 55369 
5302 25
43316 87675 26546 36749 45849 7786 64927 78854 78594 89752 97506 81978 4249 66980 78924 53613 61374 83273 18335 77471 90880 65824 78921 3013 10092 
1812 25
90353 79411 80745 84730 4717 5283 50035 34275 10174 9313 12983 92568 6913 19985 65275 83412 69834 3582 22281 1650 60191 84674 10319 70967 20453 
4529 25
24838 83925 3891 1738 11019 63964 77111 62856 47926 63356 19794 43145 22908 14701 57690 28946 6938 79686 87835 99892 64063 85947 90199 95862 61467 
1542 24
51659 49939 74974 2080 12693 22116 30021 15415 70119 59178 14279 73547 4622 80869 63989 69846 55664 467 88706 24659 92766 23445 13608 4855 
5177 25
98858 41163 13622 12087 40338 9774 67805 30537 24281 36675 72191 20225 46024 40273 19557 40735 86408 49037 935 43371 17700 5082 78733 13450 68281 
5473 25
73615 93483 400 64004 90669 66413 61663 41637 83117 45539 22796 55874 5733 90061 12895 2819 15718 12326 61247 72018 27785 16244 58737 1272 73766 
3813 25
45040 71868 25842 84768 94227 20086 56340 2661 23112 50673 28726 23723 81132 72872 64310 5259 61920 15176 21858 58126 9720 30231 63211 75752 71858 
4843 25
4903 20230 83351 11424 24797 3670 42162 1458 40210 86752 89952 16749 26681 54490 96419 75589 69819 30561 63784 97596 40367 26339 62031 85479 29057 
5588 25
7213 9658 62413 71607 21732 20900 31668 31949 18108 45342 56761 66440 9436 4113 76638 24001 8248 75181 8045 11294 57491 84276 46122 30947 16711 
4644 25
87087 92234 58085 80371 97457 14050 91774 13120 61205 97353 79628 37264 79102 64553 27489 76497 39766 64788 66607 25518 8468 67932 34198 62356 12407 
5760 25
66814 99451 87001 46141 76358 54655 18770 82500 2925 74890 71746 9950 60098 63651 84827 8015 51390 86120 55457 50014 81742 53329 41654 63887 62355 
2502 25
8617 22935 72609 40264 79782 10561 76574 33068 74120 76234 29786 44069 43302 99155 89597 39706 79323 73876 40626 5682 56722 93951 74650 58957 48057 
308 25
42513 49148 30985 101 62972 17624 2038 32948 89781 10853 24621 4371 32560 3139 25689 21083 89506 50077 4707 9905 57862 2584 66528 75679 51176 
4827 25
3798 60933 26336 12565 33935 94246 90755 65813 40095 45008 71314 42094 94414 79831 59551 18787 43549 49656 48126 41300 28938 74024 78255 70658 59143 
4867 25
42556 42796 24934 27075 58257 41996 37822 17947 33963 57139 52267 39255 12745 44640 17625 13324 17122 56341 12118 60263 77278 67909 64610 839 44772 
5643 25
25739 31839 24195 56947 29439 79485 17672 57050 24569 20586 74517 51709 91063 59569 30176 48583 32190 88921 40631 28619 93519 69429 15433 49396 61575 
2479 25
45473 75902 73387 23499 75441 25005 92922 35102 8544 94 63916 96868 27633 14742 46632 47230 93256 24994 61481 64765 29111 20623 63715 52256 19100 
20 25
19749 2191 68357 22807 38797 27468 83889 75258 37192 25788 41406 11735 58088 18184 39890 1587 73193 96884 46958 39007 91279 98442 31257 89829 12574 
22 24
92826 27617 49232 64880 25520 89122 29747 81722 91469 48702 81916 13653 73509 7636 10290 52095 85236 9981 22692 4553 99896 38092 5827 22036 
699 25
70906 77580 71490 3857 60313 22582 51120 30188 61970 21441 41509 89808 93229 94322 83990 57887 50312 32914 77081 82206 85062 99995 9314 77222 87129 
