286
10440 2
39953 41166 
16252 3
8507 12738 78161 
831 1
70378 
15158 2
67221 46205 
1859 2
37015 14197 
9034 2
75618 55559 
3166 1
20035 
1148 1
588 
17728 3
57375 3752 66304 
4163 1
50900 
14835 2
24687 78318 
14331 2
26414 66633 
15660 2
76676 72783 
189 1
94310 
8076 2
54894 80605 
7843 3
68436 84497 66077 
16942 2
69157 94536 
7105 1
45817 
15223 2
56929 72696 
12602 2
58813 74628 
15484 1
79663 
10682 1
40693 
8519 1
71381 
13016 1
31169 
5126 3
39035 47915 34586 
6224 2
2394 20857 
3906 2
56908 14259 
21608 3
33429 56360 71228 
20468 2
83127 25022 
6531 2
7090 69997 
14515 1
49070 
18540 2
85726 11007 
21100 4
49102 34756 7422 61950 
13215 2
87693 47494 
15628 1
44690 
1562 1
8236 
1107 1
3893 
14215 2
70523 2978 
19827 2
39662 48296 
8056 2
49652 40484 
16297 1
2842 
21068 2
55095 48757 
14591 1
5439 
796 1
29343 
10806 2
19450 71105 
15394 2
72476 45090 
1236 1
5367 
8383 1
53315 
692 1
38097 
4174 1
179 
6542 1
5473 
1091 1
29930 
14565 1
72859 
10196 1
3530 
16907 1
63226 
17626 2
53117 30018 
20200 2
66282 24185 
17651 2
67288 27184 
7100 2
21498 75784 
14052 3
1413 19443 123 
1081 2
56216 23258 
19454 2
1902 84989 
18956 2
61520 88522 
4526 1
62053 
16906 2
77347 41080 
6292 1
81107 
20017 3
46117 81217 95076 
3210 1
46315 
1521 1
46387 
2583 1
34952 
1172 1
12162 
13001 1
13137 
2579 2
79180 86394 
1447 1
32975 
10515 1
15862 
1028 1
58056 
17099 2
3946 52328 
13155 2
45134 87230 
17486 2
5133 35737 
514 1
52642 
13784 3
84651 60702 33733 
15719 2
29471 60348 
4035 1
5673 
343 1
19750 
6807 1
21280 
22081 1
79207 
7165 2
17861 59010 
8819 2
74492 8915 
835 1
20443 
6027 2
78152 86656 
14524 2
36302 13813 
9677 2
92023 95724 
916 1
44389 
3150 2
9279 49074 
12835 1
70503 
5892 1
61158 
21000 2
60998 45267 
15139 2
63874 95871 
16124 2
49814 38832 
1703 1
77936 
11500 1
38363 
7922 1
93772 
1970 2
51268 16893 
21240 1
9371 
3218 2
55683 41183 
16668 2
91232 69441 
16573 2
54969 40972 
9737 2
8418 30711 
11106 1
31862 
12793 2
34641 61457 
4919 2
1892 64439 
13411 1
15017 
13022 2
33882 22077 
3251 2
11174 7448 
13358 2
42572 70130 
17934 3
61315 26584 43813 
20683 3
42297 51016 87120 
11573 1
42055 
485 1
81811 
6567 2
6456 32064 
21467 2
38806 993 
537 1
90437 
1138 1
11995 
386 1
38638 
19633 2
50247 20020 
17459 2
80404 65648 
11358 2
71763 51485 
8329 1
28856 
9900 2
56709 37618 
15075 2
88173 49878 
3473 1
29980 
22076 3
24302 30136 46371 
628 1
59653 
439 2
82150 13530 
13126 3
46999 79690 26301 
11095 2
90263 74104 
15803 4
23617 91743 2384 43338 
19745 2
87004 4012 
20103 2
55917 11578 
22059 2
31608 73898 
3949 3
23620 37397 47298 
16477 2
31502 47185 
10967 2
62849 91223 
2504 1
7607 
7695 2
425 6189 
6002 2
64356 67711 
10830 2
58835 60087 
18901 2
79007 43920 
19600 3
23336 43937 88561 
13160 1
34595 
1209 2
58944 59748 
11294 3
68784 42333 14940 
9400 1
13370 
3162 1
37518 
15129 2
58427 11470 
6523 2
81248 74171 
69 1
73610 
6178 1
29402 
1076 1
20903 
9202 2
29224 44210 
6995 2
2199 85338 
10903 2
11816 26889 
13267 2
62071 73902 
638 1
48770 
5718 2
40150 26751 
5696 1
58223 
17073 2
57684 67824 
9353 2
50139 43169 
19182 2
21341 86775 
2686 1
1417 
10939 1
85047 
12121 3
94633 9464 96427 
17098 2
78278 4758 
14641 2
54036 10051 
21188 2
41135 17992 
21050 2
77559 26887 
285 1
13392 
19970 3
64620 88395 94168 
4182 1
31852 
4191 1
80470 
8324 1
1047 
11270 2
34550 14478 
2147 1
40617 
8512 1
87017 
17567 1
94479 
16845 2
13378 20805 
2873 1
59495 
21588 3
45329 85318 25373 
10814 2
70467 1784 
3716 1
71166 
15132 3
84634 39710 33358 
7906 1
68862 
18148 2
91861 55610 
5072 1
48539 
11052 2
9536 70758 
5742 2
21668 30742 
14325 2
82318 7975 
6231 1
64999 
15464 1
83363 
20416 2
3013 32438 
19261 2
61571 10226 
1446 1
28599 
6639 1
31957 
10570 2
44430 31104 
14530 3
31315 87327 83904 
4198 1
85671 
15884 2
10629 15127 
14322 3
49086 62868 44878 
18708 2
28521 92542 
345 1
45822 
12223 1
4090 
3847 1
70991 
2104 1
82310 
19788 3
38246 35721 29481 
21413 3
43179 34814 74639 
4922 2
27967 68347 
21084 2
46003 6435 
5579 2
80197 13207 
20507 2
22154 95421 
18939 1
76517 
759 1
81462 
16556 2
77344 42929 
12269 2
69303 86526 
4811 2
21275 78657 
1247 1
53276 
5771 1
13360 
626 1
43192 
15 1
31354 
11205 2
9591 51896 
13069 2
63292 43869 
1070 1
39352 
20469 2
73396 64780 
1377 1
58891 
5566 2
45853 47972 
3256 2
90989 59867 
888 2
56993 91146 
18881 2
70626 55461 
1428 1
70463 
9577 3
24891 40225 88858 
5241 2
72920 11991 
5420 1
73580 
18732 1
75562 
18061 2
3666 34831 
1170 1
36053 
16385 2
30662 26945 
5268 1
16524 
5920 2
51815 57275 
7450 1
5450 
21318 2
94470 15935 
2553 3
68040 51289 67486 
16452 3
90173 55534 57964 
772 1
70473 
2548 2
42194 22819 
16476 2
52112 30003 
18470 1
64282 
1163 1
8734 
19854 3
94345 55505 43273 
2876 1
39267 
10213 2
43752 37418 
8284 2
31196 5110 
18936 2
22431 62716 
13313 2
88900 39175 
7559 1
44263 
115 1
2819 
1291 1
83915 
16904 2
90374 74099 
13149 1
31278 
13585 1
12329 
8782 2
5112 59827 
2411 2
89635 33691 
8000 1
4925 
21336 4
32734 36770 69801 49522 
843 1
54029 
1503 1
38111 
533 1
14263 
15149 3
88527 53591 68568 
5822 1
26774 
6860 1
10734 
10288 1
22856 
8455 3
94656 83347 15117 
10686 1
41572 
7999 3
16031 56939 57915 
1420 1
56623 
599 1
26873 
3520 1
68988 
17949 2
70244 79198 
