101
3060 70
4074 41888 17359 7364 14937 39217 12891 10578 8087 22979 41510 33644 26763 8828 9646 28652 4757 18287 13319 43599 26825 11290 6379 815 24972 18222 8124 13406 13597 10917 34469 22134 24090 42129 2924 31268 35207 1398 44705 20392 23345 7662 44529 2428 22156 26660 27608 35025 28453 13580 38821 37145 39533 32087 35424 34405 4502 850 41598 30923 27478 34413 32501 17139 11982 17919 41292 35686 16287 5004 
1740 70
28968 21557 19060 1445 10990 4575 31898 38925 30731 21750 6769 13567 39995 41439 27928 37230 21921 7052 1758 31864 33118 17553 1593 33047 24761 34056 14319 11762 12563 23787 43388 9673 10685 23947 19805 27848 24472 11713 10453 30000 26154 26479 198 7796 2786 42368 11539 29604 27901 43081 21283 36606 37881 7023 26691 8558 38813 9452 8363 33285 33181 34669 34877 38387 32999 32143 3297 23053 35428 19812 
599 70
21482 22583 30346 22755 19425 40443 1279 15436 29148 14242 4190 26920 5883 17944 8242 42429 269 31318 30461 6873 39895 16913 27100 7150 7126 21784 3547 40715 5688 33166 43259 3926 39738 21326 33430 11018 18698 22077 20786 34086 10542 41950 601 9198 30270 42210 38692 20489 8759 33121 25327 35904 41616 36473 13090 42075 42050 38308 129 29280 37638 31488 20379 42882 25316 31567 12038 36352 2501 27250 
3972 70
12198 37884 39813 16068 5298 8196 7635 35195 4140 23302 28407 33665 32424 16841 20809 8960 7673 38224 37003 24863 41374 10378 25625 31857 15110 18460 5381 27720 15675 18584 27140 6165 8479 23276 29251 9652 12375 42985 37040 263 42283 18324 12414 18451 19270 35377 14309 27065 30494 19862 25471 29200 4107 28126 10698 20148 35319 29354 42592 19031 30883 20759 36743 27278 29519 11718 35023 20231 22112 30419 
2283 70
14562 16433 23700 19233 11309 22104 41322 10136 44121 37991 12614 9488 16741 3119 10634 31120 11341 2717 38215 11774 44125 41037 24434 29255 8879 6535 10768 36345 43441 2878 30589 41990 2351 20504 43586 37582 29062 28007 18658 44141 25894 18322 10996 13370 31588 16414 33683 42083 40865 8550 11216 21290 12547 23063 37960 34380 2254 2102 19988 7357 16583 20005 30993 9338 17095 26952 26967 9554 12404 36010 
1135 70
3679 29817 18747 40487 23518 16777 36427 29619 10004 24030 10098 28175 12275 12565 38209 41945 3249 31757 32824 43969 19294 42171 37662 16089 37019 11875 4507 42879 2894 20430 7759 10973 21474 10071 39636 11556 5373 39801 3737 12799 31379 8956 4010 41895 28227 12845 18421 42192 12116 22864 7678 7849 16100 30339 31370 23652 8174 40944 2732 37729 26482 25343 5772 37707 6263 17596 15677 19757 38666 38894 
923 70
7510 36821 30399 40870 28015 40566 24736 35353 18029 1154 8796 7331 20733 26153 6074 7765 13609 3995 33046 39542 10580 31993 5292 27977 21836 21146 38030 10439 44530 40145 24581 3840 1110 35057 24907 41661 41940 27629 41575 39119 28342 36054 13108 24806 43661 30747 8869 43909 13270 13002 43027 28367 3775 5264 15056 19826 20376 4666 17405 13512 41900 17267 18116 35713 37256 43009 12566 32375 6132 36528 
1465 70
0 35316 32953 18210 34926 7949 22432 16708 39665 1769 16201 42198 34595 5507 26902 39924 1884 43270 20243 15463 18153 20890 35799 31543 18155 8260 7739 746 37706 14978 41400 27188 23369 6731 14100 30638 16066 22203 12312 22676 20223 3319 2725 26784 28083 33148 33321 41578 41556 12710 31748 31702 19210 22770 30900 4605 39316 17300 31246 4786 16131 2162 442 7004 6930 4600 14350 10916 24558 13116 
3276 70
39303 24088 37748 21035 16197 20090 5432 23621 43989 36689 35491 3663 4328 33746 22313 15621 42706 10761 32619 28917 13199 5477 44403 41992 2984 17650 15127 22089 90 15733 29063 33143 10297 2528 24135 33802 24539 43144 875 23120 33510 17168 40554 28163 40328 1798 12709 11330 19726 1636 32365 26416 33921 5112 27502 9308 4773 39716 34262 33126 40087 16816 12597 22638 111 11347 31949 13541 12311 9928 
1862 70
33398 4561 6826 1262 28548 41264 41800 33984 35217 31042 3273 42157 21017 40973 3442 33437 20736 27869 22453 16658 29720 2598 4706 20836 20940 8244 11158 11491 24735 18313 17592 2702 26390 24662 9608 1158 27560 13682 36151 12403 60 32959 12632 40709 23127 36222 39852 41060 6006 16967 17571 23740 8003 4880 14144 10373 32672 1248 4381 37455 34238 16030 1404 13227 20296 1520 1754 12899 25593 17240 
1855 70
20696 27085 29577 3974 37402 10771 9992 27593 3503 26570 20273 16916 5640 4547 38921 2511 30911 34245 17618 34639 12534 34047 8637 36723 14932 14456 8801 1810 10005 24162 6944 12235 1726 6254 3852 22523 28393 11009 10927 33436 29199 24846 12330 9937 28268 27420 17316 4677 7788 34737 1151 28777 18575 1539 10997 16856 41305 41799 36297 30025 28441 6955 3180 34945 3887 41553 9192 26964 43715 20337 
3824 71
6335 4940 13728 33034 25561 21592 37510 43134 6131 10539 42219 17660 35409 11350 37505 10111 31368 17070 32908 13905 15067 31433 22328 22810 21276 27946 37868 22948 26532 41748 21302 20883 21576 14307 14832 18017 35903 29764 16110 38927 5351 5929 14167 24663 17724 33255 34572 35074 10653 2020 41600 30660 6807 42006 20798 26079 38792 22843 3570 13765 13530 36145 16423 38526 33929 22198 25318 8858 950 29800 43513 
1095 71
6745 13837 12124 4201 9255 3812 24235 7522 4077 35435 38684 27228 5622 12289 18349 14651 16132 650 8379 41850 364 4947 20399 37661 9376 6449 36947 14066 6564 6398 8676 41831 44191 5744 39815 40531 28346 1438 29051 14466 25144 8304 2654 5733 7341 20606 39004 11596 19781 37225 40463 41440 6522 40471 41021 3292 27957 17755 2687 39379 43871 18988 34288 32277 37335 27413 32640 28983 6490 18288 26862 
1552 70
21392 13620 30049 39437 35901 34397 31331 7829 24057 20189 43307 34991 4590 27532 5954 2854 26510 41655 27428 17926 42087 22943 14799 17090 1213 20275 18970 34923 13833 26556 30117 18687 7710 12551 6159 24171 33237 43244 11217 8151 7437 30970 16479 16533 21125 36830 31202 40641 41145 14180 25880 44734 40283 44688 37644 12708 43146 12420 32244 20310 10155 3768 19530 29590 6164 35379 44609 12112 17508 38111 
4592 71
7842 30574 10702 44566 37501 2316 24776 34435 18603 10780 10834 44278 10796 41255 32701 39356 43837 21664 7256 41588 3098 1747 37082 24684 30511 21607 23035 25455 16211 32624 33425 779 5182 33786 12265 15938 21442 35615 22304 34985 35912 29702 10063 315 40432 22694 42709 4529 4200 28939 19523 26229 37845 22598 6606 16789 2109 44219 10874 43990 39464 38552 21462 40620 20618 10896 26378 2403 44414 21250 22141 
2036 70
14492 10350 15927 40577 15696 22079 11906 41869 34274 36052 43826 39239 29912 25079 14558 13053 23242 28650 38274 12397 18659 14619 30641 13782 6442 30775 11818 40386 30114 6996 24922 32298 11557 6045 35109 33361 18282 15952 31602 1659 20996 41908 18855 5915 41246 6780 37476 24412 1084 23334 42113 28888 33497 30019 20624 25566 30848 13735 23498 24995 12130 33250 4055 27597 26991 6252 28531 42347 16056 37095 
4426 70
30284 11477 16782 4758 7300 23119 2789 5503 38541 28567 37449 16723 13259 44207 4009 35511 33315 9176 39022 28381 21723 19679 16780 20423 6192 31502 3396 34246 44418 25404 3671 15867 13161 40824 32796 18825 35391 18001 43056 7926 25955 26815 13212 13177 33371 42071 37961 43561 31218 24976 30861 22188 38635 4300 13743 9112 36804 22076 32487 42824 28014 31164 27007 1123 37036 25753 16076 28208 25949 34576 
1538 70
40375 38164 26992 28811 26748 38570 27659 31647 13267 36173 36921 38939 5023 5796 20009 29983 4858 22316 370 31942 36310 39588 24531 4146 27191 19873 30229 24789 2515 42525 16188 39347 9391 41163 1850 13043 39554 25062 34195 10037 30164 14371 7666 21095 40932 376 6260 2229 32085 33549 21058 33087 34560 1227 26814 18752 11909 17244 17221 13647 39096 12934 37985 26746 6331 37952 19197 3785 9298 4743 
1442 70
31541 806 35564 22706 42744 24710 9316 30912 40480 18556 42259 38854 25478 19034 38904 27091 16385 36272 43639 36752 3049 20779 35382 30029 816 8232 29539 39904 23724 33676 18946 1221 8931 944 618 38980 13887 29773 26170 30751 14112 34345 42503 41840 11190 13447 18812 31727 16925 14451 40682 10581 18523 39069 35157 22955 32405 7813 38284 2191 19938 6956 44233 2053 28892 28795 32993 42637 20856 9701 
1554 70
17358 31736 1587 33966 4663 7440 4344 42196 22653 31720 6322 39515 13563 22507 707 33145 28065 22484 36484 22895 39156 12585 14509 32247 42147 26965 38645 35325 9367 1170 43978 35647 21889 20284 11773 37047 16670 9006 30622 8902 26685 10905 1192 278 14599 10911 1728 4475 11963 2130 10667 2949 30909 16293 44606 21159 43845 3881 27149 22467 7779 30888 30144 14955 18131 264 10045 2584 39786 32014 
3606 70
29814 88 19672 17758 17580 36822 710 21499 26995 26192 20630 10882 36132 39617 24508 30629 4939 33686 34941 34084 10703 12213 22117 14311 10431 24762 40818 23116 12348 12004 29530 33302 19326 33211 31923 9945 27647 44365 6225 39694 1344 13110 23493 12537 5107 22769 12294 16227 38 23433 7742 19839 27232 18680 384 15774 42047 342 24054 27758 8302 35459 41373 4970 5700 22937 6609 6686 15074 9684 
1458 70
6011 12904 10603 16645 38494 24491 44426 18951 4433 10845 24782 32643 23796 41750 21142 1179 19905 16766 497 23248 41858 19542 9655 25284 41332 34783 10168 19847 19355 15837 30559 4715 2679 15699 12932 343 14631 2975 31169 33239 25546 7203 19323 25330 38098 41042 9733 713 8366 30830 29204 18719 30463 12736 15225 19221 23207 6280 16473 4803 6081 10397 19852 24769 20592 41453 9908 26805 39857 11489 
3512 71
8564 42973 35897 23809 9213 5240 39324 30958 30207 7497 34207 8969 29504 17871 27493 33161 37990 43812 12383 7152 38930 9683 13693 28212 44640 38199 7295 13343 18710 22473 10024 31136 19341 28337 27744 38530 26029 37910 31403 28541 17829 37754 13972 5699 4472 29384 39341 41027 34179 32511 10856 13172 22173 24501 24632 30582 30374 651 24697 1437 42313 10857 21126 12122 38467 14790 27323 520 7705 14118 7815 
846 70
1309 28731 12758 13178 28756 9778 6471 1931 16360 40218 15364 15144 571 15816 41615 26353 21507 17307 12287 24546 21258 16620 38379 11553 14046 32713 35138 33305 18279 32740 12824 24142 2402 12102 42580 21067 21044 20545 29549 27347 31741 37876 7037 13492 44024 16474 31674 17589 28457 35767 4950 9969 18675 18384 4839 6484 41507 15901 21947 39323 21476 1994 21114 23460 21216 31951 20776 27511 7506 8078 
1202 70
38954 44570 3816 699 32562 16065 42493 43633 23261 19343 24579 3411 15665 43106 1996 39143 13092 10390 1670 7903 2544 16578 19375 35315 34095 3632 13328 13497 751 37901 32022 29036 27170 24817 38433 18798 6236 2407 43314 44355 44329 21780 17064 41803 19433 36699 322 2026 9719 18822 10395 32998 38553 13587 32726 28545 29285 21215 15932 15417 30430 34876 37962 36680 20604 9964 824 25922 11777 10714 
1651 70
40264 22444 35803 7254 23646 1612 30011 36284 39089 21182 6090 40177 38095 42406 4256 17529 12956 38781 23338 32997 23762 27954 41938 42796 16407 28168 13675 41861 25191 801 42863 30541 39824 29788 20570 26035 15177 25951 3149 22333 36623 3703 30259 1586 20048 43054 6196 19968 4598 20452 21218 15616 22912 26421 37552 10398 37596 29428 22230 6434 4447 40290 19071 1693 35236 28285 7859 18265 38049 22856 
1644 70
20114 42697 3082 31367 26373 19186 3845 4548 10705 29578 33365 41330 10243 21871 6422 29312 5390 38575 9751 6555 5118 11198 24538 6514 34196 19353 33008 29811 18270 39423 11346 40252 17684 26868 32468 1370 1070 36732 26121 3114 23126 37832 16911 17782 19617 39838 41961 39166 24157 3250 38031 2626 10513 1190 41360 26280 7120 44671 17195 23587 16576 15418 11365 20068 38908 5509 13295 2178 12526 817 
1204 70
8936 38375 14061 27059 13959 38704 37453 11386 24379 3497 13990 18499 9682 17275 2197 35040 35791 5570 20079 6411 26697 7238 34793 43544 6168 19608 18548 42644 19592 24019 811 6116 38229 21429 17941 40174 29772 12485 6185 22879 10142 5952 42318 26735 27621 42970 41822 11090 40672 94 38173 8311 15507 7182 27916 119 16145 32991 16234 12725 31444 24805 6796 17966 24285 44050 43105 37189 12477 24125 
3109 70
34098 29190 23986 40839 29360 32057 24261 42052 6452 15239 40258 27782 19889 37548 25516 17509 31779 14336 40603 11712 34388 43279 28568 43744 7572 7419 17447 25048 14085 42737 15904 1893 32758 4008 13130 30941 25243 13521 12239 31644 17345 32282 27240 27902 29088 41885 35565 27942 34231 3186 4815 30720 18439 26062 26891 25657 999 44035 16383 43402 13969 1333 42056 14828 42473 13939 42511 4316 42635 39350 
1003 70
41958 8602 10966 2853 22658 16091 12052 7594 34327 271 30057 6461 890 37199 38769 41306 27607 42328 4655 8790 14727 33496 34219 20230 33098 9672 22984 36625 21848 13795 2850 3724 2852 28183 38624 6513 1939 5475 42232 17164 1241 6784 373 29374 44537 3699 12831 28169 39243 23457 27660 16558 44111 42500 9585 38614 19788 28834 11835 11720 3693 15077 9695 39982 10858 33373 9295 40366 2644 17511 
607 70
31633 759 33067 41899 30569 43369 31223 21242 25990 27509 15164 15352 3202 27693 42928 28271 22029 2302 12948 28807 34574 34 36061 27736 7628 12670 1508 35969 10925 16681 23374 3512 10403 19628 31227 1191 28051 32210 23922 32496 13799 38496 24884 42524 4354 20688 9753 2484 6460 25069 22274 26187 20743 41851 20088 40863 42231 22133 7393 28193 20146 2019 18262 4295 37592 73 30723 20562 29830 18570 
2042 70
39490 31345 23934 4428 13274 3059 19544 31789 10952 17781 11845 26384 12996 3075 4544 19877 14449 16020 18454 36237 1073 2168 16359 36039 41308 6947 40175 18503 4789 29013 24547 36206 21393 35997 31147 16036 19527 22590 36428 18292 44077 6209 14015 17973 2675 5662 8471 5556 11768 38998 34452 12488 18596 17616 44679 18579 5771 5003 30503 24161 34364 11829 6922 32450 17033 28665 20321 42558 22786 1778 
4801 70
40243 37928 37623 10904 43898 13311 12606 31944 27495 1941 42445 38113 678 37443 11413 32805 1822 37664 39129 4841 8760 39576 37563 29252 38123 17156 2142 10180 37295 31575 5202 8508 11722 11142 36250 36974 10607 6204 19497 4838 13778 14178 16050 31560 2987 25905 18366 13753 25792 43346 10801 5160 33956 6458 5364 36562 2269 29595 1229 26600 39237 22449 24659 14403 22736 33125 3188 25739 36807 10615 
1261 69
21532 8947 1244 25878 9886 44540 13017 39984 35864 20381 14056 43265 21679 21745 32331 27713 19120 5122 32278 41351 42234 17792 37514 25920 15021 17854 42179 20315 23368 27731 43878 26968 27546 17282 9252 1015 15245 22936 16537 42204 29118 39926 39112 3736 25462 25939 21731 10850 5282 26242 7721 33547 31393 17648 31462 12187 17112 25493 40413 19293 26998 19392 2127 16830 39638 3328 11989 35887 38310 
898 71
3834 30886 6820 43743 17288 8870 28553 32583 10825 21405 37480 2347 7936 2155 37542 37726 5627 41017 43397 29886 2728 32136 26351 3912 26703 41213 23798 6212 29958 27620 41105 18381 17277 41574 1909 30136 36808 42065 8439 1651 8112 21690 28787 31997 15240 30252 7713 17563 4784 9185 27899 17643 26040 24205 7494 38297 15381 19183 11178 17808 44312 13247 8195 39556 5991 37774 19660 21900 27967 42930 44625 
586 70
39914 17938 13636 30617 20591 1109 6346 34003 37874 172 43786 4042 2323 11852 31686 16688 27396 21214 44114 28179 30655 38864 3557 40073 44553 22862 5297 4290 18670 11744 26929 44017 42448 11015 41732 29483 30031 39970 43179 5491 3513 13423 35552 11461 26180 40500 16524 4197 37311 26856 40126 15382 23606 33731 19853 16403 20179 27305 26256 9042 5487 14805 36981 1328 38180 39947 42036 20225 31840 25001 
1677 70
32905 32887 24120 33022 7890 43636 9432 31770 39272 1264 38824 34858 2650 9835 10294 9774 25588 42561 34867 5568 36762 29140 19366 42751 18319 14999 24148 40846 18013 18337 20476 36805 43021 29069 6024 33279 32349 11880 44293 16466 8356 20871 1442 6233 26692 37586 35021 2248 14187 1005 15371 37654 31732 22024 18904 40108 28251 19374 14407 44405 4108 32990 39145 29787 5992 15519 6267 12459 42082 23772 
4002 70
3786 25637 28369 12999 42974 34521 14939 34174 32018 19490 34918 1436 822 23983 28497 40014 9789 27549 10125 5242 31144 31364 29211 9056 23617 20378 41014 36960 17534 14117 13604 41952 22811 35373 14358 24703 18830 34023 28970 31447 19911 11180 24897 26070 14633 476 20526 10190 44051 41448 22712 36493 31422 25360 29672 27354 14465 11266 15489 34503 11454 32843 38797 3142 13657 31801 3281 34851 37812 23132 
639 70
40036 9603 14508 38194 7461 11525 694 12730 12491 29019 32268 4309 38911 2505 33053 31405 20004 31028 39897 16340 26665 16616 16953 24320 16437 33101 1910 5853 25804 39640 21582 13571 35022 29940 9263 42506 35964 6150 7571 3662 12360 14375 25827 11381 17916 22000 43534 8554 34371 6595 17356 21406 15094 27833 28533 8245 32674 14834 37415 39419 5059 37427 6274 40280 28692 40477 42021 21072 8234 41536 
2310 70
31326 33775 41943 42663 30369 11069 29333 3811 15579 2513 14335 16760 26305 40053 26655 4689 12627 2227 39349 21629 15528 43508 35054 10490 29375 118 19265 31525 37281 22138 540 12068 831 17209 15299 8100 30749 7508 9477 9664 4774 24676 24638 34967 1511 43019 6516 15410 5856 21609 30874 15230 13654 33751 33640 8768 35505 11669 35844 38345 25333 20771 1824 32302 19881 33291 32734 3787 35337 15802 
3637 70
16046 40705 14290 27000 42756 4440 40720 44057 43011 43263 5614 19571 41925 39206 43370 34491 35331 24242 33658 34802 8329 23570 33823 22168 5592 2940 42966 14497 22693 36908 10979 7687 10971 3228 39901 42859 26807 27365 19730 11224 9558 17591 9806 15977 11866 2972 3470 6584 34790 21047 36900 38488 41318 5932 39612 13988 28913 43216 30901 10402 40245 6153 38389 32467 22288 10241 34081 41987 21099 29059 
4487 70
29875 5910 7144 28699 36363 26661 29473 17579 8063 6715 2659 8385 39135 29858 32689 17662 41144 14777 8019 13367 41013 1908 6570 29572 12476 27556 34804 24007 6375 38480 21171 43384 34697 8889 37294 25521 25155 25227 36371 25747 26848 34395 15092 25105 42741 37177 22131 23941 33421 32075 32962 5042 24774 30488 39125 7463 27992 4874 33569 29089 3921 35197 16327 11336 2113 12628 9276 35034 18004 24183 
2203 70
41963 4558 7198 33722 18443 30172 25491 35579 27373 5256 22307 5416 23329 36756 35649 17378 30161 19666 5901 35012 1410 35852 22666 12106 36221 28789 18330 25377 36342 44567 20292 25543 27969 3435 3347 12532 428 39958 31017 15132 8470 40385 23760 41652 37385 32154 31118 37879 6884 44274 41342 21616 39676 643 42570 12271 21821 37640 5514 18870 9601 29122 7222 9613 42137 1222 34794 43520 6940 14793 
144 69
36160 32708 38106 28274 1815 14467 21104 28742 6378 23406 37617 19500 19501 13452 33710 21466 30445 536 37697 24709 40792 23172 44088 15041 32345 44394 43868 20457 25576 31198 21573 17657 31557 1890 18606 29329 32420 40430 5900 29073 30829 11296 31322 13925 9514 25467 5612 12304 22239 4176 3807 34107 28611 11652 3498 16947 28115 11776 15095 44685 2611 41399 20865 28286 14647 23143 25757 5395 21324 
1598 70
15686 19405 35719 35366 35278 16494 43485 14878 25706 34236 9471 8892 35762 7559 43422 11041 44187 28018 39294 23399 5428 40978 4959 3390 41663 14481 12797 29562 11639 12462 15499 33188 4739 39165 10806 39866 1961 15233 24691 41409 31509 9910 38958 28147 15914 29376 28804 21986 24189 37918 25116 21231 16973 8584 41 35841 12308 20597 1013 8320 9798 30802 41640 6142 13671 38246 8975 8916 9916 7305 
2398 70
9901 25013 8994 29222 5212 27223 27401 27130 23061 22613 7388 41606 24369 41390 7542 31759 17807 5469 26714 40803 43476 15176 37204 34276 10189 43077 4221 28763 24113 38611 30016 17442 33785 28796 40980 34712 37837 8715 27052 12982 14159 35016 38333 17630 5855 4430 17915 41025 27676 10221 15019 9160 42629 10099 41763 19719 18539 8460 1802 20467 14800 27800 36583 30766 1152 7093 39882 17747 33744 27519 
1949 70
35646 37818 43129 33739 30039 29005 22009 29291 36207 19147 642 22903 39816 33298 34766 22014 9641 39657 6019 31304 9560 35705 20900 7246 5086 4388 4485 29162 34800 17338 12862 14157 27552 24110 25828 34289 13653 14437 268 41675 13457 17850 11067 2252 21240 12920 44481 38749 6390 22921 8272 354 29462 24834 4356 23011 36293 39034 32795 26582 30454 15100 29213 43424 441 30251 37401 29227 18795 6289 
228 69
24792 40967 23381 16087 369 24072 32523 9861 20380 18493 13384 8335 34832 22097 20967 38857 34742 40090 39197 43631 1393 8593 22041 25204 40468 33314 12650 32358 38451 41657 20937 17130 36346 13099 41989 8430 24136 6373 8270 24548 10008 4244 3681 11354 43341 44201 881 15744 33940 42293 30477 38637 32912 41707 15970 3158 23662 24810 34843 6310 21791 7097 25772 43754 18826 39315 21881 22819 23681 
964 70
23626 3528 8726 12992 31456 10334 42825 10445 39814 12280 8423 11285 9643 28691 29208 17887 17757 21712 1975 28832 109 25313 42518 38589 37021 37171 17920 33337 1632 44253 42456 29157 31110 15522 9849 15403 28092 15770 11164 14032 36220 33970 1895 14146 42888 31427 43302 19170 10256 29150 23595 40094 42998 42552 40335 5419 37781 30621 16153 25230 43427 13332 33842 41290 43550 15151 44049 20468 36839 42419 
2556 70
22363 39923 41595 19863 38656 14237 28249 23056 43033 37772 23114 20936 29890 2920 18340 4893 25059 20344 44000 26302 40354 37142 9303 35918 15360 39583 37493 42060 32204 6683 28566 8485 3587 8659 43658 3376 2211 19260 13993 19043 6527 29439 5239 16589 29919 32499 430 36529 38006 28906 32651 8568 9318 29681 11518 22 24190 22475 29643 5084 19398 40555 10124 34114 40358 40552 39584 9324 8449 23232 
3729 70
29675 27431 35622 11302 6795 19268 4928 9115 39407 544 34353 13449 31746 18396 21828 26942 23043 34342 27205 31112 34002 7868 31756 23152 16659 25104 20509 18189 12591 42907 34463 31106 18472 24381 20367 1541 22195 44643 3643 32809 886 29656 41710 17236 35952 13388 30474 13650 29616 13371 28564 40025 8543 30459 21531 36971 23139 7703 27652 14255 13135 6230 1905 24695 7929 42904 25917 34977 35688 15886 
549 69
40514 22853 20956 18149 40778 40713 11632 6847 16807 5525 15260 24565 29575 40855 22036 2056 43199 17824 37417 42680 18768 17026 16765 43469 34197 22400 14894 13215 39261 16400 4610 3353 32642 13087 22606 17677 11645 20147 28291 22813 30215 14084 26292 37292 42261 35603 36354 30068 6895 674 13553 3447 1193 2557 6292 20881 1835 31651 11141 7387 40964 21594 327 43863 28603 38144 38973 35759 27173 
594 69
10493 2301 6560 20233 30851 28649 30118 30313 20746 16753 38728 31534 35031 28672 5693 11693 42781 20053 44608 7984 12157 5848 14574 32964 23920 29976 26209 35093 31392 6974 16503 10650 40695 39917 10249 28977 25797 7834 22122 32754 31550 27860 13482 33558 8180 25795 33162 37878 17472 22651 25800 18620 8983 18725 34080 20312 21837 28643 32209 40854 21208 41793 30397 26273 31986 2356 3611 39402 39598 
768 70
23549 6892 33515 43068 39473 23145 39219 7895 7503 21286 18480 22608 16687 30175 19766 14370 32446 32545 16311 35084 21220 43186 597 4069 15155 13184 2705 28997 33452 26490 32910 3746 18549 14689 42381 43162 14109 8891 24048 1710 32825 6438 36829 31729 16705 34109 29885 14897 5454 19158 15600 7614 19797 30613 23738 17556 10885 7809 28326 2707 41251 26449 17074 24859 23428 6186 44697 13012 23591 31441 
172 69
10342 20251 2456 21354 32741 4524 16965 519 38648 23952 27675 41951 13764 32654 39274 37558 39 3397 8266 27710 1578 36214 23663 23684 26085 7194 35396 15079 34057 39952 42711 39631 21408 24221 29121 24680 31824 2994 25806 23610 8506 12541 515 30008 34992 6264 32798 22433 29535 11482 44691 13352 14002 11466 43372 32509 41473 9100 3971 29980 34249 39310 2932 41194 5889 20276 15069 10309 42337 
2782 71
2419 14691 20416 303 44211 22521 1652 52 4936 18315 7822 4237 12325 6482 29318 40425 9145 9749 4180 23215 29337 31082 9773 42027 10433 31426 8150 14983 30050 14957 21680 11438 31662 14123 15949 39357 29393 35786 10742 30166 29254 20361 22958 25418 23412 41688 16675 37032 26014 6544 26638 17911 15709 4026 14571 27322 18663 8394 21217 32401 8524 19035 44327 2364 38025 6127 39937 2074 13915 15516 26802 
1241 70
26511 36636 29742 25966 6380 33825 17102 40217 14683 26027 29083 39329 26516 20644 38592 35611 697 23418 32233 39301 7287 5792 25814 31241 29339 42023 22146 15044 36739 43886 27439 31616 4002 6569 36053 16181 28896 7760 733 23948 28151 17502 17573 8073 6917 39888 32932 6845 39320 29505 4413 15400 15297 7394 43902 37231 15015 1204 11193 2600 2000 16331 39007 27304 25976 31907 2566 39231 33301 40981 
2029 70
18218 44177 41233 14770 36200 23990 7475 5161 37955 26835 17025 23777 28794 35763 37680 2084 21342 3545 31962 23183 12779 16344 29263 17229 5996 10846 24228 2652 12599 10734 11603 10950 37819 29424 11052 10609 20330 28907 32749 15023 29532 42236 24322 42733 11746 5506 25830 30094 25950 42956 3501 29934 28448 22669 32072 41555 159 16475 8220 17188 32975 3097 11320 41548 15072 3602 28101 22065 42762 25097 
4486 71
14107 24158 25383 8060 38765 26915 42180 13502 34978 42322 23730 10052 16572 5679 28532 18588 6281 21946 12013 27792 35890 33218 16561 18593 11201 34664 28218 16288 41084 43578 16624 2633 39121 10606 35650 32059 44527 35318 28306 23312 27603 2868 4019 12492 27743 905 19422 38932 7283 5780 15147 29832 23246 6342 14493 17990 25692 19351 15623 7965 26232 4161 42356 27534 43809 16808 19383 22261 7738 43284 43451 
3765 70
4489 37400 30949 38532 35170 17605 22822 20947 6894 28890 9782 35085 34853 8742 8748 18799 38996 12715 20403 14433 38732 18537 30187 41172 31699 29992 15853 16514 26620 22841 12357 33198 34943 35173 17962 2933 16861 25839 17583 8878 27979 43483 16608 35946 1239 24930 22236 2634 36065 19748 18203 25623 29257 22809 28070 17392 34076 32918 33017 29854 44192 25994 16319 42330 10097 19204 31320 9210 41138 11046 
1656 70
38487 1366 8986 4800 10020 35853 18931 5766 8197 28299 24466 9102 36546 22223 996 26654 11919 32454 8325 6763 22878 30502 38241 14959 38952 773 14797 36013 7085 26865 24590 14298 27371 12739 24127 4887 29031 29296 44430 20869 4490 21916 32252 40504 43420 32549 31446 28078 26572 21323 36768 43200 16458 9405 30868 39534 29525 8906 10535 5609 29556 122 20385 22742 1395 26618 9107 29405 2059 5936 
1793 70
22093 30283 4625 9258 9384 28124 39832 36058 11541 3991 1594 35741 1025 38993 36751 37687 6628 18677 19736 35573 35871 5987 35694 36261 3533 35724 24598 11287 1796 13694 3567 7921 2104 15875 21740 4339 15713 23824 40790 39302 27935 6392 30480 17005 30778 43234 18962 39495 19580 25380 40748 22584 17904 19359 9623 25107 4113 36880 4999 17346 6878 17537 22553 35789 21348 26908 12965 8045 12544 14578 
3182 70
23575 14041 43457 23227 20010 2445 28612 33370 15797 4245 42820 29335 20485 30319 2003 23544 14392 30809 13909 10730 22800 14546 25258 26962 6000 39939 7992 17106 32599 23528 32429 40556 6722 30162 43708 17202 42323 35032 2736 41018 14453 37700 4158 17471 33696 10693 18653 20076 14629 42289 20341 21395 33099 16596 39150 34693 32060 33555 34619 39558 41356 43719 4942 30697 18140 40319 38186 29724 8235 16939 
497 69
6079 38756 20715 5006 24689 42846 31889 29270 27794 41686 28524 23090 22735 40146 42470 38394 30752 917 22264 22174 11276 35402 16992 41249 10265 38225 12822 5745 25718 29979 19703 42624 12490 26830 8952 10012 37769 40618 11771 32822 25620 3058 6207 12078 42413 7543 12761 40543 42850 3714 41087 7200 3755 23288 11991 22142 20613 4640 23078 22187 14833 7609 31582 26999 20780 30473 18625 1821 3625 
3811 70
6051 37964 2423 27247 35954 9998 30108 22031 30022 39104 36268 43776 41702 28351 20998 34381 37666 26131 35538 2009 524 20643 28176 4250 38949 4823 28430 17817 11530 5774 38323 16476 26189 4435 36550 29570 19866 44417 22429 8227 31093 12706 21378 31844 6862 30042 42396 5851 5734 34591 9012 22664 33152 35638 8129 27198 16217 24874 37275 43644 39936 20261 21736 1973 2581 316 20228 42779 10737 3809 
4027 70
4549 39461 20066 42158 38812 44521 14579 3902 40640 16286 485 30870 9584 2236 21190 4126 5804 39228 43618 399 44234 21040 39088 33952 44368 5831 38898 17108 6798 9805 15150 43698 28622 20459 39462 630 27329 915 29894 5558 10701 44364 37342 30435 42924 41790 25275 36029 27388 42895 36435 20527 40384 17160 1773 15810 22273 31829 10647 4952 33180 39872 23562 44108 26424 15032 24622 15172 42710 18775 
1670 70
6108 29513 30964 17237 28657 36395 31309 40724 6528 31043 34931 15193 10232 18737 42484 32152 2029 39181 19773 23614 43085 44502 12983 25003 35260 9217 7539 28406 36410 8199 2610 10816 10102 14734 19779 34266 28111 41930 21120 22970 41358 14806 21817 19037 21402 26274 36991 14681 4911 40478 21063 28267 2068 14293 12354 18314 32176 30983 16657 10736 17856 13931 44257 2496 1526 12557 25121 41238 10076 16049 
883 70
20038 44409 39153 8604 26996 19794 44370 41679 38411 43841 1564 35326 25068 28361 42717 24345 28562 9941 21923 38843 2993 35960 8125 17838 24671 6096 33355 6249 25549 1397 15913 20352 6827 2651 13517 35276 23735 25214 30355 4379 40704 2988 14400 16120 13049 13811 38088 35092 34691 24372 40159 22565 29066 12875 43396 41431 28188 22904 15698 24928 36476 34119 27296 38330 34228 3252 36183 36296 4862 30839 
325 69
32436 2425 3948 20884 40315 22632 24041 22640 20874 19598 36458 7045 42135 9406 9363 6416 38372 2498 3271 24081 7063 26663 7636 43761 16801 8789 31183 38463 2172 1290 34224 35448 36787 153 6450 2876 20063 1582 34809 12652 26246 28122 31636 8661 40535 12835 34844 34874 39043 42302 18453 41472 31269 23653 1509 40630 31584 25142 8153 9980 32820 13268 31342 4569 5069 2977 35295 20873 14454 
1971 71
25322 38392 37508 40833 39718 7602 8836 15027 21826 959 38005 7096 30566 20510 42350 12573 16208 25167 38803 20371 23711 30224 18039 30288 21223 40884 27575 29112 7334 22997 36538 23326 20301 24919 15695 38406 39401 33582 19931 10435 1761 22790 42906 12108 24151 16885 3326 2729 42712 2938 11122 14973 41424 16720 10065 44055 44720 43480 1522 42126 6607 29284 40942 13155 3165 44472 3063 29748 19973 14946 28686 
4624 70
35000 8618 18912 29049 664 27418 21330 33976 3541 17226 12535 5522 14788 40968 31503 31703 39678 33593 34432 29640 11467 12005 12292 12144 15790 31866 39547 3647 12538 15800 4840 42656 38833 15004 4132 17079 38216 31645 11514 14499 32387 14853 30835 30954 10036 13111 15025 8422 23403 27168 42163 35683 6877 26497 5090 41044 35753 8338 25787 30538 33039 12922 2261 8853 34541 37252 41052 39246 38038 15870 
4092 71
5788 6475 7546 42739 20607 10639 16471 14600 42566 35208 27476 39092 14869 5203 19223 42342 19682 36996 8268 1321 27904 30817 26117 7108 24469 23029 12790 20257 29276 37195 31521 25169 37830 39382 44053 27480 12113 28317 6818 44269 35614 37760 3793 8407 41224 14260 33968 11181 38452 34387 14685 30455 23567 44217 31979 15214 8008 30570 38441 18654 28496 23375 25885 17753 19369 17830 41288 31336 38668 26689 37550 
2145 70
10558 30979 15480 26997 38414 24542 26129 17448 583 32068 569 25928 31276 13919 19548 35743 26157 37677 825 10570 23739 4661 18465 33534 41055 14794 11750 15257 38465 29091 43280 33637 27281 22529 6679 25699 22968 23991 4299 42969 24339 31061 23195 19849 2696 41927 7210 36572 5361 25352 13001 27029 13382 27872 28143 35303 15628 29623 29805 23002 8341 23546 19188 28867 33670 3726 15652 42685 41314 3072 
3973 70
2902 30437 2048 2734 1256 17713 22162 4369 24816 26345 17342 378 37536 44122 19247 12399 26467 43503 42073 36835 32867 16618 36451 23510 33608 32888 11005 1637 40707 1524 16547 33859 39284 1515 26152 15229 38151 453 3898 30882 37167 27139 31628 12368 21959 27838 5845 14827 17100 22785 12744 8201 28001 34151 42811 13390 16337 41977 33072 32716 34730 41909 38677 35389 23554 37693 41221 13574 34398 32868 
2262 70
35536 3549 30409 43910 32184 27816 41984 7566 38736 3577 3045 31475 20742 24008 29512 2042 9656 43434 5075 39130 31348 27679 27277 2266 33506 3477 27369 22354 23198 39306 44588 31596 12752 42695 6757 18778 11208 38691 41414 7780 21473 25173 27375 14228 31856 4322 27352 16221 44377 30531 6774 29711 25280 2346 29479 34198 22459 13175 23494 6903 42662 41250 19149 18547 28110 37026 11391 38490 23704 39758 
1451 70
24064 18267 38697 37340 30036 23239 24400 32604 43241 27302 10932 5825 38435 30407 22730 25574 22868 4303 37641 34330 13752 13528 18968 8371 43273 32479 15374 12974 23221 4722 15846 560 35949 30804 834 5838 24223 10812 2925 41796 25247 6338 17284 4021 21534 25268 22709 12595 13737 1970 10341 32371 29238 18470 32668 12388 5217 19884 28600 22315 709 22345 32742 39666 15671 15186 17994 28264 32996 4528 
4783 71
32200 28456 11620 19691 660 22910 32207 27255 19732 17015 36882 43707 304 1026 38267 10752 21914 26241 12426 21037 37259 27451 19725 31351 33615 5205 605 10295 26076 19306 7257 1386 9110 18983 14532 21976 14728 29880 19052 10635 25102 37523 31407 27627 28772 2228 14414 23714 43098 39305 18073 21314 37500 2198 34304 27747 38654 608 15002 39622 8358 41169 11383 1163 25690 4960 43512 26167 32037 25959 30845 
2531 70
24382 35232 40168 35298 22781 6631 3055 24518 10313 27698 42461 30260 44124 234 26110 29998 31189 43947 33554 2556 21567 4411 18916 27840 5751 43836 29240 24912 44460 28629 12033 1746 27791 8875 8651 32379 15361 20195 44366 41148 30604 18709 14840 39876 40061 8977 5433 1311 36215 2058 4481 26540 2427 19332 16351 37668 17027 5366 19831 20916 29485 31987 36637 21411 16652 13046 34075 37300 17667 44015 
2210 70
43287 43210 9449 38733 26057 21430 17029 26750 28060 14597 26552 20449 36456 18943 8586 13561 16531 5159 22366 1859 13859 15448 36521 8255 43118 26044 26760 25437 8964 591 18473 17018 30906 28645 13020 43548 25720 40415 2791 37247 8777 24880 31255 24078 11047 22534 38087 14360 17698 26290 18626 41317 20866 37093 25629 39509 17257 34865 16300 14477 1164 33905 18253 3304 18371 44062 6076 32663 12877 39778 
4218 70
19898 32464 34689 17794 23488 1167 36802 32634 2433 37516 10222 12334 8052 19985 5999 35128 26419 43100 37446 31 24701 14101 28008 22480 43778 19176 13552 43304 32854 15903 1407 16832 38395 39989 43853 16263 33045 29978 28663 3393 13733 11887 22329 22833 42671 25525 42444 43952 6519 3069 36499 43842 3121 26757 12976 41504 10709 44465 13434 4029 1531 36874 14011 41043 5485 42295 3157 1858 24399 43882 
2384 70
19441 19446 16664 37543 33108 7180 15145 15139 13805 31070 10943 837 29076 36795 28117 14430 44042 18936 21117 4018 11022 39571 29857 3134 25015 40740 40539 41039 42466 9272 2572 37742 20974 22193 16636 43821 44131 20302 32750 13191 4668 30241 30012 2292 1346 19180 5224 10544 23028 16370 25184 28255 28437 23712 6121 34653 9092 22088 2051 38582 39951 11203 6748 23754 21481 18661 4254 40107 16922 18899 
3761 70
33767 20454 31697 17332 8850 27898 29078 20150 29411 16545 22348 11877 37936 22424 41182 18329 31943 33245 35751 43083 14261 23569 38559 26537 41871 33158 35099 41115 35772 4733 1600 16944 8719 15336 1488 37347 35421 13760 27826 12266 31891 34632 42431 22897 15075 33680 9215 12286 41642 40193 12396 28472 29550 1784 19557 32951 22165 4863 3823 32047 16722 41697 11114 35698 15160 26719 25675 35985 15805 32565 
32 69
16442 12236 26838 13946 44198 2295 20014 24739 43564 4809 7861 44408 482 9984 17889 34029 36092 16581 31730 18632 26144 31103 34994 36999 29669 30702 25312 15775 27256 7753 11313 19417 34900 68 9534 17273 20408 27805 41329 7580 25802 8481 30266 32483 32051 22395 5002 8104 43669 611 30180 12870 26474 38019 2668 36953 39020 16134 33606 26824 13627 20879 20911 16646 42004 38472 11742 11044 42257 
1805 70
1606 1701 6537 25117 12675 14050 2443 19859 30676 34062 127 15540 27881 103 6943 26108 30450 39493 22959 34921 35577 6365 22983 2658 22917 2762 20772 4203 35167 21512 4270 11715 42864 10103 32876 5550 20790 39352 11576 23965 33397 15735 2490 33194 4945 3124 12868 26601 37471 34504 44086 16280 33488 42187 9705 7722 33926 7632 9505 41428 12341 36632 11149 32626 13841 10636 32373 41258 12910 25461 
4079 70
41225 21306 17865 44534 6904 11441 31823 15491 1888 29380 3349 37210 16601 16591 14052 44621 38291 15785 8042 21172 31797 26987 21256 9310 36568 27563 14710 10202 19723 38652 44137 23945 43286 15445 11339 7309 7676 34871 14714 5498 14936 18463 26832 33327 40188 8649 7624 16015 3619 24853 37158 11927 5393 22294 13430 36097 38708 14755 7002 38466 19784 34731 19977 3593 4503 20843 16349 40417 13741 23718 
1326 70
2210 16262 35361 38502 15720 20829 29648 8633 27482 2806 44168 17783 37338 5367 21196 7953 38336 1965 8849 26530 37609 7453 23561 41584 14439 36763 9212 5200 39899 5713 21860 2895 18404 10813 21317 6307 30555 2804 18195 30344 30808 41576 25485 9051 33183 34010 39708 17906 6477 42804 4039 29899 21920 27303 22773 38703 37234 29440 6139 18164 21042 13104 19808 6787 20505 3863 5839 30405 14884 34501 
4667 71
8646 27006 29193 14979 27051 38206 15485 9650 38352 23641 32144 3145 2765 3900 30827 27564 36344 3757 33309 30272 5497 13666 40644 43281 12204 35533 27909 21088 32587 6583 7159 4285 13293 42688 34604 20221 2816 10739 16376 32620 1953 38050 25901 38473 24417 11400 26821 36309 10508 38683 26294 28536 16799 16935 38948 32961 36483 10474 12410 4662 43664 28848 21335 4721 37383 20808 29753 18967 35513 15881 9442 
531 69
7436 20232 325 18824 38767 22942 17843 44471 18478 33235 43997 3467 27345 27161 39290 28303 4035 10616 3071 16321 20985 44304 25266 36548 21952 42922 36253 43462 7316 12322 5715 35443 12759 38060 4578 28960 30257 1694 37316 23956 41949 34811 12439 36126 36903 14425 31556 493 34233 6758 35623 24605 18071 38276 11074 23660 41462 17615 37606 425 3491 135 17135 33224 26143 43941 33320 1998 12726 
3254 70
43522 32772 2375 38590 15441 13670 20507 35301 28852 30198 35944 27023 22915 18866 28850 23354 37214 27283 21875 15691 18074 25707 2410 14236 5165 17644 43697 19540 6052 41173 42341 42471 965 5027 15996 32656 14890 36240 28700 41873 43471 39236 4975 7105 7374 39015 44336 19028 20620 4957 31548 37660 32256 41449 22600 31380 35297 2805 12525 33716 36001 25393 24166 4188 1250 20897 33395 3654 27467 34103 
725 70
22028 19868 29438 10174 21300 19116 9946 39081 22838 12610 13170 11376 25850 2906 9995 565 27829 40247 22106 37490 39042 23685 41894 15053 787 17565 22748 14927 37420 3478 19110 43551 13516 30987 17008 36604 43338 29659 8669 1987 25189 19871 22802 14010 12914 4807 37593 21980 39741 24208 2601 2150 19182 30547 16018 44100 25682 40151 23471 10833 37756 23330 19337 24947 44668 23138 5446 23725 21265 34942 
1574 70
9362 5384 28696 28160 41602 23838 42175 42600 4982 21681 11058 32885 27116 37917 28252 17194 4592 34898 438 17381 33475 36778 36301 20814 41577 1529 36307 16978 34007 37371 21046 17802 19428 31841 4533 42538 24556 15840 8261 4995 30542 26320 22180 21984 33689 33541 21912 44063 23272 14824 41883 22017 5691 17271 10323 3975 12155 29436 31361 5223 4385 17656 31796 21413 19010 13548 41844 14641 16769 23271 
2483 70
30637 23955 19671 26423 3451 9345 43598 18545 29399 12840 5905 40281 41032 389 24493 11362 31968 8740 21874 20654 42547 9468 23101 29138 24665 26106 34025 18691 17551 32475 43301 641 7153 28554 17094 36990 25765 16019 15541 20655 13088 3944 37843 28341 39975 39704 39491 41863 9128 24848 44004 9966 34313 13769 39980 19502 19263 40171 21467 29075 7426 3422 13596 5458 11322 31848 16096 33961 9525 38262 
4902 70
39427 14943 24202 27537 29294 24222 28653 24478 39304 34890 3006 36717 11256 3865 3176 39819 25893 26111 41171 5347 35061 4391 25486 35145 3103 11000 6912 24969 41789 31884 41716 18568 39747 22314 3035 3485 39655 37473 32308 16730 35307 37389 5496 38653 11606 18028 9606 31918 14720 17896 39529 33077 40063 18856 34455 24076 8395 19896 32517 37667 3697 1832 10284 4622 34444 5230 9714 41437 26940 39859 
783 70
18137 1690 6231 7286 12636 23358 3633 28191 7919 39610 38599 9807 3299 1142 31558 27920 23285 5878 18804 5549 4202 31901 4335 19642 20103 4210 4401 30192 25260 1891 37485 3238 2744 41910 17554 21888 4416 16413 2951 15101 25616 6097 36057 5153 38261 10293 2389 32524 37318 30811 23883 12014 26947 12088 40122 10564 23308 38884 15255 40082 22982 35981 14274 24315 17413 15545 19168 42862 8893 17991 
4088 70
13129 914 36936 42258 24398 37056 12729 1596 38742 5998 22058 3289 4338 15022 34170 31068 38801 18894 33613 20027 16813 10583 20730 4781 10532 10429 25388 22371 42122 31161 17564 22206 6478 22691 19903 36359 24646 25735 6362 8534 30797 4638 41313 17181 19046 37474 7030 28 18958 37219 18312 4647 26269 42838 44491 24760 42393 36333 22049 16304 13638 4972 2161 18442 42871 29639 31965 40135 43581 5925 
1252 70
35835 30532 16763 42402 8645 10471 30821 28409 42327 11937 43772 20441 7059 12082 13096 42808 25649 1343 3378 27397 14468 578 7143 8689 11651 1620 40541 29784 24000 7763 24602 8990 24996 20797 39709 3110 15271 42790 26386 24829 37465 15851 43171 24974 25000 37513 30070 11497 19639 19821 11021 6576 36624 25985 3664 33499 5939 39777 38831 34322 29722 35453 32513 9323 27927 16710 8624 26698 13947 8571 
2226 70
26113 2202 13542 25693 43724 2337 16303 40692 5786 43345 40475 41628 2087 22672 6004 37024 27093 33393 15083 25197 24615 35848 10939 10305 30439 36696 17593 8424 24165 5426 28394 33178 43437 14533 18794 24573 36655 4744 40181 40631 38449 843 8751 10683 5313 20676 28082 41696 40161 23643 24470 4371 17750 17059 6835 38001 15071 7136 28972 3026 38840 1083 7638 11621 41946 16216 11202 21232 40451 7323 
2734 71
38331 21296 19487 8114 33333 30636 21660 17585 2846 10078 675 13651 19563 30301 5830 15794 382 24607 12070 14586 21243 7081 17385 3401 17220 41375 3003 32738 43709 1002 31228 40399 9113 24255 15539 43221 16815 35485 34492 6151 9187 27094 38587 31311 25215 33385 33580 40721 15778 15910 39931 13796 22541 19003 38695 2284 7800 34137 4912 26363 42792 37570 16325 10627 25038 11502 38136 13910 7531 37433 30907 
2542 70
6982 34105 8007 7304 6025 39276 6102 32916 30156 44066 21765 9439 41069 22686 12524 19439 22052 10534 13276 867 32804 175 25106 5424 44523 38192 26039 6575 41726 3284 12177 32585 25232 14708 24589 1361 19906 16324 20025 36782 13433 19137 41852 32866 10417 32011 12369 19769 38408 17875 35262 3819 17002 25548 17930 29126 28573 41926 10800 11564 20481 11871 39250 5821 20045 43557 17114 44690 43638 9182 
1171 70
44284 36068 11751 19376 19491 43414 24388 32451 11325 9647 7151 33062 34268 34549 11240 31166 10277 13605 20851 5736 37847 33631 13303 33324 35782 39569 22401 28202 36019 14287 4870 13701 5968 5036 10405 44256 8988 43191 2934 21346 36569 36276 13958 42452 22325 30952 26335 19471 14986 30945 42964 24931 18320 34441 32316 32411 1848 16445 3897 33723 32355 38004 2518 42423 36025 44709 36474 26539 23550 43163 
2797 70
39454 35190 8092 29523 24106 783 32797 32609 31466 16818 4778 15057 2243 28276 41459 1654 12663 40263 36927 25089 27759 13544 13883 6814 33856 31004 26141 17396 5928 35374 16219 33917 35869 16026 34968 31072 42658 18555 42000 812 9 18122 32442 27215 8744 17606 5129 38377 24656 40842 5170 42772 28999 44020 22404 37429 4679 38054 31835 36735 1493 9260 35840 23863 43962 19611 4785 16238 10960 34442 
