109
1909 2
64653 68364 
8 3
59643 12388 37747 
5782 4
6415 39320 34021 58492 
52 3
42190 66928 57999 
5895 4
24443 8272 46755 71461 
453 1
70405 
2992 2
36511 7832 
6056 4
44117 25867 46278 55936 
3195 4
10216 18928 38324 24192 
6316 3
22667 5903 73555 
2655 2
18752 14692 
3247 2
23458 60058 
776 3
51070 14674 51727 
5617 3
15366 20323 29242 
6384 2
21356 29063 
3516 2
41711 61675 
8825 3
4103 70115 11968 
5690 2
15812 63368 
3053 3
31437 29912 4294 
3798 2
49780 4465 
1608 2
32986 28197 
2618 1
40291 
4865 2
16500 68647 
2917 2
26427 72076 
2998 2
54599 39430 
1111 4
42221 72034 8479 45543 
6209 2
61250 73347 
3773 3
21019 47096 72458 
2639 2
23537 74208 
2439 4
39431 67006 1878 29041 
11678 4
35328 30781 33213 49904 
5656 4
16392 18367 11094 65758 
3674 3
2993 38385 43353 
2701 2
71373 52947 
3483 3
69097 68354 38728 
10533 3
62403 62604 41348 
6510 4
47178 29633 65126 51042 
2878 2
68698 22157 
1920 2
1604 50231 
7300 4
19936 61820 61877 31111 
6878 3
2523 19641 73758 
5879 3
21215 28187 13243 
5609 3
72824 22627 33907 
2869 3
39003 40033 33117 
4405 3
39902 66446 69164 
4898 4
69501 3873 16287 60144 
3679 2
23887 60221 
2638 2
44503 50650 
4914 2
8913 28493 
10657 4
40250 55124 28615 39203 
1537 2
32897 53967 
10210 3
53507 16184 56297 
5735 4
52494 42222 67135 57247 
3248 2
63462 20486 
4969 2
3195 20682 
4959 4
9705 61836 62166 13951 
22 2
58318 71202 
6874 3
15179 70040 24876 
8440 3
71762 46383 34598 
4432 2
55562 72512 
10539 5
6611 42836 74054 4365 70000 
3136 3
63331 23451 69715 
6576 4
32212 73306 43938 28336 
1532 2
34650 5501 
11671 2
43802 68962 
1024 2
32746 11447 
945 2
28173 51573 
3407 5
20988 41509 20023 40481 70874 
4127 3
54280 26743 17077 
6773 3
53192 58122 47458 
3513 3
23581 16073 61243 
4580 2
56631 36015 
2871 2
58310 66709 
1257 5
57583 11407 5364 15629 743 
343 2
56452 50418 
10666 4
19553 50994 19363 273 
6021 3
33263 54574 38354 
3948 4
28614 27154 632 37506 
2010 3
56376 32699 34962 
3146 2
47954 31921 
4032 4
62046 65440 28139 13545 
8101 5
62117 35959 13184 66676 33991 
7783 3
21663 592 46860 
6104 3
52921 60573 25526 
6353 4
37442 60509 46901 41404 
9923 4
14662 61860 17311 18960 
2748 3
31345 57909 35255 
3026 2
4643 40338 
5197 3
5745 2533 10247 
3807 2
7475 21447 
858 3
33551 68408 38071 
2642 2
22153 36673 
6172 3
23667 55510 26117 
4443 4
28338 18300 17448 39675 
6937 4
71627 5872 33809 22537 
650 3
3997 55025 35600 
1512 2
51244 63145 
104 2
64608 40500 
1171 2
38007 35735 
7725 4
75049 59416 1861 67692 
8252 5
57246 11498 25396 37032 35830 
7745 5
57203 1872 64626 4373 50362 
6350 3
19019 4909 9200 
10260 5
33811 46795 35746 26768 67894 
4906 2
60813 42401 
3720 3
49370 38724 16411 
2803 2
58784 55484 
5297 2
66252 60805 
8154 5
53654 57219 9288 14671 29632 
