136
3550 6
6801 53309 36880 47281 23558 74048 
4183 3
13885 49193 66477 
4453 4
16653 36618 53484 43342 
1496 4
44572 18132 3499 15095 
4844 4
43472 14659 49291 35887 
450 3
3985 50702 44462 
353 3
71649 57138 71358 
5971 4
43986 40023 41786 24304 
495 2
78213 45385 
2004 4
65204 1474 58497 73159 
569 3
33459 42535 49113 
7857 4
58552 20614 51503 6425 
6109 3
64067 21565 37831 
4559 4
66126 18978 48025 324 
2981 3
14877 64603 32080 
3004 3
52928 47411 59199 
4645 4
60801 9044 46175 34472 
3388 4
71545 36670 68256 30117 
120 2
10665 34448 
46 4
1619 28816 67088 58871 
6031 4
4124 76814 5597 8663 
3792 4
41830 75606 48118 20268 
4650 3
43610 19320 61108 
1781 4
13481 37843 8346 28375 
251 5
35993 27956 48767 22515 44508 
411 3
56838 68549 65811 
1126 4
40604 50636 46735 29461 
436 3
54398 58719 26351 
159 2
64565 59327 
6890 4
50020 36579 37064 11704 
4587 3
6226 6899 74188 
4176 3
25123 2872 71249 
4655 3
13747 28356 49539 
4467 3
8008 36306 61934 
5934 4
51333 17145 63767 30799 
4806 6
58191 67129 75877 54062 12987 39051 
425 2
9806 31769 
670 3
63914 5875 24199 
5468 3
45180 3480 45859 
4229 3
15309 69762 29491 
3322 3
13353 39156 67949 
2808 3
3351 14338 44904 
424 3
19030 71973 73163 
6902 3
58134 71916 67741 
6530 5
65395 47733 61813 54650 9792 
1812 3
67139 12059 59723 
6909 4
40479 27467 26690 35226 
5904 3
2126 28806 16789 
3558 3
23068 32657 44327 
3684 4
39483 67557 72066 69707 
4877 4
35291 4535 44846 46863 
5515 3
26672 73091 22399 
5996 3
77616 27706 53401 
213 2
57262 34676 
1614 3
43150 51208 1865 
1371 4
69691 31840 32937 66634 
5944 4
13169 17983 25102 33096 
504 2
18059 32968 
7611 5
75749 48494 61316 30406 63733 
4081 3
25773 49170 56894 
178 4
57168 16555 65891 58276 
3758 5
52027 28418 34758 69897 25247 
2265 3
23915 58664 27279 
4399 3
33906 5377 20723 
4157 3
35172 64640 20230 
4875 4
18119 53605 17050 45030 
16 2
51148 34632 
5136 3
60786 13764 34154 
7876 4
38399 28241 30221 25864 
109 2
58833 53997 
5217 3
42054 59274 15774 
3640 3
69077 16934 57812 
4907 4
38282 10513 61153 29226 
6011 3
70328 77317 62496 
61 3
49049 18920 72858 
6625 4
46866 16233 69140 38809 
4146 4
66181 69890 14749 58421 
1411 3
16148 21124 71210 
6442 3
16865 16948 41489 
4876 3
26421 64826 31374 
3929 3
56107 46602 63577 
2777 3
14297 66193 71605 
2506 2
64803 68668 
3189 4
47415 62831 63542 726 
2048 4
12553 76763 39672 39236 
27 2
63292 62401 
2973 2
44237 60136 
5366 4
22966 22174 73530 3357 
7279 4
61751 46302 42276 28381 
3971 3
76207 30922 23169 
7196 4
46194 59262 484 38894 
6809 4
51415 30424 49128 7288 
265 4
25162 68418 2268 32364 
4432 4
39876 42001 23060 22714 
5176 5
64193 73241 2363 20050 34470 
60 4
66922 10103 76591 74874 
4678 3
12938 25557 57306 
3777 3
51591 26549 57964 
7175 3
37194 71381 33200 
602 3
53718 48070 60347 
7706 4
37268 50428 41588 9034 
568 4
55923 16170 58713 65350 
243 2
19487 40664 
562 2
54830 16225 
4632 3
8024 73088 47537 
6244 4
57682 56302 43018 43456 
5533 2
11584 25949 
2450 4
67521 51527 17576 76998 
344 3
64426 17909 20372 
7416 4
36214 10887 1123 22262 
1927 4
43351 14126 53131 28150 
3549 3
63674 2712 70356 
419 3
39510 53614 775 
5734 4
31441 69479 54767 22472 
942 4
2472 77907 64053 32444 
989 3
9988 55780 26941 
3257 3
8581 36293 52681 
6598 4
71904 20072 63908 8115 
6384 4
39528 7571 34634 35053 
852 3
559 36636 25913 
3766 4
48746 3512 10793 1114 
2920 4
15742 47119 34399 59381 
7105 2
15425 34421 
5236 3
46761 62349 33582 
6 2
1670 61693 
2776 3
1637 29886 65245 
3695 3
69226 771 12697 
2754 4
45154 3762 67604 66035 
176 2
67627 17013 
421 3
20115 8338 20029 
6680 3
49474 56067 73000 
824 3
71648 59049 47108 
4277 3
76134 6290 18498 
7736 4
27534 23674 24521 63937 
5903 5
29388 78114 67170 44440 3039 
2725 1
40952 
