460
12869 1
31240 
15449 1
56556 
18556 1
15361 
16805 1
1905 
5706 1
65327 
8513 1
78209 
15941 1
40331 
10695 1
38183 
14416 1
57751 
17885 1
38871 
17606 3
81886 20016 30551 
9710 2
81380 73138 
14733 1
42638 
15112 1
46454 
12566 1
59460 
12843 1
46108 
9609 1
39165 
10123 1
67594 
18275 1
26383 
18579 1
57393 
6221 1
790 
15984 1
27811 
8646 1
82674 
2660 1
79335 
9707 1
82264 
14404 1
763 
12273 1
47577 
17426 1
19833 
17931 1
64405 
16203 1
70690 
17259 1
3689 
16877 2
79283 72185 
8404 1
80053 
18009 1
31848 
13218 1
25559 
1197 1
21476 
18295 1
61278 
13933 1
7764 
18569 1
15921 
15062 1
8810 
16699 1
39568 
16597 1
65676 
9948 1
57473 
13437 1
68442 
16297 1
71817 
16662 1
53574 
10147 1
5907 
17157 1
60993 
14601 1
71368 
18447 1
67537 
15341 1
42543 
12037 1
55160 
14247 1
8563 
18266 1
33918 
17125 1
81257 
17029 1
74654 
10007 1
8721 
17279 1
42670 
11496 1
58689 
13185 2
24341 18334 
10363 1
66923 
16802 1
80914 
12122 1
48921 
17587 1
39907 
18566 2
67280 9296 
16852 1
55182 
12562 2
54949 56861 
3683 1
83566 
17317 1
4270 
10267 1
84969 
15834 1
60835 
12650 2
75462 58510 
16989 1
71546 
3232 1
7415 
16487 1
42940 
14533 1
7862 
9777 1
8435 
15461 1
854 
16658 1
50528 
15951 2
80191 40301 
10930 2
61052 50438 
4015 1
25862 
14475 1
50863 
10989 1
74571 
504 1
52864 
17955 1
25366 
14513 1
43642 
12827 1
4174 
17825 1
18691 
9740 1
15050 
15140 1
13631 
14427 1
82764 
17168 1
73084 
11658 1
12892 
17674 1
68549 
11971 1
81173 
8830 2
26736 37402 
5855 1
6378 
5580 1
36231 
5348 1
73568 
18564 1
625 
10142 1
60444 
645 1
49587 
12071 1
26850 
8167 1
45030 
14966 1
2969 
18466 1
78247 
17108 1
76969 
13927 1
3664 
15091 1
37779 
64 1
79315 
955 1
78805 
10881 1
50641 
11175 2
46473 52901 
9519 1
5966 
17265 1
67379 
18503 1
36120 
10171 1
52344 
1965 1
12274 
17023 1
52343 
17552 1
74094 
18381 1
37999 
17468 2
19663 25549 
17271 1
62279 
13439 1
30323 
17276 1
38814 
9489 2
72949 5402 
9357 1
65115 
18206 1
79858 
14994 1
48666 
17269 1
30292 
18205 2
23533 81443 
11970 1
74523 
15248 1
996 
17198 1
5037 
16023 1
73639 
7598 1
27980 
9655 1
52502 
14510 1
55843 
10616 2
41919 57562 
18370 1
10201 
8345 1
55274 
13997 2
34541 34779 
18066 1
43617 
7171 1
25315 
7387 1
62398 
16730 2
16417 3059 
18028 1
6122 
13908 1
10044 
16493 2
29554 54417 
9732 1
17877 
16214 1
72523 
18247 1
56487 
16731 1
57475 
17981 1
4408 
12171 1
36876 
17040 1
66380 
17571 1
7323 
1870 1
26422 
8157 1
39650 
18278 1
21138 
15008 2
9555 15549 
12001 1
35156 
12333 1
63289 
11248 2
84346 57710 
2337 2
33379 71861 
5467 1
70404 
11919 1
75705 
18053 1
8881 
2202 1
50063 
14624 1
67310 
16867 1
25092 
3388 1
77357 
7885 1
29835 
15177 1
31041 
18230 1
29729 
6940 1
32004 
18366 1
19243 
1995 1
81177 
18603 1
80982 
1471 1
28011 
7973 2
45220 63341 
17085 1
82532 
14821 3
18462 78330 24393 
18471 1
11484 
337 1
73002 
13400 1
68197 
18234 1
52646 
13962 1
62270 
346 1
49896 
18029 1
65376 
11137 1
29583 
18498 1
29524 
7730 1
34539 
17783 1
33113 
17675 1
55965 
5794 1
55001 
16764 1
28642 
13245 1
57482 
12591 1
37526 
18395 1
46021 
14236 1
40978 
18135 1
62164 
13350 1
40662 
9234 1
1868 
291 1
80266 
18188 1
73979 
17882 1
26638 
18018 1
40163 
15224 1
23101 
18575 1
55988 
15330 1
56492 
17399 1
75639 
9943 1
12718 
16262 1
39369 
17872 1
57208 
18460 1
11206 
18643 1
26592 
18031 1
48866 
15899 1
11211 
17844 1
82212 
17667 1
52434 
18611 1
83756 
14318 1
16828 
9861 1
20464 
11442 1
77022 
17173 1
4805 
15956 1
52994 
10993 1
34632 
15085 2
39563 61043 
9677 1
39938 
17042 1
53177 
18625 1
80087 
14634 1
69829 
389 1
25711 
11649 1
21405 
12118 1
84418 
18377 1
67645 
14153 1
69889 
18341 1
62196 
7631 1
46218 
16555 1
76807 
18057 1
84776 
6147 2
37928 68137 
8992 1
77722 
18203 1
26617 
16697 2
25624 65490 
16343 1
55458 
17004 1
8175 
5923 1
2715 
18642 1
56825 
17141 1
50071 
18184 1
39886 
7545 1
67892 
17183 1
80337 
17919 1
21873 
18514 1
23827 
17509 1
53065 
11088 2
72264 19368 
17835 1
16051 
12752 1
22770 
17843 1
75653 
17666 1
68981 
18055 1
52396 
18383 1
56359 
11610 1
83207 
17470 1
77319 
11826 1
22595 
8926 1
71438 
11194 1
51414 
8308 1
830 
12589 2
45366 33024 
14991 1
56734 
10306 1
59716 
8121 1
28408 
15974 1
61304 
6764 1
30917 
17419 1
78474 
16196 1
52058 
15359 1
1921 
14063 1
34614 
8059 1
40074 
16156 1
9713 
18592 2
5158 29318 
18180 1
27672 
16260 1
43242 
14143 1
47352 
15203 2
67012 16550 
18533 1
64450 
10478 1
23304 
16475 2
6688 32805 
10780 1
10282 
16833 1
25341 
8593 1
34190 
12326 1
78555 
16798 1
37650 
16059 1
82830 
18676 1
8569 
6522 1
60848 
17528 1
8482 
15566 1
32024 
15836 1
22778 
8140 1
35630 
11138 2
45342 25977 
17625 2
82556 51252 
17427 1
48181 
16698 2
77784 16695 
17289 1
50980 
14165 1
54823 
15709 1
8232 
17838 1
61167 
12541 1
61849 
17001 1
75651 
1752 1
41367 
18328 1
46706 
16810 1
67714 
16129 1
19849 
18505 1
26382 
16896 1
31949 
5253 1
48525 
208 1
46916 
16465 1
64184 
16546 1
52369 
16178 1
18353 
5505 1
61329 
13017 1
74835 
18681 1
51391 
17889 1
77426 
8682 1
67877 
13562 1
58137 
18200 1
15592 
716 1
30753 
12890 1
7800 
16474 1
58572 
17616 2
16999 53398 
15673 1
40501 
7432 1
427 
16261 1
37689 
12857 1
32340 
6317 1
2648 
6688 1
83833 
13088 1
8217 
17855 1
84184 
16093 2
41084 53730 
13705 1
50171 
16812 1
27890 
17871 1
15763 
12407 1
24448 
10639 1
58637 
12747 1
53822 
18154 1
366 
9656 1
38087 
10358 1
68908 
9894 1
52202 
1246 1
67024 
3068 1
27886 
18561 1
54407 
16617 1
81489 
15471 1
36454 
17998 1
26840 
11659 2
54894 35057 
3442 1
79412 
12132 1
63276 
18314 1
65161 
5946 1
56092 
17170 1
74967 
15583 1
58132 
18519 1
42590 
7134 1
63929 
13290 2
75540 68808 
15313 1
20924 
18316 1
83655 
13554 1
18176 
12599 1
2525 
15281 1
35991 
9319 1
40692 
13938 1
25552 
7815 1
74646 
17003 1
35137 
15630 1
41868 
17740 2
55796 71225 
3041 1
44520 
17768 1
11760 
18660 1
30332 
1499 1
50683 
11763 1
74784 
17121 1
16397 
1546 1
27465 
9455 1
7981 
10384 1
9767 
5392 1
48276 
18067 1
77388 
13757 1
82325 
18547 1
84856 
18536 1
64973 
14953 2
76423 40603 
17898 1
48165 
8881 1
59297 
14674 1
81333 
12014 1
77661 
18072 1
47675 
8957 1
4963 
13181 1
63125 
16571 1
69435 
12239 1
601 
18532 2
11067 25834 
18225 1
46309 
14412 1
81238 
18120 1
36745 
9622 1
78725 
17799 1
29026 
13510 1
38350 
14181 1
24819 
15488 1
43890 
18038 1
68801 
12577 1
46373 
6616 1
52959 
18640 1
11045 
17593 1
53660 
13285 1
1291 
12172 1
27797 
14331 2
56799 44641 
18677 1
3246 
8702 1
42911 
12483 1
2663 
5484 2
9110 15985 
16917 1
77619 
16110 1
59850 
5637 1
84621 
10299 1
43215 
10125 2
42229 50852 
17952 1
6188 
17824 1
80943 
4362 1
10843 
15857 1
36900 
16626 1
18822 
5552 1
57 
18666 1
20760 
18539 1
16592 
15694 1
54841 
13465 1
24245 
18304 1
77580 
16482 1
38115 
1745 1
38023 
17239 1
22664 
17523 1
17075 
12257 1
60713 
15036 1
2811 
18399 1
9222 
5054 1
22049 
18520 1
41137 
18635 1
82768 
5465 1
18514 
11868 1
32780 
9446 1
10997 
18196 1
29703 
7337 1
11540 
15952 1
32928 
16848 1
24676 
4577 1
23627 
