112
1189 1
35550 
1537 1
24683 
12246 2
18543 17584 
3176 2
6 5881 
453 2
31344 20198 
2106 1
31614 
1083 1
3013 
1565 1
32710 
1183 2
15797 17346 
5536 2
1082 23909 
11315 2
40527 6229 
1414 2
51125 20200 
1809 1
41943 
4842 3
8735 31650 20360 
756 2
33842 39589 
12000 3
2448 26533 47958 
5998 2
30318 50059 
10354 2
19871 25152 
10936 2
39761 599 
8041 2
19223 803 
8140 3
14878 21263 10015 
12858 3
29667 18541 28447 
9999 2
34206 27591 
1917 1
14137 
247 1
42588 
7315 2
16466 19512 
1904 1
10144 
1186 2
13678 50890 
7450 2
33992 889 
3625 2
34366 48774 
2060 2
16334 24974 
6150 2
38128 12438 
5424 2
24529 10635 
987 1
16081 
2410 2
10486 32774 
7287 2
14354 17718 
1427 2
49950 5947 
670 2
41332 18706 
5729 2
11200 39797 
6674 2
27514 4444 
2177 2
40371 20559 
12528 3
3882 48534 3833 
8151 2
34628 47374 
1862 2
24709 49234 
9469 3
35139 44930 40565 
10027 2
9087 10949 
1464 1
25387 
10766 2
7810 23767 
1569 2
8248 27729 
260 1
37032 
1466 2
40689 47551 
1227 2
39749 35471 
12338 3
2624 6021 5990 
3994 1
9257 
3769 3
48613 40933 36064 
1609 2
38243 7826 
3482 2
27914 19009 
6798 2
7069 44195 
59 1
22332 
1011 2
7484 46640 
9215 3
41209 4792 45827 
5383 2
26548 52180 
3086 2
32289 40496 
1787 2
37685 9908 
4200 2
49092 39398 
233 2
50812 43290 
571 2
37427 19392 
743 2
47818 40716 
11349 3
27526 36701 45548 
12532 3
40520 5715 48562 
7469 3
39403 31280 6339 
1850 1
27146 
1675 2
10374 13917 
9834 3
48196 40698 52182 
7871 3
16494 28214 18833 
3696 2
29225 29443 
8649 3
22595 28099 11908 
1448 2
47472 41472 
2509 2
25918 24084 
9309 3
47925 35358 29061 
7727 3
20651 42135 12120 
7778 2
27166 12070 
2278 2
42741 49626 
6768 3
3254 17675 39007 
12865 2
19075 8605 
7743 2
38564 29005 
7499 2
50678 51268 
3191 3
23407 33228 49550 
354 1
37479 
1842 1
26669 
560 2
3404 37550 
6686 2
30542 7285 
1449 1
34683 
1326 2
13684 2282 
7214 2
14560 37023 
1793 2
16161 42980 
4431 2
7244 3549 
2149 3
10845 16381 7696 
2000 2
14212 19601 
12483 3
12680 6858 15326 
10693 4
15305 16434 15654 52172 
419 2
6381 18312 
1419 1
17864 
2077 1
27279 
2401 2
14988 29339 
11023 3
14846 9004 3442 
553 1
20165 
10479 2
6383 36560 
1945 2
42553 11605 
6405 2
6924 12576 
10322 3
47299 21185 11032 
2044 2
12456 27590 
