247
1816 1
2772 
1631 1
15758 
2000 1
64842 
1241 1
52718 
6208 1
42202 
6130 1
2096 
5059 1
43333 
2373 1
60307 
3782 1
61465 
3943 2
6856 38882 
690 1
50042 
3761 1
14421 
5407 1
68486 
6950 1
22436 
8818 2
14382 50623 
4608 2
23283 35806 
8879 2
11019 70598 
6888 1
65916 
6709 1
39755 
8326 2
31030 59611 
4268 1
14790 
6205 1
35871 
8286 1
53738 
5818 1
27210 
6484 1
46703 
6925 1
2710 
4632 1
46764 
678 1
36275 
6291 2
43494 49910 
6093 1
20906 
5426 2
8460 908 
7818 1
3183 
6207 1
5781 
5284 1
16879 
5923 2
61626 3815 
4700 1
45518 
1382 1
50000 
5333 1
73411 
1020 1
45304 
5215 1
19211 
4791 1
1676 
6519 1
52723 
3862 1
41939 
3015 1
15040 
8409 2
71460 42526 
8434 4
64159 12633 69713 41787 
7119 2
24522 37384 
3753 2
10651 67296 
865 1
8176 
5237 1
23470 
4793 1
1491 
6505 2
19290 65697 
2038 1
32360 
3089 1
69412 
3005 1
41648 
4536 3
11375 34000 8505 
5476 1
59907 
6336 1
74580 
7122 1
13311 
2399 1
64820 
5487 1
24112 
3347 1
16955 
8454 2
29341 17640 
4858 1
53283 
7980 1
70734 
4288 1
23338 
1489 2
44447 29087 
2712 2
27080 2990 
746 1
38762 
3303 1
57091 
7259 2
24472 32654 
7226 3
24167 22115 74701 
8819 3
42209 7845 63215 
7943 2
13730 6921 
9769 2
3019 33817 
6210 2
53187 23206 
8009 1
26325 
5113 2
72253 22294 
9321 3
27206 23084 17565 
8944 2
10869 71861 
3246 2
38555 37400 
2808 1
37708 
4881 3
33252 56134 37950 
3423 1
74890 
6795 1
44490 
6354 1
69734 
6587 1
52890 
4067 1
59120 
9363 3
49264 19984 29136 
4117 1
59549 
3486 1
50469 
7037 1
70784 
6653 1
74595 
8085 2
50657 12923 
6116 1
10857 
8774 2
40744 53021 
487 1
10182 
3030 1
43329 
4582 1
6578 
5186 2
56862 66298 
2985 1
26832 
9534 2
10550 7790 
6614 1
28724 
1621 1
20407 
5527 1
43964 
4307 2
11991 64779 
5657 1
36653 
5854 1
36796 
1168 1
69624 
88 1
37017 
7744 1
31105 
2173 1
51503 
5815 1
27447 
7489 2
71846 57945 
7618 2
43739 71207 
8202 2
35458 54346 
8005 1
13757 
9248 1
15514 
1267 1
60291 
4702 1
70550 
7949 1
63975 
6683 1
11562 
277 1
59828 
5305 1
70763 
5077 1
24442 
4373 1
66826 
218 1
70834 
5558 1
70940 
1861 1
39465 
7082 1
64158 
9535 1
35965 
4142 2
8380 42310 
569 1
31833 
8311 2
38541 4645 
2460 3
29126 41499 66248 
6319 1
66773 
7085 2
16923 47066 
6285 1
64167 
7754 3
40800 6802 55140 
9620 3
27283 12614 10805 
2320 1
71330 
9870 1
35408 
5286 1
43559 
7202 1
30955 
4955 1
26169 
1811 2
8071 56533 
7350 1
11320 
5757 1
35507 
1601 1
20895 
355 2
50107 62107 
5862 1
6149 
5461 1
56825 
8934 1
40997 
2885 1
37265 
8177 2
64042 70342 
4374 1
37110 
1502 1
57783 
8540 2
21149 30767 
4428 1
28177 
5025 1
72673 
7332 1
48083 
5963 2
15469 17323 
3960 1
43195 
2625 1
72880 
6885 1
70220 
8523 2
46141 27635 
672 1
5199 
2792 1
59150 
6915 1
34505 
5666 1
15085 
4278 1
75113 
8061 1
67470 
3292 1
10943 
2314 1
20870 
2920 2
72756 39851 
6835 1
29474 
5759 1
71127 
1679 1
59118 
3529 1
7041 
987 1
46996 
6578 1
71629 
3682 1
44302 
5557 1
48523 
5170 1
51225 
6592 1
52697 
1389 2
41605 39105 
2688 1
18661 
1670 2
31661 63699 
3177 1
22240 
4345 1
45489 
2443 2
8295 20411 
8086 2
75182 69020 
4845 2
13266 8585 
3324 1
45397 
2072 1
15161 
7753 1
59445 
6821 1
44657 
4200 1
29035 
6094 1
43909 
2829 2
43839 56795 
9837 2
64658 56032 
6397 2
20294 22607 
9645 2
61276 52892 
7302 1
45278 
8042 2
26489 33275 
4001 1
17494 
7748 1
26821 
2109 1
52481 
3652 2
25443 21989 
6471 2
66499 70384 
1778 1
33931 
3976 2
10309 62171 
95 1
21854 
8219 2
6487 23064 
2429 1
14066 
2383 1
1831 
764 1
42118 
5556 1
73551 
6817 1
10905 
2281 1
66572 
6815 2
26778 39478 
7238 2
36801 45620 
4567 1
14915 
1790 1
31100 
4594 1
67075 
6200 1
24363 
6787 1
56297 
3461 1
20592 
6126 1
41806 
7587 2
31024 37032 
9011 1
702 
3628 1
4908 
6517 1
27890 
9397 2
51972 3827 
1386 1
17906 
5042 1
12050 
6101 1
387 
1590 2
274 52633 
1934 1
51822 
3688 1
63291 
531 2
69536 20666 
3353 2
865 23336 
8258 1
1882 
9697 3
75218 44871 10727 
7582 2
18937 35338 
264 1
31632 
9358 2
3415 50634 
