223
493 1
31677 
3894 3
72024 19376 31879 
2664 1
5638 
3028 1
36725 
312 3
35137 41153 24181 
668 2
60654 14465 
856 2
39237 62744 
3327 2
39579 16654 
4520 3
48398 88012 7204 
4503 1
46828 
4718 1
81389 
3093 4
83827 16696 22818 61783 
3227 1
95530 
337 4
60457 9744 55823 36038 
2094 2
24549 34359 
1600 1
34282 
51 3
96095 16154 67714 
4745 6
56193 24482 99991 75184 98384 72 
2589 3
66941 30902 47119 
1615 2
12312 95139 
877 3
45909 32931 47099 
3070 1
13757 
3088 3
22628 17526 88550 
1735 1
69392 
1063 1
86315 
1903 1
77561 
3651 2
63958 78619 
3030 2
96883 45712 
4168 4
14078 76008 10131 53766 
3925 2
63851 96082 
4938 5
437 70572 9552 76660 46497 
268 1
21753 
3677 6
67153 27707 79128 25146 3874 26989 
2788 4
40917 11887 66290 82168 
3859 1
60442 
3385 4
19221 50565 95148 63222 
4762 2
29334 18796 
790 2
80680 82894 
1353 1
79427 
2513 2
20808 48755 
2180 4
59465 97024 14224 75656 
1355 1
50085 
232 1
39721 
4446 1
52965 
3499 1
69873 
2763 1
98493 
4704 1
42663 
4242 1
42372 
5003 4
56587 27083 80604 60382 
1969 1
61403 
4062 2
31417 60991 
2975 1
80444 
952 2
79333 61201 
3689 1
57623 
4780 5
22271 89695 53165 22649 23171 
2768 4
46628 32069 18496 19856 
4053 5
6665 993 67847 68968 52319 
4505 1
52052 
4380 3
28971 54445 90989 
1711 1
88654 
3505 1
35314 
1378 2
53906 52434 
1839 3
39347 76284 1717 
4125 3
94523 14865 49882 
2847 2
9190 79692 
4906 2
36751 89742 
1105 1
3394 
1658 4
56994 48075 46674 97830 
294 2
68932 56379 
5001 2
97673 68623 
1975 2
76385 77725 
1531 1
14534 
4132 8
76309 69056 39072 71967 61320 53606 14834 40712 
568 5
51620 66211 59495 2224 7715 
1569 2
4355 93285 
2137 3
18509 29895 61453 
4460 2
55937 80929 
3684 1
83007 
3215 2
18074 90456 
3625 3
57782 31823 32406 
2193 1
75672 
4079 5
43994 59003 94971 25769 19775 
2667 1
53960 
4915 5
4041 11842 74639 44272 4864 
358 4
34934 87119 63962 88778 
3533 1
54416 
1834 1
86340 
4635 1
81915 
2992 5
14906 22543 59490 97616 18873 
2690 2
18940 91086 
250 1
26577 
2525 2
48595 79382 
3041 1
43335 
26 2
25699 11475 
4102 1
3015 
1899 2
77743 68821 
3346 1
68975 
1 1
29651 
854 1
96017 
2187 1
29894 
1283 1
97652 
3321 2
33282 32540 
4462 2
11198 64441 
4989 5
80317 67915 25906 54650 75633 
2841 3
34011 40425 11893 
465 1
97418 
4828 1
27900 
2679 3
76366 23835 87477 
4424 3
71663 25283 85599 
2716 3
9403 59745 81905 
281 4
70044 29561 68959 74574 
2646 1
98831 
4749 3
43948 66767 57896 
5023 1
93190 
2790 1
72650 
4401 1
27155 
4551 1
57746 
3119 3
53736 33997 87972 
3255 1
88595 
1189 4
23936 21186 58833 65220 
4495 4
7453 28037 56068 99210 
3352 3
37423 97062 72659 
4608 4
28523 61914 34530 78251 
4276 2
22673 57035 
2940 5
43232 16990 91748 90068 84226 
1954 2
72807 26402 
2976 1
91284 
2628 1
56181 
914 1
8461 
2368 2
10468 65574 
1032 4
87088 42261 27073 72868 
3799 1
38205 
5070 3
19344 58146 74479 
234 3
87703 95283 84018 
4291 1
29017 
2153 1
68281 
104 1
62156 
1320 1
95275 
4769 4
28511 535 66832 4914 
990 1
28087 
5017 1
76341 
1783 1
76337 
3613 1
17232 
1900 1
28431 
4360 1
53220 
5039 2
73451 25116 
4305 2
77526 61648 
610 1
34770 
1104 1
40011 
1260 2
25921 37935 
2781 1
98387 
1308 4
76537 56035 94296 77053 
1920 1
45668 
2558 3
4593 10336 17326 
2874 1
87501 
4292 3
45959 58171 79308 
4364 1
43745 
2351 1
98160 
3759 1
29294 
1139 4
51242 10024 39348 90865 
994 3
32201 53285 81869 
2980 1
2597 
5044 1
32831 
2720 1
47317 
4616 1
19244 
3498 6
52998 6712 59421 33584 78462 28789 
1239 5
68645 98276 48644 5616 20885 
4534 1
20019 
4782 2
66274 40446 
4402 4
77289 58808 38893 26524 
2787 2
41679 63364 
819 1
67512 
3175 1
70304 
3381 1
63369 
3226 3
29717 88483 4313 
786 4
45779 90243 18886 89716 
2593 3
27297 57524 11040 
2178 2
8086 6266 
3285 2
99740 65127 
1568 1
57808 
5027 1
31288 
2730 3
66990 70622 67449 
697 1
47694 
1099 4
39762 51063 56771 69207 
500 1
43618 
2037 1
52268 
2388 1
99726 
1737 3
20333 74742 33451 
2620 1
34416 
4249 2
7751 60759 
707 2
54671 12480 
2782 1
88347 
2830 3
23790 85479 81879 
4115 2
76032 19971 
1747 2
56902 49223 
4959 1
8625 
4619 3
98936 3097 3835 
1076 2
94857 12482 
3076 1
74428 
4657 3
75104 22210 50204 
4284 4
51386 32822 77641 27462 
4309 2
81087 79524 
1558 1
19796 
1404 1
9755 
1410 3
47974 53548 57416 
812 1
45518 
1262 3
19604 43500 14231 
2291 1
15418 
4677 1
77214 
2859 1
5408 
4841 4
2571 86238 98631 34970 
96 1
23990 
2708 2
46553 56874 
4686 1
8933 
1785 4
34407 38563 20840 46242 
5041 1
22462 
1326 2
6534 29156 
849 6
40120 67586 13999 19335 56579 19454 
348 1
797 
1700 3
39187 26281 13960 
4164 2
12674 27610 
963 1
56054 
3640 1
82933 
