230
7831 3
19049 29337 55820 
2329 1
74785 
6943 1
39517 
3864 1
18496 
5677 3
47789 7691 90786 
7128 3
88342 6922 96724 
2559 1
45909 
6643 1
25485 
8021 1
36684 
7995 1
33227 
7941 1
82855 
1733 1
50875 
377 2
60101 69402 
5575 1
89996 
7908 4
55104 61079 30391 97858 
209 2
88800 48980 
7293 3
43305 58687 96250 
6256 4
80092 17870 29078 95040 
2980 2
27077 21808 
3914 2
38320 26257 
8135 1
57990 
4220 3
60744 17126 84591 
6451 1
14265 
1285 1
79676 
3384 4
11601 6031 6156 96084 
1764 1
23541 
8714 1
97604 
7895 2
41605 68356 
4329 3
74588 7560 2284 
4804 1
36496 
3549 2
19161 54120 
4245 1
93313 
1438 1
74249 
1579 1
22822 
1319 2
157 63342 
8257 4
64022 63557 60154 60265 
6302 5
10962 6279 41211 55259 90073 
578 1
11475 
8314 1
538 
3258 3
72488 98335 96283 
4022 3
57765 49932 63850 
2114 3
24819 52132 18903 
7280 2
39723 9066 
5645 5
5219 19925 94109 57023 88806 
2715 1
53662 
8472 1
99409 
5695 3
65690 24651 42318 
8521 2
30618 74207 
7057 2
25073 51106 
3895 6
34848 55477 22821 62209 1813 88238 
3879 2
74052 83480 
7670 1
19502 
3191 3
34231 41045 98222 
8674 1
14718 
3101 2
27291 37576 
908 1
66938 
1223 1
86404 
8510 1
73025 
8291 1
18054 
5370 1
4493 
3926 2
98759 99147 
5911 1
30889 
4499 1
20467 
7826 3
49386 70239 86121 
8025 5
8768 76554 50989 34500 10952 
6216 4
34479 67678 4580 71078 
2195 1
99940 
5232 1
73321 
8655 1
78203 
156 1
70116 
6690 6
98729 8958 62016 15605 51485 68507 
2930 2
17649 8743 
3169 3
79110 7546 82267 
1278 2
2688 22402 
1695 1
59383 
3476 1
35530 
1679 4
78281 64807 60030 76113 
7709 1
13653 
2369 1
99983 
6432 6
52793 86512 67914 46554 38626 87905 
6047 3
50999 67680 55810 
7284 1
90986 
2727 1
55426 
7167 1
79580 
7188 2
54219 56267 
802 2
58618 57211 
863 2
94545 47010 
5217 2
55462 4944 
2316 2
10023 54449 
7295 2
60936 32789 
3239 11
34079 39795 2974 83191 47375 88044 85761 12751 17729 51187 63181 
7920 1
65796 
7653 1
60340 
6552 2
29438 65580 
7513 2
19985 45787 
5973 2
17283 32087 
8520 2
45610 78349 
8042 1
23794 
3102 2
52089 5242 
4492 1
23261 
8535 2
63929 7127 
7389 2
89364 53775 
4523 3
40932 35330 47579 
8450 3
10818 83034 87885 
507 1
30050 
3248 1
89184 
1308 4
36054 27372 71824 63897 
6703 1
70889 
4822 1
68050 
7728 2
67800 55355 
6979 4
95636 38416 55891 31148 
7305 1
46120 
2123 5
79393 17600 13229 7216 61440 
973 2
73523 10624 
2666 1
78784 
7788 1
82622 
2288 4
5505 69781 76490 41287 
5409 4
8601 15451 48456 23817 
3808 3
50488 29350 52752 
2259 4
96018 1130 22416 68225 
1878 1
32566 
6150 4
92339 9939 94921 75627 
8627 1
93759 
4540 1
65349 
7445 4
72920 92763 65288 42111 
4746 3
20920 82273 60508 
3598 3
19594 53177 86918 
392 2
81119 55920 
1367 1
10021 
7544 4
42813 49882 55223 14248 
6337 3
70176 99597 5477 
8092 1
91326 
254 2
97590 34067 
4767 1
37302 
6452 3
58311 93705 39488 
6520 1
26698 
1929 4
66908 61100 52352 78872 
7887 1
40911 
2515 2
67129 57487 
7795 1
27769 
5532 3
94157 84114 7533 
3164 2
76817 87559 
4923 3
54437 71465 67784 
4281 1
84817 
5909 1
94148 
4609 1
16007 
4403 1
76614 
6921 5
74087 2771 36452 75905 27459 
5464 2
67820 67986 
6078 2
58626 62896 
4463 2
55079 37408 
5694 1
73069 
3183 1
6587 
4905 2
9768 69009 
8741 1
45871 
7478 4
28970 5792 52124 67879 
5943 1
49030 
8642 4
15363 82811 48533 60591 
4183 2
30940 46581 
6730 1
5214 
1381 1
17188 
8386 1
35913 
8089 3
58395 37645 64926 
6890 1
43333 
8063 1
80108 
8492 2
77126 97359 
1938 4
84278 54605 55340 86834 
5814 5
30019 97837 51570 39485 68539 
4108 2
71320 32122 
1493 1
86613 
5986 4
79098 48043 20738 41313 
4828 1
66581 
2743 1
49384 
8098 1
90652 
5381 3
30409 36623 87902 
6737 5
62473 89570 47702 59397 92971 
4859 2
57116 38770 
2207 3
97769 38100 10830 
4755 3
32499 90476 23256 
6653 2
85817 32444 
8383 4
78283 41218 69759 42498 
6147 2
13288 46130 
1524 1
65773 
3086 1
87079 
7031 1
55471 
1646 3
222 40845 71530 
4823 3
35818 39017 2461 
7209 2
16269 66597 
4606 2
81408 45232 
1808 2
3 92302 
2823 7
73420 49840 68074 92805 28574 57294 3066 
6740 2
39210 72401 
2624 3
4806 93316 97177 
7594 1
20115 
1990 2
62780 69256 
7242 1
64949 
7266 1
43094 
8206 1
13231 
6330 5
55256 66454 92160 80169 33738 
6780 2
84608 24561 
7081 1
67200 
2115 2
7867 80802 
3157 2
11973 4006 
811 2
25245 1870 
2594 1
68305 
8184 3
18974 2442 18754 
4166 5
48653 57839 16778 6994 49998 
2939 3
45234 65897 38251 
8199 6
57932 63094 89525 84020 87311 74131 
7799 2
83050 93899 
2661 2
36361 17037 
3181 4
52111 25221 29246 7731 
6933 1
88614 
4005 3
73619 17332 55669 
1788 1
89972 
7606 2
8267 83956 
4434 1
2437 
1831 1
52769 
4123 1
14795 
3135 4
23890 79251 12705 98273 
8054 4
60214 69673 67215 71743 
7240 1
10740 
1780 1
99347 
7509 3
22984 9995 91050 
995 1
10860 
7563 1
24266 
6148 1
71814 
3175 2
42521 96640 
3504 2
71318 18573 
7007 2
99310 47603 
