360
17119 3
82615 78781 65705 
9979 2
42677 4984 
2159 1
69274 
3257 1
24873 
14469 2
86052 78660 
3871 1
54773 
16957 2
74116 46166 
2083 1
1155 
3281 1
31501 
3408 2
61955 35010 
7467 1
47661 
10188 1
53493 
11179 2
73394 56909 
12488 1
57807 
10770 2
63113 17139 
7267 1
9779 
4375 1
1234 
5734 1
4419 
4941 1
46027 
7884 1
28339 
8651 1
8748 
13505 2
60953 7458 
383 1
65905 
824 2
42056 46662 
10441 2
22986 63594 
13353 2
62876 42397 
2415 2
33830 89745 
12727 2
56426 81185 
5897 1
73787 
8800 1
22007 
11721 2
46237 84689 
4063 1
89826 
1553 1
85966 
10537 2
3423 2870 
5543 1
80700 
394 1
68788 
10522 2
85389 60863 
7962 1
33237 
154 2
39892 65406 
3616 1
17662 
7671 1
6857 
16683 2
44058 41744 
628 1
81643 
2351 1
30542 
9959 1
14496 
10250 2
51558 51892 
16193 2
33952 43286 
14161 1
2405 
10329 1
31060 
4452 1
83580 
8610 1
51182 
13984 2
33993 37811 
6506 1
51541 
10652 1
58888 
5805 1
14600 
14495 2
47153 71069 
10538 1
37657 
1048 1
31289 
4758 2
50953 11827 
5353 1
76025 
1617 1
67294 
9179 1
21849 
5540 1
70684 
5285 1
18239 
237 1
45901 
17736 3
40321 83386 81952 
8671 1
57059 
962 1
35662 
9513 1
12270 
4217 1
79827 
5172 1
81904 
17024 3
51033 65481 89087 
12830 1
1812 
14975 3
8357 25903 48578 
6896 1
59407 
6960 1
67864 
10694 2
50407 84532 
7661 1
49790 
10623 2
74654 73695 
9464 1
3533 
7176 1
17304 
8669 1
85145 
7101 1
79401 
11078 2
87441 77787 
1713 2
49057 52929 
2769 1
64561 
3744 2
36481 93119 
8836 1
38138 
9584 2
26398 38443 
3842 2
70459 87327 
5392 1
56069 
17692 2
17436 65583 
3486 1
67879 
3482 1
78415 
10757 1
31995 
2960 1
21660 
16795 3
87997 92995 65214 
6948 1
64301 
1895 1
19285 
10585 2
8130 79262 
5948 1
8504 
10858 2
47885 79041 
7969 1
39085 
16424 3
42754 48975 71033 
5655 2
30521 37056 
9012 1
80392 
16137 2
47258 56895 
10612 3
90804 30325 72317 
8798 1
39149 
2187 1
28393 
16077 2
45077 45571 
12955 2
35066 91206 
2731 1
43939 
10272 1
49708 
6440 1
58381 
13388 3
54350 44392 7205 
8897 1
21489 
6361 1
48425 
15671 3
44086 12433 34832 
477 1
59375 
15553 2
30458 80716 
9646 1
84648 
7681 1
80651 
12079 2
90478 33626 
14078 2
47762 46345 
13055 3
25085 42709 55463 
15587 2
6529 80144 
2532 1
59875 
6011 1
88410 
10728 1
35946 
7000 1
92449 
6954 2
29743 66228 
6264 1
13850 
8902 1
68126 
8544 1
20444 
10106 1
53334 
3398 1
68065 
10949 2
34906 63677 
16543 2
11749 82220 
9936 1
48074 
16922 1
5843 
2743 1
57553 
5030 1
45776 
13383 2
87261 33749 
10590 1
60542 
8644 1
67590 
3811 1
68477 
3011 1
79968 
162 1
72622 
11666 2
39855 70276 
15824 2
52826 47536 
11096 1
37331 
8955 1
20012 
9658 1
71950 
3893 1
32949 
4878 1
18024 
3593 1
16467 
9491 2
50491 36064 
10452 1
88911 
4783 2
27209 77951 
1440 2
57188 87840 
8865 1
19274 
13429 2
32779 3713 
2108 1
65192 
11071 2
92009 10587 
4114 1
11689 
11942 2
65303 46278 
14810 2
24638 31896 
10499 1
74156 
9015 1
89331 
10620 1
13675 
15966 3
51938 86455 31507 
9982 2
44690 26889 
8636 1
33234 
1696 1
53001 
12354 1
47765 
8770 1
70731 
4889 1
44060 
866 1
68543 
4607 1
42821 
17756 2
45601 76491 
16142 1
46789 
10416 2
70391 60563 
1829 1
42503 
10320 2
87592 37850 
9855 1
92052 
12786 1
59122 
1875 1
63210 
8822 2
23486 43659 
9349 1
80440 
7694 1
34223 
3308 2
73136 23168 
4120 1
52970 
5472 1
86986 
16300 2
14274 11334 
12697 2
88428 74708 
15288 2
38862 77770 
4944 2
36519 66563 
15248 1
5705 
16603 2
68514 34532 
4771 2
39471 52623 
12181 1
26166 
8807 2
32852 29096 
13705 2
34887 76757 
9881 2
80404 77515 
4116 1
10130 
7066 2
23715 29913 
8212 1
84805 
2902 1
41993 
9824 1
21639 
17100 2
44439 67233 
8245 1
52078 
1896 1
60881 
3379 1
89510 
10786 2
84482 70279 
3524 3
14481 12821 13961 
9624 1
31409 
7157 2
18780 89186 
16961 2
82289 50632 
14857 2
70502 64720 
7034 1
52357 
5556 1
51812 
6617 2
29778 78366 
8551 1
76445 
1193 1
6376 
4713 1
2388 
9028 1
75112 
9416 2
58394 70415 
13655 3
80437 35492 86128 
16319 2
52200 25723 
101 1
12028 
604 1
28436 
6050 1
6233 
17298 2
57428 19545 
9100 1
748 
10480 1
84228 
15805 2
8303 15119 
5675 1
18713 
5133 1
3032 
5488 1
38444 
1736 1
43370 
6129 1
41196 
14916 2
68195 42497 
4038 2
28725 18431 
1197 1
21250 
598 1
66576 
1299 1
32934 
5128 2
57981 85135 
6983 1
15952 
17296 2
79432 5283 
10243 1
75586 
8008 1
51818 
10854 1
9339 
6265 1
73058 
4523 1
54039 
8572 1
59339 
1954 1
35915 
6715 1
59172 
4323 1
36756 
14447 3
14009 64992 22570 
14387 1
90208 
2898 1
67211 
8541 1
22152 
16628 1
28455 
6237 2
23853 20309 
4768 2
92187 92249 
13245 1
24441 
62 1
20528 
13709 1
546 
198 2
79065 17581 
6785 1
52128 
10261 1
20491 
4088 1
84158 
15367 2
80373 71077 
474 1
25443 
8730 1
67185 
9399 2
3495 3045 
17133 2
40552 7539 
2517 1
28981 
1350 1
16364 
11770 2
14711 62840 
7903 1
65805 
4880 2
56788 66869 
6016 1
61902 
10795 2
1442 70523 
14034 2
76494 52456 
9917 2
23279 13848 
3087 1
80139 
5817 1
78994 
1995 2
77797 2362 
1086 2
36713 5879 
14194 2
64426 86353 
3033 1
26858 
10183 2
57589 82242 
2649 1
57750 
15034 3
29941 90836 11247 
8200 1
64886 
4050 1
2872 
14880 2
54342 77122 
10619 1
9679 
5590 1
87633 
834 1
69089 
5024 1
2172 
420 2
35113 65649 
6303 1
80405 
10571 2
74189 26362 
1050 1
15157 
5969 2
30763 5919 
4528 1
27932 
17498 2
11713 12200 
9243 1
22368 
11060 1
41654 
10734 2
85261 78950 
4040 1
93175 
12606 2
53289 81778 
9648 1
83213 
8456 1
72251 
16479 1
5149 
5816 2
65863 84506 
5003 1
34712 
8856 1
373 
8809 1
17708 
15188 2
25990 64473 
1692 1
71075 
7917 2
58986 81383 
12620 1
59055 
5930 3
79173 4398 18243 
3264 1
29201 
4746 1
21768 
5522 1
24946 
13730 2
25894 21574 
11225 4
91261 2999 57303 3681 
9164 1
26966 
6348 1
14943 
4029 1
3846 
1315 1
45273 
10984 3
41991 76216 38839 
6296 1
73533 
8299 1
54142 
10946 1
8441 
15522 2
69141 55509 
3183 1
45767 
12265 1
25638 
16340 2
74287 70690 
15150 2
74858 29880 
951 1
11916 
11619 1
16049 
7419 2
85625 34068 
5501 2
44560 72893 
1619 1
27068 
12022 3
52336 9507 16050 
3182 1
24173 
16252 1
46293 
7389 1
79751 
11214 4
77937 73971 5118 17077 
19 1
1642 
15832 1
67689 
632 1
15865 
6170 1
80018 
2575 1
57522 
