106
3574 5
18894 89065 16313 6497 42773 
3064 7
75577 42847 45719 51788 76294 14396 94305 
2125 7
62282 74959 71437 11677 1807 58918 91869 
3020 4
5783 4156 14849 81387 
4391 4
85354 1094 48493 6110 
2368 5
1282 99311 6565 54793 68913 
6704 5
16504 72585 93165 56734 277 
4953 6
72795 52434 32076 88834 2510 36470 
2281 5
15228 85624 38604 81090 77921 
7173 6
62346 71670 62329 31345 12089 8146 
4360 9
55936 30403 61328 42963 43052 87570 85000 64797 54675 
1531 5
26332 44855 91773 28120 60515 
3901 4
62121 20350 12845 35501 
3089 5
65370 25953 23531 5863 87897 
4086 5
60445 55194 50145 36258 18637 
68 4
41721 65014 73554 39859 
3373 6
11323 2376 70296 68545 18350 41992 
3152 6
53918 68508 2250 34839 88339 32887 
4207 5
79661 63726 8842 92934 53786 
6995 6
96660 87502 42585 53651 49889 91926 
3209 4
99450 57093 18162 20259 
4156 8
59322 16660 72423 79931 18838 13318 50322 59019 
7081 6
19426 27559 76791 96824 68186 71405 
8537 6
76419 40719 16137 87189 94172 65751 
9304 4
26961 43549 31232 88814 
6639 7
59777 94024 94053 10707 17986 73665 40302 
506 4
52456 27144 48078 33221 
3794 8
13364 45419 48750 22977 42104 55160 3569 17844 
5036 5
9821 36343 20212 67345 84766 
4393 6
41503 18084 92756 35757 18952 43485 
5181 5
37378 53885 21591 63019 97634 
1619 7
22978 88859 55014 28909 15937 69594 1871 
2176 5
3941 41034 99186 8189 5943 
3622 6
96002 5849 72648 10155 17654 83965 
867 5
59128 21515 1472 58539 66069 
8540 10
54816 24983 6987 77100 35403 43329 82695 28338 74779 69433 
5978 5
92373 72776 36599 44159 91946 
3033 7
27743 11068 5165 96149 98207 84924 50009 
6817 5
61937 58675 43437 97112 81790 
1754 5
77116 8550 34224 21565 397 
3647 6
99877 75359 24508 98653 20744 9783 
5103 7
71505 38588 61464 92870 37357 65290 4468 
2934 5
21906 8812 20146 80654 66728 
3230 4
40964 33259 77162 97278 
1127 5
82667 79118 34582 61054 30900 
2065 5
88435 6361 56759 55147 78797 
1803 4
85849 10241 24867 86391 
8764 6
24908 98349 45771 5190 30106 27906 
2246 5
6222 69101 13348 43953 30917 
2440 5
55405 64647 35559 70806 45362 
1071 7
99747 68746 60764 45647 57099 94539 1096 
6003 4
92041 39073 97640 72755 
4197 6
85353 61806 66217 12378 2838 1748 
4414 4
82936 4406 80857 50200 
3971 5
9502 96390 3870 24339 71603 
3772 6
71782 8043 12944 78638 8201 78771 
3559 7
17469 50086 60680 69476 32424 15341 90592 
1980 4
61969 93016 4602 53201 
8437 6
29482 39889 86883 73972 11685 2688 
3714 5
52774 16948 57742 80933 55806 
3235 6
77938 71399 51675 96335 46650 99485 
5756 6
34017 35159 42861 81549 26421 92746 
2751 5
45761 29169 23857 33653 15629 
4543 8
16136 41033 5461 1196 21042 50084 67852 10057 
1709 5
75874 26097 75385 95842 34954 
1420 5
243 51604 97230 40685 7483 
3698 4
2116 28158 34004 55490 
602 4
62746 20252 74776 13819 
9194 5
47726 11154 94921 18472 36686 
4803 5
57895 84522 45325 60308 46010 
2984 5
58610 13735 43241 8376 95912 
3279 7
51638 46464 27112 38443 73734 91878 8726 
4009 5
7497 97079 55552 34123 86439 
113 4
69873 90332 95610 95454 
4378 6
75749 85451 6443 91267 9729 73694 
50 10
95358 24689 64490 38065 90519 71747 71096 48233 79419 84051 
7746 8
15678 94683 80744 40857 83237 42944 75825 4614 
4616 5
73218 35968 93517 73454 43597 
4011 5
25656 26948 59 34603 81872 
4294 6
51380 64671 15464 76377 99274 7844 
2771 5
23625 17767 14608 42297 35829 
4510 6
4642 12414 76349 41551 47837 30321 
9392 6
80932 503 44509 61514 96462 56126 
1469 5
51805 71913 6215 58717 94824 
3583 4
20260 80806 39171 96665 
7322 9
67848 54507 72713 90971 35485 42667 15568 68431 87793 
3023 4
54575 42473 94352 55064 
1023 5
81190 14053 71137 12078 52223 
614 4
68114 78466 54450 160 
7225 5
36351 40923 50440 55168 96017 
2512 7
34797 33363 5878 698 68235 6675 43104 
4004 4
67028 98082 98493 85942 
766 7
70516 22724 32917 64675 21909 1324 91759 
8030 7
4715 43603 46000 36355 79976 63923 76642 
3866 6
29481 98347 11281 65262 1589 93445 
856 4
91470 46677 80557 56069 
6499 7
23040 53971 29327 31753 44207 25533 40170 
1102 4
47683 54489 70993 78292 
622 5
89874 53386 64823 85002 41064 
1476 4
70401 10677 1635 25199 
5294 8
90497 60089 8781 26374 9651 93519 5708 59612 
1888 4
274 33220 50169 10620 
9074 6
80548 1923 97814 73590 17886 20255 
3887 11
3136 86646 20931 5897 90051 81169 78226 27447 86097 38253 63817 
2116 5
49098 33109 13902 26840 91245 
3862 5
94610 26664 97233 8578 95228 
