26
357 29
34433 40649 36063 85835 3627 19138 26487 94121 49055 567 12829 29557 3969 54356 69024 54976 57228 42730 52032 98803 58757 80176 69671 85118 49165 12485 26378 18825 95440 
295 28
48246 76618 16217 26128 37054 47031 29499 98039 42227 63491 35109 53624 78151 1406 76272 22381 1428 58189 64620 48202 98575 83180 37520 31742 59514 15602 59529 56837 
800 31
6254 73393 80678 76357 96396 67256 70441 23060 78927 21226 97567 73214 9441 5380 35397 89048 89773 95966 33539 74061 62281 49683 72130 45928 90416 20636 4176 83915 21883 77639 77555 
795 26
61394 72328 7417 84041 83496 19082 36676 69053 66681 86779 48938 20819 10347 29308 25618 72161 91971 45977 22763 20772 27295 1247 98183 39747 27002 21932 
577 28
27176 41688 73794 52345 73505 3127 3817 72760 50410 23074 72209 76219 1152 88557 94490 64531 64442 49688 93209 95076 37423 53610 59278 84239 44081 45470 60102 90641 
707 28
91430 46860 23702 67875 82613 5189 13377 3776 92311 17769 45805 35001 98974 88796 75084 27443 15969 29870 84282 39693 7057 20651 78896 65589 35246 42740 92219 90795 
1143 29
69068 40896 26522 20082 3560 78355 77818 34905 38856 85417 40148 71861 62475 27747 23053 69760 60553 95017 87095 22836 53473 67567 64805 83864 30107 90172 16937 5662 81190 
1053 28
91610 79589 39372 80013 28455 64599 45512 97946 42688 5289 67063 52321 15022 88051 94180 10740 31368 90467 79574 3763 94764 76401 58501 99541 13807 93357 97072 54017 
468 27
34376 82607 2187 86434 37947 75812 43021 22938 33985 65337 77232 7231 27640 37425 57757 64492 68777 8292 33631 19557 83684 56667 99013 43615 35862 62346 60713 
1001 27
22271 67854 46101 27294 30077 90312 54913 58155 88458 73896 90472 26909 97392 5320 89864 65706 54366 43996 55925 39640 17962 37886 77065 80725 51482 31008 83530 
816 27
47979 36271 81325 12573 26733 60692 6690 39675 12635 73408 9864 82140 67154 93891 70649 30187 2839 35095 69025 10046 48272 31880 9433 97656 95217 54729 65182 
1188 29
24240 64982 90774 67119 61853 22560 10158 56435 18017 57464 42005 37207 50344 54036 42673 66133 88979 89098 48227 18158 36746 20417 1411 63673 66241 36669 28248 49351 86911 
846 28
39291 73798 21804 82476 90633 69169 23314 26174 70552 95588 40761 95617 70180 6086 90818 50387 37857 75887 56996 50826 93328 34713 42564 95187 51704 27582 58868 63747 
24 27
5276 9283 77667 26587 90147 65127 44981 65905 8729 52052 33670 20546 96013 60769 61825 56604 18814 20477 64054 14665 10480 62593 74490 99171 12954 17556 36017 
251 28
17112 76104 63498 2842 58100 50815 44412 40629 22638 56584 68439 92142 83365 37798 22255 92471 83501 82317 15717 59670 26017 6757 63005 79450 82480 86787 22755 82645 
529 26
2601 11422 42050 34212 96288 14088 66434 15228 48806 38932 90444 17284 22716 2367 50912 74195 18487 91856 86512 39091 82646 12431 74003 38021 45064 94897 
113 30
45753 62362 22802 54609 8913 62217 44071 66644 93322 63311 26614 86867 52054 57441 84320 51116 93600 21052 38396 87303 95358 91790 22144 28507 86038 17574 57581 38998 27499 55333 
611 27
47882 28220 37684 14850 30998 52740 25376 51221 22335 95452 88737 6325 18820 68192 46030 56828 64543 88097 41775 20924 58859 58144 6754 59083 33217 40904 33912 
66 30
59709 73337 78645 1940 87350 47650 62146 29932 33737 77764 7555 52277 35601 10403 93338 7455 16769 56495 21873 85324 18164 26135 17578 71990 62367 41458 8787 69445 59345 27335 
312 27
8759 99122 4666 7894 19729 66036 12297 36977 62728 6714 42694 53756 54569 14323 41761 19824 11837 55189 52944 91108 3505 75498 84740 9335 81624 33454 9815 
1144 28
77565 82573 63875 37778 66279 88576 17444 55661 93494 15362 6646 66768 98670 36348 98970 88981 98988 77513 15872 80038 68804 63086 81522 96111 90338 30335 72091 2147 
1112 28
42480 75548 58056 31749 20362 53003 60747 79175 96606 74531 27026 81198 76088 69608 77194 65563 1159 6222 96091 48051 3038 54192 60038 20066 28498 14586 22916 50790 
236 28
11693 2103 65240 86647 26759 20412 1141 63983 28288 44079 90554 12549 38131 77524 65246 40130 54510 89933 53285 57772 88640 9425 47489 10300 23735 76615 10308 32344 
1114 28
46930 128 41535 308 12594 89869 33853 19462 12376 83934 36517 70363 32155 43142 89738 680 40637 63199 81571 38390 20912 32437 80433 15339 27665 8042 5206 30943 
291 26
8068 12146 59359 83144 67772 37748 35492 77317 82779 90495 37212 61137 6929 67361 98928 11809 57234 20138 4244 39232 53543 75036 67155 75485 80898 53043 
95 28
80219 56839 58762 60680 335 83812 45138 79129 74854 81556 28484 81532 26328 36279 86320 27394 68407 96401 24272 1699 26509 62726 93392 65821 6781 52651 39302 70492 
