193
2976 2
22233 30185 
3674 3
97023 73499 3321 
1020 1
19834 
1536 4
34753 22606 38638 41046 
3139 2
39209 40182 
1758 3
43193 73852 79823 
2297 3
54553 4803 49338 
3001 4
12659 20634 86 65984 
2164 1
51883 
729 1
44320 
88 7
58869 76971 51791 35749 90280 71462 38920 
1926 1
27438 
4432 2
5229 85755 
4421 2
43808 12918 
152 5
56284 37430 57039 23494 60003 
2491 2
5809 74602 
2901 2
48987 63110 
1708 5
78972 74931 28091 4438 72476 
2253 1
5384 
4258 4
47232 2235 88503 96781 
2958 3
69010 803 32638 
1928 2
73526 68674 
1049 3
89497 33917 85703 
919 3
1340 99915 287 
4213 2
21585 75060 
1961 5
30902 11510 84464 70896 50354 
4192 3
24258 48962 81811 
2654 4
81302 93525 82029 76340 
1499 2
96495 10819 
2336 6
3457 95446 98516 33466 57556 31691 
2853 2
4160 89247 
200 1
80679 
3941 3
14418 20760 61223 
1616 3
739 86307 47390 
4815 3
82446 39301 65167 
4975 3
69956 89301 25898 
1127 4
12713 92268 3120 59502 
4727 3
31261 88762 92319 
3943 1
95037 
77 2
74606 87426 
1500 2
50278 53315 
1041 2
77800 90733 
3970 5
45940 72601 82111 69307 65426 
3524 3
48639 25895 7124 
3927 2
43229 39417 
3004 8
43020 46314 82770 47931 20085 51938 49636 64701 
865 5
68512 80346 8980 28580 22019 
1782 8
33623 75739 66012 85731 9745 99892 13055 65522 
1420 4
90179 12023 14123 89806 
2271 7
28472 76995 21149 35264 13724 13609 47115 
1900 2
42848 40521 
1892 4
68870 32336 64833 24558 
2061 1
91536 
3555 5
49446 87960 96886 95818 40999 
2769 5
15039 35148 62075 29929 459 
1039 2
46776 2231 
986 2
96251 9739 
2897 3
15203 71466 35926 
654 3
80290 33442 84425 
4214 2
82278 3551 
3402 3
86642 72124 61182 
1090 9
26432 94526 63320 77992 32247 87207 75280 59437 48996 
4117 4
68404 27871 82543 43499 
2714 5
71507 41453 61308 92460 11152 
3929 6
75720 5599 26880 43219 34677 18604 
125 1
79493 
2151 4
20502 44364 476 54650 
1432 6
7941 5043 53552 9607 97826 54263 
288 3
10159 21945 26501 
598 2
68319 95493 
1722 2
90242 89409 
664 1
5967 
101 6
18734 22466 30204 97248 50624 36464 
3105 3
81398 48957 97618 
2400 1
88841 
3766 2
50674 21244 
440 5
34108 55300 83677 93867 42326 
1674 1
28133 
2936 1
77026 
4843 5
94558 54554 34205 3163 44048 
2821 3
72668 93528 33717 
1556 1
51039 
768 4
39853 98298 56582 61574 
2264 5
9528 81551 57479 66320 1454 
1 1
49048 
1712 3
88062 84079 25902 
2657 1
30574 
4010 5
52971 72932 40129 4450 88289 
3882 2
11690 2311 
2399 1
95095 
4419 4
55185 18282 5309 27321 
1100 1
35108 
39 3
52737 93995 61516 
600 3
37527 13075 32774 
4199 5
16799 33869 97951 57343 38074 
4642 2
12220 36944 
1146 2
82098 33728 
4396 3
20334 41239 6640 
2880 6
61822 28381 21384 87935 46916 30892 
4538 4
74045 79112 92421 91937 
1274 2
57576 79592 
2382 4
59999 48723 6307 77391 
4511 2
98496 80285 
514 2
50995 89161 
2502 4
86662 5064 92005 20446 
3232 4
87985 98237 70183 55464 
413 3
19332 9915 16 
2808 1
4568 
2748 3
9615 91559 80671 
3784 3
70081 99006 76926 
2411 2
20690 28090 
1038 6
81321 33423 94365 1273 18839 23282 
1220 3
60929 86103 75597 
528 2
21482 86743 
4155 4
35841 64055 49808 90002 
3778 2
9020 74992 
1368 1
98930 
4110 4
92403 76265 75429 30976 
2551 3
28048 47090 20878 
1677 2
36810 36153 
3335 3
19057 74445 13336 
4862 7
26566 62297 20688 22841 19248 7532 82302 
296 2
64654 169 
552 5
44498 57149 12 1886 47662 
3328 2
23468 68828 
1186 1
98296 
3645 2
64984 51765 
972 1
25756 
439 1
93587 
578 6
83321 72136 89464 22888 36720 35286 
2290 1
76895 
3615 5
52813 4231 55993 98785 86450 
1666 1
32074 
876 3
33799 21290 88671 
4245 3
87403 94960 89580 
4575 2
47761 94647 
404 6
32682 54088 84048 4394 44070 75278 
3317 3
33722 8891 39887 
3841 1
22341 
1767 2
78662 75861 
187 1
81620 
3834 2
69096 78035 
3579 3
45279 25634 38118 
4692 5
25101 11866 19227 67285 69550 
4295 3
80776 29754 11974 
2435 3
28629 99897 71854 
1688 2
53248 17413 
2136 1
99506 
597 3
11186 29164 82858 
1917 2
32476 22216 
103 4
56346 20312 50704 60423 
2414 4
18458 6914 951 91512 
4643 4
85026 11840 70000 18394 
363 5
79476 46132 85088 37400 14746 
936 5
9869 17506 21170 86601 96709 
4514 2
35412 63022 
4070 6
53054 83355 94397 90461 41145 52402 
1339 1
65506 
2750 1
62406 
4092 5
93073 95004 14907 72193 27617 
3322 7
72769 67637 67909 68942 86333 47574 63021 
620 3
41012 36788 76748 
3418 5
9306 90862 23169 94297 27540 
1525 2
88589 90210 
771 1
14060 
1161 1
88638 
2742 1
31876 
213 11
54024 12187 33517 75075 29841 39110 13550 55777 59544 65139 47240 
2884 1
95267 
4585 6
38967 76723 6111 45999 72209 37123 
4073 3
71150 52652 42208 
3559 3
55783 30992 57155 
3576 1
25107 
2917 2
51122 46860 
658 5
14386 26633 88102 50471 81387 
1394 3
38284 23944 43217 
3184 2
76543 85003 
1177 4
53061 81381 60424 85971 
4251 4
7860 50128 494 23286 
3642 3
70481 41487 15302 
4205 4
88629 46600 24718 66834 
1981 6
4615 41534 41967 67368 98338 98187 
488 3
87857 14775 22535 
1832 1
63594 
4147 1
8253 
3468 6
88236 12087 39129 62106 24823 48501 
2538 5
38670 9451 53353 4561 65579 
3429 3
42303 24775 71233 
924 1
60097 
2222 6
88607 89626 77966 7459 45951 13697 
3788 1
29877 
3217 3
30798 10532 14922 
3315 3
39991 76096 1467 
