40
7610 14
21902 24136 79315 58648 43466 74478 78210 89438 41250 1115 46050 72318 74796 69612 
6684 16
6690 55163 8458 36989 32065 71583 20287 63445 44790 19730 11880 92318 65469 33206 30869 37446 
7310 14
81760 91429 38565 83400 25930 54855 88965 85606 53324 90743 85590 2352 52028 50254 
2930 13
11118 76537 91867 50547 33844 53008 40552 65898 26810 10073 86232 16505 28265 
1851 13
29347 59781 32539 56167 10612 91398 25305 14564 40200 24915 59893 84770 62027 
7802 15
56147 49804 82628 44017 51404 69960 74721 86912 5769 2655 64200 72142 25993 68752 31893 
2391 14
1924 56627 18887 48195 7041 31620 46745 97421 33088 95291 75597 59600 67502 84214 
5767 16
86627 61903 78153 70362 3700 89962 84001 43024 6135 94022 93795 86501 56810 73404 48593 50746 
173 13
21136 24244 39964 37432 17610 51468 46863 54393 50309 48039 57942 70378 40870 
1590 14
16987 91865 18066 17260 2150 59051 51190 71943 27745 54448 39554 45040 78813 22113 
7050 13
50285 13681 79083 97035 58978 55126 38693 21105 25444 91703 1621 41522 95507 
550 13
32565 27755 85457 88098 1943 53273 27330 20766 88428 27715 14274 96042 88513 
7562 14
44360 48004 89064 71302 34945 68534 35943 78315 14868 25115 38722 19587 88996 48583 
1034 13
82167 35542 8640 83432 82215 51080 25168 45149 70111 46667 80775 3565 61061 
7813 15
38156 87537 71322 73804 86499 92434 18042 43257 1378 36717 28828 62634 53815 13310 73934 
7321 14
2625 38852 55983 77270 40360 29938 25472 26580 36653 84916 52986 54697 81080 79549 
2190 14
5010 80163 95655 1308 49253 17732 79319 51668 54539 89538 66260 13127 30782 85512 
2364 14
97032 95478 7292 76536 31552 66388 70775 46839 74118 12513 56789 63281 82810 56375 
923 14
10589 45276 57501 93676 67598 56657 58681 50723 40207 72933 80506 31292 51536 30222 
3281 14
42489 73791 35509 33216 79296 57453 85679 87501 41200 50738 71473 82412 16719 55335 
907 14
30130 17195 81473 51015 51905 56600 93393 86324 84684 38027 89359 5427 46284 92435 
2366 13
18850 54456 87070 36539 40713 20254 68082 96506 55062 10292 68383 30442 65274 
6624 15
73693 10881 72154 19203 55879 36351 63198 82391 39882 72830 77746 77146 97958 53941 10299 
2871 14
54184 9048 67560 53393 8375 13243 69038 14924 88360 7986 58828 15953 12089 63653 
2583 14
4809 87244 51928 32831 51990 17039 96295 9377 9608 32629 82665 88203 95065 57717 
2382 15
59350 78560 22740 82230 37167 83344 69903 47991 52596 44823 67259 80247 4505 77128 41034 
7864 18
55903 52979 7459 13306 23844 366 12520 23087 31734 95540 97982 57760 8706 2202 59633 38209 57997 1880 
6893 14
58309 98466 64464 50855 26167 3786 60393 19802 5423 45034 79984 54867 75536 6643 
4254 15
97611 96399 53300 36941 62044 19741 29499 43090 46492 59460 90834 68172 64891 90580 50898 
5670 15
15642 38180 6339 17725 41529 57124 74586 47319 96109 25844 38117 1071 12277 4714 64993 
5795 14
58652 61874 74979 70309 23461 77069 17826 99179 30161 65565 46463 58784 7958 64346 
4205 13
16580 32062 42881 3266 51504 39581 55026 31427 15506 28793 86158 59953 68679 
90 16
21190 98907 5949 79909 68289 9775 30827 8425 69211 61836 48169 95347 92302 54740 57688 96654 
1333 14
75753 65891 65383 19850 88572 55653 58783 97773 83206 34952 99636 96659 29771 57727 
5095 13
86651 82646 81073 35042 65769 95368 98920 81971 31682 5099 98930 66382 18694 
6230 13
9528 24412 23162 73425 56591 86530 22141 31497 59542 4640 72579 41276 17838 
3312 13
1344 27799 57333 45246 48658 84262 82401 84264 32490 59141 51109 39876 57019 
1372 13
28729 62366 67520 325 29220 44133 33739 74527 27248 17294 92332 54662 46809 
2846 13
96390 17774 74726 78373 84890 89304 71263 79291 78915 38969 4918 26613 42412 
6828 14
28029 17533 76456 62939 95619 40932 66535 49863 59194 49130 99916 32447 66308 28523 
