125
3246 4
82069 48258 47106 74762 
660 2
6409 48528 
2752 2
39534 30869 
3409 2
187 58649 
3581 1
2050 
3488 1
65798 
2863 1
12561 
2445 5
27271 23644 2174 88255 13987 
3463 1
42254 
609 3
86854 20552 82120 
1675 3
58389 3098 25000 
2215 4
41126 25072 40985 59113 
217 1
52978 
4711 2
16426 74409 
5650 2
71159 68107 
1039 1
16181 
2036 2
67474 18982 
5227 2
67155 838 
1612 2
23868 31090 
6021 5
69988 74190 38709 8625 46224 
2514 1
80496 
5218 4
83616 25051 69118 5224 
2983 4
55254 57995 54355 36267 
3200 1
38032 
4423 3
68779 28794 39560 
5974 4
48847 42897 60500 70614 
2333 2
76380 24847 
6967 3
33363 10084 36620 
6112 6
50884 43709 42825 16886 30910 6524 
1133 2
77950 56546 
5711 2
55091 7302 
7027 4
47135 49309 14840 53915 
2650 3
39580 82839 41693 
5489 3
32392 6008 37886 
2396 1
53365 
2347 1
52582 
1569 4
14118 36721 72447 67589 
3270 2
5025 49779 
3758 5
26235 4424 79196 26666 80301 
1550 1
19260 
6134 4
63668 40250 86636 10015 
1169 1
35657 
6147 3
72437 37331 14004 
242 2
63550 23979 
2084 1
77784 
5247 4
88003 80785 62722 62428 
4961 4
55938 76046 40560 74219 
651 1
34738 
3371 2
43676 31589 
5468 3
54451 64774 20363 
5067 2
52560 26249 
1525 2
25564 16081 
735 1
34377 
1830 3
24893 58655 31128 
2055 1
265 
904 5
50159 43910 72304 3181 18375 
3325 4
49302 50877 85477 44927 
5140 3
32297 45889 69999 
3458 1
20185 
2212 1
34684 
2923 4
46296 62107 47896 78301 
5495 1
28394 
5294 1
34455 
771 1
65065 
424 1
48737 
2100 2
22358 48126 
5521 2
19521 65655 
2178 1
30636 
1069 2
3270 82314 
2257 4
77771 20498 39565 74120 
2423 2
57453 18231 
6525 2
70524 67795 
3654 2
60939 31048 
4963 1
40744 
3245 1
30008 
2081 1
29572 
2823 4
53429 41612 84811 26347 
491 2
61736 66683 
6979 2
23775 50850 
2995 4
6749 15445 71491 8951 
2832 1
68003 
3368 1
20122 
3070 1
29232 
6107 3
82670 14567 18021 
473 2
61077 17347 
3376 4
4064 39585 53733 57297 
2370 3
4560 43780 6727 
4680 2
77607 24441 
1686 1
15451 
3105 2
9408 19773 
965 1
87514 
2173 3
41664 45388 36555 
352 1
86948 
1465 2
17677 33150 
4710 2
64350 65882 
5198 2
52785 35426 
5598 3
24464 45940 702 
34 1
31441 
3539 2
85111 16488 
5200 2
36645 44081 
3096 2
64293 132 
1467 2
46408 41616 
2049 2
18774 77407 
3942 2
71035 46070 
1957 1
27344 
3007 5
36132 64309 55982 74471 84743 
3468 1
5090 
1567 2
15936 62141 
5208 1
31332 
5107 4
57460 23038 57040 16308 
4042 7
16278 75185 38440 28765 23948 44851 39059 
2404 4
54498 5635 63966 66333 
4278 3
12011 45770 55211 
2140 2
66473 28333 
2706 2
23563 18007 
4743 2
86361 37968 
1720 1
22339 
1524 2
57551 57377 
3682 1
83965 
1283 1
56752 
1055 3
5854 27082 60847 
3189 5
1992 46423 55191 23080 53459 
1961 5
32412 7219 26472 19079 23484 
4031 2
36420 41446 
1802 1
49458 
