252
2228 3
51171 28676 61281 
4058 2
46325 52116 
3322 1
70289 
2933 2
60361 17762 
6431 2
86695 92400 
6012 2
34229 13274 
10038 3
56703 98753 81737 
1031 2
30188 22091 
44 4
42100 36738 69859 14435 
3283 2
77103 74898 
715 1
89894 
6916 2
36808 48338 
3024 3
7379 88994 8278 
6390 2
7394 51634 
2153 2
59513 47717 
2769 2
63728 36630 
901 2
86964 52490 
2221 2
49191 9865 
5009 3
79893 37554 22284 
4277 2
16178 84637 
2147 1
33873 
6442 2
76366 88098 
7589 2
32541 74578 
5452 2
86050 19898 
6868 2
13665 27682 
8102 3
67142 27601 80554 
5205 3
38777 80242 35178 
10055 3
81267 70575 56320 
5275 2
41490 245 
3360 2
21506 78902 
4979 2
5829 88059 
4194 2
11910 17975 
2444 2
15855 1952 
2406 2
2493 50120 
2509 1
29660 
6663 2
94884 31244 
3073 2
76328 75128 
6605 2
14050 17198 
3823 3
21265 96566 64968 
9521 2
9785 8709 
4001 2
20133 15773 
4988 3
78144 41771 87743 
6533 1
51740 
1442 2
58414 66652 
7857 3
13468 22034 82523 
70 2
82230 77225 
10088 5
31106 31149 53601 75303 93178 
4729 1
2452 
4741 2
27074 8451 
2546 2
11972 80572 
1970 2
80989 51329 
5319 1
92491 
8503 3
26430 67028 41063 
9411 2
62047 95167 
2236 2
21128 32994 
423 1
45685 
8755 3
22163 10302 25550 
2496 1
6937 
905 2
75197 68273 
7143 2
80510 90600 
13 2
29108 79804 
4295 2
59461 95537 
7061 3
44658 3264 13015 
653 1
27268 
243 2
32032 19437 
2167 2
49298 55519 
2272 1
79228 
2962 2
43903 80981 
75 2
4631 87344 
7581 2
55095 14907 
3724 2
12886 64003 
2806 3
79495 26265 98504 
1844 1
63959 
6727 1
86043 
3192 2
79845 91868 
8753 2
39764 25405 
1798 2
5638 13046 
6829 2
32543 70174 
6461 2
43122 91107 
3068 1
30090 
2180 3
72296 33995 72203 
2115 2
34684 58374 
5096 2
32587 42281 
6100 4
29525 93451 40794 57771 
7721 3
76479 54934 93371 
675 1
96900 
4052 1
28688 
2604 2
38947 28100 
7263 2
79641 64430 
2964 1
18599 
8395 3
27813 34107 59067 
5572 1
72580 
9513 3
8224 3724 32103 
926 1
16529 
6516 2
45886 40398 
6976 2
74065 448 
2828 2
41045 69850 
6534 4
58746 24470 71307 84212 
1776 1
60803 
975 1
16528 
4921 1
59022 
3616 1
90390 
677 3
90433 55951 35003 
4848 3
29976 91979 62600 
2514 2
73464 12599 
7422 3
97567 68526 2758 
1981 2
76723 45624 
2731 3
92352 36661 49943 
3645 2
32483 44338 
2214 2
70475 51873 
4674 1
4669 
2242 2
32958 18378 
1205 1
54694 
1754 1
67541 
3530 1
53106 
4482 1
51285 
813 3
59016 19529 38526 
6262 3
50832 61486 90411 
4863 2
61163 66273 
2143 3
30301 56082 94260 
3080 2
3981 22903 
5020 2
16231 85734 
8951 2
59419 98710 
3139 1
76819 
6557 2
31430 32220 
7298 3
42169 8007 50643 
887 1
61708 
8815 3
98499 86762 29072 
5350 2
5459 39799 
2800 2
60144 27265 
937 1
50724 
7072 3
10259 84280 32379 
1328 1
81775 
3627 3
59308 4778 43158 
5961 2
42523 89603 
3473 2
39922 63290 
47 2
93109 69179 
9714 3
64384 30149 75082 
67 1
44657 
6612 2
53715 44429 
57 1
18054 
723 1
67191 
4229 3
47553 64659 68174 
5499 3
20804 25964 94875 
8832 4
35716 17472 38616 94624 
2650 1
57216 
5623 2
47730 57236 
9014 3
97483 73817 22204 
1203 1
52177 
2083 2
1243 61480 
4912 2
61196 31424 
777 1
77183 
1318 1
18911 
6760 2
74207 77569 
2268 1
54841 
2291 2
46406 32369 
7162 2
48315 21693 
9221 2
19605 35149 
5100 2
20548 45928 
2932 2
10069 81052 
4356 2
90752 6667 
7673 2
57954 35602 
5013 2
14049 94135 
6084 2
7180 30736 
6204 2
4600 36485 
9892 3
34569 2203 50827 
7396 2
43944 39282 
4328 2
36417 59977 
6089 2
63918 17216 
3233 2
44861 21587 
4081 2
97170 56909 
4638 1
81619 
2487 1
3502 
1508 1
81587 
7055 2
46333 32898 
502 1
32192 
6964 3
16259 55260 2285 
2622 1
37564 
2992 2
75497 66997 
3148 2
47986 96052 
1491 2
18410 26903 
3250 1
28336 
5605 2
2603 83950 
6604 2
6337 68503 
5890 2
24140 67199 
4380 2
48081 68935 
7234 3
75755 79330 9328 
50 1
36959 
3732 2
3928 87769 
5437 2
67019 1099 
4073 2
6575 29546 
7453 2
97158 66909 
2416 3
93327 52214 50156 
5163 2
14752 51556 
234 1
97332 
1730 1
9871 
3753 2
91916 18111 
7720 3
53903 773 18274 
5264 4
4041 6255 44474 83092 
5909 3
5279 23586 24577 
3077 3
63505 39226 3030 
7139 2
61102 61722 
9257 4
7515 11020 35385 19209 
5059 2
1070 7813 
3264 2
4730 76673 
8789 4
28446 98020 11322 73438 
768 1
15470 
6967 3
56338 40694 40629 
7287 3
72920 87324 60044 
4951 2
56417 71422 
6591 3
7706 88650 25501 
5762 2
49615 61543 
3510 2
29085 74327 
1659 2
18841 50011 
3459 2
77172 12559 
2140 2
8659 71167 
2276 2
67033 21710 
816 2
38893 74893 
7212 2
55177 50501 
2721 2
30160 63456 
9749 3
34624 23186 87866 
5915 2
36363 7818 
1051 1
91804 
8921 3
62751 86550 15325 
1471 2
46646 48350 
8049 3
86537 93640 7575 
5715 2
42282 38403 
6943 2
66153 5466 
3731 2
23204 40423 
4928 1
35996 
3758 2
40193 26318 
3574 2
8196 75590 
596 1
30523 
3229 2
93476 84717 
1886 1
88019 
5196 2
84868 59202 
4051 4
59696 69579 52013 77962 
2589 2
23414 40810 
7959 3
63659 3479 33965 
6551 1
11351 
8147 3
3860 39214 91692 
3969 4
89268 15213 19890 7391 
5682 2
68026 61444 
8313 2
5479 98084 
9741 3
92232 59420 96454 
7644 3
63778 69068 6181 
4100 1
12035 
2788 2
76862 24536 
2501 2
15313 49545 
5469 2
16270 4613 
9248 3
40533 86528 26818 
866 2
70202 39535 
