129
2655 3
96952 87732 31906 
1298 7
52948 4683 39831 12192 5785 56210 84261 
689 3
78113 50288 20269 
3589 7
89131 2125 56997 45030 34692 57404 59771 
803 5
48842 31566 94078 67415 96144 
4724 5
5744 86394 87183 43022 73876 
1537 4
74845 89317 47858 81295 
1045 3
50285 52710 60740 
628 2
19830 53118 
4129 5
35990 79756 19663 8578 94285 
1606 4
66321 26768 48199 70631 
1238 5
30040 794 1220 45758 90079 
2214 4
54678 82355 20571 98112 
1181 6
22039 37902 77997 37634 29852 39189 
2571 5
76168 52888 9017 97825 38393 
3906 7
52113 87089 31054 50081 39737 87030 2431 
3973 4
78246 96799 16160 29419 
2413 5
72355 99481 78518 87627 58243 
5220 5
46794 82838 85291 19105 29645 
1934 5
72455 51582 48720 92725 69920 
4798 7
17631 82964 22178 95185 47361 82405 43714 
4360 6
62514 19559 24683 56191 32808 74407 
1305 4
35265 62595 1336 42278 
893 5
12459 18674 36132 20742 3465 
1667 6
2248 63618 22987 51084 26168 32430 
1766 3
12010 9842 20625 
2457 3
81871 98947 76406 
4857 4
26117 87845 98535 99120 
89 6
22592 1487 79159 98472 44689 73280 
2640 6
70622 75942 17436 58555 37763 41061 
343 4
40614 52864 60598 58434 
4856 6
69644 70112 22478 7234 3316 23868 
4995 7
66402 63048 68833 87024 20271 26345 90606 
2095 5
25833 42952 27247 96509 71799 
4263 5
63683 24325 7359 9644 19142 
4040 5
50353 37461 62782 25761 61473 
1314 8
72459 95525 67900 97978 76294 83783 15278 54261 
1708 3
8903 35981 86216 
1387 7
33964 68214 68337 25346 7848 15386 45071 
4232 4
38022 32822 8351 85760 
1194 4
493 63038 37758 46674 
305 3
99264 34750 17576 
5183 5
93280 22388 77404 38221 76911 
1018 8
52876 42600 20207 96479 69947 71043 76208 52355 
716 3
2765 10687 3434 
1850 4
33664 83928 82730 12879 
463 6
42207 1178 21738 47305 83753 84752 
884 6
55242 96978 92817 86598 14579 37368 
534 6
47677 24672 58360 32237 57102 10762 
4453 6
83268 45366 18434 4734 27347 9081 
2580 4
34968 53132 76073 34273 
1401 3
88844 76264 43564 
2501 5
80141 44092 16347 27124 16931 
2062 3
20257 99458 17565 
1596 4
53563 77409 81122 17861 
1403 6
30212 14175 22048 48710 56178 94276 
558 6
3692 33741 24553 35164 46513 71124 
5147 8
10896 23312 12640 97342 18024 68509 84079 87547 
1795 4
702 71905 84649 32747 
2304 4
62501 3568 9048 85962 
2747 8
6119 77083 78835 24508 89487 77116 18158 9591 
660 7
16999 69556 87258 64752 66691 35529 60688 
4031 5
11455 38124 46975 51906 10464 
1109 5
5090 20177 11842 25089 62899 
1352 7
7323 57626 60262 64892 19689 47020 60967 
1211 8
75157 81110 63894 80906 14477 37527 6549 98151 
2262 4
3635 44694 73955 13567 
616 5
69974 11628 32048 74922 309 
4622 7
26312 98419 83564 55173 10916 54273 50208 
3222 5
26477 48097 27200 59948 88839 
87 4
95134 28149 50356 98095 
2632 4
20814 85978 79510 5411 
1853 5
64406 96602 36408 23038 36831 
2688 5
52753 93100 23948 52834 97494 
94 3
2384 58006 70439 
4535 6
21141 25247 63889 75965 46649 94002 
4389 4
31197 41619 79423 70486 
2962 5
13575 94936 86180 64669 45221 
844 3
36615 81457 6343 
871 2
82042 8818 
3701 6
66007 78811 59159 36857 4762 43490 
4635 4
30161 1810 57059 4976 
4149 5
20402 17721 52464 540 61016 
1266 4
41852 66370 18652 12765 
3728 4
80042 22757 87633 21750 
1407 6
23554 96151 89981 34668 85601 75793 
1032 9
12885 68799 2920 54883 72109 92824 51882 9041 19526 
2152 6
54056 43180 39952 36010 19653 68563 
4343 4
2241 16671 21095 48957 
3083 4
34764 67681 2635 71813 
1723 5
38766 77812 55919 81223 49238 
5240 4
59034 24463 9892 53670 
4504 4
23443 92699 47431 71250 
3830 4
29135 93914 58035 12016 
3962 3
31402 68373 28122 
4569 7
53845 93351 98452 31885 5858 11079 63494 
3227 4
21311 81079 97080 89774 
1425 4
60847 38534 38814 8019 
1831 3
8380 93725 77352 
1956 3
66050 42721 7980 
2567 8
65569 22106 19415 44312 29572 31082 18322 31785 
3139 7
92062 5986 61732 91084 83692 55309 3924 
2182 3
71864 69623 19805 
2579 6
54802 635 92790 56585 93272 49981 
1882 5
6704 66477 64314 89894 32392 
1928 5
62154 7769 59716 72606 94790 
4156 8
79498 67554 7763 69714 58584 59178 34458 26826 
1214 6
68800 601 46168 3019 52614 75134 
1785 5
774 64495 93362 89428 13899 
2872 4
54569 88626 35652 57826 
976 7
36485 95190 64482 78126 30795 3343 78308 
2902 7
69188 48026 22638 27362 63343 42408 79132 
4589 5
91040 41588 39081 56645 48203 
2372 9
75941 7270 55328 13341 76234 33806 93281 6712 28309 
2565 6
77090 39185 70973 69147 4900 91702 
934 11
9744 65740 93610 18087 35255 79604 88094 71672 41133 76828 37795 
5313 6
8263 2503 18444 91557 30616 86108 
1222 5
49409 31771 37943 51285 69719 
2857 4
98420 71603 71482 96283 
331 8
91961 91127 34880 82214 74526 60784 49921 27490 
1062 3
54632 97563 86903 
1986 6
73229 24864 3655 11560 4660 19725 
1257 6
70932 80702 36438 31208 82318 27356 
1221 4
62717 80902 71449 48846 
3625 5
17053 34871 5166 22564 3383 
2500 4
15436 17502 53877 28528 
851 5
82860 6183 80696 28057 42178 
1110 6
13939 28460 3515 35696 17405 10398 
4314 7
52910 84186 22458 61079 9448 36094 70504 
