376
4668 1
11020 
2347 1
72574 
210 1
12955 
1476 1
14856 
3529 1
14549 
11627 2
28621 63887 
6479 2
37361 81034 
8524 1
21833 
9674 1
9117 
7884 1
53939 
6526 1
5717 
63 1
4116 
7459 1
60570 
5717 4
48969 30052 67405 9613 
1047 1
66076 
7952 1
10837 
12265 2
40640 11085 
2410 1
12125 
10518 1
56121 
1776 1
9645 
2789 1
39841 
7154 2
35036 47735 
10016 2
34152 17558 
7711 2
53441 32600 
1439 1
22786 
2712 1
76633 
7005 1
67017 
13924 3
6106 51833 17693 
6219 1
32111 
19612 2
64567 35143 
5856 2
19714 37827 
6410 3
76966 36512 28770 
5476 1
36849 
11941 3
9793 5665 3906 
5099 1
67287 
8889 1
11687 
12222 1
61505 
59 1
9694 
12238 3
2108 35330 56909 
3043 1
311 
8415 2
58285 14382 
10888 3
74324 75575 53610 
12876 2
48926 56197 
5616 1
22837 
9567 3
60935 71631 70337 
10054 2
63344 77846 
4568 1
76228 
1395 1
36617 
6243 1
34896 
9616 2
36949 70589 
2003 2
3863 16612 
9564 1
32792 
12516 2
46106 20724 
12603 2
77922 61636 
19211 2
48976 41317 
3204 1
19770 
885 1
37848 
79 1
29112 
9077 2
1896 9726 
14866 3
20327 48174 40454 
11120 2
52025 60431 
7281 1
41447 
11897 2
1164 6452 
571 2
53693 47570 
6381 1
69454 
821 2
6835 4954 
9277 2
41955 9208 
18869 3
37773 11969 50869 
12580 2
47208 671 
12284 2
53866 14140 
8001 2
46008 44115 
15921 2
41666 72960 
8377 2
31018 24160 
13150 3
3962 51564 7968 
11708 1
51548 
12515 2
12626 14347 
16428 2
53599 32328 
6563 2
35798 38108 
1185 1
65287 
4691 1
52569 
10494 2
21804 785 
8943 1
76245 
4365 1
29892 
3345 2
74434 26106 
15299 1
21949 
8026 1
38508 
19746 4
58220 79357 21976 6612 
6716 2
60688 31660 
309 1
80015 
1962 1
27523 
11781 2
17544 33622 
3473 2
53248 16582 
7646 2
39020 58440 
12016 1
2418 
2336 3
35206 6192 12343 
8478 1
72283 
8558 1
54909 
10535 2
70302 34591 
2059 2
54786 59010 
9175 2
23363 10906 
1014 1
56788 
8307 1
20535 
12533 2
816 61794 
9256 1
18301 
7416 1
51031 
3732 1
3654 
11706 1
16231 
1304 2
77387 62400 
9854 3
41649 11081 30724 
1815 1
43220 
8125 1
12050 
12633 3
20083 41168 54384 
6082 2
76950 49292 
12283 2
2121 78427 
10718 3
40901 36953 31267 
5177 1
22315 
9602 1
36970 
11516 1
41651 
12888 2
35956 50322 
11054 3
55715 2546 13286 
9875 1
6312 
4460 1
3785 
1734 1
62031 
10144 2
29968 52481 
2227 1
9693 
4570 1
66706 
4485 2
43517 59624 
9742 2
25698 38001 
3110 2
45308 15120 
7338 1
12559 
11893 3
18733 62949 62744 
12528 1
72560 
12756 3
34795 24337 29241 
11908 2
73615 1286 
8651 2
37692 10664 
5002 2
76692 52390 
9835 2
2254 62269 
16820 4
9010 5694 67099 25115 
10027 1
45304 
16108 3
34636 49003 51215 
7887 1
57374 
4919 1
40404 
4754 1
3111 
954 1
33794 
1121 1
5579 
10507 1
8783 
9905 1
40484 
3830 2
13367 2419 
9752 1
13999 
4454 2
28493 1518 
11815 1
48775 
1134 1
42863 
7631 1
25724 
3607 1
11190 
7370 1
72719 
8295 1
79720 
3512 1
40373 
753 1
76265 
6560 1
39202 
18576 5
72293 70092 50085 36409 15353 
16518 2
46422 69052 
12652 3
18080 38570 71052 
12414 2
61488 44564 
9554 2
61365 634 
15512 2
70610 3405 
1058 1
49570 
19390 3
64710 6082 17970 
19076 3
55790 59708 45015 
8367 1
27911 
7105 2
2858 77412 
3238 1
8652 
12335 2
48461 13957 
3883 2
51923 41540 
10887 2
26413 75352 
12666 2
63433 57355 
18111 2
109 30953 
6878 2
13782 75305 
1670 1
11299 
11043 3
63957 34845 44232 
17655 2
40246 11131 
3306 2
63620 29918 
1078 2
75284 23130 
10644 1
31786 
7584 2
30222 72964 
13716 3
17806 12788 42344 
15723 2
38792 41522 
2792 1
66513 
627 1
40300 
6573 2
29955 23968 
2660 1
74635 
7406 1
30027 
4874 1
18562 
9429 2
55355 22356 
5337 2
78073 77983 
10410 3
43703 7504 68048 
16540 2
31525 78533 
12225 1
49904 
4515 1
75269 
3948 1
38550 
14304 2
10841 80295 
13643 2
6463 54436 
11164 1
49221 
9241 1
21518 
13759 3
65771 73904 19331 
4829 1
72191 
19375 2
71504 13752 
6552 1
20942 
13443 3
64304 35735 41134 
9228 1
56709 
5259 4
58159 17333 36493 74452 
10176 2
11776 68714 
8765 1
48696 
13687 3
66542 54730 20526 
13988 3
42733 69237 38853 
394 1
43796 
16485 3
8754 22462 78234 
10180 1
65337 
666 1
48391 
18415 3
13255 15914 9999 
4008 2
51634 46418 
10665 1
50992 
6657 2
70718 5152 
2868 2
8852 52600 
8666 1
31829 
2766 3
1089 19453 69132 
5220 1
65692 
12839 2
32350 54372 
14748 3
78801 25590 36358 
7613 2
73200 68784 
15781 2
35175 78379 
9484 4
13276 30317 66179 79521 
10118 1
15542 
2320 1
21196 
17626 3
40606 4436 32082 
11865 2
9633 52618 
11887 3
64299 65336 72843 
6047 1
4774 
3107 1
8065 
11436 2
54370 73863 
8992 1
32042 
17868 3
16909 21990 3592 
1318 1
46253 
609 1
23749 
13540 2
35164 51568 
19657 3
60527 74684 56740 
11311 1
38934 
4801 1
72166 
17245 2
29890 52220 
4483 1
51455 
9513 3
5610 19007 51537 
9799 2
31422 73302 
5820 2
7068 61835 
12731 3
63235 46973 63610 
693 1
18770 
10898 1
45476 
7097 2
1098 70409 
11427 1
41140 
10275 2
32084 20533 
4853 1
47276 
941 1
4949 
7274 2
264 72673 
4507 2
21808 34554 
8282 2
57076 39601 
11074 1
20340 
6107 3
25463 20030 32184 
11382 2
37806 80719 
1369 1
60551 
4346 1
4856 
8624 2
28282 12742 
2226 1
8301 
11783 1
56929 
4148 1
28986 
7282 2
16746 23944 
333 2
31767 62798 
7905 2
59491 55405 
5572 1
30888 
9315 2
62115 6124 
3042 2
45585 67726 
1231 1
20880 
9837 2
9515 56604 
13211 1
46209 
11635 2
15093 11877 
8684 1
78070 
3916 2
4664 27276 
14005 4
5798 71956 18894 23884 
4196 2
31850 70764 
2255 1
48859 
312 1
55370 
15472 3
77234 43132 54222 
15711 1
69396 
6296 2
53554 41324 
5644 1
25446 
10515 2
8687 40426 
3992 1
74133 
405 1
34244 
14859 1
5985 
2280 1
4745 
10607 2
80494 44019 
12421 1
62317 
5105 3
76530 33621 48251 
14564 3
14907 18113 32004 
5866 2
59210 65578 
5569 2
38607 36499 
9388 1
58462 
8123 1
57358 
18321 2
55938 66362 
10420 2
17490 75040 
13192 2
56902 31630 
15712 2
18921 79058 
1730 3
66462 1719 73949 
10745 2
21698 51279 
11833 1
53673 
19763 4
70178 1723 3942 51383 
11999 2
15911 41020 
5932 1
38610 
871 2
40496 26768 
6329 3
26135 58162 20155 
4824 1
32080 
16187 2
44356 52522 
12620 2
8519 79254 
10280 1
29971 
6263 1
70998 
7175 2
10330 36028 
4680 2
59726 80566 
18243 3
32889 40233 64527 
181 1
72427 
2005 1
46491 
6137 1
12713 
8466 2
65728 4206 
3188 1
63209 
12639 2
54408 5442 
167 1
60670 
7932 3
74533 59548 74742 
2890 1
75460 
3095 2
35387 77097 
6882 1
70739 
15176 3
54383 61691 46087 
7278 2
8318 28603 
560 1
32589 
1252 1
74844 
3986 1
28999 
5640 2
33017 40024 
12594 1
64292 
13559 3
55993 50722 62766 
8949 1
77306 
7441 1
74239 
5843 1
48617 
5032 1
42625 
11111 1
2260 
756 1
14657 
15127 3
15303 69704 78854 
16349 2
54337 80169 
6078 1
38313 
982 1
62681 
5543 2
8583 27407 
13220 4
72145 60698 43748 13488 
8335 1
50068 
4800 2
73423 1476 
5599 1
38555 
16390 2
33812 11082 
8691 2
47691 18193 
4767 1
11922 
4506 1
17013 
10906 2
3008 21365 
11700 2
43285 34855 
5998 2
78573 66558 
10680 2
26695 44027 
1830 2
71260 20166 
1297 1
55736 
9906 4
30731 39356 69144 57427 
6223 1
29175 
13353 2
4439 50698 
16506 3
51838 77613 43521 
13998 2
35780 38299 
1279 1
39467 
2519 1
69287 
