81
2528 13
8832 10625 58380 37596 6511 58329 93358 54942 89433 60185 7008 9001 40080 
2850 11
85011 40569 93015 68903 34610 85093 64680 73795 84803 62748 79489 
797 9
74418 84400 89386 98501 28339 67235 97406 31744 26939 
2306 9
10148 60976 12975 79582 65244 46259 23796 89442 93080 
5139 9
78715 52213 57763 49421 53658 60974 80967 53579 62852 
3777 12
7640 62237 60193 496 99381 5728 4495 84695 82850 67893 58195 77578 
172 8
52821 81398 98646 40066 61589 70619 16164 26966 
4124 15
67069 33063 64218 14988 53264 40031 25730 90517 78302 98342 61216 31171 63105 31716 4427 
5219 10
20245 84230 78486 6494 34714 15824 72813 49904 91343 1184 
4468 10
68691 60835 72021 68367 62381 75580 62062 33009 24368 66101 
4112 11
45156 10199 38164 31571 76553 95175 85897 84592 78373 83505 42276 
170 10
43879 65775 44394 77905 90986 53912 32089 39563 8910 20438 
3198 13
54795 28293 14304 31042 8608 1053 66235 62466 62001 61576 36194 34847 86288 
4430 10
1928 85598 99133 88126 79868 66267 46166 84555 24434 35185 
1800 10
83845 55608 76489 39949 72988 13679 28867 97451 18105 34076 
952 12
82096 86417 12405 12307 91449 18436 95398 92672 8932 24827 31871 25780 
4913 10
22064 7714 84023 40005 6004 53574 6342 83290 51658 48593 
2982 9
7039 74197 38507 7996 69832 8992 37531 33668 51861 
4769 9
85999 73747 52579 17691 24685 54140 78463 40055 16449 
2997 8
48657 21629 41527 85211 91109 77970 77240 81034 
741 10
77893 90703 63816 79808 62457 25290 86046 69810 23868 87499 
4215 9
80277 66377 50091 78353 61648 69363 85780 1896 302 
5323 10
7395 78890 72216 62900 72187 26190 19185 3201 63898 64031 
1036 11
31232 94430 41488 3665 24509 66859 18996 40173 8634 94391 18818 
2869 13
66053 88120 81727 71440 94230 12863 13914 81989 53327 63379 63585 5325 65527 
447 9
91693 58817 76654 43847 12406 39555 31952 55894 67015 
2883 10
4009 68733 16206 3234 33416 7663 42253 9610 65117 93347 
3172 8
32298 34868 28712 46972 89044 95119 6492 40593 
296 12
83788 99937 9325 19078 46620 28724 27198 63824 17629 34738 89361 39414 
357 10
19422 49886 8430 81699 78581 17794 14373 14880 88007 16861 
4916 9
38643 29170 13711 98705 67674 46747 63774 93919 66726 
2930 12
46362 54939 90349 64681 95748 6392 41960 15382 17712 15465 36449 29412 
4607 12
14486 61536 96384 86006 46660 79639 4539 97812 88558 73253 58685 49377 
2402 12
28992 64701 59698 51199 60727 85749 33533 72705 71653 33355 99445 45737 
3322 10
19685 74879 83878 61057 62540 31285 58151 64792 51705 82693 
2927 9
53575 86782 55387 54470 24945 32717 31252 77279 89649 
957 9
37819 24091 35886 46519 42321 76019 71901 2667 97606 
1936 13
10611 78903 16075 85148 64774 59747 87316 83953 91242 96641 30476 93939 5810 
3763 12
91205 95068 39126 77805 56319 83271 85281 37269 66620 5646 61893 3016 
122 10
16214 87357 22098 6255 38841 43632 82084 24388 104 33866 
1405 13
60297 22284 19407 65357 34562 6635 70491 15720 98459 83784 16005 88374 57673 
3735 11
1419 84349 75778 21114 24449 84672 78190 13081 70833 98853 63187 
2836 11
14699 73679 13354 15561 845 58524 3316 90878 35528 41918 39111 
2401 8
96454 64264 76057 48682 43434 48276 85358 84253 
3974 9
91245 87311 36256 97440 60282 2248 5022 89191 61209 
1960 9
54207 9032 24088 36122 60823 89932 29471 70574 86021 
2038 8
60932 79528 94123 725 35206 17341 14581 58907 
3267 13
96951 32375 57312 87765 86309 21289 20358 96499 52676 67109 68739 48416 72991 
1600 8
43790 85864 41382 7413 97388 89147 23624 19174 
3271 8
18451 72587 30257 73798 80942 7044 41364 86993 
3048 11
39224 28557 18170 40491 18194 34039 91491 73797 17182 18472 26070 
4070 12
3104 37617 60088 4367 31554 15704 94910 35192 7198 80882 73621 10919 
4098 9
31201 79075 21833 54614 42477 16579 32906 89818 99562 
3579 13
15399 69665 97041 50903 31642 60951 19730 63047 24742 33667 48979 50139 30896 
4597 12
73887 51904 3595 95071 33058 46561 67901 59703 8921 93729 98073 98486 
2564 13
92117 34188 1974 36915 16638 67404 63398 27798 23063 72065 15260 18640 41278 
5369 12
75767 87434 69150 78529 97693 38842 6808 90217 30788 53727 17569 42183 
2213 12
8346 42091 23539 89900 33573 10885 42146 25968 9484 18626 74380 87989 
1682 11
63368 18703 31635 52680 95557 42226 84255 67380 89187 36452 10870 
2680 11
76260 23137 29737 69700 52795 88640 5703 26729 47314 16939 27541 
3557 10
95675 7001 53583 74282 46860 20532 38451 48630 12874 74606 
4241 9
89948 59422 50076 57869 35511 68830 45053 63605 60311 
934 9
18846 43798 59537 16611 80196 43980 40560 1977 74348 
3653 11
15248 22515 45599 14698 5139 12318 58970 27513 43936 17326 79152 
1632 10
71783 57111 90326 87902 37608 93491 56226 92209 87190 22460 
2055 9
63449 22231 956 53703 9631 74326 76900 35859 60470 
1646 9
97896 47905 60629 35022 40063 72155 77442 78842 54087 
2878 14
20986 54511 62847 51023 81480 99201 51657 16279 62812 13764 4248 69929 91889 32423 
1735 10
24620 25786 89335 86124 58357 38346 9294 67333 54053 39811 
4617 11
49441 44614 99122 14997 58371 62715 90436 7148 77693 73990 89315 
825 9
27731 19008 2856 77428 99468 56594 57795 69781 30820 
606 10
93138 94120 43486 9349 8198 49241 47157 59523 30437 48844 
1874 10
96867 1594 47598 31527 18412 14747 66414 59519 83805 19793 
4810 11
23046 70987 31870 94840 22533 15793 63119 23261 54883 81590 50060 
5124 9
62048 57935 84128 19365 53213 5408 45910 49327 53866 
1816 8
48503 60318 31499 95264 50098 39920 96157 67798 
3650 10
70881 3113 74640 81126 7388 69693 27583 58619 42960 3529 
5061 9
16437 23842 65534 40358 43667 88226 86984 99035 58282 
3652 11
35879 4726 85107 79360 1636 38188 56113 75857 5533 22474 89847 
2394 10
61596 53225 99129 64422 71732 2067 37742 74281 42959 89700 
792 11
66756 63098 57612 79298 89574 73271 34676 18771 56950 48731 25671 
