90
3164 1
17637 
1519 1
1792 
1251 1
46492 
6678 1
83871 
5417 2
17617 67980 
4238 1
20698 
3809 1
5867 
3600 1
65173 
1145 3
17316 82113 58772 
5212 2
32311 34310 
1400 2
5887 12729 
499 1
4257 
1808 2
30342 18377 
6731 1
28042 
7208 2
28793 48680 
121 1
63904 
3039 1
20489 
3953 3
47486 11056 80986 
4193 1
84401 
1248 1
17796 
7333 2
50954 81870 
527 2
71265 76103 
1768 1
56616 
6196 2
13197 32018 
4511 1
56300 
2156 1
86701 
6284 1
84005 
7039 3
60030 28699 37653 
5766 1
40920 
6929 1
80543 
6614 1
29168 
3592 1
30485 
7738 1
33964 
6383 2
69091 41056 
4071 1
55771 
7000 1
19919 
7420 1
78665 
5674 4
3566 21606 57306 29625 
6706 1
24898 
7543 1
83624 
6235 1
12988 
5652 1
66325 
1788 1
39879 
7107 2
59758 86972 
4044 1
8248 
6500 2
81951 6053 
245 1
6847 
4605 2
15217 12073 
7790 2
16252 35130 
2964 1
12635 
6856 2
11841 6809 
4293 1
63834 
4396 2
9572 59684 
6457 2
54792 30061 
281 1
6956 
3171 1
51383 
3534 1
48572 
2231 2
83549 75597 
1449 1
21688 
42 1
44725 
7837 2
30443 58101 
1101 2
76759 30326 
4145 1
34726 
651 1
5318 
3435 1
65313 
6781 1
18446 
5999 2
11596 25593 
2407 2
27261 33335 
1918 1
82272 
5486 1
75086 
7776 1
16366 
7871 2
29054 32708 
7062 2
30517 25117 
3806 2
26147 46640 
685 1
43943 
6537 1
42153 
6867 2
74928 11545 
582 1
54669 
6267 1
46184 
5001 2
73787 2046 
2416 1
68230 
6207 1
33467 
7494 1
80599 
7692 2
26602 48480 
5650 1
67965 
3063 1
25187 
5522 1
59855 
876 2
25875 28217 
3310 2
62536 53952 
2352 1
75675 
