361
21569 8
51697 49431 74668 64174 18886 32554 34622 21583 
1058 9
59536 43296 40232 63169 69418 67084 74 6739 26934 
290 9
44923 72537 70312 79433 64244 17494 32661 38742 37216 
4666 9
54584 72741 61493 69003 65914 11310 16334 7966 21399 
12521 9
52992 50487 57228 43703 49625 1225 29508 28883 26766 
18898 8
54326 78408 79073 15713 530 2327 30005 36648 
12238 9
50182 44730 72568 78680 61418 9210 30754 35974 20842 
8314 9
43828 74021 75356 65490 17621 16182 5928 31199 38058 
5985 9
50342 60620 65766 64955 19566 1026 8983 34671 27233 
4899 9
58140 42601 76677 64330 63877 66711 5429 35277 26027 
18015 8
54533 65602 14270 18830 32316 31715 39011 29844 
3427 9
57615 59622 40816 40397 2127 38396 39085 36472 22185 
12649 6
58848 57200 44448 40316 33699 31685 
501 9
72005 76269 67385 12798 2962 2080 9642 37589 35141 
14700 7
53471 51345 47353 77823 16455 9960 23496 
4573 7
51335 46570 13224 12240 17211 28820 29148 
10730 9
54193 57331 61505 65193 66041 9990 16492 3309 2972 
19500 9
50707 51022 51555 58885 56945 76888 64916 3483 33701 
20373 8
51797 51375 44792 65926 5891 7286 33808 28101 
22306 5
57895 43595 48259 45096 2422 
14462 9
57029 48567 74721 73983 12474 10772 11684 34866 20025 
14981 7
59159 41204 49691 67476 18264 31253 20028 
18882 9
47958 48809 78019 67898 65038 1066 32449 21965 25514 
5673 9
41006 74145 61456 66637 19440 32303 37923 35178 23195 
1269 8
47696 79388 59837 19710 9663 37192 22985 21480 
5586 8
59266 74943 60523 17936 2580 8341 5026 34128 
406 9
51964 74888 17832 4821 2318 33364 28260 28610 25642 
11970 7
58390 64703 2670 8459 39707 35900 25282 
4273 6
70576 65781 12312 6150 39624 21518 
12679 5
70360 68457 19776 7224 36135 
8221 9
57461 48093 45813 78813 10061 17686 6298 31999 24380 
9122 9
46717 78684 61563 69420 69009 15881 33102 32662 24475 
13318 6
42890 67154 16090 4474 5810 22298 
13448 8
44771 71173 63942 15949 5963 6243 34836 32057 
2770 6
61558 12073 11770 948 37014 23508 
20613 5
56735 46028 19851 16011 4361 
5845 6
53317 72039 79296 78776 10453 1625 
21223 5
44116 12639 5579 31578 39738 
11977 7
56477 70741 71950 13510 5505 7446 23788 
12936 7
72134 12586 18568 18678 15951 9508 37433 
18176 8
58143 70962 69994 66076 10296 1203 31488 39319 
5762 5
40906 66933 16115 648 32287 
13184 8
54770 57098 74077 17814 4304 30720 38388 27573 
21650 6
55621 42133 47272 11171 4793 23983 
3152 6
41338 61936 1766 23822 25370 27258 
10219 8
54488 51968 44565 42100 48736 10250 3307 7614 
7534 6
57008 40113 45699 79377 63365 376 
16016 6
50111 48463 63705 61608 7332 35409 
19503 6
74698 77700 62901 65030 13620 22070 
18101 8
54233 40218 74232 78672 67904 13815 2540 5598 
17471 6
51218 47746 48825 14009 7604 28672 
3041 6
58762 41429 66659 13421 19343 39748 
2499 7
77011 2586 359 39379 35527 35299 27977 
11390 7
55850 48290 76886 10426 12353 17714 24678 
1387 5
56192 67492 12681 19667 37409 
20443 7
43783 71746 71177 2394 4993 30234 20301 
16069 5
50130 59223 38314 25375 26288 
14449 2
54054 36468 
15924 5
43757 45999 68176 65318 9915 
1044 5
51857 40942 74626 8358 8137 
1974 7
76951 61692 61126 64909 3908 8340 27055 
15377 7
50323 55110 55122 46838 72735 18004 24666 
14748 7
50051 45626 45244 46853 891 8114 8925 
15050 6
75057 13320 4317 24402 20541 22381 
531 3
44047 46750 70646 
13753 5
48404 18094 34091 30071 31888 
17105 7
43441 41327 41660 63048 67196 19887 25685 
11998 7
58810 62627 13094 8886 33481 31835 36920 
4631 6
48107 44914 78863 76585 4680 8748 
15028 3
59201 68331 1801 
4242 5
50756 43022 44995 77273 67881 
21751 5
42123 4289 30151 39268 23952 
18935 8
51062 58537 57243 46200 73532 75294 35781 35176 
6751 4
46300 64115 27333 27175 
19738 5
74743 67575 12242 16242 37041 
5331 5
43053 69134 11987 4665 23375 
4300 6
44453 45471 45319 59921 23849 20272 
12468 5
57832 18453 7251 32214 22417 
19666 7
58571 65556 13533 18375 18969 3304 37597 
14630 4
57796 54931 3293 7914 
20849 5
74347 71731 69591 18324 16771 
1873 4
51824 57443 10729 11607 
18932 6
12252 19659 15714 34343 21619 26929 
5426 4
69016 11723 17212 3807 
5927 5
41872 79398 12826 259 23981 
1218 5
58451 69903 79736 64343 23723 
10825 3
48451 68017 10439 
5876 3
70756 75100 27421 
6181 6
56589 45785 74639 33243 31034 36724 
8528 5
11838 3124 34691 31150 30000 
202 3
47425 78316 14808 
9452 4
58895 63803 60810 22436 
22575 4
59394 56904 61352 33583 
19539 3
55018 15715 39517 
10372 5
43319 70638 15095 38992 27570 
13494 4
55061 38299 25923 27062 
17311 5
45605 12062 16986 1866 24408 
9091 4
57248 42081 75772 64551 
20601 3
71306 26018 25341 
3810 4
44521 40294 41726 60609 
10149 5
43531 42622 40329 17712 21886 
15273 6
56384 40471 79362 17173 7529 38666 
8671 3
49594 47053 31565 
6881 3
13894 976 36011 
12377 5
55264 68240 8377 6042 20554 
20406 3
71325 75751 25486 
20007 5
70145 24216 24209 21567 27516 
7891 5
58192 55959 73158 12245 29667 
4901 3
10525 33127 37782 
2947 6
48520 48423 45687 45197 11071 30621 
20544 3
45972 46114 79313 
18626 2
40595 6773 
17664 2
15280 1284 
12498 3
19770 15488 2333 
2580 4
42894 78363 17939 19708 
21114 2
56942 4865 
718 5
51767 58389 56256 32965 36864 
17702 5
44717 65999 13661 30525 22415 
12566 3
17830 1907 22065 
3961 4
54355 71919 36886 22308 
7420 1
63319 
3655 4
55037 68101 31812 32319 
19870 2
7743 34738 
11320 5
78910 37687 37834 27726 28724 
15501 3
44344 49316 2987 
1022 2
48015 17490 
2559 6
51276 75589 76028 19326 227 25402 
1605 5
51611 44863 72448 74804 35948 
5308 4
54504 74910 63882 24471 
11240 5
52273 56025 66968 12713 31099 
19180 5
47567 38399 22054 22160 29737 
10901 4
58089 72637 78843 65731 
19820 4
53853 58311 18000 9497 
6628 6
48100 74227 62559 12012 27952 27052 
10381 2
47774 6302 
3595 3
50320 36895 26781 
16277 5
58726 74205 16911 853 32548 
4004 2
51343 55821 
19837 3
70591 12741 4051 
12980 1
58088 
16874 5
47770 77877 67585 4345 26949 
1475 2
71273 14670 
20659 2
54068 8441 
2457 2
68513 30155 
18071 2
18188 39579 
8635 2
53733 36675 
11370 5
59468 70731 69611 2867 26229 
18574 3
45316 66240 7561 
20018 3
53429 60875 61638 
18080 3
44648 62744 13991 
17224 1
22456 
17579 4
57281 48109 46664 7580 
18713 2
45013 72414 
11214 2
48883 74811 
14337 5
52503 42405 7956 20135 26778 
20090 2
30389 35105 
5438 1
54921 
10405 4
79508 75441 60201 6899 
22703 2
50649 25745 
3446 4
53888 62008 7302 34568 
6658 1
70784 
13738 3
49943 47907 20003 
18033 4
16479 992 37905 25951 
14326 5
50885 73933 10559 16865 16729 
17952 4
11562 32828 24459 19969 
5238 2
56852 33643 
18250 4
51096 18150 17319 7975 
13632 5
42261 71608 17469 19531 8628 
3847 5
75085 60159 61457 14373 6126 
877 1
57646 
1837 2
17323 38794 
7339 3
45371 76535 67529 
17372 1
73752 
19667 2
55411 7069 
12171 2
6678 32432 
18044 1
32939 
1240 3
5681 34370 31296 
22766 1
8005 
19015 1
7521 
17787 2
74958 24636 
20398 2
38268 20722 
21067 2
47807 45886 
12247 2
76473 23468 
238 4
43528 63861 12931 32976 
20918 2
18451 26724 
7678 4
41102 46914 72603 28446 
12702 1
40864 
6619 1
48278 
473 3
75444 65437 32063 
5229 2
68853 65485 
7156 4
55321 56615 70043 32134 
10124 2
60045 16638 
9601 4
42286 74491 11344 34006 
18173 1
54535 
11114 2
47032 32065 
4153 2
5340 20730 
12897 4
51462 8434 6149 25861 
18954 4
57419 14831 39815 23882 
13681 2
73962 6090 
8154 3
70982 60548 15475 
4887 3
4561 32718 36834 
20792 4
74019 10407 49 6031 
2708 2
58157 13240 
3230 2
57442 1506 
19988 3
50336 19197 31780 
14520 1
29012 
7310 3
74442 78612 31214 
16498 2
52350 44551 
18387 1
41912 
3276 1
63719 
15557 1
51420 
9964 1
65913 
6510 2
44972 19815 
13725 2
51800 43087 
20674 2
66656 7662 
5013 2
51546 75710 
19636 2
59493 4974 
12134 1
46026 
5015 2
43678 41882 
12241 3
52885 12426 27840 
8588 3
47777 46846 3396 
3177 1
31374 
6676 2
38795 25331 
3085 2
48865 18960 
21328 1
48500 
2428 1
30772 
7752 1
6254 
12204 2
43425 30743 
18490 4
54487 69595 66011 9892 
15390 2
32299 27632 
19386 1
66355 
13129 1
50474 
5671 1
56951 
453 4
75021 13211 5507 26859 
20185 1
66879 
12743 1
69667 
10886 1
35398 
7646 1
52425 
15817 3
40129 72118 100 
12546 1
6312 
21249 2
42849 78532 
10576 1
61959 
10698 1
57877 
6178 1
28232 
4919 1
44824 
5401 2
62551 3850 
9510 1
59924 
8647 2
5317 35326 
7412 2
62916 30914 
9684 1
67578 
13686 1
40934 
17342 1
26195 
6304 1
6477 
8793 3
56848 70938 26728 
18131 1
65849 
19842 2
73472 37260 
11594 3
45975 3820 35502 
9142 1
12689 
5884 1
1036 
4176 1
15141 
7738 2
56209 19193 
6246 2
79642 3219 
12103 1
47076 
13229 1
49764 
2365 1
54572 
14130 3
53508 43235 7458 
5033 1
26360 
15247 2
19042 9944 
4790 2
69249 3568 
10976 1
659 
11220 1
12361 
12778 3
63753 4392 29549 
9094 1
43379 
11064 1
55258 
4802 1
71050 
9147 2
76790 21680 
17953 1
4699 
3267 1
60285 
11692 2
54468 69396 
17957 1
31058 
9949 1
30109 
6144 1
46356 
8630 1
70577 
6062 1
77443 
8829 1
52326 
11017 3
48922 19000 6146 
6673 1
5650 
3258 1
51469 
9915 1
32562 
8015 1
6504 
21570 1
3715 
19990 1
21083 
7688 1
13278 
18336 1
76194 
9014 1
13509 
2449 1
34597 
12203 1
7294 
10194 1
40805 
6066 1
18079 
13822 1
63537 
20020 1
58456 
11145 1
51608 
3567 2
16581 36000 
12780 1
64684 
3499 1
42157 
11695 1
24640 
942 1
5671 
10466 1
62213 
12339 1
55144 
7278 4
16373 33109 37840 23391 
13975 1
72635 
2570 2
58486 77544 
888 1
6292 
6369 1
73221 
11381 1
21566 
12537 1
25057 
817 1
51012 
18484 2
68703 17527 
3036 1
37798 
18637 1
15090 
7345 1
13716 
11690 1
36497 
22249 1
18371 
2895 1
71129 
19118 1
70528 
15248 1
67876 
16981 1
30107 
3380 1
58754 
5745 1
33572 
19157 1
36623 
2021 2
52045 7115 
9153 1
459 
6959 1
47599 
18347 1
46589 
13595 1
29413 
13991 1
17512 
22587 1
53651 
19311 1
26588 
16493 1
32172 
6973 1
42423 
4072 1
26819 
5834 1
64774 
7316 1
17782 
1577 1
5208 
9113 1
22554 
5375 1
48863 
15605 1
40799 
6762 1
53638 
11417 1
18313 
7469 1
33829 
3227 1
68227 
19602 1
77364 
6349 1
8401 
13604 1
64043 
9889 1
13553 
10181 1
3693 
1590 1
36780 
500 1
45055 
10738 1
42330 
11443 1
43337 
20784 1
79039 
